[0.013s][info][gc] Using Parallel
[0.013s][info][gc,heap,coops] Heap address: 0x00000000e0000000, size: 512 MB, Compressed Oops mode: 32-bit
[0.439s][info][gc,start     ] GC(0) Pause Young (Allocation Failure)
[0.884s][info][gc,heap      ] GC(0) PSYoungGen: 131584K->21504K(153088K)
[0.884s][info][gc,heap      ] GC(0) ParOldGen: 0K->95520K(349696K)
[0.884s][info][gc,metaspace ] GC(0) Metaspace: 10389K->10389K(1058816K)
[0.884s][info][gc           ] GC(0) Pause Young (Allocation Failure) 128M->114M(491M) 444.391ms
[0.884s][info][gc,cpu       ] GC(0) User=2.88s Sys=0.08s Real=0.45s
[34.698s][info][gc,start     ] GC(1) Pause Young (Allocation Failure)
[35.238s][info][gc,heap      ] GC(1) PSYoungGen: 153088K->21488K(153088K)
[35.238s][info][gc,heap      ] GC(1) ParOldGen: 95520K->222760K(349696K)
[35.238s][info][gc,metaspace ] GC(1) Metaspace: 10538K->10538K(1058816K)
[35.238s][info][gc           ] GC(1) Pause Young (Allocation Failure) 242M->238M(491M) 539.657ms
[35.238s][info][gc,cpu       ] GC(1) User=4.03s Sys=0.05s Real=0.54s
[35.238s][info][gc,start     ] GC(2) Pause Full (Ergonomics)
[35.238s][info][gc,phases,start] GC(2) Marking Phase
[35.984s][info][gc,phases      ] GC(2) Marking Phase 745.451ms
[35.984s][info][gc,phases,start] GC(2) Summary Phase
[35.984s][info][gc,phases      ] GC(2) Summary Phase 0.021ms
[35.984s][info][gc,phases,start] GC(2) Adjust Roots
[35.986s][info][gc,phases      ] GC(2) Adjust Roots 2.498ms
[35.986s][info][gc,phases,start] GC(2) Compaction Phase
[39.047s][info][gc,phases      ] GC(2) Compaction Phase 3060.808ms
[39.047s][info][gc,phases,start] GC(2) Post Compact
[39.048s][info][gc,phases      ] GC(2) Post Compact 0.423ms
[39.048s][info][gc,heap        ] GC(2) PSYoungGen: 21488K->0K(153088K)
[39.048s][info][gc,heap        ] GC(2) ParOldGen: 222760K->243554K(349696K)
[39.048s][info][gc,metaspace   ] GC(2) Metaspace: 10538K->10538K(1058816K)
[39.048s][info][gc             ] GC(2) Pause Full (Ergonomics) 238M->237M(491M) 3809.484ms
[39.048s][info][gc,cpu         ] GC(2) User=10.52s Sys=0.03s Real=3.81s
[300.357s][info][gc,heap,exit   ] Heap
[300.357s][info][gc,heap,exit   ]  PSYoungGen      total 153088K, used 55952K [0x00000000f5580000, 0x0000000100000000, 0x0000000100000000)
[300.357s][info][gc,heap,exit   ]   eden space 131584K, 42% used [0x00000000f5580000,0x00000000f8c242d0,0x00000000fd600000)
[300.357s][info][gc,heap,exit   ]   from space 21504K, 0% used [0x00000000fd600000,0x00000000fd600000,0x00000000feb00000)
[300.357s][info][gc,heap,exit   ]   to   space 21504K, 0% used [0x00000000feb00000,0x00000000feb00000,0x0000000100000000)
[300.357s][info][gc,heap,exit   ]  ParOldGen       total 349696K, used 243554K [0x00000000e0000000, 0x00000000f5580000, 0x00000000f5580000)
[300.357s][info][gc,heap,exit   ]   object space 349696K, 69% used [0x00000000e0000000,0x00000000eedd8930,0x00000000f5580000)
[300.357s][info][gc,heap,exit   ]  Metaspace       used 14522K, capacity 15138K, committed 15360K, reserved 1062912K
[300.357s][info][gc,heap,exit   ]   class space    used 1482K, capacity 1682K, committed 1792K, reserved 1048576K
