[0.016s][info][gc] Using Concurrent Mark Sweep
[0.016s][info][gc,heap,coops] Heap address: 0x00000000f0000000, size: 256 MB, Compressed Oops mode: 32-bit
[0.424s][info][gc,start     ] GC(0) Pause Young (Allocation Failure)
[0.424s][info][gc,task      ] GC(0) Using 5 workers of 8 for evacuation
[1.173s][info][gc,heap      ] GC(0) ParNew: 69952K->8702K(78656K)
[1.174s][info][gc,heap      ] GC(0) CMS: 0K->82769K(174784K)
[1.174s][info][gc,metaspace ] GC(0) Metaspace: 10365K->10365K(1058816K)
[1.174s][info][gc           ] GC(0) Pause Young (Allocation Failure) 68M->89M(247M) 749.544ms
[1.174s][info][gc,cpu       ] GC(0) User=3.55s Sys=0.08s Real=0.75s
[1.199s][info][gc,start     ] GC(1) Pause Young (Allocation Failure)
[1.199s][info][gc,task      ] GC(1) Using 5 workers of 8 for evacuation
[1.545s][info][gc,heap      ] GC(1) ParNew: 78654K->8704K(78656K)
[1.545s][info][gc,heap      ] GC(1) CMS: 82769K->169609K(174784K)
[1.545s][info][gc,metaspace ] GC(1) Metaspace: 10366K->10366K(1058816K)
[1.545s][info][gc           ] GC(1) Pause Young (Allocation Failure) 157M->174M(247M) 345.646ms
[1.545s][info][gc,cpu       ] GC(1) User=1.59s Sys=0.02s Real=0.36s
[1.545s][info][gc,start     ] GC(2) Pause Initial Mark
[1.547s][info][gc           ] GC(2) Pause Initial Mark 175M->175M(247M) 2.134ms
[1.547s][info][gc,cpu       ] GC(2) User=0.00s Sys=0.00s Real=0.00s
[1.547s][info][gc           ] GC(2) Concurrent Mark
[1.547s][info][gc,task      ] GC(2) Using 2 workers of 2 for marking
[1.584s][info][gc,start     ] GC(3) Pause Young (Allocation Failure)
[1.584s][info][gc,task      ] GC(3) Using 5 workers of 8 for evacuation
[1.584s][info][gc,start     ] GC(4) Pause Full (Allocation Failure)
[1.729s][info][gc           ] GC(2) Concurrent Mark 181.384ms
[1.729s][info][gc,cpu       ] GC(2) User=0.31s Sys=0.00s Real=0.18s
[1.729s][info][gc,phases,start] GC(4) Phase 1: Mark live objects
[1.976s][info][gc,phases      ] GC(4) Phase 1: Mark live objects 247.298ms
[1.976s][info][gc,phases,start] GC(4) Phase 2: Compute new object addresses
[2.099s][info][gc,phases      ] GC(4) Phase 2: Compute new object addresses 122.914ms
[2.099s][info][gc,phases,start] GC(4) Phase 3: Adjust pointers
[2.214s][info][gc,phases      ] GC(4) Phase 3: Adjust pointers 114.726ms
[2.214s][info][gc,phases,start] GC(4) Phase 4: Move objects
[2.294s][info][gc,phases      ] GC(4) Phase 4: Move objects 79.807ms
[2.294s][info][gc             ] GC(4) Pause Full (Allocation Failure) 242M->219M(247M) 710.266ms
[2.294s][info][gc,heap        ] GC(3) ParNew: 78656K->49532K(78656K)
[2.294s][info][gc,heap        ] GC(3) CMS: 169609K->174784K(174784K)
[2.294s][info][gc,metaspace   ] GC(3) Metaspace: 10366K->10366K(1058816K)
[2.294s][info][gc             ] GC(3) Pause Young (Allocation Failure) 242M->219M(247M) 710.457ms
[2.294s][info][gc,cpu         ] GC(3) User=0.80s Sys=0.02s Real=0.71s
[2.363s][info][gc,start       ] GC(5) Pause Full (Allocation Failure)
[2.363s][info][gc,phases,start] GC(5) Phase 1: Mark live objects
[2.576s][info][gc,phases      ] GC(5) Phase 1: Mark live objects 213.133ms
[2.576s][info][gc,phases,start] GC(5) Phase 2: Compute new object addresses
[2.706s][info][gc,phases      ] GC(5) Phase 2: Compute new object addresses 130.374ms
[2.706s][info][gc,phases,start] GC(5) Phase 3: Adjust pointers
[2.819s][info][gc,phases      ] GC(5) Phase 3: Adjust pointers 112.555ms
[2.819s][info][gc,phases,start] GC(5) Phase 4: Move objects
[2.830s][info][gc,phases      ] GC(5) Phase 4: Move objects 10.811ms
[2.830s][info][gc,heap        ] GC(5) ParNew: 78656K->77871K(78656K)
[2.830s][info][gc,heap        ] GC(5) CMS: 174784K->174784K(174784K)
[2.830s][info][gc,metaspace   ] GC(5) Metaspace: 10366K->10366K(1058816K)
[2.830s][info][gc             ] GC(5) Pause Full (Allocation Failure) 247M->246M(247M) 467.712ms
[2.830s][info][gc,cpu         ] GC(5) User=0.39s Sys=0.05s Real=0.46s
[2.830s][info][gc,start       ] GC(6) Pause Initial Mark
[2.887s][info][gc             ] GC(6) Pause Initial Mark 246M->246M(247M) 56.083ms
[2.887s][info][gc,cpu         ] GC(6) User=0.08s Sys=0.00s Real=0.07s
[2.887s][info][gc             ] GC(6) Concurrent Mark
[2.887s][info][gc,task        ] GC(6) Using 2 workers of 2 for marking
[2.893s][info][gc,start       ] GC(7) Pause Full (Allocation Failure)
[3.021s][info][gc             ] GC(6) Concurrent Mark 134.693ms
[3.022s][info][gc,cpu         ] GC(6) User=0.22s Sys=0.00s Real=0.12s
[3.022s][info][gc,phases,start] GC(7) Phase 1: Mark live objects
[3.228s][info][gc,phases      ] GC(7) Phase 1: Mark live objects 206.339ms
[3.228s][info][gc,phases,start] GC(7) Phase 2: Compute new object addresses
[3.362s][info][gc,phases      ] GC(7) Phase 2: Compute new object addresses 134.325ms
[3.362s][info][gc,phases,start] GC(7) Phase 3: Adjust pointers
[3.466s][info][gc,phases      ] GC(7) Phase 3: Adjust pointers 103.904ms
[3.466s][info][gc,phases,start] GC(7) Phase 4: Move objects
[3.467s][info][gc,phases      ] GC(7) Phase 4: Move objects 0.409ms
[3.467s][info][gc,heap        ] GC(7) ParNew: 78655K->78635K(78656K)
[3.467s][info][gc,heap        ] GC(7) CMS: 174784K->174784K(174784K)
[3.467s][info][gc,metaspace   ] GC(7) Metaspace: 10366K->10366K(1058816K)
[3.467s][info][gc             ] GC(7) Pause Full (Allocation Failure) 247M->247M(247M) 574.125ms
[3.467s][info][gc,cpu         ] GC(7) User=0.64s Sys=0.03s Real=0.57s
[3.468s][info][gc,start       ] GC(8) Pause Full (Allocation Failure)
[3.468s][info][gc,phases,start] GC(8) Phase 1: Mark live objects
[3.667s][info][gc,phases      ] GC(8) Phase 1: Mark live objects 199.209ms
[3.667s][info][gc,phases,start] GC(8) Phase 2: Compute new object addresses
[3.803s][info][gc,phases      ] GC(8) Phase 2: Compute new object addresses 136.025ms
[3.803s][info][gc,phases,start] GC(8) Phase 3: Adjust pointers
[3.905s][info][gc,phases      ] GC(8) Phase 3: Adjust pointers 101.748ms
[3.905s][info][gc,phases,start] GC(8) Phase 4: Move objects
[3.905s][info][gc,phases      ] GC(8) Phase 4: Move objects 0.024ms
[3.905s][info][gc,heap        ] GC(8) ParNew: 78655K->78655K(78656K)
[3.905s][info][gc,heap        ] GC(8) CMS: 174784K->174784K(174784K)
[3.905s][info][gc,metaspace   ] GC(8) Metaspace: 10366K->10366K(1058816K)
[3.905s][info][gc             ] GC(8) Pause Full (Allocation Failure) 247M->247M(247M) 437.475ms
[3.905s][info][gc,cpu         ] GC(8) User=0.42s Sys=0.03s Real=0.44s
[3.905s][info][gc,start       ] GC(10) Pause Full (Allocation Failure)
[3.905s][info][gc,phases,start] GC(10) Phase 1: Mark live objects
[4.114s][info][gc,phases      ] GC(10) Phase 1: Mark live objects 208.608ms
[4.114s][info][gc,phases,start] GC(10) Phase 2: Compute new object addresses
[4.271s][info][gc,phases      ] GC(10) Phase 2: Compute new object addresses 156.940ms
[4.271s][info][gc,phases,start] GC(10) Phase 3: Adjust pointers
[4.378s][info][gc,phases      ] GC(10) Phase 3: Adjust pointers 107.548ms
[4.379s][info][gc,phases,start] GC(10) Phase 4: Move objects
[4.379s][info][gc,phases      ] GC(10) Phase 4: Move objects 0.018ms
[4.379s][info][gc,heap        ] GC(10) ParNew: 78655K->78655K(78656K)
[4.379s][info][gc,heap        ] GC(10) CMS: 174784K->174784K(174784K)
[4.379s][info][gc,metaspace   ] GC(10) Metaspace: 10366K->10366K(1058816K)
[4.379s][info][gc             ] GC(10) Pause Full (Allocation Failure) 247M->247M(247M) 473.570ms
[4.379s][info][gc,cpu         ] GC(10) User=0.44s Sys=0.02s Real=0.47s
[4.379s][info][gc,start       ] GC(11) Pause Full (Allocation Failure)
[4.379s][info][gc,phases,start] GC(11) Phase 1: Mark live objects
[4.571s][info][gc,phases      ] GC(11) Phase 1: Mark live objects 192.121ms
[4.571s][info][gc,phases,start] GC(11) Phase 2: Compute new object addresses
[4.716s][info][gc,phases      ] GC(11) Phase 2: Compute new object addresses 144.500ms
[4.716s][info][gc,phases,start] GC(11) Phase 3: Adjust pointers
[4.822s][info][gc,phases      ] GC(11) Phase 3: Adjust pointers 106.531ms
[4.822s][info][gc,phases,start] GC(11) Phase 4: Move objects
[4.822s][info][gc,phases      ] GC(11) Phase 4: Move objects 0.018ms
[4.823s][info][gc,heap        ] GC(11) ParNew: 78655K->78655K(78656K)
[4.823s][info][gc,heap        ] GC(11) CMS: 174784K->174784K(174784K)
[4.823s][info][gc,metaspace   ] GC(11) Metaspace: 10366K->10366K(1058816K)
[4.823s][info][gc             ] GC(11) Pause Full (Allocation Failure) 247M->247M(247M) 443.658ms
[4.823s][info][gc,cpu         ] GC(11) User=0.39s Sys=0.05s Real=0.44s
[4.823s][info][gc,start       ] GC(12) Pause Full (Allocation Failure)
[4.823s][info][gc,phases,start] GC(12) Phase 1: Mark live objects
[5.024s][info][gc,phases      ] GC(12) Phase 1: Mark live objects 201.009ms
[5.024s][info][gc,phases,start] GC(12) Phase 2: Compute new object addresses
[5.154s][info][gc,phases      ] GC(12) Phase 2: Compute new object addresses 130.478ms
[5.154s][info][gc,phases,start] GC(12) Phase 3: Adjust pointers
[5.280s][info][gc,phases      ] GC(12) Phase 3: Adjust pointers 125.806ms
[5.280s][info][gc,phases,start] GC(12) Phase 4: Move objects
[5.351s][info][gc,phases      ] GC(12) Phase 4: Move objects 71.016ms
[5.352s][info][gc,heap        ] GC(12) ParNew: 78655K->78504K(78656K)
[5.352s][info][gc,heap        ] GC(12) CMS: 174784K->174783K(174784K)
[5.352s][info][gc,metaspace   ] GC(12) Metaspace: 10366K->10366K(1058816K)
[5.352s][info][gc             ] GC(12) Pause Full (Allocation Failure) 247M->247M(247M) 529.069ms
[5.352s][info][gc,cpu         ] GC(12) User=0.48s Sys=0.05s Real=0.53s
[5.352s][info][gc,start       ] GC(9) Pause Initial Mark
[5.393s][info][gc             ] GC(9) Pause Initial Mark 247M->247M(247M) 40.740ms
[5.393s][info][gc,cpu         ] GC(9) User=0.03s Sys=0.00s Real=0.03s
[5.393s][info][gc             ] GC(9) Concurrent Mark
[5.393s][info][gc,task        ] GC(9) Using 2 workers of 2 for marking
[5.395s][info][gc,start       ] GC(13) Pause Full (Allocation Failure)
[5.538s][info][gc             ] GC(9) Concurrent Mark 145.181ms
[5.538s][info][gc,cpu         ] GC(9) User=0.30s Sys=0.00s Real=0.16s
[5.538s][info][gc,phases,start] GC(13) Phase 1: Mark live objects
[5.740s][info][gc,phases      ] GC(13) Phase 1: Mark live objects 201.614ms
[5.740s][info][gc,phases,start] GC(13) Phase 2: Compute new object addresses
[5.871s][info][gc,phases      ] GC(13) Phase 2: Compute new object addresses 130.751ms
[5.871s][info][gc,phases,start] GC(13) Phase 3: Adjust pointers
[5.972s][info][gc,phases      ] GC(13) Phase 3: Adjust pointers 101.615ms
[5.972s][info][gc,phases,start] GC(13) Phase 4: Move objects
[5.972s][info][gc,phases      ] GC(13) Phase 4: Move objects 0.062ms
[5.973s][info][gc,heap        ] GC(13) ParNew: 78655K->78651K(78656K)
[5.973s][info][gc,heap        ] GC(13) CMS: 174783K->174783K(174784K)
[5.973s][info][gc,metaspace   ] GC(13) Metaspace: 10214K->10214K(1058816K)
[5.973s][info][gc             ] GC(13) Pause Full (Allocation Failure) 247M->247M(247M) 578.087ms
[5.973s][info][gc,cpu         ] GC(13) User=0.64s Sys=0.02s Real=0.57s
[5.973s][info][gc,start       ] GC(14) Pause Full (Allocation Failure)
[5.973s][info][gc,phases,start] GC(14) Phase 1: Mark live objects
[6.166s][info][gc,phases      ] GC(14) Phase 1: Mark live objects 193.417ms
[6.166s][info][gc,phases,start] GC(14) Phase 2: Compute new object addresses
[6.303s][info][gc,phases      ] GC(14) Phase 2: Compute new object addresses 136.527ms
[6.303s][info][gc,phases,start] GC(14) Phase 3: Adjust pointers
[6.412s][info][gc,phases      ] GC(14) Phase 3: Adjust pointers 109.066ms
[6.412s][info][gc,phases,start] GC(14) Phase 4: Move objects
[6.412s][info][gc,phases      ] GC(14) Phase 4: Move objects 0.022ms
[6.412s][info][gc,heap        ] GC(14) ParNew: 78655K->78655K(78656K)
[6.412s][info][gc,heap        ] GC(14) CMS: 174783K->174783K(174784K)
[6.412s][info][gc,metaspace   ] GC(14) Metaspace: 10214K->10214K(1058816K)
[6.412s][info][gc             ] GC(14) Pause Full (Allocation Failure) 247M->247M(247M) 439.512ms
[6.412s][info][gc,cpu         ] GC(14) User=0.41s Sys=0.03s Real=0.44s
[6.413s][info][gc,start       ] GC(16) Pause Full (Allocation Failure)
[6.413s][info][gc,phases,start] GC(16) Phase 1: Mark live objects
[6.648s][info][gc,phases      ] GC(16) Phase 1: Mark live objects 235.345ms
[6.648s][info][gc,phases,start] GC(16) Phase 2: Compute new object addresses
[6.784s][info][gc,phases      ] GC(16) Phase 2: Compute new object addresses 135.364ms
[6.784s][info][gc,phases,start] GC(16) Phase 3: Adjust pointers
[6.889s][info][gc,phases      ] GC(16) Phase 3: Adjust pointers 105.635ms
[6.889s][info][gc,phases,start] GC(16) Phase 4: Move objects
[6.889s][info][gc,phases      ] GC(16) Phase 4: Move objects 0.019ms
[6.889s][info][gc,heap        ] GC(16) ParNew: 78655K->78655K(78656K)
[6.890s][info][gc,heap        ] GC(16) CMS: 174783K->174783K(174784K)
[6.890s][info][gc,metaspace   ] GC(16) Metaspace: 10214K->10214K(1058816K)
[6.890s][info][gc             ] GC(16) Pause Full (Allocation Failure) 247M->247M(247M) 476.907ms
[6.890s][info][gc,cpu         ] GC(16) User=0.47s Sys=0.00s Real=0.48s
[6.890s][info][gc,start       ] GC(17) Pause Full (Allocation Failure)
[6.890s][info][gc,phases,start] GC(17) Phase 1: Mark live objects
[7.095s][info][gc,phases      ] GC(17) Phase 1: Mark live objects 205.647ms
[7.095s][info][gc,phases,start] GC(17) Phase 2: Compute new object addresses
[7.228s][info][gc,phases      ] GC(17) Phase 2: Compute new object addresses 132.671ms
[7.228s][info][gc,phases,start] GC(17) Phase 3: Adjust pointers
[7.336s][info][gc,phases      ] GC(17) Phase 3: Adjust pointers 107.448ms
[7.336s][info][gc,phases,start] GC(17) Phase 4: Move objects
[7.336s][info][gc,phases      ] GC(17) Phase 4: Move objects 0.018ms
[7.336s][info][gc,heap        ] GC(17) ParNew: 78655K->78655K(78656K)
[7.336s][info][gc,heap        ] GC(17) CMS: 174783K->174783K(174784K)
[7.336s][info][gc,metaspace   ] GC(17) Metaspace: 10214K->10214K(1058816K)
[7.336s][info][gc             ] GC(17) Pause Full (Allocation Failure) 247M->247M(247M) 446.255ms
[7.336s][info][gc,cpu         ] GC(17) User=0.39s Sys=0.05s Real=0.44s
[7.336s][info][gc,start       ] GC(18) Pause Full (Allocation Failure)
[7.336s][info][gc,phases,start] GC(18) Phase 1: Mark live objects
[7.531s][info][gc,phases      ] GC(18) Phase 1: Mark live objects 194.896ms
[7.531s][info][gc,phases,start] GC(18) Phase 2: Compute new object addresses
[7.666s][info][gc,phases      ] GC(18) Phase 2: Compute new object addresses 134.544ms
[7.666s][info][gc,phases,start] GC(18) Phase 3: Adjust pointers
[7.768s][info][gc,phases      ] GC(18) Phase 3: Adjust pointers 102.731ms
[7.768s][info][gc,phases,start] GC(18) Phase 4: Move objects
[7.769s][info][gc,phases      ] GC(18) Phase 4: Move objects 0.037ms
[7.769s][info][gc,heap        ] GC(18) ParNew: 78655K->78655K(78656K)
[7.769s][info][gc,heap        ] GC(18) CMS: 174783K->174783K(174784K)
[7.769s][info][gc,metaspace   ] GC(18) Metaspace: 10214K->10214K(1058816K)
[7.769s][info][gc             ] GC(18) Pause Full (Allocation Failure) 247M->247M(247M) 432.791ms
[7.769s][info][gc,cpu         ] GC(18) User=0.44s Sys=0.00s Real=0.44s
[7.769s][info][gc,start       ] GC(19) Pause Full (Allocation Failure)
[7.769s][info][gc,phases,start] GC(19) Phase 1: Mark live objects
[7.960s][info][gc,phases      ] GC(19) Phase 1: Mark live objects 190.445ms
[7.960s][info][gc,phases,start] GC(19) Phase 2: Compute new object addresses
[8.090s][info][gc,phases      ] GC(19) Phase 2: Compute new object addresses 130.220ms
[8.090s][info][gc,phases,start] GC(19) Phase 3: Adjust pointers
[8.191s][info][gc,phases      ] GC(19) Phase 3: Adjust pointers 101.056ms
[8.191s][info][gc,phases,start] GC(19) Phase 4: Move objects
[8.191s][info][gc,phases      ] GC(19) Phase 4: Move objects 0.021ms
[8.191s][info][gc,heap        ] GC(19) ParNew: 78655K->78655K(78656K)
[8.191s][info][gc,heap        ] GC(19) CMS: 174783K->174783K(174784K)
[8.191s][info][gc,metaspace   ] GC(19) Metaspace: 10214K->10214K(1058816K)
[8.191s][info][gc             ] GC(19) Pause Full (Allocation Failure) 247M->247M(247M) 422.334ms
[8.191s][info][gc,cpu         ] GC(19) User=0.42s Sys=0.00s Real=0.42s
[8.192s][info][gc,start       ] GC(15) Pause Initial Mark
[8.237s][info][gc             ] GC(15) Pause Initial Mark 247M->247M(247M) 45.580ms
[8.237s][info][gc,cpu         ] GC(15) User=0.05s Sys=0.00s Real=0.05s
[8.237s][info][gc             ] GC(15) Concurrent Mark
[8.237s][info][gc,task        ] GC(15) Using 2 workers of 2 for marking
[8.238s][info][gc,start       ] GC(20) Pause Full (Allocation Failure)
[8.395s][info][gc             ] GC(15) Concurrent Mark 157.186ms
[8.395s][info][gc,cpu         ] GC(15) User=0.30s Sys=0.00s Real=0.16s
[8.395s][info][gc,phases,start] GC(20) Phase 1: Mark live objects
[8.397s][info][gc,phases      ] GC(20) Phase 1: Mark live objects 2.530ms
[8.397s][info][gc,phases,start] GC(20) Phase 2: Compute new object addresses
[8.485s][info][gc,phases      ] GC(20) Phase 2: Compute new object addresses 88.010ms
[8.485s][info][gc,phases,start] GC(20) Phase 3: Adjust pointers
[8.487s][info][gc,phases      ] GC(20) Phase 3: Adjust pointers 1.505ms
[8.487s][info][gc,phases,start] GC(20) Phase 4: Move objects
[8.487s][info][gc,phases      ] GC(20) Phase 4: Move objects 0.495ms
[8.487s][info][gc,heap        ] GC(20) ParNew: 78655K->0K(78656K)
[8.488s][info][gc,heap        ] GC(20) CMS: 174783K->1454K(174784K)
[8.488s][info][gc,metaspace   ] GC(20) Metaspace: 10214K->10214K(1058816K)
[8.488s][info][gc             ] GC(20) Pause Full (Allocation Failure) 247M->1M(247M) 249.891ms
[8.488s][info][gc,cpu         ] GC(20) User=0.38s Sys=0.00s Real=0.25s
[8.489s][info][gc,heap,exit   ] Heap
[8.489s][info][gc,heap,exit   ]  par new generation   total 78656K, used 3899K [0x00000000f0000000, 0x00000000f5550000, 0x00000000f5550000)
[8.489s][info][gc,heap,exit   ]   eden space 69952K,   5% used [0x00000000f0000000, 0x00000000f03cefa8, 0x00000000f4450000)
[8.489s][info][gc,heap,exit   ]   from space 8704K,   0% used [0x00000000f4450000, 0x00000000f4450000, 0x00000000f4cd0000)
[8.489s][info][gc,heap,exit   ]   to   space 8704K,   0% used [0x00000000f4cd0000, 0x00000000f4cd0000, 0x00000000f5550000)
[8.489s][info][gc,heap,exit   ]  concurrent mark-sweep generation total 174784K, used 1454K [0x00000000f5550000, 0x0000000100000000, 0x0000000100000000)
[8.489s][info][gc,heap,exit   ]  Metaspace       used 10222K, capacity 10403K, committed 10880K, reserved 1058816K
[8.489s][info][gc,heap,exit   ]   class space    used 988K, capacity 1038K, committed 1152K, reserved 1048576K
