[0.022s][info][gc,heap] Heap region size: 1M
[0.029s][info][gc     ] Using G1
[0.029s][info][gc,heap,coops] Heap address: 0x00000000f0000000, size: 256 MB, Compressed Oops mode: 32-bit
[0.699s][info][gc,start     ] GC(0) Pause Young (Normal) (G1 Evacuation Pause)
[0.700s][info][gc,task      ] GC(0) Using 6 workers of 8 for evacuation
[0.766s][info][gc,phases    ] GC(0)   Pre Evacuate Collection Set: 0.0ms
[0.766s][info][gc,phases    ] GC(0)   Evacuate Collection Set: 66.0ms
[0.766s][info][gc,phases    ] GC(0)   Post Evacuate Collection Set: 0.2ms
[0.766s][info][gc,phases    ] GC(0)   Other: 0.7ms
[0.766s][info][gc,heap      ] GC(0) Eden regions: 24->0(12)
[0.766s][info][gc,heap      ] GC(0) Survivor regions: 0->3(3)
[0.766s][info][gc,heap      ] GC(0) Old regions: 0->16
[0.766s][info][gc,heap      ] GC(0) Humongous regions: 0->0
[0.766s][info][gc,metaspace ] GC(0) Metaspace: 10379K->10379K(1058816K)
[0.766s][info][gc           ] GC(0) Pause Young (Normal) (G1 Evacuation Pause) 24M->18M(256M) 67.345ms
[0.766s][info][gc,cpu       ] GC(0) User=0.38s Sys=0.00s Real=0.07s
[0.770s][info][gc,start     ] GC(1) Pause Young (Normal) (G1 Evacuation Pause)
[0.770s][info][gc,task      ] GC(1) Using 6 workers of 8 for evacuation
[0.817s][info][gc,phases    ] GC(1)   Pre Evacuate Collection Set: 0.0ms
[0.817s][info][gc,phases    ] GC(1)   Evacuate Collection Set: 46.7ms
[0.817s][info][gc,phases    ] GC(1)   Post Evacuate Collection Set: 0.1ms
[0.817s][info][gc,phases    ] GC(1)   Other: 0.1ms
[0.817s][info][gc,heap      ] GC(1) Eden regions: 12->0(19)
[0.817s][info][gc,heap      ] GC(1) Survivor regions: 3->2(2)
[0.817s][info][gc,heap      ] GC(1) Old regions: 16->29
[0.817s][info][gc,heap      ] GC(1) Humongous regions: 0->0
[0.817s][info][gc,metaspace ] GC(1) Metaspace: 10380K->10380K(1058816K)
[0.817s][info][gc           ] GC(1) Pause Young (Normal) (G1 Evacuation Pause) 30M->31M(256M) 47.105ms
[0.817s][info][gc,cpu       ] GC(1) User=0.28s Sys=0.00s Real=0.05s
[0.825s][info][gc,start     ] GC(2) Pause Young (Normal) (G1 Evacuation Pause)
[0.825s][info][gc,task      ] GC(2) Using 6 workers of 8 for evacuation
[0.902s][info][gc,phases    ] GC(2)   Pre Evacuate Collection Set: 0.0ms
[0.903s][info][gc,phases    ] GC(2)   Evacuate Collection Set: 77.5ms
[0.903s][info][gc,phases    ] GC(2)   Post Evacuate Collection Set: 0.1ms
[0.903s][info][gc,phases    ] GC(2)   Other: 0.1ms
[0.903s][info][gc,heap      ] GC(2) Eden regions: 19->0(28)
[0.903s][info][gc,heap      ] GC(2) Survivor regions: 2->3(3)
[0.903s][info][gc,heap      ] GC(2) Old regions: 29->48
[0.903s][info][gc,heap      ] GC(2) Humongous regions: 0->0
[0.903s][info][gc,metaspace ] GC(2) Metaspace: 10380K->10380K(1058816K)
[0.903s][info][gc           ] GC(2) Pause Young (Normal) (G1 Evacuation Pause) 50M->50M(256M) 77.894ms
[0.903s][info][gc,cpu       ] GC(2) User=0.47s Sys=0.00s Real=0.08s
[0.915s][info][gc,start     ] GC(3) Pause Young (Normal) (G1 Evacuation Pause)
[0.915s][info][gc,task      ] GC(3) Using 6 workers of 8 for evacuation
[1.032s][info][gc,phases    ] GC(3)   Pre Evacuate Collection Set: 0.0ms
[1.032s][info][gc,phases    ] GC(3)   Evacuate Collection Set: 116.4ms
[1.032s][info][gc,phases    ] GC(3)   Post Evacuate Collection Set: 0.1ms
[1.032s][info][gc,phases    ] GC(3)   Other: 0.1ms
[1.032s][info][gc,heap      ] GC(3) Eden regions: 28->0(31)
[1.032s][info][gc,heap      ] GC(3) Survivor regions: 3->4(4)
[1.032s][info][gc,heap      ] GC(3) Old regions: 48->76
[1.032s][info][gc,heap      ] GC(3) Humongous regions: 0->0
[1.032s][info][gc,metaspace ] GC(3) Metaspace: 10380K->10380K(1058816K)
[1.032s][info][gc           ] GC(3) Pause Young (Normal) (G1 Evacuation Pause) 78M->80M(256M) 116.932ms
[1.032s][info][gc,cpu       ] GC(3) User=0.75s Sys=0.00s Real=0.12s
[84.531s][info][gc,start     ] GC(4) Pause Young (Normal) (G1 Evacuation Pause)
[84.532s][info][gc,task      ] GC(4) Using 6 workers of 8 for evacuation
[84.611s][info][gc,phases    ] GC(4)   Pre Evacuate Collection Set: 0.0ms
[84.611s][info][gc,phases    ] GC(4)   Evacuate Collection Set: 78.8ms
[84.611s][info][gc,phases    ] GC(4)   Post Evacuate Collection Set: 0.2ms
[84.611s][info][gc,phases    ] GC(4)   Other: 0.2ms
[84.611s][info][gc,heap      ] GC(4) Eden regions: 31->0(37)
[84.611s][info][gc,heap      ] GC(4) Survivor regions: 4->5(5)
[84.611s][info][gc,heap      ] GC(4) Old regions: 76->96
[84.611s][info][gc,heap      ] GC(4) Humongous regions: 0->0
[84.611s][info][gc,metaspace ] GC(4) Metaspace: 14455K->14455K(1062912K)
[84.611s][info][gc           ] GC(4) Pause Young (Normal) (G1 Evacuation Pause) 111M->100M(256M) 79.416ms
[84.611s][info][gc,cpu       ] GC(4) User=0.47s Sys=0.00s Real=0.08s
[377.232s][info][gc,start     ] GC(5) Pause Young (Normal) (G1 Evacuation Pause)
[377.232s][info][gc,task      ] GC(5) Using 6 workers of 8 for evacuation
[377.327s][info][gc,phases    ] GC(5)   Pre Evacuate Collection Set: 0.0ms
[377.327s][info][gc,phases    ] GC(5)   Evacuate Collection Set: 94.7ms
[377.327s][info][gc,phases    ] GC(5)   Post Evacuate Collection Set: 0.2ms
[377.327s][info][gc,phases    ] GC(5)   Other: 0.2ms
[377.327s][info][gc,heap      ] GC(5) Eden regions: 37->0(37)
[377.327s][info][gc,heap      ] GC(5) Survivor regions: 5->6(6)
[377.327s][info][gc,heap      ] GC(5) Old regions: 96->117
[377.327s][info][gc,heap      ] GC(5) Humongous regions: 0->0
[377.327s][info][gc,metaspace ] GC(5) Metaspace: 14837K->14837K(1062912K)
[377.327s][info][gc           ] GC(5) Pause Young (Normal) (G1 Evacuation Pause) 137M->122M(256M) 95.293ms
[377.328s][info][gc,cpu       ] GC(5) User=0.55s Sys=0.02s Real=0.09s
[762.072s][info][gc,start     ] GC(6) Pause Young (Concurrent Start) (G1 Evacuation Pause)
[762.072s][info][gc,task      ] GC(6) Using 6 workers of 8 for evacuation
[762.159s][info][gc,phases    ] GC(6)   Pre Evacuate Collection Set: 0.0ms
[762.159s][info][gc,phases    ] GC(6)   Evacuate Collection Set: 87.0ms
[762.159s][info][gc,phases    ] GC(6)   Post Evacuate Collection Set: 0.1ms
[762.159s][info][gc,phases    ] GC(6)   Other: 0.3ms
[762.159s][info][gc,heap      ] GC(6) Eden regions: 37->0(31)
[762.159s][info][gc,heap      ] GC(6) Survivor regions: 6->6(6)
[762.159s][info][gc,heap      ] GC(6) Old regions: 117->136
[762.159s][info][gc,heap      ] GC(6) Humongous regions: 0->0
[762.159s][info][gc,metaspace ] GC(6) Metaspace: 14849K->14849K(1062912K)
[762.159s][info][gc           ] GC(6) Pause Young (Concurrent Start) (G1 Evacuation Pause) 159M->142M(256M) 87.577ms
[762.159s][info][gc,cpu       ] GC(6) User=0.44s Sys=0.03s Real=0.08s
[762.159s][info][gc           ] GC(7) Concurrent Cycle
[762.159s][info][gc,marking   ] GC(7) Concurrent Clear Claimed Marks
[762.159s][info][gc,marking   ] GC(7) Concurrent Clear Claimed Marks 0.075ms
[762.159s][info][gc,marking   ] GC(7) Concurrent Scan Root Regions
[762.163s][info][gc,marking   ] GC(7) Concurrent Scan Root Regions 3.469ms
[762.163s][info][gc,marking   ] GC(7) Concurrent Mark (762.163s)
[762.163s][info][gc,marking   ] GC(7) Concurrent Mark From Roots
[762.163s][info][gc,task      ] GC(7) Using 2 workers of 2 for marking
[762.349s][info][gc,marking   ] GC(7) Concurrent Mark From Roots 185.809ms
[762.349s][info][gc,marking   ] GC(7) Concurrent Preclean
[762.349s][info][gc,marking   ] GC(7) Concurrent Preclean 0.149ms
[762.349s][info][gc,marking   ] GC(7) Concurrent Mark (762.163s, 762.349s) 186.048ms
[762.374s][info][gc,start     ] GC(7) Pause Remark
[762.376s][info][gc,stringtable] GC(7) Cleaned string and symbol table, strings: 7675 processed, 632 removed, symbols: 48435 processed, 3 removed
[762.377s][info][gc            ] GC(7) Pause Remark 142M->142M(256M) 2.796ms
[762.377s][info][gc,cpu        ] GC(7) User=0.00s Sys=0.00s Real=0.00s
[762.377s][info][gc,marking    ] GC(7) Concurrent Rebuild Remembered Sets
[762.491s][info][gc,marking    ] GC(7) Concurrent Rebuild Remembered Sets 114.292ms
[762.499s][info][gc,start      ] GC(7) Pause Cleanup
[762.499s][info][gc            ] GC(7) Pause Cleanup 142M->142M(256M) 0.133ms
[762.499s][info][gc,cpu        ] GC(7) User=0.00s Sys=0.00s Real=0.00s
[762.499s][info][gc,marking    ] GC(7) Concurrent Cleanup for Next Mark
[762.499s][info][gc,marking    ] GC(7) Concurrent Cleanup for Next Mark 0.373ms
[762.499s][info][gc            ] GC(7) Concurrent Cycle 340.177ms
[1118.779s][info][gc,start      ] GC(8) Pause Young (Normal) (G1 Evacuation Pause)
[1118.779s][info][gc,task       ] GC(8) Using 6 workers of 8 for evacuation
[1118.853s][info][gc,phases     ] GC(8)   Pre Evacuate Collection Set: 0.0ms
[1118.853s][info][gc,phases     ] GC(8)   Evacuate Collection Set: 73.2ms
[1118.853s][info][gc,phases     ] GC(8)   Post Evacuate Collection Set: 0.1ms
[1118.853s][info][gc,phases     ] GC(8)   Other: 0.1ms
[1118.853s][info][gc,heap       ] GC(8) Eden regions: 31->0(28)
[1118.853s][info][gc,heap       ] GC(8) Survivor regions: 6->5(5)
[1118.853s][info][gc,heap       ] GC(8) Old regions: 136->152
[1118.853s][info][gc,heap       ] GC(8) Humongous regions: 0->0
[1118.853s][info][gc,metaspace  ] GC(8) Metaspace: 14557K->14557K(1062912K)
[1118.853s][info][gc            ] GC(8) Pause Young (Normal) (G1 Evacuation Pause) 173M->157M(256M) 73.617ms
[1118.853s][info][gc,cpu        ] GC(8) User=0.38s Sys=0.00s Real=0.06s
[1309.288s][info][gc,heap,exit  ] Heap
[1309.288s][info][gc,heap,exit  ]  garbage-first heap   total 262144K, used 176128K [0x00000000f0000000, 0x0000000100000000)
[1309.288s][info][gc,heap,exit  ]   region size 1024K, 21 young (21504K), 5 survivors (5120K)
[1309.288s][info][gc,heap,exit  ]  Metaspace       used 14579K, capacity 15022K, committed 15616K, reserved 1062912K
[1309.288s][info][gc,heap,exit  ]   class space    used 1448K, capacity 1591K, committed 1792K, reserved 1048576K
