[0.013s][info][gc] Using Concurrent Mark Sweep
[0.013s][info][gc,heap,coops] Heap address: 0x00000000f0000000, size: 256 MB, Compressed Oops mode: 32-bit
[0.400s][info][gc,start     ] GC(0) Pause Young (Allocation Failure)
[0.400s][info][gc,task      ] GC(0) Using 5 workers of 8 for evacuation
[1.108s][info][gc,heap      ] GC(0) ParNew: 69952K->8703K(78656K)
[1.108s][info][gc,heap      ] GC(0) CMS: 0K->82768K(174784K)
[1.108s][info][gc,metaspace ] GC(0) Metaspace: 10393K->10393K(1058816K)
[1.109s][info][gc           ] GC(0) Pause Young (Allocation Failure) 68M->89M(247M) 708.893ms
[1.109s][info][gc,cpu       ] GC(0) User=3.41s Sys=0.00s Real=0.70s
[1.136s][info][gc,start     ] GC(1) Pause Young (Allocation Failure)
[1.136s][info][gc,task      ] GC(1) Using 5 workers of 8 for evacuation
[1.462s][info][gc,heap      ] GC(1) ParNew: 78655K->8704K(78656K)
[1.462s][info][gc,heap      ] GC(1) CMS: 82768K->169607K(174784K)
[1.462s][info][gc,metaspace ] GC(1) Metaspace: 10393K->10393K(1058816K)
[1.462s][info][gc           ] GC(1) Pause Young (Allocation Failure) 157M->174M(247M) 325.821ms
[1.462s][info][gc,cpu       ] GC(1) User=1.38s Sys=0.03s Real=0.32s
[1.462s][info][gc,start     ] GC(2) Pause Initial Mark
[1.464s][info][gc           ] GC(2) Pause Initial Mark 175M->175M(247M) 2.098ms
[1.464s][info][gc,cpu       ] GC(2) User=0.00s Sys=0.00s Real=0.00s
[1.464s][info][gc           ] GC(2) Concurrent Mark
[1.464s][info][gc,task      ] GC(2) Using 2 workers of 2 for marking
[1.501s][info][gc,start     ] GC(3) Pause Young (Allocation Failure)
[1.501s][info][gc,task      ] GC(3) Using 5 workers of 8 for evacuation
[1.501s][info][gc,start     ] GC(4) Pause Full (Allocation Failure)
[1.645s][info][gc           ] GC(2) Concurrent Mark 180.845ms
[1.645s][info][gc,cpu       ] GC(2) User=0.38s Sys=0.00s Real=0.19s
[1.645s][info][gc,phases,start] GC(4) Phase 1: Mark live objects
[1.910s][info][gc,phases      ] GC(4) Phase 1: Mark live objects 264.920ms
[1.910s][info][gc,phases,start] GC(4) Phase 2: Compute new object addresses
[2.034s][info][gc,phases      ] GC(4) Phase 2: Compute new object addresses 123.301ms
[2.034s][info][gc,phases,start] GC(4) Phase 3: Adjust pointers
[2.150s][info][gc,phases      ] GC(4) Phase 3: Adjust pointers 116.384ms
[2.150s][info][gc,phases,start] GC(4) Phase 4: Move objects
[2.226s][info][gc,phases      ] GC(4) Phase 4: Move objects 75.656ms
[2.226s][info][gc             ] GC(4) Pause Full (Allocation Failure) 242M->219M(247M) 725.214ms
[2.226s][info][gc,heap        ] GC(3) ParNew: 78656K->49532K(78656K)
[2.226s][info][gc,heap        ] GC(3) CMS: 169607K->174784K(174784K)
[2.226s][info][gc,metaspace   ] GC(3) Metaspace: 10393K->10393K(1058816K)
[2.226s][info][gc             ] GC(3) Pause Young (Allocation Failure) 242M->219M(247M) 725.418ms
[2.226s][info][gc,cpu         ] GC(3) User=0.84s Sys=0.02s Real=0.74s
[2.291s][info][gc,start       ] GC(5) Pause Full (Allocation Failure)
[2.291s][info][gc,phases,start] GC(5) Phase 1: Mark live objects
[2.479s][info][gc,phases      ] GC(5) Phase 1: Mark live objects 188.554ms
[2.479s][info][gc,phases,start] GC(5) Phase 2: Compute new object addresses
[2.619s][info][gc,phases      ] GC(5) Phase 2: Compute new object addresses 139.465ms
[2.619s][info][gc,phases,start] GC(5) Phase 3: Adjust pointers
[2.719s][info][gc,phases      ] GC(5) Phase 3: Adjust pointers 100.285ms
[2.719s][info][gc,phases,start] GC(5) Phase 4: Move objects
[2.728s][info][gc,phases      ] GC(5) Phase 4: Move objects 8.885ms
[2.728s][info][gc,heap        ] GC(5) ParNew: 78655K->77871K(78656K)
[2.728s][info][gc,heap        ] GC(5) CMS: 174784K->174784K(174784K)
[2.728s][info][gc,metaspace   ] GC(5) Metaspace: 10393K->10393K(1058816K)
[2.728s][info][gc             ] GC(5) Pause Full (Allocation Failure) 247M->246M(247M) 437.788ms
[2.728s][info][gc,cpu         ] GC(5) User=0.39s Sys=0.05s Real=0.43s
[2.728s][info][gc,start       ] GC(6) Pause Initial Mark
[2.768s][info][gc             ] GC(6) Pause Initial Mark 246M->246M(247M) 39.101ms
[2.768s][info][gc,cpu         ] GC(6) User=0.06s Sys=0.00s Real=0.05s
[2.768s][info][gc             ] GC(6) Concurrent Mark
[2.768s][info][gc,task        ] GC(6) Using 2 workers of 2 for marking
[2.773s][info][gc,start       ] GC(7) Pause Full (Allocation Failure)
[2.900s][info][gc             ] GC(6) Concurrent Mark 132.406ms
[2.900s][info][gc,cpu         ] GC(6) User=0.22s Sys=0.00s Real=0.13s
[2.900s][info][gc,phases,start] GC(7) Phase 1: Mark live objects
[3.093s][info][gc,phases      ] GC(7) Phase 1: Mark live objects 192.412ms
[3.093s][info][gc,phases,start] GC(7) Phase 2: Compute new object addresses
[3.222s][info][gc,phases      ] GC(7) Phase 2: Compute new object addresses 129.616ms
[3.222s][info][gc,phases,start] GC(7) Phase 3: Adjust pointers
[3.324s][info][gc,phases      ] GC(7) Phase 3: Adjust pointers 101.938ms
[3.324s][info][gc,phases,start] GC(7) Phase 4: Move objects
[3.325s][info][gc,phases      ] GC(7) Phase 4: Move objects 0.295ms
[3.325s][info][gc,heap        ] GC(7) ParNew: 78655K->78635K(78656K)
[3.325s][info][gc,heap        ] GC(7) CMS: 174784K->174784K(174784K)
[3.325s][info][gc,metaspace   ] GC(7) Metaspace: 10393K->10393K(1058816K)
[3.325s][info][gc             ] GC(7) Pause Full (Allocation Failure) 247M->247M(247M) 551.513ms
[3.325s][info][gc,cpu         ] GC(7) User=0.64s Sys=0.00s Real=0.55s
[3.325s][info][gc,start       ] GC(8) Pause Full (Allocation Failure)
[3.325s][info][gc,phases,start] GC(8) Phase 1: Mark live objects
[3.510s][info][gc,phases      ] GC(8) Phase 1: Mark live objects 185.059ms
[3.510s][info][gc,phases,start] GC(8) Phase 2: Compute new object addresses
[3.641s][info][gc,phases      ] GC(8) Phase 2: Compute new object addresses 130.434ms
[3.641s][info][gc,phases,start] GC(8) Phase 3: Adjust pointers
[3.736s][info][gc,phases      ] GC(8) Phase 3: Adjust pointers 95.630ms
[3.737s][info][gc,phases,start] GC(8) Phase 4: Move objects
[3.737s][info][gc,phases      ] GC(8) Phase 4: Move objects 0.023ms
[3.737s][info][gc,heap        ] GC(8) ParNew: 78655K->78655K(78656K)
[3.737s][info][gc,heap        ] GC(8) CMS: 174784K->174784K(174784K)
[3.737s][info][gc,metaspace   ] GC(8) Metaspace: 10393K->10393K(1058816K)
[3.737s][info][gc             ] GC(8) Pause Full (Allocation Failure) 247M->247M(247M) 411.584ms
[3.737s][info][gc,cpu         ] GC(8) User=0.38s Sys=0.05s Real=0.42s
[3.737s][info][gc,start       ] GC(10) Pause Full (Allocation Failure)
[3.737s][info][gc,phases,start] GC(10) Phase 1: Mark live objects
[3.924s][info][gc,phases      ] GC(10) Phase 1: Mark live objects 186.361ms
[3.924s][info][gc,phases,start] GC(10) Phase 2: Compute new object addresses
