[0.014s][info][gc] Using Concurrent Mark Sweep
[0.015s][info][gc,heap,coops] Heap address: 0x00000000e0000000, size: 512 MB, Compressed Oops mode: 32-bit
[0.465s][info][gc,start     ] GC(0) Pause Young (Allocation Failure)
[0.465s][info][gc,task      ] GC(0) Using 8 workers of 8 for evacuation
[2.132s][info][gc,heap      ] GC(0) ParNew: 139776K->17471K(157248K)
[2.132s][info][gc,heap      ] GC(0) CMS: 0K->171100K(349568K)
[2.132s][info][gc,metaspace ] GC(0) Metaspace: 10376K->10376K(1058816K)
[2.132s][info][gc           ] GC(0) Pause Young (Allocation Failure) 136M->184M(494M) 1667.186ms
[2.132s][info][gc,cpu       ] GC(0) User=10.13s Sys=0.14s Real=1.66s
[47.097s][info][gc,start     ] GC(1) Pause Young (Allocation Failure)
[47.097s][info][gc,task      ] GC(1) Using 8 workers of 8 for evacuation
[47.815s][info][gc,heap      ] GC(1) ParNew: 157247K->17472K(157248K)
[47.815s][info][gc,heap      ] GC(1) CMS: 171100K->324563K(349568K)
[47.815s][info][gc,metaspace ] GC(1) Metaspace: 14258K->14258K(1062912K)
[47.815s][info][gc           ] GC(1) Pause Young (Allocation Failure) 320M->334M(494M) 717.535ms
[47.815s][info][gc,cpu       ] GC(1) User=5.48s Sys=0.05s Real=0.72s
[47.833s][info][gc,start     ] GC(2) Pause Initial Mark
[47.836s][info][gc           ] GC(2) Pause Initial Mark 339M->339M(494M) 3.108ms
[47.836s][info][gc,cpu       ] GC(2) User=0.00s Sys=0.00s Real=0.00s
[47.836s][info][gc           ] GC(2) Concurrent Mark
[47.836s][info][gc,task      ] GC(2) Using 2 workers of 2 for marking
[48.129s][info][gc           ] GC(2) Concurrent Mark 293.363ms
[48.129s][info][gc,cpu       ] GC(2) User=0.72s Sys=0.00s Real=0.28s
[48.129s][info][gc           ] GC(2) Concurrent Preclean
[48.130s][info][gc           ] GC(2) Concurrent Preclean 0.911ms
[48.130s][info][gc,cpu       ] GC(2) User=0.02s Sys=0.02s Real=0.02s
[48.130s][info][gc           ] GC(2) Concurrent Abortable Preclean
[49.419s][info][gc           ] GC(2) Concurrent Abortable Preclean 1288.792ms
[49.419s][info][gc,cpu       ] GC(2) User=2.09s Sys=0.00s Real=1.29s
[49.420s][info][gc,start     ] GC(2) Pause Remark
[49.429s][info][gc           ] GC(2) Pause Remark 341M->341M(494M) 9.202ms
[49.429s][info][gc,cpu       ] GC(2) User=0.00s Sys=0.00s Real=0.00s
[49.429s][info][gc           ] GC(2) Concurrent Sweep
[49.534s][info][gc           ] GC(2) Concurrent Sweep 104.176ms
[49.534s][info][gc,cpu       ] GC(2) User=0.19s Sys=0.00s Real=0.11s
[49.534s][info][gc           ] GC(2) Concurrent Reset
[49.544s][info][gc           ] GC(2) Concurrent Reset 10.753ms
[49.544s][info][gc,cpu       ] GC(2) User=0.00s Sys=0.00s Real=0.02s
[49.545s][info][gc,heap      ] GC(2) Old: 324563K->324563K(349568K)
[51.561s][info][gc,start     ] GC(3) Pause Initial Mark
[51.564s][info][gc           ] GC(3) Pause Initial Mark 341M->341M(494M) 3.476ms
[51.564s][info][gc,cpu       ] GC(3) User=0.00s Sys=0.00s Real=0.00s
[51.564s][info][gc           ] GC(3) Concurrent Mark
[51.565s][info][gc,task      ] GC(3) Using 2 workers of 2 for marking
[51.798s][info][gc           ] GC(3) Concurrent Mark 233.322ms
[51.798s][info][gc,cpu       ] GC(3) User=0.66s Sys=0.00s Real=0.22s
[51.798s][info][gc           ] GC(3) Concurrent Preclean
[51.798s][info][gc           ] GC(3) Concurrent Preclean 0.472ms
[51.798s][info][gc,cpu       ] GC(3) User=0.00s Sys=0.00s Real=0.00s
[51.798s][info][gc           ] GC(3) Concurrent Abortable Preclean
[51.798s][info][gc           ] GC(3) Concurrent Abortable Preclean 0.019ms
[51.798s][info][gc,cpu       ] GC(3) User=0.00s Sys=0.00s Real=0.00s
[51.815s][info][gc,start     ] GC(3) Pause Remark
[51.821s][info][gc           ] GC(3) Pause Remark 341M->341M(494M) 6.139ms
[51.821s][info][gc,cpu       ] GC(3) User=0.00s Sys=0.00s Real=0.00s
[51.821s][info][gc           ] GC(3) Concurrent Sweep
[51.912s][info][gc           ] GC(3) Concurrent Sweep 90.657ms
[51.912s][info][gc,cpu       ] GC(3) User=0.19s Sys=0.00s Real=0.09s
[51.912s][info][gc           ] GC(3) Concurrent Reset
[51.912s][info][gc           ] GC(3) Concurrent Reset 0.257ms
[51.912s][info][gc,cpu       ] GC(3) User=0.00s Sys=0.00s Real=0.00s
[51.912s][info][gc,heap      ] GC(3) Old: 324563K->324563K(349568K)
[53.942s][info][gc,start     ] GC(4) Pause Initial Mark
[53.945s][info][gc           ] GC(4) Pause Initial Mark 341M->341M(494M) 3.743ms
[53.945s][info][gc,cpu       ] GC(4) User=0.00s Sys=0.00s Real=0.00s
[53.945s][info][gc           ] GC(4) Concurrent Mark
[53.946s][info][gc,task      ] GC(4) Using 2 workers of 2 for marking
[54.177s][info][gc           ] GC(4) Concurrent Mark 231.034ms
[54.177s][info][gc,cpu       ] GC(4) User=0.70s Sys=0.00s Real=0.23s
[54.177s][info][gc           ] GC(4) Concurrent Preclean
[54.177s][info][gc           ] GC(4) Concurrent Preclean 0.453ms
[54.177s][info][gc,cpu       ] GC(4) User=0.00s Sys=0.00s Real=0.00s
[54.177s][info][gc           ] GC(4) Concurrent Abortable Preclean
[54.177s][info][gc           ] GC(4) Concurrent Abortable Preclean 0.019ms
[54.177s][info][gc,cpu       ] GC(4) User=0.00s Sys=0.00s Real=0.00s
[54.192s][info][gc,start     ] GC(4) Pause Remark
[54.197s][info][gc           ] GC(4) Pause Remark 341M->341M(494M) 5.393ms
[54.197s][info][gc,cpu       ] GC(4) User=0.00s Sys=0.00s Real=0.00s
[54.197s][info][gc           ] GC(4) Concurrent Sweep
[54.288s][info][gc           ] GC(4) Concurrent Sweep 90.525ms
[54.288s][info][gc,cpu       ] GC(4) User=0.19s Sys=0.00s Real=0.09s
[54.288s][info][gc           ] GC(4) Concurrent Reset
[54.288s][info][gc           ] GC(4) Concurrent Reset 0.329ms
[54.288s][info][gc,cpu       ] GC(4) User=0.00s Sys=0.00s Real=0.00s
[54.288s][info][gc,heap      ] GC(4) Old: 324563K->324563K(349568K)
[56.314s][info][gc,start     ] GC(5) Pause Initial Mark
[56.318s][info][gc           ] GC(5) Pause Initial Mark 341M->341M(494M) 3.847ms
[56.318s][info][gc,cpu       ] GC(5) User=0.00s Sys=0.00s Real=0.00s
[56.318s][info][gc           ] GC(5) Concurrent Mark
[56.318s][info][gc,task      ] GC(5) Using 2 workers of 2 for marking
[56.549s][info][gc           ] GC(5) Concurrent Mark 230.752ms
[56.549s][info][gc,cpu       ] GC(5) User=0.69s Sys=0.00s Real=0.23s
[56.549s][info][gc           ] GC(5) Concurrent Preclean
[56.550s][info][gc           ] GC(5) Concurrent Preclean 0.481ms
[56.550s][info][gc,cpu       ] GC(5) User=0.00s Sys=0.00s Real=0.00s
[56.550s][info][gc           ] GC(5) Concurrent Abortable Preclean
[56.550s][info][gc           ] GC(5) Concurrent Abortable Preclean 0.018ms
[56.550s][info][gc,cpu       ] GC(5) User=0.00s Sys=0.00s Real=0.00s
[56.564s][info][gc,start     ] GC(5) Pause Remark
[56.571s][info][gc           ] GC(5) Pause Remark 341M->341M(494M) 6.826ms
[56.571s][info][gc,cpu       ] GC(5) User=0.00s Sys=0.00s Real=0.00s
[56.571s][info][gc           ] GC(5) Concurrent Sweep
[56.662s][info][gc           ] GC(5) Concurrent Sweep 90.551ms
[56.662s][info][gc,cpu       ] GC(5) User=0.19s Sys=0.00s Real=0.09s
[56.662s][info][gc           ] GC(5) Concurrent Reset
[56.662s][info][gc           ] GC(5) Concurrent Reset 0.259ms
[56.662s][info][gc,cpu       ] GC(5) User=0.00s Sys=0.00s Real=0.00s
[56.662s][info][gc,heap      ] GC(5) Old: 324563K->324563K(349568K)
[58.689s][info][gc,start     ] GC(6) Pause Initial Mark
[58.693s][info][gc           ] GC(6) Pause Initial Mark 341M->341M(494M) 4.660ms
[58.693s][info][gc,cpu       ] GC(6) User=0.00s Sys=0.00s Real=0.00s
[58.693s][info][gc           ] GC(6) Concurrent Mark
[58.693s][info][gc,task      ] GC(6) Using 2 workers of 2 for marking
[58.937s][info][gc           ] GC(6) Concurrent Mark 243.850ms
[58.937s][info][gc,cpu       ] GC(6) User=0.75s Sys=0.00s Real=0.24s
[58.937s][info][gc           ] GC(6) Concurrent Preclean
[58.938s][info][gc           ] GC(6) Concurrent Preclean 0.441ms
[58.938s][info][gc,cpu       ] GC(6) User=0.00s Sys=0.00s Real=0.00s
[58.938s][info][gc           ] GC(6) Concurrent Abortable Preclean
[58.938s][info][gc           ] GC(6) Concurrent Abortable Preclean 0.019ms
[58.938s][info][gc,cpu       ] GC(6) User=0.00s Sys=0.00s Real=0.00s
[58.947s][info][gc,start     ] GC(6) Pause Remark
[58.954s][info][gc           ] GC(6) Pause Remark 341M->341M(494M) 6.664ms
[58.954s][info][gc,cpu       ] GC(6) User=0.00s Sys=0.00s Real=0.00s
[58.954s][info][gc           ] GC(6) Concurrent Sweep
[59.051s][info][gc           ] GC(6) Concurrent Sweep 96.946ms
[59.051s][info][gc,cpu       ] GC(6) User=0.19s Sys=0.00s Real=0.09s
[59.051s][info][gc           ] GC(6) Concurrent Reset
[59.051s][info][gc           ] GC(6) Concurrent Reset 0.265ms
[59.052s][info][gc,cpu       ] GC(6) User=0.00s Sys=0.00s Real=0.00s
[59.052s][info][gc,heap      ] GC(6) Old: 324563K->324563K(349568K)
[61.060s][info][gc,start     ] GC(7) Pause Initial Mark
[61.064s][info][gc           ] GC(7) Pause Initial Mark 341M->341M(494M) 3.950ms
[61.064s][info][gc,cpu       ] GC(7) User=0.00s Sys=0.00s Real=0.00s
[61.064s][info][gc           ] GC(7) Concurrent Mark
[61.064s][info][gc,task      ] GC(7) Using 2 workers of 2 for marking
[61.301s][info][gc           ] GC(7) Concurrent Mark 236.683ms
[61.301s][info][gc,cpu       ] GC(7) User=0.70s Sys=0.00s Real=0.23s
[61.301s][info][gc           ] GC(7) Concurrent Preclean
[61.302s][info][gc           ] GC(7) Concurrent Preclean 0.483ms
[61.302s][info][gc,cpu       ] GC(7) User=0.00s Sys=0.00s Real=0.00s
[61.302s][info][gc           ] GC(7) Concurrent Abortable Preclean
[61.302s][info][gc           ] GC(7) Concurrent Abortable Preclean 0.019ms
[61.302s][info][gc,cpu       ] GC(7) User=0.00s Sys=0.00s Real=0.00s
[61.309s][info][gc,start     ] GC(7) Pause Remark
[61.316s][info][gc           ] GC(7) Pause Remark 341M->341M(494M) 6.576ms
[61.316s][info][gc,cpu       ] GC(7) User=0.00s Sys=0.00s Real=0.00s
[61.316s][info][gc           ] GC(7) Concurrent Sweep
[61.446s][info][gc           ] GC(7) Concurrent Sweep 130.354ms
[61.446s][info][gc,cpu       ] GC(7) User=0.25s Sys=0.02s Real=0.13s
[61.446s][info][gc           ] GC(7) Concurrent Reset
[61.447s][info][gc           ] GC(7) Concurrent Reset 0.553ms
[61.447s][info][gc,cpu       ] GC(7) User=0.00s Sys=0.00s Real=0.00s
[61.447s][info][gc,heap      ] GC(7) Old: 324563K->324563K(349568K)
[63.476s][info][gc,start     ] GC(8) Pause Initial Mark
[63.487s][info][gc           ] GC(8) Pause Initial Mark 341M->341M(494M) 10.821ms
[63.487s][info][gc,cpu       ] GC(8) User=0.00s Sys=0.00s Real=0.00s
[63.487s][info][gc           ] GC(8) Concurrent Mark
[63.487s][info][gc,task      ] GC(8) Using 2 workers of 2 for marking
[63.756s][info][gc           ] GC(8) Concurrent Mark 268.475ms
[63.756s][info][gc,cpu       ] GC(8) User=0.84s Sys=0.00s Real=0.28s
[63.756s][info][gc           ] GC(8) Concurrent Preclean
[63.756s][info][gc           ] GC(8) Concurrent Preclean 0.504ms
[63.756s][info][gc,cpu       ] GC(8) User=0.00s Sys=0.00s Real=0.00s
[63.756s][info][gc           ] GC(8) Concurrent Abortable Preclean
[63.756s][info][gc           ] GC(8) Concurrent Abortable Preclean 0.019ms
[63.756s][info][gc,cpu       ] GC(8) User=0.00s Sys=0.00s Real=0.00s
[63.760s][info][gc,start     ] GC(8) Pause Remark
[63.767s][info][gc           ] GC(8) Pause Remark 341M->341M(494M) 6.945ms
[63.767s][info][gc,cpu       ] GC(8) User=0.00s Sys=0.00s Real=0.01s
[63.767s][info][gc           ] GC(8) Concurrent Sweep
[63.855s][info][gc           ] GC(8) Concurrent Sweep 88.518ms
[63.855s][info][gc,cpu       ] GC(8) User=0.16s Sys=0.00s Real=0.08s
[63.855s][info][gc           ] GC(8) Concurrent Reset
[63.856s][info][gc           ] GC(8) Concurrent Reset 0.263ms
[63.856s][info][gc,cpu       ] GC(8) User=0.00s Sys=0.00s Real=0.00s
[63.856s][info][gc,heap      ] GC(8) Old: 324563K->324563K(349568K)
[65.872s][info][gc,start     ] GC(9) Pause Initial Mark
[65.883s][info][gc           ] GC(9) Pause Initial Mark 342M->342M(494M) 10.487ms
[65.883s][info][gc,cpu       ] GC(9) User=0.00s Sys=0.00s Real=0.00s
[65.883s][info][gc           ] GC(9) Concurrent Mark
[65.883s][info][gc,task      ] GC(9) Using 2 workers of 2 for marking
[66.123s][info][gc           ] GC(9) Concurrent Mark 240.153ms
[66.123s][info][gc,cpu       ] GC(9) User=0.75s Sys=0.00s Real=0.25s
[66.123s][info][gc           ] GC(9) Concurrent Preclean
[66.124s][info][gc           ] GC(9) Concurrent Preclean 0.542ms
[66.124s][info][gc,cpu       ] GC(9) User=0.00s Sys=0.00s Real=0.00s
[66.124s][info][gc           ] GC(9) Concurrent Abortable Preclean
[66.124s][info][gc           ] GC(9) Concurrent Abortable Preclean 0.020ms
[66.124s][info][gc,cpu       ] GC(9) User=0.00s Sys=0.00s Real=0.00s
[66.124s][info][gc,start     ] GC(9) Pause Remark
[66.132s][info][gc           ] GC(9) Pause Remark 342M->342M(494M) 7.801ms
[66.132s][info][gc,cpu       ] GC(9) User=0.00s Sys=0.00s Real=0.00s
[66.132s][info][gc           ] GC(9) Concurrent Sweep
[66.230s][info][gc           ] GC(9) Concurrent Sweep 97.394ms
[66.230s][info][gc,cpu       ] GC(9) User=0.19s Sys=0.00s Real=0.09s
[66.230s][info][gc           ] GC(9) Concurrent Reset
[66.230s][info][gc           ] GC(9) Concurrent Reset 0.305ms
[66.230s][info][gc,cpu       ] GC(9) User=0.00s Sys=0.00s Real=0.00s
[66.230s][info][gc,heap      ] GC(9) Old: 324563K->324563K(349568K)
[68.236s][info][gc,start     ] GC(10) Pause Initial Mark
[68.241s][info][gc           ] GC(10) Pause Initial Mark 345M->345M(494M) 4.420ms
[68.241s][info][gc,cpu       ] GC(10) User=0.00s Sys=0.00s Real=0.00s
[68.241s][info][gc           ] GC(10) Concurrent Mark
[68.241s][info][gc,task      ] GC(10) Using 2 workers of 2 for marking
[68.471s][info][gc           ] GC(10) Concurrent Mark 230.667ms
[68.472s][info][gc,cpu       ] GC(10) User=0.70s Sys=0.00s Real=0.23s
[68.472s][info][gc           ] GC(10) Concurrent Preclean
[68.472s][info][gc           ] GC(10) Concurrent Preclean 0.452ms
[68.472s][info][gc,cpu       ] GC(10) User=0.00s Sys=0.00s Real=0.00s
[68.472s][info][gc           ] GC(10) Concurrent Abortable Preclean
[68.472s][info][gc           ] GC(10) Concurrent Abortable Preclean 0.019ms
[68.472s][info][gc,cpu       ] GC(10) User=0.00s Sys=0.00s Real=0.00s
[68.485s][info][gc,start     ] GC(10) Pause Remark
[68.493s][info][gc           ] GC(10) Pause Remark 345M->345M(494M) 7.917ms
[68.493s][info][gc,cpu       ] GC(10) User=0.00s Sys=0.00s Real=0.00s
[68.493s][info][gc           ] GC(10) Concurrent Sweep
[68.580s][info][gc           ] GC(10) Concurrent Sweep 87.696ms
[68.580s][info][gc,cpu       ] GC(10) User=0.19s Sys=0.00s Real=0.09s
[68.581s][info][gc           ] GC(10) Concurrent Reset
[68.581s][info][gc           ] GC(10) Concurrent Reset 0.277ms
[68.581s][info][gc,cpu       ] GC(10) User=0.00s Sys=0.00s Real=0.00s
[68.581s][info][gc,heap      ] GC(10) Old: 324563K->324563K(349568K)
[70.605s][info][gc,start     ] GC(11) Pause Initial Mark
[70.610s][info][gc           ] GC(11) Pause Initial Mark 345M->345M(494M) 4.763ms
[70.610s][info][gc,cpu       ] GC(11) User=0.00s Sys=0.00s Real=0.00s
[70.610s][info][gc           ] GC(11) Concurrent Mark
[70.610s][info][gc,task      ] GC(11) Using 2 workers of 2 for marking
[70.851s][info][gc           ] GC(11) Concurrent Mark 241.219ms
[70.851s][info][gc,cpu       ] GC(11) User=0.70s Sys=0.00s Real=0.23s
[70.851s][info][gc           ] GC(11) Concurrent Preclean
[70.852s][info][gc           ] GC(11) Concurrent Preclean 0.469ms
[70.852s][info][gc,cpu       ] GC(11) User=0.00s Sys=0.00s Real=0.00s
[70.852s][info][gc           ] GC(11) Concurrent Abortable Preclean
[70.852s][info][gc           ] GC(11) Concurrent Abortable Preclean 0.019ms
[70.852s][info][gc,cpu       ] GC(11) User=0.00s Sys=0.00s Real=0.00s
[70.869s][info][gc,start     ] GC(11) Pause Remark
[70.877s][info][gc           ] GC(11) Pause Remark 345M->345M(494M) 8.478ms
[70.877s][info][gc,cpu       ] GC(11) User=0.00s Sys=0.00s Real=0.00s
[70.877s][info][gc           ] GC(11) Concurrent Sweep
[70.967s][info][gc           ] GC(11) Concurrent Sweep 90.224ms
[70.967s][info][gc,cpu       ] GC(11) User=0.19s Sys=0.00s Real=0.09s
[70.967s][info][gc           ] GC(11) Concurrent Reset
[70.968s][info][gc           ] GC(11) Concurrent Reset 0.288ms
[70.968s][info][gc,cpu       ] GC(11) User=0.00s Sys=0.00s Real=0.00s
[70.968s][info][gc,heap      ] GC(11) Old: 324563K->324563K(349568K)
[72.997s][info][gc,start     ] GC(12) Pause Initial Mark
[73.002s][info][gc           ] GC(12) Pause Initial Mark 345M->345M(494M) 5.101ms
[73.002s][info][gc,cpu       ] GC(12) User=0.00s Sys=0.00s Real=0.00s
[73.002s][info][gc           ] GC(12) Concurrent Mark
[73.002s][info][gc,task      ] GC(12) Using 2 workers of 2 for marking
[73.277s][info][gc           ] GC(12) Concurrent Mark 275.447ms
[73.277s][info][gc,cpu       ] GC(12) User=0.80s Sys=0.00s Real=0.27s
[73.278s][info][gc           ] GC(12) Concurrent Preclean
[73.278s][info][gc           ] GC(12) Concurrent Preclean 0.530ms
[73.278s][info][gc,cpu       ] GC(12) User=0.03s Sys=0.00s Real=0.01s
[73.278s][info][gc           ] GC(12) Concurrent Abortable Preclean
[73.278s][info][gc           ] GC(12) Concurrent Abortable Preclean 0.019ms
[73.278s][info][gc,cpu       ] GC(12) User=0.00s Sys=0.00s Real=0.00s
[73.294s][info][gc,start     ] GC(12) Pause Remark
[73.302s][info][gc           ] GC(12) Pause Remark 345M->345M(494M) 7.938ms
[73.302s][info][gc,cpu       ] GC(12) User=0.00s Sys=0.00s Real=0.00s
[73.302s][info][gc           ] GC(12) Concurrent Sweep
[73.396s][info][gc           ] GC(12) Concurrent Sweep 94.802ms
[73.397s][info][gc,cpu       ] GC(12) User=0.19s Sys=0.00s Real=0.09s
[73.397s][info][gc           ] GC(12) Concurrent Reset
[73.397s][info][gc           ] GC(12) Concurrent Reset 0.289ms
[73.397s][info][gc,cpu       ] GC(12) User=0.00s Sys=0.00s Real=0.00s
[73.397s][info][gc,heap      ] GC(12) Old: 324563K->324563K(349568K)
[75.413s][info][gc,start     ] GC(13) Pause Initial Mark
[75.418s][info][gc           ] GC(13) Pause Initial Mark 345M->345M(494M) 5.216ms
[75.418s][info][gc,cpu       ] GC(13) User=0.00s Sys=0.00s Real=0.00s
[75.418s][info][gc           ] GC(13) Concurrent Mark
[75.418s][info][gc,task      ] GC(13) Using 2 workers of 2 for marking
[75.646s][info][gc           ] GC(13) Concurrent Mark 227.920ms
[75.646s][info][gc,cpu       ] GC(13) User=0.66s Sys=0.00s Real=0.22s
[75.646s][info][gc           ] GC(13) Concurrent Preclean
[75.646s][info][gc           ] GC(13) Concurrent Preclean 0.463ms
[75.646s][info][gc,cpu       ] GC(13) User=0.00s Sys=0.00s Real=0.00s
[75.646s][info][gc           ] GC(13) Concurrent Abortable Preclean
[75.646s][info][gc           ] GC(13) Concurrent Abortable Preclean 0.019ms
[75.646s][info][gc,cpu       ] GC(13) User=0.00s Sys=0.00s Real=0.00s
[75.662s][info][gc,start     ] GC(13) Pause Remark
[75.671s][info][gc           ] GC(13) Pause Remark 345M->345M(494M) 8.234ms
[75.671s][info][gc,cpu       ] GC(13) User=0.00s Sys=0.00s Real=0.00s
[75.671s][info][gc           ] GC(13) Concurrent Sweep
[75.763s][info][gc           ] GC(13) Concurrent Sweep 91.800ms
[75.763s][info][gc,cpu       ] GC(13) User=0.22s Sys=0.00s Real=0.10s
[75.763s][info][gc           ] GC(13) Concurrent Reset
[75.763s][info][gc           ] GC(13) Concurrent Reset 0.336ms
[75.763s][info][gc,cpu       ] GC(13) User=0.00s Sys=0.00s Real=0.00s
[75.763s][info][gc,heap      ] GC(13) Old: 324563K->324563K(349568K)
[77.794s][info][gc,start     ] GC(14) Pause Initial Mark
[77.798s][info][gc           ] GC(14) Pause Initial Mark 345M->345M(494M) 4.585ms
[77.798s][info][gc,cpu       ] GC(14) User=0.00s Sys=0.00s Real=0.00s
[77.798s][info][gc           ] GC(14) Concurrent Mark
[77.798s][info][gc,task      ] GC(14) Using 2 workers of 2 for marking
[78.030s][info][gc           ] GC(14) Concurrent Mark 231.403ms
[78.030s][info][gc,cpu       ] GC(14) User=0.70s Sys=0.00s Real=0.23s
[78.030s][info][gc           ] GC(14) Concurrent Preclean
[78.030s][info][gc           ] GC(14) Concurrent Preclean 0.523ms
[78.030s][info][gc,cpu       ] GC(14) User=0.00s Sys=0.00s Real=0.00s
[78.030s][info][gc           ] GC(14) Concurrent Abortable Preclean
[78.030s][info][gc           ] GC(14) Concurrent Abortable Preclean 0.019ms
[78.030s][info][gc,cpu       ] GC(14) User=0.00s Sys=0.00s Real=0.00s
[78.044s][info][gc,start     ] GC(14) Pause Remark
[78.052s][info][gc           ] GC(14) Pause Remark 345M->345M(494M) 8.446ms
[78.052s][info][gc,cpu       ] GC(14) User=0.00s Sys=0.00s Real=0.00s
[78.052s][info][gc           ] GC(14) Concurrent Sweep
[78.143s][info][gc           ] GC(14) Concurrent Sweep 91.067ms
[78.143s][info][gc,cpu       ] GC(14) User=0.19s Sys=0.00s Real=0.09s
[78.143s][info][gc           ] GC(14) Concurrent Reset
[78.144s][info][gc           ] GC(14) Concurrent Reset 0.268ms
[78.144s][info][gc,cpu       ] GC(14) User=0.00s Sys=0.00s Real=0.00s
[78.144s][info][gc,heap      ] GC(14) Old: 324563K->324563K(349568K)
[80.161s][info][gc,start     ] GC(15) Pause Initial Mark
[80.166s][info][gc           ] GC(15) Pause Initial Mark 345M->345M(494M) 4.858ms
[80.166s][info][gc,cpu       ] GC(15) User=0.00s Sys=0.00s Real=0.00s
[80.166s][info][gc           ] GC(15) Concurrent Mark
[80.166s][info][gc,task      ] GC(15) Using 2 workers of 2 for marking
[80.394s][info][gc           ] GC(15) Concurrent Mark 228.180ms
[80.394s][info][gc,cpu       ] GC(15) User=0.66s Sys=0.00s Real=0.22s
[80.394s][info][gc           ] GC(15) Concurrent Preclean
[80.395s][info][gc           ] GC(15) Concurrent Preclean 0.468ms
[80.395s][info][gc,cpu       ] GC(15) User=0.00s Sys=0.00s Real=0.00s
[80.395s][info][gc           ] GC(15) Concurrent Abortable Preclean
[80.395s][info][gc           ] GC(15) Concurrent Abortable Preclean 0.019ms
[80.395s][info][gc,cpu       ] GC(15) User=0.00s Sys=0.00s Real=0.00s
[80.411s][info][gc,start     ] GC(15) Pause Remark
[80.419s][info][gc           ] GC(15) Pause Remark 345M->345M(494M) 7.753ms
[80.419s][info][gc,cpu       ] GC(15) User=0.00s Sys=0.00s Real=0.00s
[80.419s][info][gc           ] GC(15) Concurrent Sweep
[80.512s][info][gc           ] GC(15) Concurrent Sweep 92.965ms
[80.512s][info][gc,cpu       ] GC(15) User=0.19s Sys=0.00s Real=0.09s
[80.512s][info][gc           ] GC(15) Concurrent Reset
[80.512s][info][gc           ] GC(15) Concurrent Reset 0.284ms
[80.512s][info][gc,cpu       ] GC(15) User=0.00s Sys=0.00s Real=0.00s
[80.512s][info][gc,heap      ] GC(15) Old: 324563K->324563K(349568K)
[82.542s][info][gc,start     ] GC(16) Pause Initial Mark
[82.555s][info][gc           ] GC(16) Pause Initial Mark 346M->346M(494M) 12.602ms
[82.555s][info][gc,cpu       ] GC(16) User=0.00s Sys=0.00s Real=0.00s
[82.555s][info][gc           ] GC(16) Concurrent Mark
[82.555s][info][gc,task      ] GC(16) Using 2 workers of 2 for marking
[82.804s][info][gc           ] GC(16) Concurrent Mark 248.695ms
[82.804s][info][gc,cpu       ] GC(16) User=0.75s Sys=0.00s Real=0.26s
[82.804s][info][gc           ] GC(16) Concurrent Preclean
[82.804s][info][gc           ] GC(16) Concurrent Preclean 0.465ms
[82.805s][info][gc,cpu       ] GC(16) User=0.00s Sys=0.00s Real=0.00s
[82.805s][info][gc           ] GC(16) Concurrent Abortable Preclean
[82.805s][info][gc           ] GC(16) Concurrent Abortable Preclean 0.019ms
[82.805s][info][gc,cpu       ] GC(16) User=0.00s Sys=0.00s Real=0.00s
[82.805s][info][gc,start     ] GC(16) Pause Remark
[82.812s][info][gc           ] GC(16) Pause Remark 346M->346M(494M) 7.194ms
[82.812s][info][gc,cpu       ] GC(16) User=0.00s Sys=0.00s Real=0.00s
[82.812s][info][gc           ] GC(16) Concurrent Sweep
[82.903s][info][gc           ] GC(16) Concurrent Sweep 90.275ms
[82.903s][info][gc,cpu       ] GC(16) User=0.19s Sys=0.00s Real=0.09s
[82.903s][info][gc           ] GC(16) Concurrent Reset
[82.903s][info][gc           ] GC(16) Concurrent Reset 0.363ms
[82.903s][info][gc,cpu       ] GC(16) User=0.00s Sys=0.00s Real=0.00s
[82.903s][info][gc,heap      ] GC(16) Old: 324563K->324563K(349568K)
[84.919s][info][gc,start     ] GC(17) Pause Initial Mark
[84.923s][info][gc           ] GC(17) Pause Initial Mark 346M->346M(494M) 4.236ms
[84.923s][info][gc,cpu       ] GC(17) User=0.00s Sys=0.00s Real=0.00s
[84.923s][info][gc           ] GC(17) Concurrent Mark
[84.923s][info][gc,task      ] GC(17) Using 2 workers of 2 for marking
[85.157s][info][gc           ] GC(17) Concurrent Mark 233.326ms
[85.157s][info][gc,cpu       ] GC(17) User=0.70s Sys=0.00s Real=0.23s
[85.157s][info][gc           ] GC(17) Concurrent Preclean
[85.157s][info][gc           ] GC(17) Concurrent Preclean 0.459ms
[85.157s][info][gc,cpu       ] GC(17) User=0.00s Sys=0.00s Real=0.00s
[85.157s][info][gc           ] GC(17) Concurrent Abortable Preclean
[85.157s][info][gc           ] GC(17) Concurrent Abortable Preclean 0.019ms
[85.157s][info][gc,cpu       ] GC(17) User=0.00s Sys=0.00s Real=0.00s
[85.157s][info][gc,start     ] GC(17) Pause Remark
[85.165s][info][gc           ] GC(17) Pause Remark 346M->346M(494M) 7.645ms
[85.165s][info][gc,cpu       ] GC(17) User=0.00s Sys=0.00s Real=0.00s
[85.165s][info][gc           ] GC(17) Concurrent Sweep
[85.262s][info][gc           ] GC(17) Concurrent Sweep 96.699ms
[85.262s][info][gc,cpu       ] GC(17) User=0.19s Sys=0.00s Real=0.09s
[85.262s][info][gc           ] GC(17) Concurrent Reset
[85.262s][info][gc           ] GC(17) Concurrent Reset 0.311ms
[85.262s][info][gc,cpu       ] GC(17) User=0.06s Sys=0.02s Real=0.02s
[85.262s][info][gc,heap      ] GC(17) Old: 324563K->324563K(349568K)
[87.270s][info][gc,start     ] GC(18) Pause Initial Mark
[87.275s][info][gc           ] GC(18) Pause Initial Mark 346M->346M(494M) 4.668ms
[87.275s][info][gc,cpu       ] GC(18) User=0.00s Sys=0.00s Real=0.00s
[87.275s][info][gc           ] GC(18) Concurrent Mark
[87.275s][info][gc,task      ] GC(18) Using 2 workers of 2 for marking
[87.527s][info][gc           ] GC(18) Concurrent Mark 252.467ms
[87.527s][info][gc,cpu       ] GC(18) User=0.77s Sys=0.00s Real=0.25s
[87.527s][info][gc           ] GC(18) Concurrent Preclean
[87.528s][info][gc           ] GC(18) Concurrent Preclean 0.471ms
[87.528s][info][gc,cpu       ] GC(18) User=0.00s Sys=0.00s Real=0.00s
[87.528s][info][gc           ] GC(18) Concurrent Abortable Preclean
[87.528s][info][gc           ] GC(18) Concurrent Abortable Preclean 0.019ms
[87.528s][info][gc,cpu       ] GC(18) User=0.00s Sys=0.00s Real=0.00s
[87.534s][info][gc,start     ] GC(18) Pause Remark
[87.542s][info][gc           ] GC(18) Pause Remark 346M->346M(494M) 7.833ms
[87.542s][info][gc,cpu       ] GC(18) User=0.13s Sys=0.00s Real=0.01s
[87.542s][info][gc           ] GC(18) Concurrent Sweep
[87.642s][info][gc           ] GC(18) Concurrent Sweep 99.496ms
[87.642s][info][gc,cpu       ] GC(18) User=0.19s Sys=0.00s Real=0.10s
[87.642s][info][gc           ] GC(18) Concurrent Reset
[87.642s][info][gc           ] GC(18) Concurrent Reset 0.360ms
[87.642s][info][gc,cpu       ] GC(18) User=0.00s Sys=0.00s Real=0.00s
[87.642s][info][gc,heap      ] GC(18) Old: 324563K->324563K(349568K)
[89.648s][info][gc,start     ] GC(19) Pause Initial Mark
[89.653s][info][gc           ] GC(19) Pause Initial Mark 346M->346M(494M) 5.025ms
[89.653s][info][gc,cpu       ] GC(19) User=0.13s Sys=0.00s Real=0.00s
[89.653s][info][gc           ] GC(19) Concurrent Mark
[89.653s][info][gc,task      ] GC(19) Using 2 workers of 2 for marking
[89.912s][info][gc           ] GC(19) Concurrent Mark 259.560ms
[89.912s][info][gc,cpu       ] GC(19) User=0.73s Sys=0.00s Real=0.26s
[89.912s][info][gc           ] GC(19) Concurrent Preclean
[89.913s][info][gc           ] GC(19) Concurrent Preclean 0.486ms
[89.913s][info][gc,cpu       ] GC(19) User=0.00s Sys=0.00s Real=0.00s
[89.913s][info][gc           ] GC(19) Concurrent Abortable Preclean
[89.913s][info][gc           ] GC(19) Concurrent Abortable Preclean 0.113ms
[89.913s][info][gc,cpu       ] GC(19) User=0.00s Sys=0.00s Real=0.00s
[89.920s][info][gc,start     ] GC(19) Pause Remark
[89.928s][info][gc           ] GC(19) Pause Remark 346M->346M(494M) 8.009ms
[89.928s][info][gc,cpu       ] GC(19) User=0.00s Sys=0.00s Real=0.01s
[89.928s][info][gc           ] GC(19) Concurrent Sweep
[90.025s][info][gc           ] GC(19) Concurrent Sweep 97.565ms
[90.026s][info][gc,cpu       ] GC(19) User=0.22s Sys=0.00s Real=0.10s
[90.026s][info][gc           ] GC(19) Concurrent Reset
[90.026s][info][gc           ] GC(19) Concurrent Reset 0.435ms
[90.026s][info][gc,cpu       ] GC(19) User=0.00s Sys=0.00s Real=0.00s
[90.026s][info][gc,heap      ] GC(19) Old: 324563K->324563K(349568K)
[92.029s][info][gc,start     ] GC(20) Pause Initial Mark
[92.034s][info][gc           ] GC(20) Pause Initial Mark 349M->349M(494M) 4.947ms
[92.034s][info][gc,cpu       ] GC(20) User=0.00s Sys=0.00s Real=0.01s
[92.034s][info][gc           ] GC(20) Concurrent Mark
[92.034s][info][gc,task      ] GC(20) Using 2 workers of 2 for marking
[92.276s][info][gc           ] GC(20) Concurrent Mark 241.599ms
[92.276s][info][gc,cpu       ] GC(20) User=0.75s Sys=0.00s Real=0.24s
[92.276s][info][gc           ] GC(20) Concurrent Preclean
[92.276s][info][gc           ] GC(20) Concurrent Preclean 0.458ms
[92.276s][info][gc,cpu       ] GC(20) User=0.00s Sys=0.00s Real=0.00s
[92.276s][info][gc           ] GC(20) Concurrent Abortable Preclean
[92.276s][info][gc           ] GC(20) Concurrent Abortable Preclean 0.030ms
[92.276s][info][gc,cpu       ] GC(20) User=0.00s Sys=0.00s Real=0.00s
[92.282s][info][gc,start     ] GC(20) Pause Remark
[92.289s][info][gc           ] GC(20) Pause Remark 349M->349M(494M) 7.509ms
[92.289s][info][gc,cpu       ] GC(20) User=0.00s Sys=0.00s Real=0.01s
[92.289s][info][gc           ] GC(20) Concurrent Sweep
[92.380s][info][gc           ] GC(20) Concurrent Sweep 91.065ms
[92.380s][info][gc,cpu       ] GC(20) User=0.19s Sys=0.00s Real=0.09s
[92.380s][info][gc           ] GC(20) Concurrent Reset
[92.381s][info][gc           ] GC(20) Concurrent Reset 0.333ms
[92.381s][info][gc,cpu       ] GC(20) User=0.00s Sys=0.00s Real=0.00s
[92.381s][info][gc,heap      ] GC(20) Old: 324563K->324563K(349568K)
[94.386s][info][gc,start     ] GC(21) Pause Initial Mark
[94.391s][info][gc           ] GC(21) Pause Initial Mark 349M->349M(494M) 4.659ms
[94.391s][info][gc,cpu       ] GC(21) User=0.00s Sys=0.00s Real=0.00s
[94.391s][info][gc           ] GC(21) Concurrent Mark
[94.391s][info][gc,task      ] GC(21) Using 2 workers of 2 for marking
[94.646s][info][gc           ] GC(21) Concurrent Mark 255.686ms
[94.646s][info][gc,cpu       ] GC(21) User=0.75s Sys=0.00s Real=0.26s
[94.646s][info][gc           ] GC(21) Concurrent Preclean
[94.647s][info][gc           ] GC(21) Concurrent Preclean 0.468ms
[94.647s][info][gc,cpu       ] GC(21) User=0.00s Sys=0.00s Real=0.00s
[94.647s][info][gc           ] GC(21) Concurrent Abortable Preclean
[94.647s][info][gc           ] GC(21) Concurrent Abortable Preclean 0.019ms
[94.647s][info][gc,cpu       ] GC(21) User=0.00s Sys=0.00s Real=0.00s
[94.653s][info][gc,start     ] GC(21) Pause Remark
[94.660s][info][gc           ] GC(21) Pause Remark 349M->349M(494M) 7.293ms
[94.660s][info][gc,cpu       ] GC(21) User=0.00s Sys=0.00s Real=0.01s
[94.661s][info][gc           ] GC(21) Concurrent Sweep
[94.752s][info][gc           ] GC(21) Concurrent Sweep 91.016ms
[94.752s][info][gc,cpu       ] GC(21) User=0.19s Sys=0.00s Real=0.09s
[94.752s][info][gc           ] GC(21) Concurrent Reset
[94.752s][info][gc           ] GC(21) Concurrent Reset 0.268ms
[94.752s][info][gc,cpu       ] GC(21) User=0.00s Sys=0.00s Real=0.00s
[94.752s][info][gc,heap      ] GC(21) Old: 324563K->324563K(349568K)
[96.758s][info][gc,start     ] GC(22) Pause Initial Mark
[96.762s][info][gc           ] GC(22) Pause Initial Mark 349M->349M(494M) 4.782ms
[96.762s][info][gc,cpu       ] GC(22) User=0.13s Sys=0.00s Real=0.00s
[96.762s][info][gc           ] GC(22) Concurrent Mark
[96.762s][info][gc,task      ] GC(22) Using 2 workers of 2 for marking
[97.002s][info][gc           ] GC(22) Concurrent Mark 239.218ms
[97.002s][info][gc,cpu       ] GC(22) User=0.70s Sys=0.00s Real=0.24s
[97.002s][info][gc           ] GC(22) Concurrent Preclean
[97.002s][info][gc           ] GC(22) Concurrent Preclean 0.469ms
[97.002s][info][gc,cpu       ] GC(22) User=0.00s Sys=0.00s Real=0.00s
[97.002s][info][gc           ] GC(22) Concurrent Abortable Preclean
[97.002s][info][gc           ] GC(22) Concurrent Abortable Preclean 0.019ms
[97.002s][info][gc,cpu       ] GC(22) User=0.00s Sys=0.00s Real=0.00s
[97.003s][info][gc,start     ] GC(22) Pause Remark
[97.010s][info][gc           ] GC(22) Pause Remark 349M->349M(494M) 7.519ms
[97.010s][info][gc,cpu       ] GC(22) User=0.02s Sys=0.00s Real=0.01s
[97.010s][info][gc           ] GC(22) Concurrent Sweep
[97.103s][info][gc           ] GC(22) Concurrent Sweep 92.744ms
[97.103s][info][gc,cpu       ] GC(22) User=0.19s Sys=0.00s Real=0.09s
[97.103s][info][gc           ] GC(22) Concurrent Reset
[97.103s][info][gc           ] GC(22) Concurrent Reset 0.261ms
[97.103s][info][gc,cpu       ] GC(22) User=0.00s Sys=0.00s Real=0.00s
[97.103s][info][gc,heap      ] GC(22) Old: 324563K->324563K(349568K)
[99.106s][info][gc,start     ] GC(23) Pause Initial Mark
[99.111s][info][gc           ] GC(23) Pause Initial Mark 350M->350M(494M) 4.822ms
[99.111s][info][gc,cpu       ] GC(23) User=0.00s Sys=0.00s Real=0.00s
[99.111s][info][gc           ] GC(23) Concurrent Mark
[99.111s][info][gc,task      ] GC(23) Using 2 workers of 2 for marking
[99.354s][info][gc           ] GC(23) Concurrent Mark 242.664ms
[99.354s][info][gc,cpu       ] GC(23) User=0.75s Sys=0.00s Real=0.24s
[99.354s][info][gc           ] GC(23) Concurrent Preclean
[99.354s][info][gc           ] GC(23) Concurrent Preclean 0.467ms
[99.354s][info][gc,cpu       ] GC(23) User=0.00s Sys=0.00s Real=0.00s
[99.354s][info][gc           ] GC(23) Concurrent Abortable Preclean
[99.354s][info][gc           ] GC(23) Concurrent Abortable Preclean 0.020ms
[99.354s][info][gc,cpu       ] GC(23) User=0.00s Sys=0.00s Real=0.00s
[99.359s][info][gc,start     ] GC(23) Pause Remark
[99.366s][info][gc           ] GC(23) Pause Remark 350M->350M(494M) 7.461ms
[99.366s][info][gc,cpu       ] GC(23) User=0.00s Sys=0.00s Real=0.01s
[99.366s][info][gc           ] GC(23) Concurrent Sweep
[99.458s][info][gc           ] GC(23) Concurrent Sweep 92.115ms
[99.458s][info][gc,cpu       ] GC(23) User=0.19s Sys=0.00s Real=0.09s
[99.458s][info][gc           ] GC(23) Concurrent Reset
[99.459s][info][gc           ] GC(23) Concurrent Reset 0.283ms
[99.459s][info][gc,cpu       ] GC(23) User=0.00s Sys=0.00s Real=0.00s
[99.459s][info][gc,heap      ] GC(23) Old: 324563K->324563K(349568K)
[101.459s][info][gc,start     ] GC(24) Pause Initial Mark
[101.464s][info][gc           ] GC(24) Pause Initial Mark 350M->350M(494M) 4.754ms
[101.464s][info][gc,cpu       ] GC(24) User=0.13s Sys=0.00s Real=0.00s
[101.464s][info][gc           ] GC(24) Concurrent Mark
[101.464s][info][gc,task      ] GC(24) Using 2 workers of 2 for marking
[101.729s][info][gc           ] GC(24) Concurrent Mark 265.195ms
[101.729s][info][gc,cpu       ] GC(24) User=0.75s Sys=0.00s Real=0.27s
[101.729s][info][gc           ] GC(24) Concurrent Preclean
[101.729s][info][gc           ] GC(24) Concurrent Preclean 0.459ms
[101.729s][info][gc,cpu       ] GC(24) User=0.00s Sys=0.00s Real=0.00s
[101.729s][info][gc           ] GC(24) Concurrent Abortable Preclean
[101.729s][info][gc           ] GC(24) Concurrent Abortable Preclean 0.019ms
[101.729s][info][gc,cpu       ] GC(24) User=0.00s Sys=0.00s Real=0.00s
[101.730s][info][gc,start     ] GC(24) Pause Remark
[101.737s][info][gc           ] GC(24) Pause Remark 350M->350M(494M) 7.488ms
[101.738s][info][gc,cpu       ] GC(24) User=0.00s Sys=0.00s Real=0.01s
[101.738s][info][gc           ] GC(24) Concurrent Sweep
[101.828s][info][gc           ] GC(24) Concurrent Sweep 90.111ms
[101.828s][info][gc,cpu       ] GC(24) User=0.19s Sys=0.00s Real=0.09s
[101.828s][info][gc           ] GC(24) Concurrent Reset
[101.828s][info][gc           ] GC(24) Concurrent Reset 0.358ms
[101.828s][info][gc,cpu       ] GC(24) User=0.00s Sys=0.00s Real=0.00s
[101.828s][info][gc,heap      ] GC(24) Old: 324563K->324563K(349568K)
[103.830s][info][gc,start     ] GC(25) Pause Initial Mark
[103.835s][info][gc           ] GC(25) Pause Initial Mark 350M->350M(494M) 5.341ms
[103.835s][info][gc,cpu       ] GC(25) User=0.00s Sys=0.00s Real=0.00s
[103.835s][info][gc           ] GC(25) Concurrent Mark
[103.835s][info][gc,task      ] GC(25) Using 2 workers of 2 for marking
[104.081s][info][gc           ] GC(25) Concurrent Mark 246.085ms
[104.081s][info][gc,cpu       ] GC(25) User=0.75s Sys=0.00s Real=0.24s
[104.081s][info][gc           ] GC(25) Concurrent Preclean
[104.082s][info][gc           ] GC(25) Concurrent Preclean 0.469ms
[104.082s][info][gc,cpu       ] GC(25) User=0.00s Sys=0.00s Real=0.00s
[104.082s][info][gc           ] GC(25) Concurrent Abortable Preclean
[104.082s][info][gc           ] GC(25) Concurrent Abortable Preclean 0.019ms
[104.082s][info][gc,cpu       ] GC(25) User=0.00s Sys=0.00s Real=0.00s
[104.089s][info][gc,start     ] GC(25) Pause Remark
[104.097s][info][gc           ] GC(25) Pause Remark 350M->350M(494M) 8.599ms
[104.097s][info][gc,cpu       ] GC(25) User=0.00s Sys=0.00s Real=0.01s
[104.097s][info][gc           ] GC(25) Concurrent Sweep
[104.189s][info][gc           ] GC(25) Concurrent Sweep 91.892ms
[104.189s][info][gc,cpu       ] GC(25) User=0.19s Sys=0.00s Real=0.09s
[104.189s][info][gc           ] GC(25) Concurrent Reset
[104.190s][info][gc           ] GC(25) Concurrent Reset 0.310ms
[104.190s][info][gc,cpu       ] GC(25) User=0.00s Sys=0.00s Real=0.00s
[104.190s][info][gc,heap      ] GC(25) Old: 324563K->324563K(349568K)
[106.195s][info][gc,start     ] GC(26) Pause Initial Mark
[106.200s][info][gc           ] GC(26) Pause Initial Mark 350M->350M(494M) 4.624ms
[106.200s][info][gc,cpu       ] GC(26) User=0.13s Sys=0.00s Real=0.00s
[106.200s][info][gc           ] GC(26) Concurrent Mark
[106.200s][info][gc,task      ] GC(26) Using 2 workers of 2 for marking
[106.437s][info][gc           ] GC(26) Concurrent Mark 237.706ms
[106.437s][info][gc,cpu       ] GC(26) User=0.70s Sys=0.00s Real=0.24s
[106.437s][info][gc           ] GC(26) Concurrent Preclean
[106.438s][info][gc           ] GC(26) Concurrent Preclean 0.462ms
[106.438s][info][gc,cpu       ] GC(26) User=0.00s Sys=0.00s Real=0.00s
[106.438s][info][gc           ] GC(26) Concurrent Abortable Preclean
[106.438s][info][gc           ] GC(26) Concurrent Abortable Preclean 0.018ms
[106.438s][info][gc,cpu       ] GC(26) User=0.00s Sys=0.00s Real=0.00s
[106.442s][info][gc,start     ] GC(26) Pause Remark
[106.450s][info][gc           ] GC(26) Pause Remark 350M->350M(494M) 7.685ms
[106.450s][info][gc,cpu       ] GC(26) User=0.09s Sys=0.02s Real=0.01s
[106.450s][info][gc           ] GC(26) Concurrent Sweep
[106.541s][info][gc           ] GC(26) Concurrent Sweep 90.700ms
[106.541s][info][gc,cpu       ] GC(26) User=0.19s Sys=0.00s Real=0.09s
[106.541s][info][gc           ] GC(26) Concurrent Reset
[106.541s][info][gc           ] GC(26) Concurrent Reset 0.403ms
[106.541s][info][gc,cpu       ] GC(26) User=0.00s Sys=0.00s Real=0.00s
[106.541s][info][gc,heap      ] GC(26) Old: 324563K->324563K(349568K)
[108.546s][info][gc,start     ] GC(27) Pause Initial Mark
[108.551s][info][gc           ] GC(27) Pause Initial Mark 350M->350M(494M) 5.499ms
[108.551s][info][gc,cpu       ] GC(27) User=0.00s Sys=0.00s Real=0.00s
[108.551s][info][gc           ] GC(27) Concurrent Mark
[108.551s][info][gc,task      ] GC(27) Using 2 workers of 2 for marking
[108.790s][info][gc           ] GC(27) Concurrent Mark 238.851ms
[108.790s][info][gc,cpu       ] GC(27) User=0.75s Sys=0.00s Real=0.24s
[108.790s][info][gc           ] GC(27) Concurrent Preclean
[108.791s][info][gc           ] GC(27) Concurrent Preclean 0.463ms
[108.791s][info][gc,cpu       ] GC(27) User=0.00s Sys=0.00s Real=0.00s
[108.791s][info][gc           ] GC(27) Concurrent Abortable Preclean
[108.791s][info][gc           ] GC(27) Concurrent Abortable Preclean 0.019ms
[108.791s][info][gc,cpu       ] GC(27) User=0.00s Sys=0.00s Real=0.00s
[108.793s][info][gc,start     ] GC(27) Pause Remark
[108.800s][info][gc           ] GC(27) Pause Remark 350M->350M(494M) 7.466ms
[108.801s][info][gc,cpu       ] GC(27) User=0.00s Sys=0.00s Real=0.01s
[108.801s][info][gc           ] GC(27) Concurrent Sweep
[108.892s][info][gc           ] GC(27) Concurrent Sweep 91.122ms
[108.892s][info][gc,cpu       ] GC(27) User=0.19s Sys=0.00s Real=0.09s
[108.892s][info][gc           ] GC(27) Concurrent Reset
[108.892s][info][gc           ] GC(27) Concurrent Reset 0.315ms
[108.892s][info][gc,cpu       ] GC(27) User=0.00s Sys=0.00s Real=0.00s
[108.892s][info][gc,heap      ] GC(27) Old: 324563K->324563K(349568K)
[110.894s][info][gc,start     ] GC(28) Pause Initial Mark
[110.900s][info][gc           ] GC(28) Pause Initial Mark 350M->350M(494M) 5.402ms
[110.900s][info][gc,cpu       ] GC(28) User=0.05s Sys=0.00s Real=0.00s
[110.900s][info][gc           ] GC(28) Concurrent Mark
[110.900s][info][gc,task      ] GC(28) Using 2 workers of 2 for marking
[111.151s][info][gc           ] GC(28) Concurrent Mark 251.106ms
[111.151s][info][gc,cpu       ] GC(28) User=0.75s Sys=0.00s Real=0.25s
[111.151s][info][gc           ] GC(28) Concurrent Preclean
[111.152s][info][gc           ] GC(28) Concurrent Preclean 0.488ms
[111.152s][info][gc,cpu       ] GC(28) User=0.00s Sys=0.00s Real=0.00s
[111.152s][info][gc           ] GC(28) Concurrent Abortable Preclean
[111.152s][info][gc           ] GC(28) Concurrent Abortable Preclean 0.021ms
[111.152s][info][gc,cpu       ] GC(28) User=0.00s Sys=0.00s Real=0.00s
[111.155s][info][gc,start     ] GC(28) Pause Remark
[111.162s][info][gc           ] GC(28) Pause Remark 350M->350M(494M) 7.788ms
[111.163s][info][gc,cpu       ] GC(28) User=0.00s Sys=0.00s Real=0.01s
[111.163s][info][gc           ] GC(28) Concurrent Sweep
[111.255s][info][gc           ] GC(28) Concurrent Sweep 92.450ms
[111.255s][info][gc,cpu       ] GC(28) User=0.19s Sys=0.00s Real=0.09s
[111.255s][info][gc           ] GC(28) Concurrent Reset
[111.256s][info][gc           ] GC(28) Concurrent Reset 0.329ms
[111.256s][info][gc,cpu       ] GC(28) User=0.00s Sys=0.00s Real=0.00s
[111.256s][info][gc,heap      ] GC(28) Old: 324563K->324563K(349568K)
[113.260s][info][gc,start     ] GC(29) Pause Initial Mark
[113.265s][info][gc           ] GC(29) Pause Initial Mark 350M->350M(494M) 4.491ms
[113.265s][info][gc,cpu       ] GC(29) User=0.00s Sys=0.00s Real=0.00s
[113.265s][info][gc           ] GC(29) Concurrent Mark
[113.265s][info][gc,task      ] GC(29) Using 2 workers of 2 for marking
[113.530s][info][gc           ] GC(29) Concurrent Mark 264.986ms
[113.530s][info][gc,cpu       ] GC(29) User=0.81s Sys=0.00s Real=0.26s
[113.530s][info][gc           ] GC(29) Concurrent Preclean
[113.530s][info][gc           ] GC(29) Concurrent Preclean 0.470ms
[113.530s][info][gc,cpu       ] GC(29) User=0.00s Sys=0.00s Real=0.00s
[113.530s][info][gc           ] GC(29) Concurrent Abortable Preclean
[113.530s][info][gc           ] GC(29) Concurrent Abortable Preclean 0.019ms
[113.530s][info][gc,cpu       ] GC(29) User=0.00s Sys=0.00s Real=0.00s
[113.533s][info][gc,start     ] GC(29) Pause Remark
[113.541s][info][gc           ] GC(29) Pause Remark 350M->350M(494M) 7.921ms
[113.541s][info][gc,cpu       ] GC(29) User=0.02s Sys=0.00s Real=0.01s
[113.541s][info][gc           ] GC(29) Concurrent Sweep
[113.639s][info][gc           ] GC(29) Concurrent Sweep 98.459ms
[113.640s][info][gc,cpu       ] GC(29) User=0.19s Sys=0.00s Real=0.10s
[113.640s][info][gc           ] GC(29) Concurrent Reset
[113.640s][info][gc           ] GC(29) Concurrent Reset 0.360ms
[113.640s][info][gc,cpu       ] GC(29) User=0.00s Sys=0.00s Real=0.00s
[113.640s][info][gc,heap      ] GC(29) Old: 324563K->324563K(349568K)
[115.644s][info][gc,start     ] GC(30) Pause Initial Mark
[115.650s][info][gc           ] GC(30) Pause Initial Mark 350M->350M(494M) 5.670ms
[115.650s][info][gc,cpu       ] GC(30) User=0.03s Sys=0.00s Real=0.00s
[115.650s][info][gc           ] GC(30) Concurrent Mark
[115.650s][info][gc,task      ] GC(30) Using 2 workers of 2 for marking
[115.894s][info][gc           ] GC(30) Concurrent Mark 243.316ms
[115.894s][info][gc,cpu       ] GC(30) User=0.70s Sys=0.00s Real=0.24s
[115.894s][info][gc           ] GC(30) Concurrent Preclean
[115.894s][info][gc           ] GC(30) Concurrent Preclean 0.489ms
[115.894s][info][gc,cpu       ] GC(30) User=0.00s Sys=0.00s Real=0.00s
[115.894s][info][gc           ] GC(30) Concurrent Abortable Preclean
[115.894s][info][gc           ] GC(30) Concurrent Abortable Preclean 0.024ms
[115.894s][info][gc,cpu       ] GC(30) User=0.00s Sys=0.00s Real=0.00s
[115.901s][info][gc,start     ] GC(30) Pause Remark
[115.908s][info][gc           ] GC(30) Pause Remark 350M->350M(494M) 7.529ms
[115.908s][info][gc,cpu       ] GC(30) User=0.00s Sys=0.00s Real=0.01s
[115.908s][info][gc           ] GC(30) Concurrent Sweep
[116.000s][info][gc           ] GC(30) Concurrent Sweep 91.419ms
[116.000s][info][gc,cpu       ] GC(30) User=0.19s Sys=0.00s Real=0.09s
[116.000s][info][gc           ] GC(30) Concurrent Reset
[116.000s][info][gc           ] GC(30) Concurrent Reset 0.268ms
[116.000s][info][gc,cpu       ] GC(30) User=0.00s Sys=0.00s Real=0.00s
[116.000s][info][gc,heap      ] GC(30) Old: 324563K->324563K(349568K)
[118.003s][info][gc,start     ] GC(31) Pause Initial Mark
[118.008s][info][gc           ] GC(31) Pause Initial Mark 353M->353M(494M) 5.063ms
[118.008s][info][gc,cpu       ] GC(31) User=0.00s Sys=0.00s Real=0.00s
[118.008s][info][gc           ] GC(31) Concurrent Mark
[118.008s][info][gc,task      ] GC(31) Using 2 workers of 2 for marking
[118.247s][info][gc           ] GC(31) Concurrent Mark 238.342ms
[118.247s][info][gc,cpu       ] GC(31) User=0.75s Sys=0.00s Real=0.24s
[118.247s][info][gc           ] GC(31) Concurrent Preclean
[118.247s][info][gc           ] GC(31) Concurrent Preclean 0.460ms
[118.247s][info][gc,cpu       ] GC(31) User=0.00s Sys=0.00s Real=0.00s
[118.247s][info][gc           ] GC(31) Concurrent Abortable Preclean
[118.247s][info][gc           ] GC(31) Concurrent Abortable Preclean 0.019ms
[118.247s][info][gc,cpu       ] GC(31) User=0.00s Sys=0.00s Real=0.00s
[118.249s][info][gc,start     ] GC(31) Pause Remark
[118.257s][info][gc           ] GC(31) Pause Remark 353M->353M(494M) 7.506ms
[118.257s][info][gc,cpu       ] GC(31) User=0.00s Sys=0.00s Real=0.01s
[118.257s][info][gc           ] GC(31) Concurrent Sweep
[118.350s][info][gc           ] GC(31) Concurrent Sweep 92.886ms
[118.350s][info][gc,cpu       ] GC(31) User=0.19s Sys=0.00s Real=0.09s
[118.350s][info][gc           ] GC(31) Concurrent Reset
[118.350s][info][gc           ] GC(31) Concurrent Reset 0.282ms
[118.350s][info][gc,cpu       ] GC(31) User=0.00s Sys=0.00s Real=0.00s
[118.350s][info][gc,heap      ] GC(31) Old: 324563K->324563K(349568K)
[120.358s][info][gc,start     ] GC(32) Pause Initial Mark
[120.364s][info][gc           ] GC(32) Pause Initial Mark 353M->353M(494M) 5.934ms
[120.364s][info][gc,cpu       ] GC(32) User=0.00s Sys=0.00s Real=0.01s
[120.364s][info][gc           ] GC(32) Concurrent Mark
[120.364s][info][gc,task      ] GC(32) Using 2 workers of 2 for marking
[120.606s][info][gc           ] GC(32) Concurrent Mark 242.341ms
[120.606s][info][gc,cpu       ] GC(32) User=0.75s Sys=0.00s Real=0.24s
[120.606s][info][gc           ] GC(32) Concurrent Preclean
[120.607s][info][gc           ] GC(32) Concurrent Preclean 0.387ms
[120.607s][info][gc,cpu       ] GC(32) User=0.00s Sys=0.00s Real=0.00s
[120.607s][info][gc           ] GC(32) Concurrent Abortable Preclean
[120.607s][info][gc           ] GC(32) Concurrent Abortable Preclean 0.019ms
[120.607s][info][gc,cpu       ] GC(32) User=0.00s Sys=0.00s Real=0.00s
[120.613s][info][gc,start     ] GC(32) Pause Remark
[120.621s][info][gc           ] GC(32) Pause Remark 353M->353M(494M) 7.409ms
[120.621s][info][gc,cpu       ] GC(32) User=0.13s Sys=0.00s Real=0.01s
[120.621s][info][gc           ] GC(32) Concurrent Sweep
[120.713s][info][gc           ] GC(32) Concurrent Sweep 92.018ms
[120.713s][info][gc,cpu       ] GC(32) User=0.19s Sys=0.00s Real=0.09s
[120.713s][info][gc           ] GC(32) Concurrent Reset
[120.713s][info][gc           ] GC(32) Concurrent Reset 0.297ms
[120.713s][info][gc,cpu       ] GC(32) User=0.00s Sys=0.00s Real=0.00s
[120.713s][info][gc,heap      ] GC(32) Old: 324563K->324563K(349568K)
[122.718s][info][gc,start     ] GC(33) Pause Initial Mark
[122.724s][info][gc           ] GC(33) Pause Initial Mark 353M->353M(494M) 5.021ms
[122.724s][info][gc,cpu       ] GC(33) User=0.00s Sys=0.00s Real=0.01s
[122.724s][info][gc           ] GC(33) Concurrent Mark
[122.724s][info][gc,task      ] GC(33) Using 2 workers of 2 for marking
[122.969s][info][gc           ] GC(33) Concurrent Mark 245.236ms
[122.969s][info][gc,cpu       ] GC(33) User=0.75s Sys=0.00s Real=0.24s
[122.969s][info][gc           ] GC(33) Concurrent Preclean
[122.969s][info][gc           ] GC(33) Concurrent Preclean 0.494ms
[122.969s][info][gc,cpu       ] GC(33) User=0.00s Sys=0.00s Real=0.00s
[122.969s][info][gc           ] GC(33) Concurrent Abortable Preclean
[122.969s][info][gc           ] GC(33) Concurrent Abortable Preclean 0.018ms
[122.969s][info][gc,cpu       ] GC(33) User=0.00s Sys=0.00s Real=0.00s
[122.976s][info][gc,start     ] GC(33) Pause Remark
[122.984s][info][gc           ] GC(33) Pause Remark 353M->353M(494M) 7.844ms
[122.984s][info][gc,cpu       ] GC(33) User=0.11s Sys=0.00s Real=0.01s
[122.984s][info][gc           ] GC(33) Concurrent Sweep
[123.076s][info][gc           ] GC(33) Concurrent Sweep 92.398ms
[123.076s][info][gc,cpu       ] GC(33) User=0.19s Sys=0.00s Real=0.09s
[123.076s][info][gc           ] GC(33) Concurrent Reset
[123.077s][info][gc           ] GC(33) Concurrent Reset 0.337ms
[123.077s][info][gc,cpu       ] GC(33) User=0.00s Sys=0.00s Real=0.00s
[123.077s][info][gc,heap      ] GC(33) Old: 324563K->324563K(349568K)
[125.079s][info][gc,start     ] GC(34) Pause Initial Mark
[125.085s][info][gc           ] GC(34) Pause Initial Mark 353M->353M(494M) 5.838ms
[125.085s][info][gc,cpu       ] GC(34) User=0.00s Sys=0.00s Real=0.01s
[125.085s][info][gc           ] GC(34) Concurrent Mark
[125.085s][info][gc,task      ] GC(34) Using 2 workers of 2 for marking
[125.319s][info][gc           ] GC(34) Concurrent Mark 233.599ms
[125.319s][info][gc,cpu       ] GC(34) User=0.70s Sys=0.00s Real=0.23s
[125.319s][info][gc           ] GC(34) Concurrent Preclean
[125.319s][info][gc           ] GC(34) Concurrent Preclean 0.468ms
[125.319s][info][gc,cpu       ] GC(34) User=0.00s Sys=0.00s Real=0.00s
[125.319s][info][gc           ] GC(34) Concurrent Abortable Preclean
[125.319s][info][gc           ] GC(34) Concurrent Abortable Preclean 0.019ms
[125.319s][info][gc,cpu       ] GC(34) User=0.00s Sys=0.00s Real=0.00s
[125.327s][info][gc,start     ] GC(34) Pause Remark
[125.335s][info][gc           ] GC(34) Pause Remark 353M->353M(494M) 7.716ms
[125.335s][info][gc,cpu       ] GC(34) User=0.00s Sys=0.00s Real=0.01s
[125.335s][info][gc           ] GC(34) Concurrent Sweep
[125.452s][info][gc           ] GC(34) Concurrent Sweep 116.962ms
[125.452s][info][gc,cpu       ] GC(34) User=0.27s Sys=0.00s Real=0.12s
[125.452s][info][gc           ] GC(34) Concurrent Reset
[125.453s][info][gc           ] GC(34) Concurrent Reset 0.542ms
[125.453s][info][gc,cpu       ] GC(34) User=0.00s Sys=0.00s Real=0.00s
[125.453s][info][gc,heap      ] GC(34) Old: 324563K->324563K(349568K)
[127.454s][info][gc,start     ] GC(35) Pause Initial Mark
[127.460s][info][gc           ] GC(35) Pause Initial Mark 354M->354M(494M) 6.091ms
[127.460s][info][gc,cpu       ] GC(35) User=0.00s Sys=0.00s Real=0.01s
[127.460s][info][gc           ] GC(35) Concurrent Mark
[127.460s][info][gc,task      ] GC(35) Using 2 workers of 2 for marking
[127.703s][info][gc           ] GC(35) Concurrent Mark 242.683ms
[127.703s][info][gc,cpu       ] GC(35) User=0.75s Sys=0.00s Real=0.24s
[127.703s][info][gc           ] GC(35) Concurrent Preclean
[127.703s][info][gc           ] GC(35) Concurrent Preclean 0.477ms
[127.703s][info][gc,cpu       ] GC(35) User=0.00s Sys=0.00s Real=0.00s
[127.703s][info][gc           ] GC(35) Concurrent Abortable Preclean
[127.703s][info][gc           ] GC(35) Concurrent Abortable Preclean 0.019ms
[127.703s][info][gc,cpu       ] GC(35) User=0.00s Sys=0.00s Real=0.00s
[127.708s][info][gc,start     ] GC(35) Pause Remark
[127.716s][info][gc           ] GC(35) Pause Remark 354M->354M(494M) 7.897ms
[127.716s][info][gc,cpu       ] GC(35) User=0.13s Sys=0.00s Real=0.01s
[127.716s][info][gc           ] GC(35) Concurrent Sweep
[127.809s][info][gc           ] GC(35) Concurrent Sweep 92.813ms
[127.809s][info][gc,cpu       ] GC(35) User=0.19s Sys=0.00s Real=0.09s
[127.809s][info][gc           ] GC(35) Concurrent Reset
[127.809s][info][gc           ] GC(35) Concurrent Reset 0.274ms
[127.810s][info][gc,cpu       ] GC(35) User=0.00s Sys=0.00s Real=0.00s
[127.810s][info][gc,heap      ] GC(35) Old: 324563K->324563K(349568K)
[129.811s][info][gc,start     ] GC(36) Pause Initial Mark
[129.816s][info][gc           ] GC(36) Pause Initial Mark 354M->354M(494M) 5.278ms
[129.816s][info][gc,cpu       ] GC(36) User=0.00s Sys=0.00s Real=0.01s
[129.816s][info][gc           ] GC(36) Concurrent Mark
[129.816s][info][gc,task      ] GC(36) Using 2 workers of 2 for marking
[130.052s][info][gc           ] GC(36) Concurrent Mark 236.278ms
[130.052s][info][gc,cpu       ] GC(36) User=0.70s Sys=0.00s Real=0.24s
[130.052s][info][gc           ] GC(36) Concurrent Preclean
[130.053s][info][gc           ] GC(36) Concurrent Preclean 0.482ms
[130.053s][info][gc,cpu       ] GC(36) User=0.00s Sys=0.00s Real=0.00s
[130.053s][info][gc           ] GC(36) Concurrent Abortable Preclean
[130.053s][info][gc           ] GC(36) Concurrent Abortable Preclean 0.019ms
[130.053s][info][gc,cpu       ] GC(36) User=0.00s Sys=0.00s Real=0.00s
[130.056s][info][gc,start     ] GC(36) Pause Remark
[130.064s][info][gc           ] GC(36) Pause Remark 354M->354M(494M) 7.828ms
[130.064s][info][gc,cpu       ] GC(36) User=0.00s Sys=0.00s Real=0.01s
[130.064s][info][gc           ] GC(36) Concurrent Sweep
[130.157s][info][gc           ] GC(36) Concurrent Sweep 93.337ms
[130.157s][info][gc,cpu       ] GC(36) User=0.19s Sys=0.00s Real=0.09s
[130.157s][info][gc           ] GC(36) Concurrent Reset
[130.158s][info][gc           ] GC(36) Concurrent Reset 0.328ms
[130.158s][info][gc,cpu       ] GC(36) User=0.00s Sys=0.00s Real=0.00s
[130.158s][info][gc,heap      ] GC(36) Old: 324563K->324563K(349568K)
[132.164s][info][gc,start     ] GC(37) Pause Initial Mark
[132.170s][info][gc           ] GC(37) Pause Initial Mark 354M->354M(494M) 6.032ms
[132.170s][info][gc,cpu       ] GC(37) User=0.13s Sys=0.00s Real=0.01s
[132.170s][info][gc           ] GC(37) Concurrent Mark
[132.171s][info][gc,task      ] GC(37) Using 2 workers of 2 for marking
[132.412s][info][gc           ] GC(37) Concurrent Mark 241.147ms
[132.412s][info][gc,cpu       ] GC(37) User=0.70s Sys=0.00s Real=0.24s
[132.412s][info][gc           ] GC(37) Concurrent Preclean
[132.412s][info][gc           ] GC(37) Concurrent Preclean 0.478ms
[132.412s][info][gc,cpu       ] GC(37) User=0.00s Sys=0.00s Real=0.00s
[132.412s][info][gc           ] GC(37) Concurrent Abortable Preclean
[132.412s][info][gc           ] GC(37) Concurrent Abortable Preclean 0.018ms
[132.412s][info][gc,cpu       ] GC(37) User=0.00s Sys=0.00s Real=0.00s
[132.415s][info][gc,start     ] GC(37) Pause Remark
[132.422s][info][gc           ] GC(37) Pause Remark 354M->354M(494M) 7.461ms
[132.422s][info][gc,cpu       ] GC(37) User=0.00s Sys=0.00s Real=0.01s
[132.423s][info][gc           ] GC(37) Concurrent Sweep
[132.515s][info][gc           ] GC(37) Concurrent Sweep 92.191ms
[132.515s][info][gc,cpu       ] GC(37) User=0.19s Sys=0.00s Real=0.09s
[132.515s][info][gc           ] GC(37) Concurrent Reset
[132.515s][info][gc           ] GC(37) Concurrent Reset 0.266ms
[132.515s][info][gc,cpu       ] GC(37) User=0.00s Sys=0.00s Real=0.00s
[132.515s][info][gc,heap      ] GC(37) Old: 324563K->324563K(349568K)
[134.518s][info][gc,start     ] GC(38) Pause Initial Mark
[134.524s][info][gc           ] GC(38) Pause Initial Mark 354M->354M(494M) 6.005ms
[134.524s][info][gc,cpu       ] GC(38) User=0.02s Sys=0.00s Real=0.01s
[134.524s][info][gc           ] GC(38) Concurrent Mark
[134.524s][info][gc,task      ] GC(38) Using 2 workers of 2 for marking
[134.771s][info][gc           ] GC(38) Concurrent Mark 246.829ms
[134.771s][info][gc,cpu       ] GC(38) User=0.70s Sys=0.00s Real=0.25s
[134.771s][info][gc           ] GC(38) Concurrent Preclean
[134.772s][info][gc           ] GC(38) Concurrent Preclean 0.496ms
[134.772s][info][gc,cpu       ] GC(38) User=0.00s Sys=0.00s Real=0.00s
[134.772s][info][gc           ] GC(38) Concurrent Abortable Preclean
[134.772s][info][gc           ] GC(38) Concurrent Abortable Preclean 0.019ms
[134.772s][info][gc,cpu       ] GC(38) User=0.00s Sys=0.00s Real=0.00s
[134.777s][info][gc,start     ] GC(38) Pause Remark
[134.784s][info][gc           ] GC(38) Pause Remark 354M->354M(494M) 7.677ms
[134.784s][info][gc,cpu       ] GC(38) User=0.00s Sys=0.00s Real=0.01s
[134.784s][info][gc           ] GC(38) Concurrent Sweep
[134.875s][info][gc           ] GC(38) Concurrent Sweep 90.673ms
[134.875s][info][gc,cpu       ] GC(38) User=0.19s Sys=0.00s Real=0.09s
[134.875s][info][gc           ] GC(38) Concurrent Reset
[134.875s][info][gc           ] GC(38) Concurrent Reset 0.295ms
[134.876s][info][gc,cpu       ] GC(38) User=0.00s Sys=0.00s Real=0.00s
[134.876s][info][gc,heap      ] GC(38) Old: 324563K->324563K(349568K)
[136.878s][info][gc,start     ] GC(39) Pause Initial Mark
[136.884s][info][gc           ] GC(39) Pause Initial Mark 354M->354M(494M) 5.524ms
[136.884s][info][gc,cpu       ] GC(39) User=0.00s Sys=0.00s Real=0.00s
[136.884s][info][gc           ] GC(39) Concurrent Mark
[136.884s][info][gc,task      ] GC(39) Using 2 workers of 2 for marking
[137.097s][info][gc           ] GC(39) Concurrent Mark 213.758ms
[137.097s][info][gc,cpu       ] GC(39) User=0.66s Sys=0.00s Real=0.21s
[137.097s][info][gc           ] GC(39) Concurrent Preclean
[137.098s][info][gc           ] GC(39) Concurrent Preclean 0.453ms
[137.098s][info][gc,cpu       ] GC(39) User=0.00s Sys=0.00s Real=0.00s
[137.098s][info][gc           ] GC(39) Concurrent Abortable Preclean
[137.098s][info][gc           ] GC(39) Concurrent Abortable Preclean 0.019ms
[137.098s][info][gc,cpu       ] GC(39) User=0.00s Sys=0.00s Real=0.00s
[137.106s][info][gc,start     ] GC(39) Pause Remark
[137.114s][info][gc           ] GC(39) Pause Remark 354M->354M(494M) 7.852ms
[137.114s][info][gc,cpu       ] GC(39) User=0.00s Sys=0.00s Real=0.01s
[137.114s][info][gc           ] GC(39) Concurrent Sweep
[137.207s][info][gc           ] GC(39) Concurrent Sweep 92.821ms
[137.207s][info][gc,cpu       ] GC(39) User=0.19s Sys=0.00s Real=0.09s
[137.207s][info][gc           ] GC(39) Concurrent Reset
[137.208s][info][gc           ] GC(39) Concurrent Reset 0.269ms
[137.208s][info][gc,cpu       ] GC(39) User=0.00s Sys=0.00s Real=0.00s
[137.208s][info][gc,heap      ] GC(39) Old: 324563K->324563K(349568K)
[139.215s][info][gc,start     ] GC(40) Pause Initial Mark
[139.220s][info][gc           ] GC(40) Pause Initial Mark 354M->354M(494M) 5.074ms
[139.220s][info][gc,cpu       ] GC(40) User=0.00s Sys=0.00s Real=0.01s
[139.220s][info][gc           ] GC(40) Concurrent Mark
[139.220s][info][gc,task      ] GC(40) Using 2 workers of 2 for marking
[139.454s][info][gc           ] GC(40) Concurrent Mark 233.567ms
[139.454s][info][gc,cpu       ] GC(40) User=0.70s Sys=0.00s Real=0.23s
[139.454s][info][gc           ] GC(40) Concurrent Preclean
[139.454s][info][gc           ] GC(40) Concurrent Preclean 0.458ms
[139.454s][info][gc,cpu       ] GC(40) User=0.00s Sys=0.00s Real=0.00s
[139.454s][info][gc           ] GC(40) Concurrent Abortable Preclean
[139.454s][info][gc           ] GC(40) Concurrent Abortable Preclean 0.022ms
[139.454s][info][gc,cpu       ] GC(40) User=0.00s Sys=0.00s Real=0.00s
[139.457s][info][gc,start     ] GC(40) Pause Remark
[139.465s][info][gc           ] GC(40) Pause Remark 354M->354M(494M) 7.470ms
[139.465s][info][gc,cpu       ] GC(40) User=0.11s Sys=0.00s Real=0.01s
[139.465s][info][gc           ] GC(40) Concurrent Sweep
[139.556s][info][gc           ] GC(40) Concurrent Sweep 91.202ms
[139.556s][info][gc,cpu       ] GC(40) User=0.19s Sys=0.00s Real=0.09s
[139.556s][info][gc           ] GC(40) Concurrent Reset
[139.557s][info][gc           ] GC(40) Concurrent Reset 0.432ms
[139.557s][info][gc,cpu       ] GC(40) User=0.00s Sys=0.00s Real=0.00s
[139.557s][info][gc,heap      ] GC(40) Old: 324563K->324563K(349568K)
[141.558s][info][gc,start     ] GC(41) Pause Initial Mark
[141.564s][info][gc           ] GC(41) Pause Initial Mark 354M->354M(494M) 5.714ms
[141.564s][info][gc,cpu       ] GC(41) User=0.00s Sys=0.00s Real=0.01s
[141.564s][info][gc           ] GC(41) Concurrent Mark
[141.564s][info][gc,task      ] GC(41) Using 2 workers of 2 for marking
[141.806s][info][gc           ] GC(41) Concurrent Mark 242.020ms
[141.806s][info][gc,cpu       ] GC(41) User=0.70s Sys=0.00s Real=0.24s
[141.806s][info][gc           ] GC(41) Concurrent Preclean
[141.806s][info][gc           ] GC(41) Concurrent Preclean 0.594ms
[141.807s][info][gc,cpu       ] GC(41) User=0.03s Sys=0.00s Real=0.00s
[141.807s][info][gc           ] GC(41) Concurrent Abortable Preclean
[141.807s][info][gc           ] GC(41) Concurrent Abortable Preclean 0.027ms
[141.807s][info][gc,cpu       ] GC(41) User=0.00s Sys=0.00s Real=0.00s
[141.809s][info][gc,start     ] GC(41) Pause Remark
[141.817s][info][gc           ] GC(41) Pause Remark 354M->354M(494M) 7.513ms
[141.817s][info][gc,cpu       ] GC(41) User=0.00s Sys=0.00s Real=0.01s
[141.817s][info][gc           ] GC(41) Concurrent Sweep
[141.909s][info][gc           ] GC(41) Concurrent Sweep 92.275ms
[141.909s][info][gc,cpu       ] GC(41) User=0.19s Sys=0.00s Real=0.09s
[141.909s][info][gc           ] GC(41) Concurrent Reset
[141.909s][info][gc           ] GC(41) Concurrent Reset 0.313ms
[141.909s][info][gc,cpu       ] GC(41) User=0.00s Sys=0.00s Real=0.00s
[141.910s][info][gc,heap      ] GC(41) Old: 324563K->324563K(349568K)
[143.915s][info][gc,start     ] GC(42) Pause Initial Mark
[143.921s][info][gc           ] GC(42) Pause Initial Mark 354M->354M(494M) 5.565ms
[143.921s][info][gc,cpu       ] GC(42) User=0.00s Sys=0.00s Real=0.01s
[143.921s][info][gc           ] GC(42) Concurrent Mark
[143.921s][info][gc,task      ] GC(42) Using 2 workers of 2 for marking
[144.176s][info][gc           ] GC(42) Concurrent Mark 254.760ms
[144.176s][info][gc,cpu       ] GC(42) User=0.75s Sys=0.00s Real=0.25s
[144.176s][info][gc           ] GC(42) Concurrent Preclean
[144.176s][info][gc           ] GC(42) Concurrent Preclean 0.447ms
[144.176s][info][gc,cpu       ] GC(42) User=0.00s Sys=0.00s Real=0.00s
[144.176s][info][gc           ] GC(42) Concurrent Abortable Preclean
[144.177s][info][gc           ] GC(42) Concurrent Abortable Preclean 0.045ms
[144.177s][info][gc,cpu       ] GC(42) User=0.00s Sys=0.00s Real=0.00s
[144.181s][info][gc,start     ] GC(42) Pause Remark
[144.189s][info][gc           ] GC(42) Pause Remark 354M->354M(494M) 8.595ms
[144.189s][info][gc,cpu       ] GC(42) User=0.00s Sys=0.00s Real=0.01s
[144.190s][info][gc           ] GC(42) Concurrent Sweep
[144.282s][info][gc           ] GC(42) Concurrent Sweep 92.660ms
[144.282s][info][gc,cpu       ] GC(42) User=0.19s Sys=0.00s Real=0.09s
[144.282s][info][gc           ] GC(42) Concurrent Reset
[144.283s][info][gc           ] GC(42) Concurrent Reset 0.366ms
[144.283s][info][gc,cpu       ] GC(42) User=0.00s Sys=0.00s Real=0.00s
[144.283s][info][gc,heap      ] GC(42) Old: 324563K->324563K(349568K)
[146.288s][info][gc,start     ] GC(43) Pause Initial Mark
[146.296s][info][gc           ] GC(43) Pause Initial Mark 354M->354M(494M) 7.518ms
[146.296s][info][gc,cpu       ] GC(43) User=0.11s Sys=0.00s Real=0.01s
[146.296s][info][gc           ] GC(43) Concurrent Mark
[146.296s][info][gc,task      ] GC(43) Using 2 workers of 2 for marking
[146.575s][info][gc           ] GC(43) Concurrent Mark 279.428ms
[146.575s][info][gc,cpu       ] GC(43) User=0.84s Sys=0.00s Real=0.28s
[146.575s][info][gc           ] GC(43) Concurrent Preclean
[146.576s][info][gc           ] GC(43) Concurrent Preclean 0.502ms
[146.576s][info][gc,cpu       ] GC(43) User=0.00s Sys=0.00s Real=0.00s
[146.576s][info][gc           ] GC(43) Concurrent Abortable Preclean
[146.576s][info][gc           ] GC(43) Concurrent Abortable Preclean 0.020ms
[146.576s][info][gc,cpu       ] GC(43) User=0.00s Sys=0.00s Real=0.00s
[146.577s][info][gc,start     ] GC(43) Pause Remark
[146.585s][info][gc           ] GC(43) Pause Remark 354M->354M(494M) 8.200ms
[146.585s][info][gc,cpu       ] GC(43) User=0.00s Sys=0.00s Real=0.01s
[146.585s][info][gc           ] GC(43) Concurrent Sweep
[146.692s][info][gc           ] GC(43) Concurrent Sweep 106.268ms
[146.692s][info][gc,cpu       ] GC(43) User=0.22s Sys=0.00s Real=0.11s
[146.692s][info][gc           ] GC(43) Concurrent Reset
[146.692s][info][gc           ] GC(43) Concurrent Reset 0.327ms
[146.692s][info][gc,cpu       ] GC(43) User=0.00s Sys=0.00s Real=0.00s
[146.692s][info][gc,heap      ] GC(43) Old: 324563K->324563K(349568K)
[148.697s][info][gc,start     ] GC(44) Pause Initial Mark
[148.703s][info][gc           ] GC(44) Pause Initial Mark 354M->354M(494M) 5.775ms
[148.703s][info][gc,cpu       ] GC(44) User=0.00s Sys=0.00s Real=0.00s
[148.703s][info][gc           ] GC(44) Concurrent Mark
[148.703s][info][gc,task      ] GC(44) Using 2 workers of 2 for marking
[148.947s][info][gc           ] GC(44) Concurrent Mark 243.676ms
[148.947s][info][gc,cpu       ] GC(44) User=0.75s Sys=0.00s Real=0.24s
[148.947s][info][gc           ] GC(44) Concurrent Preclean
[148.947s][info][gc           ] GC(44) Concurrent Preclean 0.488ms
[148.948s][info][gc,cpu       ] GC(44) User=0.00s Sys=0.00s Real=0.00s
[148.948s][info][gc           ] GC(44) Concurrent Abortable Preclean
[148.948s][info][gc           ] GC(44) Concurrent Abortable Preclean 0.019ms
[148.948s][info][gc,cpu       ] GC(44) User=0.00s Sys=0.00s Real=0.00s
[148.959s][info][gc,start     ] GC(44) Pause Remark
[148.967s][info][gc           ] GC(44) Pause Remark 354M->354M(494M) 8.118ms
[148.967s][info][gc,cpu       ] GC(44) User=0.11s Sys=0.00s Real=0.01s
[148.967s][info][gc           ] GC(44) Concurrent Sweep
[149.073s][info][gc           ] GC(44) Concurrent Sweep 105.733ms
[149.073s][info][gc,cpu       ] GC(44) User=0.22s Sys=0.00s Real=0.11s
[149.073s][info][gc           ] GC(44) Concurrent Reset
[149.073s][info][gc           ] GC(44) Concurrent Reset 0.383ms
[149.073s][info][gc,cpu       ] GC(44) User=0.00s Sys=0.00s Real=0.00s
[149.073s][info][gc,heap      ] GC(44) Old: 324563K->324563K(349568K)
[151.073s][info][gc,start     ] GC(45) Pause Initial Mark
[151.080s][info][gc           ] GC(45) Pause Initial Mark 357M->357M(494M) 6.386ms
[151.080s][info][gc,cpu       ] GC(45) User=0.00s Sys=0.00s Real=0.01s
[151.080s][info][gc           ] GC(45) Concurrent Mark
[151.080s][info][gc,task      ] GC(45) Using 2 workers of 2 for marking
[151.327s][info][gc           ] GC(45) Concurrent Mark 247.400ms
[151.327s][info][gc,cpu       ] GC(45) User=0.73s Sys=0.00s Real=0.25s
[151.327s][info][gc           ] GC(45) Concurrent Preclean
[151.328s][info][gc           ] GC(45) Concurrent Preclean 0.450ms
[151.328s][info][gc,cpu       ] GC(45) User=0.00s Sys=0.00s Real=0.00s
[151.328s][info][gc           ] GC(45) Concurrent Abortable Preclean
[151.328s][info][gc           ] GC(45) Concurrent Abortable Preclean 0.019ms
[151.328s][info][gc,cpu       ] GC(45) User=0.00s Sys=0.00s Real=0.00s
[151.332s][info][gc,start     ] GC(45) Pause Remark
[151.340s][info][gc           ] GC(45) Pause Remark 357M->357M(494M) 8.154ms
[151.340s][info][gc,cpu       ] GC(45) User=0.13s Sys=0.00s Real=0.01s
[151.341s][info][gc           ] GC(45) Concurrent Sweep
[151.433s][info][gc           ] GC(45) Concurrent Sweep 92.242ms
[151.433s][info][gc,cpu       ] GC(45) User=0.19s Sys=0.00s Real=0.09s
[151.433s][info][gc           ] GC(45) Concurrent Reset
[151.433s][info][gc           ] GC(45) Concurrent Reset 0.356ms
[151.433s][info][gc,cpu       ] GC(45) User=0.00s Sys=0.00s Real=0.00s
[151.433s][info][gc,heap      ] GC(45) Old: 324563K->324563K(349568K)
[153.433s][info][gc,start     ] GC(46) Pause Initial Mark
[153.439s][info][gc           ] GC(46) Pause Initial Mark 357M->357M(494M) 5.517ms
[153.439s][info][gc,cpu       ] GC(46) User=0.00s Sys=0.00s Real=0.01s
[153.439s][info][gc           ] GC(46) Concurrent Mark
[153.439s][info][gc,task      ] GC(46) Using 2 workers of 2 for marking
[153.700s][info][gc           ] GC(46) Concurrent Mark 261.237ms
[153.700s][info][gc,cpu       ] GC(46) User=0.80s Sys=0.00s Real=0.26s
[153.700s][info][gc           ] GC(46) Concurrent Preclean
[153.700s][info][gc           ] GC(46) Concurrent Preclean 0.484ms
[153.701s][info][gc,cpu       ] GC(46) User=0.00s Sys=0.00s Real=0.00s
[153.701s][info][gc           ] GC(46) Concurrent Abortable Preclean
[153.701s][info][gc           ] GC(46) Concurrent Abortable Preclean 0.019ms
[153.701s][info][gc,cpu       ] GC(46) User=0.00s Sys=0.00s Real=0.00s
[153.707s][info][gc,start     ] GC(46) Pause Remark
[153.715s][info][gc           ] GC(46) Pause Remark 357M->357M(494M) 7.876ms
[153.715s][info][gc,cpu       ] GC(46) User=0.11s Sys=0.00s Real=0.01s
[153.715s][info][gc           ] GC(46) Concurrent Sweep
[153.809s][info][gc           ] GC(46) Concurrent Sweep 93.836ms
[153.809s][info][gc,cpu       ] GC(46) User=0.19s Sys=0.00s Real=0.09s
[153.809s][info][gc           ] GC(46) Concurrent Reset
[153.809s][info][gc           ] GC(46) Concurrent Reset 0.351ms
[153.809s][info][gc,cpu       ] GC(46) User=0.00s Sys=0.00s Real=0.00s
[153.809s][info][gc,heap      ] GC(46) Old: 324563K->324563K(349568K)
[155.816s][info][gc,start     ] GC(47) Pause Initial Mark
[155.823s][info][gc           ] GC(47) Pause Initial Mark 357M->357M(494M) 6.251ms
[155.823s][info][gc,cpu       ] GC(47) User=0.06s Sys=0.00s Real=0.01s
[155.823s][info][gc           ] GC(47) Concurrent Mark
[155.823s][info][gc,task      ] GC(47) Using 2 workers of 2 for marking
[156.070s][info][gc           ] GC(47) Concurrent Mark 246.902ms
[156.070s][info][gc,cpu       ] GC(47) User=0.70s Sys=0.00s Real=0.25s
[156.070s][info][gc           ] GC(47) Concurrent Preclean
[156.070s][info][gc           ] GC(47) Concurrent Preclean 0.482ms
[156.070s][info][gc,cpu       ] GC(47) User=0.00s Sys=0.00s Real=0.00s
[156.070s][info][gc           ] GC(47) Concurrent Abortable Preclean
[156.070s][info][gc           ] GC(47) Concurrent Abortable Preclean 0.020ms
[156.070s][info][gc,cpu       ] GC(47) User=0.00s Sys=0.00s Real=0.00s
[156.071s][info][gc,start     ] GC(47) Pause Remark
[156.079s][info][gc           ] GC(47) Pause Remark 357M->357M(494M) 8.084ms
[156.079s][info][gc,cpu       ] GC(47) User=0.13s Sys=0.00s Real=0.01s
[156.079s][info][gc           ] GC(47) Concurrent Sweep
[156.172s][info][gc           ] GC(47) Concurrent Sweep 92.368ms
[156.172s][info][gc,cpu       ] GC(47) User=0.19s Sys=0.00s Real=0.09s
[156.172s][info][gc           ] GC(47) Concurrent Reset
[156.172s][info][gc           ] GC(47) Concurrent Reset 0.271ms
[156.172s][info][gc,cpu       ] GC(47) User=0.00s Sys=0.00s Real=0.00s
[156.172s][info][gc,heap      ] GC(47) Old: 324563K->324563K(349568K)
[158.180s][info][gc,start     ] GC(48) Pause Initial Mark
[158.186s][info][gc           ] GC(48) Pause Initial Mark 357M->357M(494M) 5.683ms
[158.186s][info][gc,cpu       ] GC(48) User=0.13s Sys=0.00s Real=0.01s
[158.186s][info][gc           ] GC(48) Concurrent Mark
[158.186s][info][gc,task      ] GC(48) Using 2 workers of 2 for marking
[158.464s][info][gc           ] GC(48) Concurrent Mark 277.826ms
[158.464s][info][gc,cpu       ] GC(48) User=0.84s Sys=0.00s Real=0.28s
[158.464s][info][gc           ] GC(48) Concurrent Preclean
[158.464s][info][gc           ] GC(48) Concurrent Preclean 0.561ms
[158.464s][info][gc,cpu       ] GC(48) User=0.00s Sys=0.00s Real=0.00s
[158.464s][info][gc           ] GC(48) Concurrent Abortable Preclean
[158.464s][info][gc           ] GC(48) Concurrent Abortable Preclean 0.019ms
[158.464s][info][gc,cpu       ] GC(48) User=0.00s Sys=0.00s Real=0.00s
[158.469s][info][gc,start     ] GC(48) Pause Remark
[158.477s][info][gc           ] GC(48) Pause Remark 357M->357M(494M) 7.792ms
[158.477s][info][gc,cpu       ] GC(48) User=0.00s Sys=0.00s Real=0.01s
[158.477s][info][gc           ] GC(48) Concurrent Sweep
[158.568s][info][gc           ] GC(48) Concurrent Sweep 91.338ms
[158.568s][info][gc,cpu       ] GC(48) User=0.19s Sys=0.00s Real=0.09s
[158.568s][info][gc           ] GC(48) Concurrent Reset
[158.569s][info][gc           ] GC(48) Concurrent Reset 0.269ms
[158.569s][info][gc,cpu       ] GC(48) User=0.00s Sys=0.00s Real=0.00s
[158.569s][info][gc,heap      ] GC(48) Old: 324563K->324503K(349568K)
[160.573s][info][gc,start     ] GC(49) Pause Initial Mark
[160.579s][info][gc           ] GC(49) Pause Initial Mark 357M->357M(494M) 6.449ms
[160.579s][info][gc,cpu       ] GC(49) User=0.00s Sys=0.00s Real=0.01s
[160.579s][info][gc           ] GC(49) Concurrent Mark
[160.579s][info][gc,task      ] GC(49) Using 2 workers of 2 for marking
[160.817s][info][gc           ] GC(49) Concurrent Mark 237.648ms
[160.817s][info][gc,cpu       ] GC(49) User=0.70s Sys=0.00s Real=0.24s
[160.817s][info][gc           ] GC(49) Concurrent Preclean
[160.817s][info][gc           ] GC(49) Concurrent Preclean 0.549ms
[160.817s][info][gc,cpu       ] GC(49) User=0.00s Sys=0.00s Real=0.00s
[160.817s][info][gc           ] GC(49) Concurrent Abortable Preclean
[160.817s][info][gc           ] GC(49) Concurrent Abortable Preclean 0.019ms
[160.817s][info][gc,cpu       ] GC(49) User=0.00s Sys=0.00s Real=0.00s
[160.820s][info][gc,start     ] GC(49) Pause Remark
[160.828s][info][gc           ] GC(49) Pause Remark 357M->357M(494M) 7.739ms
[160.828s][info][gc,cpu       ] GC(49) User=0.13s Sys=0.00s Real=0.01s
[160.828s][info][gc           ] GC(49) Concurrent Sweep
[160.927s][info][gc           ] GC(49) Concurrent Sweep 99.207ms
[160.927s][info][gc,cpu       ] GC(49) User=0.19s Sys=0.00s Real=0.10s
[160.927s][info][gc           ] GC(49) Concurrent Reset
[160.927s][info][gc           ] GC(49) Concurrent Reset 0.267ms
[160.927s][info][gc,cpu       ] GC(49) User=0.00s Sys=0.00s Real=0.00s
[160.927s][info][gc,heap      ] GC(49) Old: 324503K->324496K(349568K)
[162.933s][info][gc,start     ] GC(50) Pause Initial Mark
[162.940s][info][gc           ] GC(50) Pause Initial Mark 358M->358M(494M) 6.465ms
[162.940s][info][gc,cpu       ] GC(50) User=0.00s Sys=0.00s Real=0.01s
[162.940s][info][gc           ] GC(50) Concurrent Mark
[162.940s][info][gc,task      ] GC(50) Using 2 workers of 2 for marking
[163.201s][info][gc           ] GC(50) Concurrent Mark 260.661ms
[163.201s][info][gc,cpu       ] GC(50) User=0.80s Sys=0.00s Real=0.26s
[163.201s][info][gc           ] GC(50) Concurrent Preclean
[163.201s][info][gc           ] GC(50) Concurrent Preclean 0.500ms
[163.201s][info][gc,cpu       ] GC(50) User=0.00s Sys=0.00s Real=0.00s
[163.201s][info][gc           ] GC(50) Concurrent Abortable Preclean
[163.201s][info][gc           ] GC(50) Concurrent Abortable Preclean 0.019ms
[163.201s][info][gc,cpu       ] GC(50) User=0.00s Sys=0.00s Real=0.00s
[163.210s][info][gc,start     ] GC(50) Pause Remark
[163.217s][info][gc           ] GC(50) Pause Remark 358M->358M(494M) 7.950ms
[163.217s][info][gc,cpu       ] GC(50) User=0.13s Sys=0.00s Real=0.01s
[163.218s][info][gc           ] GC(50) Concurrent Sweep
[163.312s][info][gc           ] GC(50) Concurrent Sweep 94.391ms
[163.312s][info][gc,cpu       ] GC(50) User=0.19s Sys=0.00s Real=0.09s
[163.312s][info][gc           ] GC(50) Concurrent Reset
[163.312s][info][gc           ] GC(50) Concurrent Reset 0.316ms
[163.312s][info][gc,cpu       ] GC(50) User=0.00s Sys=0.00s Real=0.00s
[163.312s][info][gc,heap      ] GC(50) Old: 324496K->324496K(349568K)
[165.318s][info][gc,start     ] GC(51) Pause Initial Mark
[165.324s][info][gc           ] GC(51) Pause Initial Mark 358M->358M(494M) 5.663ms
[165.324s][info][gc,cpu       ] GC(51) User=0.09s Sys=0.00s Real=0.01s
[165.324s][info][gc           ] GC(51) Concurrent Mark
[165.324s][info][gc,task      ] GC(51) Using 2 workers of 2 for marking
[165.556s][info][gc           ] GC(51) Concurrent Mark 232.192ms
[165.556s][info][gc,cpu       ] GC(51) User=0.63s Sys=0.00s Real=0.23s
[165.556s][info][gc           ] GC(51) Concurrent Preclean
[165.556s][info][gc           ] GC(51) Concurrent Preclean 0.535ms
[165.556s][info][gc,cpu       ] GC(51) User=0.03s Sys=0.00s Real=0.00s
[165.557s][info][gc           ] GC(51) Concurrent Abortable Preclean
[165.557s][info][gc           ] GC(51) Concurrent Abortable Preclean 0.021ms
[165.557s][info][gc,cpu       ] GC(51) User=0.00s Sys=0.00s Real=0.00s
[165.559s][info][gc,start     ] GC(51) Pause Remark
[165.567s][info][gc           ] GC(51) Pause Remark 358M->358M(494M) 8.055ms
[165.567s][info][gc,cpu       ] GC(51) User=0.00s Sys=0.00s Real=0.01s
[165.567s][info][gc           ] GC(51) Concurrent Sweep
[165.659s][info][gc           ] GC(51) Concurrent Sweep 91.241ms
[165.659s][info][gc,cpu       ] GC(51) User=0.19s Sys=0.00s Real=0.09s
[165.659s][info][gc           ] GC(51) Concurrent Reset
[165.659s][info][gc           ] GC(51) Concurrent Reset 0.265ms
[165.659s][info][gc,cpu       ] GC(51) User=0.00s Sys=0.00s Real=0.00s
[165.659s][info][gc,heap      ] GC(51) Old: 324496K->324496K(349568K)
[167.665s][info][gc,start     ] GC(52) Pause Initial Mark
[167.671s][info][gc           ] GC(52) Pause Initial Mark 358M->358M(494M) 5.966ms
[167.671s][info][gc,cpu       ] GC(52) User=0.13s Sys=0.00s Real=0.01s
[167.671s][info][gc           ] GC(52) Concurrent Mark
[167.671s][info][gc,task      ] GC(52) Using 2 workers of 2 for marking
[167.914s][info][gc           ] GC(52) Concurrent Mark 243.592ms
[167.914s][info][gc,cpu       ] GC(52) User=0.70s Sys=0.00s Real=0.24s
[167.914s][info][gc           ] GC(52) Concurrent Preclean
[167.915s][info][gc           ] GC(52) Concurrent Preclean 0.491ms
[167.915s][info][gc,cpu       ] GC(52) User=0.03s Sys=0.00s Real=0.00s
[167.915s][info][gc           ] GC(52) Concurrent Abortable Preclean
[167.915s][info][gc           ] GC(52) Concurrent Abortable Preclean 0.020ms
[167.915s][info][gc,cpu       ] GC(52) User=0.00s Sys=0.00s Real=0.00s
[167.922s][info][gc,start     ] GC(52) Pause Remark
[167.930s][info][gc           ] GC(52) Pause Remark 358M->358M(494M) 8.005ms
[167.930s][info][gc,cpu       ] GC(52) User=0.00s Sys=0.00s Real=0.01s
[167.930s][info][gc           ] GC(52) Concurrent Sweep
[168.023s][info][gc           ] GC(52) Concurrent Sweep 92.730ms
[168.023s][info][gc,cpu       ] GC(52) User=0.19s Sys=0.00s Real=0.09s
[168.023s][info][gc           ] GC(52) Concurrent Reset
[168.023s][info][gc           ] GC(52) Concurrent Reset 0.265ms
[168.023s][info][gc,cpu       ] GC(52) User=0.00s Sys=0.00s Real=0.00s
[168.023s][info][gc,heap      ] GC(52) Old: 324496K->324496K(349568K)
[170.027s][info][gc,start     ] GC(53) Pause Initial Mark
[170.034s][info][gc           ] GC(53) Pause Initial Mark 358M->358M(494M) 6.249ms
[170.034s][info][gc,cpu       ] GC(53) User=0.00s Sys=0.00s Real=0.01s
[170.034s][info][gc           ] GC(53) Concurrent Mark
[170.034s][info][gc,task      ] GC(53) Using 2 workers of 2 for marking
[170.281s][info][gc           ] GC(53) Concurrent Mark 247.151ms
[170.281s][info][gc,cpu       ] GC(53) User=0.75s Sys=0.00s Real=0.25s
[170.281s][info][gc           ] GC(53) Concurrent Preclean
[170.281s][info][gc           ] GC(53) Concurrent Preclean 0.459ms
[170.281s][info][gc,cpu       ] GC(53) User=0.00s Sys=0.00s Real=0.00s
[170.281s][info][gc           ] GC(53) Concurrent Abortable Preclean
[170.281s][info][gc           ] GC(53) Concurrent Abortable Preclean 0.018ms
[170.281s][info][gc,cpu       ] GC(53) User=0.00s Sys=0.00s Real=0.00s
[170.285s][info][gc,start     ] GC(53) Pause Remark
[170.293s][info][gc           ] GC(53) Pause Remark 358M->358M(494M) 8.321ms
[170.293s][info][gc,cpu       ] GC(53) User=0.09s Sys=0.00s Real=0.01s
[170.293s][info][gc           ] GC(53) Concurrent Sweep
[170.385s][info][gc           ] GC(53) Concurrent Sweep 91.696ms
[170.385s][info][gc,cpu       ] GC(53) User=0.19s Sys=0.00s Real=0.09s
[170.385s][info][gc           ] GC(53) Concurrent Reset
[170.385s][info][gc           ] GC(53) Concurrent Reset 0.269ms
[170.385s][info][gc,cpu       ] GC(53) User=0.00s Sys=0.00s Real=0.00s
[170.385s][info][gc,heap      ] GC(53) Old: 324496K->324496K(349568K)
[172.392s][info][gc,start     ] GC(54) Pause Initial Mark
[172.398s][info][gc           ] GC(54) Pause Initial Mark 358M->358M(494M) 5.846ms
[172.398s][info][gc,cpu       ] GC(54) User=0.00s Sys=0.00s Real=0.01s
[172.398s][info][gc           ] GC(54) Concurrent Mark
[172.398s][info][gc,task      ] GC(54) Using 2 workers of 2 for marking
[172.637s][info][gc           ] GC(54) Concurrent Mark 239.166ms
[172.637s][info][gc,cpu       ] GC(54) User=0.75s Sys=0.00s Real=0.24s
[172.637s][info][gc           ] GC(54) Concurrent Preclean
[172.638s][info][gc           ] GC(54) Concurrent Preclean 0.490ms
[172.638s][info][gc,cpu       ] GC(54) User=0.00s Sys=0.00s Real=0.00s
[172.638s][info][gc           ] GC(54) Concurrent Abortable Preclean
[172.638s][info][gc           ] GC(54) Concurrent Abortable Preclean 0.018ms
[172.638s][info][gc,cpu       ] GC(54) User=0.00s Sys=0.00s Real=0.00s
[172.642s][info][gc,start     ] GC(54) Pause Remark
[172.650s][info][gc           ] GC(54) Pause Remark 358M->358M(494M) 7.771ms
[172.650s][info][gc,cpu       ] GC(54) User=0.02s Sys=0.00s Real=0.01s
[172.650s][info][gc           ] GC(54) Concurrent Sweep
[172.742s][info][gc           ] GC(54) Concurrent Sweep 91.670ms
[172.742s][info][gc,cpu       ] GC(54) User=0.16s Sys=0.00s Real=0.09s
[172.742s][info][gc           ] GC(54) Concurrent Reset
[172.742s][info][gc           ] GC(54) Concurrent Reset 0.408ms
[172.742s][info][gc,cpu       ] GC(54) User=0.00s Sys=0.00s Real=0.00s
[172.742s][info][gc,heap      ] GC(54) Old: 324496K->324496K(349568K)
[174.749s][info][gc,start     ] GC(55) Pause Initial Mark
[174.755s][info][gc           ] GC(55) Pause Initial Mark 358M->358M(494M) 6.277ms
[174.755s][info][gc,cpu       ] GC(55) User=0.00s Sys=0.00s Real=0.01s
[174.755s][info][gc           ] GC(55) Concurrent Mark
[174.755s][info][gc,task      ] GC(55) Using 2 workers of 2 for marking
[174.983s][info][gc           ] GC(55) Concurrent Mark 227.536ms
[174.983s][info][gc,cpu       ] GC(55) User=0.70s Sys=0.00s Real=0.23s
[174.983s][info][gc           ] GC(55) Concurrent Preclean
[174.983s][info][gc           ] GC(55) Concurrent Preclean 0.488ms
[174.983s][info][gc,cpu       ] GC(55) User=0.00s Sys=0.00s Real=0.00s
[174.983s][info][gc           ] GC(55) Concurrent Abortable Preclean
[174.983s][info][gc           ] GC(55) Concurrent Abortable Preclean 0.019ms
[174.983s][info][gc,cpu       ] GC(55) User=0.00s Sys=0.00s Real=0.00s
[174.990s][info][gc,start     ] GC(55) Pause Remark
[174.998s][info][gc           ] GC(55) Pause Remark 358M->358M(494M) 8.121ms
[174.998s][info][gc,cpu       ] GC(55) User=0.13s Sys=0.00s Real=0.01s
[174.998s][info][gc           ] GC(55) Concurrent Sweep
[175.096s][info][gc           ] GC(55) Concurrent Sweep 97.957ms
[175.096s][info][gc,cpu       ] GC(55) User=0.19s Sys=0.00s Real=0.10s
[175.096s][info][gc           ] GC(55) Concurrent Reset
[175.097s][info][gc           ] GC(55) Concurrent Reset 0.268ms
[175.097s][info][gc,cpu       ] GC(55) User=0.00s Sys=0.00s Real=0.00s
[175.097s][info][gc,heap      ] GC(55) Old: 324496K->324496K(349568K)
[177.102s][info][gc,start     ] GC(56) Pause Initial Mark
[177.108s][info][gc           ] GC(56) Pause Initial Mark 358M->358M(494M) 5.740ms
[177.108s][info][gc,cpu       ] GC(56) User=0.00s Sys=0.00s Real=0.01s
[177.108s][info][gc           ] GC(56) Concurrent Mark
[177.108s][info][gc,task      ] GC(56) Using 2 workers of 2 for marking
[177.366s][info][gc           ] GC(56) Concurrent Mark 257.189ms
[177.366s][info][gc,cpu       ] GC(56) User=0.73s Sys=0.00s Real=0.26s
[177.366s][info][gc           ] GC(56) Concurrent Preclean
[177.366s][info][gc           ] GC(56) Concurrent Preclean 0.492ms
[177.366s][info][gc,cpu       ] GC(56) User=0.00s Sys=0.00s Real=0.00s
[177.366s][info][gc           ] GC(56) Concurrent Abortable Preclean
[177.366s][info][gc           ] GC(56) Concurrent Abortable Preclean 0.019ms
[177.366s][info][gc,cpu       ] GC(56) User=0.00s Sys=0.00s Real=0.00s
[177.373s][info][gc,start     ] GC(56) Pause Remark
[177.381s][info][gc           ] GC(56) Pause Remark 358M->358M(494M) 8.273ms
[177.381s][info][gc,cpu       ] GC(56) User=0.00s Sys=0.00s Real=0.01s
[177.381s][info][gc           ] GC(56) Concurrent Sweep
[177.479s][info][gc           ] GC(56) Concurrent Sweep 97.912ms
[177.479s][info][gc,cpu       ] GC(56) User=0.22s Sys=0.00s Real=0.10s
[177.479s][info][gc           ] GC(56) Concurrent Reset
[177.479s][info][gc           ] GC(56) Concurrent Reset 0.360ms
[177.479s][info][gc,cpu       ] GC(56) User=0.00s Sys=0.00s Real=0.00s
[177.479s][info][gc,heap      ] GC(56) Old: 324496K->324496K(349568K)
[179.486s][info][gc,start     ] GC(57) Pause Initial Mark
[179.492s][info][gc           ] GC(57) Pause Initial Mark 358M->358M(494M) 6.017ms
[179.492s][info][gc,cpu       ] GC(57) User=0.00s Sys=0.00s Real=0.01s
[179.492s][info][gc           ] GC(57) Concurrent Mark
[179.492s][info][gc,task      ] GC(57) Using 2 workers of 2 for marking
[179.731s][info][gc           ] GC(57) Concurrent Mark 238.799ms
[179.731s][info][gc,cpu       ] GC(57) User=0.75s Sys=0.00s Real=0.24s
[179.731s][info][gc           ] GC(57) Concurrent Preclean
[179.732s][info][gc           ] GC(57) Concurrent Preclean 0.475ms
[179.732s][info][gc,cpu       ] GC(57) User=0.00s Sys=0.00s Real=0.00s
[179.732s][info][gc           ] GC(57) Concurrent Abortable Preclean
[179.732s][info][gc           ] GC(57) Concurrent Abortable Preclean 0.019ms
[179.732s][info][gc,cpu       ] GC(57) User=0.00s Sys=0.00s Real=0.00s
[179.736s][info][gc,start     ] GC(57) Pause Remark
[179.744s][info][gc           ] GC(57) Pause Remark 358M->358M(494M) 7.844ms
[179.744s][info][gc,cpu       ] GC(57) User=0.02s Sys=0.00s Real=0.01s
[179.744s][info][gc           ] GC(57) Concurrent Sweep
[179.835s][info][gc           ] GC(57) Concurrent Sweep 91.010ms
[179.835s][info][gc,cpu       ] GC(57) User=0.16s Sys=0.00s Real=0.09s
[179.835s][info][gc           ] GC(57) Concurrent Reset
[179.836s][info][gc           ] GC(57) Concurrent Reset 0.276ms
[179.836s][info][gc,cpu       ] GC(57) User=0.00s Sys=0.00s Real=0.00s
[179.836s][info][gc,heap      ] GC(57) Old: 324496K->324496K(349568K)
[181.839s][info][gc,start     ] GC(58) Pause Initial Mark
[181.845s][info][gc           ] GC(58) Pause Initial Mark 359M->359M(494M) 6.635ms
[181.845s][info][gc,cpu       ] GC(58) User=0.00s Sys=0.00s Real=0.01s
[181.846s][info][gc           ] GC(58) Concurrent Mark
[181.846s][info][gc,task      ] GC(58) Using 2 workers of 2 for marking
[182.087s][info][gc           ] GC(58) Concurrent Mark 241.163ms
[182.087s][info][gc,cpu       ] GC(58) User=0.70s Sys=0.00s Real=0.24s
[182.087s][info][gc           ] GC(58) Concurrent Preclean
[182.087s][info][gc           ] GC(58) Concurrent Preclean 0.509ms
[182.087s][info][gc,cpu       ] GC(58) User=0.03s Sys=0.00s Real=0.00s
[182.087s][info][gc           ] GC(58) Concurrent Abortable Preclean
[182.087s][info][gc           ] GC(58) Concurrent Abortable Preclean 0.019ms
[182.087s][info][gc,cpu       ] GC(58) User=0.00s Sys=0.00s Real=0.00s
[182.092s][info][gc,start     ] GC(58) Pause Remark
[182.100s][info][gc           ] GC(58) Pause Remark 359M->359M(494M) 8.281ms
[182.100s][info][gc,cpu       ] GC(58) User=0.00s Sys=0.00s Real=0.01s
[182.100s][info][gc           ] GC(58) Concurrent Sweep
[182.192s][info][gc           ] GC(58) Concurrent Sweep 91.274ms
[182.192s][info][gc,cpu       ] GC(58) User=0.19s Sys=0.00s Real=0.09s
[182.192s][info][gc           ] GC(58) Concurrent Reset
[182.192s][info][gc           ] GC(58) Concurrent Reset 0.280ms
[182.192s][info][gc,cpu       ] GC(58) User=0.00s Sys=0.00s Real=0.00s
[182.192s][info][gc,heap      ] GC(58) Old: 324496K->324496K(349568K)
[184.199s][info][gc,start     ] GC(59) Pause Initial Mark
[184.205s][info][gc           ] GC(59) Pause Initial Mark 359M->359M(494M) 6.289ms
[184.205s][info][gc,cpu       ] GC(59) User=0.00s Sys=0.00s Real=0.01s
[184.205s][info][gc           ] GC(59) Concurrent Mark
[184.205s][info][gc,task      ] GC(59) Using 2 workers of 2 for marking
[184.441s][info][gc           ] GC(59) Concurrent Mark 236.456ms
[184.441s][info][gc,cpu       ] GC(59) User=0.70s Sys=0.00s Real=0.24s
[184.441s][info][gc           ] GC(59) Concurrent Preclean
[184.442s][info][gc           ] GC(59) Concurrent Preclean 0.557ms
[184.442s][info][gc,cpu       ] GC(59) User=0.00s Sys=0.00s Real=0.00s
[184.442s][info][gc           ] GC(59) Concurrent Abortable Preclean
[184.442s][info][gc           ] GC(59) Concurrent Abortable Preclean 0.019ms
[184.442s][info][gc,cpu       ] GC(59) User=0.00s Sys=0.00s Real=0.00s
[184.451s][info][gc,start     ] GC(59) Pause Remark
[184.460s][info][gc           ] GC(59) Pause Remark 359M->359M(494M) 9.143ms
[184.460s][info][gc,cpu       ] GC(59) User=0.00s Sys=0.00s Real=0.01s
[184.460s][info][gc           ] GC(59) Concurrent Sweep
[184.552s][info][gc           ] GC(59) Concurrent Sweep 91.935ms
[184.552s][info][gc,cpu       ] GC(59) User=0.19s Sys=0.00s Real=0.09s
[184.552s][info][gc           ] GC(59) Concurrent Reset
[184.552s][info][gc           ] GC(59) Concurrent Reset 0.275ms
[184.552s][info][gc,cpu       ] GC(59) User=0.00s Sys=0.00s Real=0.00s
[184.552s][info][gc,heap      ] GC(59) Old: 324496K->324496K(349568K)
[186.559s][info][gc,start     ] GC(60) Pause Initial Mark
[186.565s][info][gc           ] GC(60) Pause Initial Mark 359M->359M(494M) 5.828ms
[186.565s][info][gc,cpu       ] GC(60) User=0.00s Sys=0.00s Real=0.01s
[186.565s][info][gc           ] GC(60) Concurrent Mark
[186.565s][info][gc,task      ] GC(60) Using 2 workers of 2 for marking
[186.819s][info][gc           ] GC(60) Concurrent Mark 253.746ms
[186.819s][info][gc,cpu       ] GC(60) User=0.75s Sys=0.00s Real=0.25s
[186.819s][info][gc           ] GC(60) Concurrent Preclean
[186.820s][info][gc           ] GC(60) Concurrent Preclean 0.501ms
[186.820s][info][gc,cpu       ] GC(60) User=0.00s Sys=0.00s Real=0.00s
[186.820s][info][gc           ] GC(60) Concurrent Abortable Preclean
[186.820s][info][gc           ] GC(60) Concurrent Abortable Preclean 0.019ms
[186.820s][info][gc,cpu       ] GC(60) User=0.00s Sys=0.00s Real=0.00s
[186.825s][info][gc,start     ] GC(60) Pause Remark
[186.835s][info][gc           ] GC(60) Pause Remark 359M->359M(494M) 9.052ms
[186.835s][info][gc,cpu       ] GC(60) User=0.00s Sys=0.00s Real=0.01s
[186.835s][info][gc           ] GC(60) Concurrent Sweep
[186.925s][info][gc           ] GC(60) Concurrent Sweep 90.261ms
[186.925s][info][gc,cpu       ] GC(60) User=0.19s Sys=0.00s Real=0.09s
[186.925s][info][gc           ] GC(60) Concurrent Reset
[186.925s][info][gc           ] GC(60) Concurrent Reset 0.268ms
[186.925s][info][gc,cpu       ] GC(60) User=0.00s Sys=0.00s Real=0.00s
[186.925s][info][gc,heap      ] GC(60) Old: 324496K->324496K(349568K)
[188.932s][info][gc,start     ] GC(61) Pause Initial Mark
[188.938s][info][gc           ] GC(61) Pause Initial Mark 361M->361M(494M) 6.206ms
[188.938s][info][gc,cpu       ] GC(61) User=0.00s Sys=0.00s Real=0.01s
[188.938s][info][gc           ] GC(61) Concurrent Mark
[188.938s][info][gc,task      ] GC(61) Using 2 workers of 2 for marking
[189.169s][info][gc           ] GC(61) Concurrent Mark 230.392ms
[189.169s][info][gc,cpu       ] GC(61) User=0.69s Sys=0.00s Real=0.23s
[189.169s][info][gc           ] GC(61) Concurrent Preclean
[189.169s][info][gc           ] GC(61) Concurrent Preclean 0.513ms
[189.169s][info][gc,cpu       ] GC(61) User=0.00s Sys=0.00s Real=0.00s
[189.169s][info][gc           ] GC(61) Concurrent Abortable Preclean
[189.169s][info][gc           ] GC(61) Concurrent Abortable Preclean 0.019ms
[189.169s][info][gc,cpu       ] GC(61) User=0.00s Sys=0.00s Real=0.00s
[189.174s][info][gc,start     ] GC(61) Pause Remark
[189.183s][info][gc           ] GC(61) Pause Remark 361M->361M(494M) 8.489ms
[189.183s][info][gc,cpu       ] GC(61) User=0.13s Sys=0.00s Real=0.01s
[189.183s][info][gc           ] GC(61) Concurrent Sweep
[189.275s][info][gc           ] GC(61) Concurrent Sweep 92.607ms
[189.275s][info][gc,cpu       ] GC(61) User=0.19s Sys=0.00s Real=0.09s
[189.275s][info][gc           ] GC(61) Concurrent Reset
[189.276s][info][gc           ] GC(61) Concurrent Reset 0.271ms
[189.276s][info][gc,cpu       ] GC(61) User=0.00s Sys=0.00s Real=0.00s
[189.276s][info][gc,heap      ] GC(61) Old: 324496K->324496K(349568K)
[191.279s][info][gc,start     ] GC(62) Pause Initial Mark
[191.286s][info][gc           ] GC(62) Pause Initial Mark 361M->361M(494M) 7.172ms
[191.286s][info][gc,cpu       ] GC(62) User=0.00s Sys=0.00s Real=0.01s
[191.286s][info][gc           ] GC(62) Concurrent Mark
[191.286s][info][gc,task      ] GC(62) Using 2 workers of 2 for marking
[191.542s][info][gc           ] GC(62) Concurrent Mark 255.732ms
[191.542s][info][gc,cpu       ] GC(62) User=0.80s Sys=0.00s Real=0.25s
[191.542s][info][gc           ] GC(62) Concurrent Preclean
[191.542s][info][gc           ] GC(62) Concurrent Preclean 0.561ms
[191.542s][info][gc,cpu       ] GC(62) User=0.00s Sys=0.00s Real=0.00s
[191.542s][info][gc           ] GC(62) Concurrent Abortable Preclean
[191.542s][info][gc           ] GC(62) Concurrent Abortable Preclean 0.019ms
[191.542s][info][gc,cpu       ] GC(62) User=0.00s Sys=0.00s Real=0.00s
[191.551s][info][gc,start     ] GC(62) Pause Remark
[191.559s][info][gc           ] GC(62) Pause Remark 361M->361M(494M) 8.332ms
[191.559s][info][gc,cpu       ] GC(62) User=0.08s Sys=0.02s Real=0.01s
[191.559s][info][gc           ] GC(62) Concurrent Sweep
[191.651s][info][gc           ] GC(62) Concurrent Sweep 91.411ms
[191.651s][info][gc,cpu       ] GC(62) User=0.19s Sys=0.00s Real=0.09s
[191.651s][info][gc           ] GC(62) Concurrent Reset
[191.651s][info][gc           ] GC(62) Concurrent Reset 0.272ms
[191.651s][info][gc,cpu       ] GC(62) User=0.00s Sys=0.00s Real=0.00s
[191.651s][info][gc,heap      ] GC(62) Old: 324496K->324496K(349568K)
[193.652s][info][gc,start     ] GC(63) Pause Initial Mark
[193.659s][info][gc           ] GC(63) Pause Initial Mark 362M->362M(494M) 6.462ms
[193.659s][info][gc,cpu       ] GC(63) User=0.00s Sys=0.00s Real=0.01s
[193.659s][info][gc           ] GC(63) Concurrent Mark
[193.659s][info][gc,task      ] GC(63) Using 2 workers of 2 for marking
[193.909s][info][gc           ] GC(63) Concurrent Mark 250.091ms
[193.909s][info][gc,cpu       ] GC(63) User=0.75s Sys=0.00s Real=0.25s
[193.909s][info][gc           ] GC(63) Concurrent Preclean
[193.910s][info][gc           ] GC(63) Concurrent Preclean 0.484ms
[193.910s][info][gc,cpu       ] GC(63) User=0.00s Sys=0.00s Real=0.00s
[193.910s][info][gc           ] GC(63) Concurrent Abortable Preclean
[193.910s][info][gc           ] GC(63) Concurrent Abortable Preclean 0.019ms
[193.910s][info][gc,cpu       ] GC(63) User=0.00s Sys=0.00s Real=0.00s
[193.914s][info][gc,start     ] GC(63) Pause Remark
[193.922s][info][gc           ] GC(63) Pause Remark 362M->362M(494M) 8.800ms
[193.923s][info][gc,cpu       ] GC(63) User=0.13s Sys=0.00s Real=0.01s
[193.923s][info][gc           ] GC(63) Concurrent Sweep
[194.018s][info][gc           ] GC(63) Concurrent Sweep 95.817ms
[194.018s][info][gc,cpu       ] GC(63) User=0.19s Sys=0.00s Real=0.10s
[194.019s][info][gc           ] GC(63) Concurrent Reset
[194.019s][info][gc           ] GC(63) Concurrent Reset 0.268ms
[194.019s][info][gc,cpu       ] GC(63) User=0.00s Sys=0.00s Real=0.00s
[194.019s][info][gc,heap      ] GC(63) Old: 324496K->324496K(349568K)
[196.025s][info][gc,start     ] GC(64) Pause Initial Mark
[196.032s][info][gc           ] GC(64) Pause Initial Mark 362M->362M(494M) 6.713ms
[196.032s][info][gc,cpu       ] GC(64) User=0.00s Sys=0.00s Real=0.01s
[196.032s][info][gc           ] GC(64) Concurrent Mark
[196.032s][info][gc,task      ] GC(64) Using 2 workers of 2 for marking
[196.268s][info][gc           ] GC(64) Concurrent Mark 236.044ms
[196.268s][info][gc,cpu       ] GC(64) User=0.70s Sys=0.00s Real=0.24s
[196.268s][info][gc           ] GC(64) Concurrent Preclean
[196.268s][info][gc           ] GC(64) Concurrent Preclean 0.446ms
[196.268s][info][gc,cpu       ] GC(64) User=0.00s Sys=0.00s Real=0.00s
[196.268s][info][gc           ] GC(64) Concurrent Abortable Preclean
[196.268s][info][gc           ] GC(64) Concurrent Abortable Preclean 0.019ms
[196.268s][info][gc,cpu       ] GC(64) User=0.00s Sys=0.00s Real=0.00s
[196.277s][info][gc,start     ] GC(64) Pause Remark
[196.286s][info][gc           ] GC(64) Pause Remark 362M->362M(494M) 8.475ms
[196.286s][info][gc,cpu       ] GC(64) User=0.00s Sys=0.00s Real=0.01s
[196.286s][info][gc           ] GC(64) Concurrent Sweep
[196.381s][info][gc           ] GC(64) Concurrent Sweep 94.904ms
[196.381s][info][gc,cpu       ] GC(64) User=0.19s Sys=0.00s Real=0.09s
[196.381s][info][gc           ] GC(64) Concurrent Reset
[196.381s][info][gc           ] GC(64) Concurrent Reset 0.316ms
[196.381s][info][gc,cpu       ] GC(64) User=0.00s Sys=0.00s Real=0.00s
[196.381s][info][gc,heap      ] GC(64) Old: 324496K->324496K(349568K)
[198.390s][info][gc,start     ] GC(65) Pause Initial Mark
[198.396s][info][gc           ] GC(65) Pause Initial Mark 362M->362M(494M) 6.256ms
[198.396s][info][gc,cpu       ] GC(65) User=0.00s Sys=0.00s Real=0.01s
[198.396s][info][gc           ] GC(65) Concurrent Mark
[198.396s][info][gc,task      ] GC(65) Using 2 workers of 2 for marking
[198.642s][info][gc           ] GC(65) Concurrent Mark 246.019ms
[198.642s][info][gc,cpu       ] GC(65) User=0.75s Sys=0.00s Real=0.25s
[198.642s][info][gc           ] GC(65) Concurrent Preclean
[198.643s][info][gc           ] GC(65) Concurrent Preclean 0.490ms
[198.643s][info][gc,cpu       ] GC(65) User=0.00s Sys=0.00s Real=0.00s
[198.643s][info][gc           ] GC(65) Concurrent Abortable Preclean
[198.643s][info][gc           ] GC(65) Concurrent Abortable Preclean 0.020ms
[198.643s][info][gc,cpu       ] GC(65) User=0.00s Sys=0.00s Real=0.00s
[198.645s][info][gc,start     ] GC(65) Pause Remark
[198.654s][info][gc           ] GC(65) Pause Remark 362M->362M(494M) 8.548ms
[198.654s][info][gc,cpu       ] GC(65) User=0.13s Sys=0.00s Real=0.01s
[198.654s][info][gc           ] GC(65) Concurrent Sweep
[198.746s][info][gc           ] GC(65) Concurrent Sweep 92.302ms
[198.746s][info][gc,cpu       ] GC(65) User=0.19s Sys=0.00s Real=0.09s
[198.746s][info][gc           ] GC(65) Concurrent Reset
[198.747s][info][gc           ] GC(65) Concurrent Reset 0.441ms
[198.747s][info][gc,cpu       ] GC(65) User=0.00s Sys=0.00s Real=0.00s
[198.747s][info][gc,heap      ] GC(65) Old: 324496K->324496K(349568K)
[200.751s][info][gc,start     ] GC(66) Pause Initial Mark
[200.758s][info][gc           ] GC(66) Pause Initial Mark 362M->362M(494M) 6.314ms
[200.758s][info][gc,cpu       ] GC(66) User=0.00s Sys=0.00s Real=0.01s
[200.758s][info][gc           ] GC(66) Concurrent Mark
[200.758s][info][gc,task      ] GC(66) Using 2 workers of 2 for marking
[200.992s][info][gc           ] GC(66) Concurrent Mark 234.055ms
[200.992s][info][gc,cpu       ] GC(66) User=0.70s Sys=0.00s Real=0.23s
[200.992s][info][gc           ] GC(66) Concurrent Preclean
[200.992s][info][gc           ] GC(66) Concurrent Preclean 0.489ms
[200.992s][info][gc,cpu       ] GC(66) User=0.00s Sys=0.00s Real=0.00s
[200.992s][info][gc           ] GC(66) Concurrent Abortable Preclean
[200.992s][info][gc           ] GC(66) Concurrent Abortable Preclean 0.019ms
[200.992s][info][gc,cpu       ] GC(66) User=0.00s Sys=0.00s Real=0.00s
[200.999s][info][gc,start     ] GC(66) Pause Remark
[201.007s][info][gc           ] GC(66) Pause Remark 362M->362M(494M) 8.671ms
[201.007s][info][gc,cpu       ] GC(66) User=0.00s Sys=0.00s Real=0.01s
[201.008s][info][gc           ] GC(66) Concurrent Sweep
[201.101s][info][gc           ] GC(66) Concurrent Sweep 93.530ms
[201.101s][info][gc,cpu       ] GC(66) User=0.19s Sys=0.00s Real=0.09s
[201.101s][info][gc           ] GC(66) Concurrent Reset
[201.101s][info][gc           ] GC(66) Concurrent Reset 0.340ms
[201.102s][info][gc,cpu       ] GC(66) User=0.00s Sys=0.00s Real=0.00s
[201.102s][info][gc,heap      ] GC(66) Old: 324496K->324481K(349568K)
[203.110s][info][gc,start     ] GC(67) Pause Initial Mark
[203.116s][info][gc           ] GC(67) Pause Initial Mark 362M->362M(494M) 5.787ms
[203.116s][info][gc,cpu       ] GC(67) User=0.00s Sys=0.00s Real=0.01s
[203.116s][info][gc           ] GC(67) Concurrent Mark
[203.116s][info][gc,task      ] GC(67) Using 2 workers of 2 for marking
[203.352s][info][gc           ] GC(67) Concurrent Mark 235.835ms
[203.352s][info][gc,cpu       ] GC(67) User=0.70s Sys=0.00s Real=0.24s
[203.352s][info][gc           ] GC(67) Concurrent Preclean
[203.352s][info][gc           ] GC(67) Concurrent Preclean 0.527ms
[203.352s][info][gc,cpu       ] GC(67) User=0.03s Sys=0.00s Real=0.00s
[203.352s][info][gc           ] GC(67) Concurrent Abortable Preclean
[203.352s][info][gc           ] GC(67) Concurrent Abortable Preclean 0.019ms
[203.352s][info][gc,cpu       ] GC(67) User=0.00s Sys=0.00s Real=0.00s
[203.357s][info][gc,start     ] GC(67) Pause Remark
[203.366s][info][gc           ] GC(67) Pause Remark 362M->362M(494M) 8.421ms
[203.366s][info][gc,cpu       ] GC(67) User=0.00s Sys=0.00s Real=0.01s
[203.366s][info][gc           ] GC(67) Concurrent Sweep
[203.465s][info][gc           ] GC(67) Concurrent Sweep 99.130ms
[203.465s][info][gc,cpu       ] GC(67) User=0.22s Sys=0.00s Real=0.10s
[203.465s][info][gc           ] GC(67) Concurrent Reset
[203.466s][info][gc           ] GC(67) Concurrent Reset 0.432ms
[203.466s][info][gc,cpu       ] GC(67) User=0.00s Sys=0.00s Real=0.00s
[203.466s][info][gc,heap      ] GC(67) Old: 324481K->324481K(349568K)
[205.470s][info][gc,start     ] GC(68) Pause Initial Mark
[205.476s][info][gc           ] GC(68) Pause Initial Mark 362M->362M(494M) 6.172ms
[205.476s][info][gc,cpu       ] GC(68) User=0.00s Sys=0.00s Real=0.01s
[205.476s][info][gc           ] GC(68) Concurrent Mark
[205.476s][info][gc,task      ] GC(68) Using 2 workers of 2 for marking
[205.736s][info][gc           ] GC(68) Concurrent Mark 260.195ms
[205.736s][info][gc,cpu       ] GC(68) User=0.78s Sys=0.00s Real=0.26s
[205.736s][info][gc           ] GC(68) Concurrent Preclean
[205.737s][info][gc           ] GC(68) Concurrent Preclean 0.488ms
[205.737s][info][gc,cpu       ] GC(68) User=0.00s Sys=0.00s Real=0.00s
[205.737s][info][gc           ] GC(68) Concurrent Abortable Preclean
[205.737s][info][gc           ] GC(68) Concurrent Abortable Preclean 0.019ms
[205.737s][info][gc,cpu       ] GC(68) User=0.00s Sys=0.00s Real=0.00s
[205.740s][info][gc,start     ] GC(68) Pause Remark
[205.749s][info][gc           ] GC(68) Pause Remark 362M->362M(494M) 8.660ms
[205.749s][info][gc,cpu       ] GC(68) User=0.13s Sys=0.00s Real=0.01s
[205.749s][info][gc           ] GC(68) Concurrent Sweep
[205.840s][info][gc           ] GC(68) Concurrent Sweep 90.997ms
[205.840s][info][gc,cpu       ] GC(68) User=0.19s Sys=0.00s Real=0.09s
[205.840s][info][gc           ] GC(68) Concurrent Reset
[205.840s][info][gc           ] GC(68) Concurrent Reset 0.262ms
[205.840s][info][gc,cpu       ] GC(68) User=0.00s Sys=0.00s Real=0.00s
[205.840s][info][gc,heap      ] GC(68) Old: 324481K->324481K(349568K)
[207.847s][info][gc,start     ] GC(69) Pause Initial Mark
[207.855s][info][gc           ] GC(69) Pause Initial Mark 362M->362M(494M) 7.298ms
[207.855s][info][gc,cpu       ] GC(69) User=0.13s Sys=0.00s Real=0.01s
[207.855s][info][gc           ] GC(69) Concurrent Mark
[207.855s][info][gc,task      ] GC(69) Using 2 workers of 2 for marking
[208.100s][info][gc           ] GC(69) Concurrent Mark 245.507ms
[208.100s][info][gc,cpu       ] GC(69) User=0.70s Sys=0.00s Real=0.24s
[208.100s][info][gc           ] GC(69) Concurrent Preclean
[208.101s][info][gc           ] GC(69) Concurrent Preclean 0.485ms
[208.101s][info][gc,cpu       ] GC(69) User=0.00s Sys=0.00s Real=0.00s
[208.101s][info][gc           ] GC(69) Concurrent Abortable Preclean
[208.101s][info][gc           ] GC(69) Concurrent Abortable Preclean 0.019ms
[208.101s][info][gc,cpu       ] GC(69) User=0.00s Sys=0.00s Real=0.00s
[208.108s][info][gc,start     ] GC(69) Pause Remark
[208.116s][info][gc           ] GC(69) Pause Remark 362M->362M(494M) 8.323ms
[208.116s][info][gc,cpu       ] GC(69) User=0.00s Sys=0.00s Real=0.01s
[208.116s][info][gc           ] GC(69) Concurrent Sweep
[208.210s][info][gc           ] GC(69) Concurrent Sweep 93.945ms
[208.210s][info][gc,cpu       ] GC(69) User=0.19s Sys=0.00s Real=0.09s
[208.210s][info][gc           ] GC(69) Concurrent Reset
[208.210s][info][gc           ] GC(69) Concurrent Reset 0.328ms
[208.211s][info][gc,cpu       ] GC(69) User=0.00s Sys=0.00s Real=0.00s
[208.211s][info][gc,heap      ] GC(69) Old: 324481K->324481K(349568K)
[210.220s][info][gc,start     ] GC(70) Pause Initial Mark
[210.227s][info][gc           ] GC(70) Pause Initial Mark 362M->362M(494M) 6.759ms
[210.227s][info][gc,cpu       ] GC(70) User=0.00s Sys=0.00s Real=0.01s
[210.227s][info][gc           ] GC(70) Concurrent Mark
[210.227s][info][gc,task      ] GC(70) Using 2 workers of 2 for marking
[210.483s][info][gc           ] GC(70) Concurrent Mark 256.124ms
[210.483s][info][gc,cpu       ] GC(70) User=0.78s Sys=0.00s Real=0.26s
[210.483s][info][gc           ] GC(70) Concurrent Preclean
[210.484s][info][gc           ] GC(70) Concurrent Preclean 0.496ms
[210.484s][info][gc,cpu       ] GC(70) User=0.00s Sys=0.00s Real=0.00s
[210.484s][info][gc           ] GC(70) Concurrent Abortable Preclean
[210.484s][info][gc           ] GC(70) Concurrent Abortable Preclean 0.032ms
[210.484s][info][gc,cpu       ] GC(70) User=0.00s Sys=0.00s Real=0.00s
[210.490s][info][gc,start     ] GC(70) Pause Remark
[210.500s][info][gc           ] GC(70) Pause Remark 362M->362M(494M) 9.428ms
[210.500s][info][gc,cpu       ] GC(70) User=0.13s Sys=0.00s Real=0.01s
[210.500s][info][gc           ] GC(70) Concurrent Sweep
[210.590s][info][gc           ] GC(70) Concurrent Sweep 90.252ms
[210.590s][info][gc,cpu       ] GC(70) User=0.19s Sys=0.00s Real=0.09s
[210.590s][info][gc           ] GC(70) Concurrent Reset
[210.591s][info][gc           ] GC(70) Concurrent Reset 0.264ms
[210.591s][info][gc,cpu       ] GC(70) User=0.00s Sys=0.00s Real=0.00s
[210.591s][info][gc,heap      ] GC(70) Old: 324481K->324481K(349568K)
[212.595s][info][gc,start     ] GC(71) Pause Initial Mark
[212.601s][info][gc           ] GC(71) Pause Initial Mark 362M->362M(494M) 6.673ms
[212.602s][info][gc,cpu       ] GC(71) User=0.00s Sys=0.00s Real=0.01s
[212.602s][info][gc           ] GC(71) Concurrent Mark
[212.602s][info][gc,task      ] GC(71) Using 2 workers of 2 for marking
[212.845s][info][gc           ] GC(71) Concurrent Mark 243.869ms
[212.846s][info][gc,cpu       ] GC(71) User=0.75s Sys=0.00s Real=0.24s
[212.846s][info][gc           ] GC(71) Concurrent Preclean
[212.846s][info][gc           ] GC(71) Concurrent Preclean 0.497ms
[212.846s][info][gc,cpu       ] GC(71) User=0.00s Sys=0.00s Real=0.00s
[212.846s][info][gc           ] GC(71) Concurrent Abortable Preclean
[212.846s][info][gc           ] GC(71) Concurrent Abortable Preclean 0.028ms
[212.846s][info][gc,cpu       ] GC(71) User=0.00s Sys=0.00s Real=0.00s
[212.855s][info][gc,start     ] GC(71) Pause Remark
[212.864s][info][gc           ] GC(71) Pause Remark 362M->362M(494M) 9.165ms
[212.864s][info][gc,cpu       ] GC(71) User=0.00s Sys=0.00s Real=0.01s
[212.864s][info][gc           ] GC(71) Concurrent Sweep
[212.959s][info][gc           ] GC(71) Concurrent Sweep 94.195ms
[212.959s][info][gc,cpu       ] GC(71) User=0.19s Sys=0.00s Real=0.09s
[212.959s][info][gc           ] GC(71) Concurrent Reset
[212.959s][info][gc           ] GC(71) Concurrent Reset 0.295ms
[212.959s][info][gc,cpu       ] GC(71) User=0.00s Sys=0.00s Real=0.00s
[212.959s][info][gc,heap      ] GC(71) Old: 324481K->324481K(349568K)
[214.963s][info][gc,start     ] GC(72) Pause Initial Mark
[214.970s][info][gc           ] GC(72) Pause Initial Mark 362M->362M(494M) 6.369ms
[214.970s][info][gc,cpu       ] GC(72) User=0.00s Sys=0.00s Real=0.01s
[214.970s][info][gc           ] GC(72) Concurrent Mark
[214.970s][info][gc,task      ] GC(72) Using 2 workers of 2 for marking
[215.229s][info][gc           ] GC(72) Concurrent Mark 259.483ms
[215.230s][info][gc,cpu       ] GC(72) User=0.80s Sys=0.00s Real=0.26s
[215.230s][info][gc           ] GC(72) Concurrent Preclean
[215.230s][info][gc           ] GC(72) Concurrent Preclean 0.619ms
[215.230s][info][gc,cpu       ] GC(72) User=0.00s Sys=0.00s Real=0.00s
[215.230s][info][gc           ] GC(72) Concurrent Abortable Preclean
[215.230s][info][gc           ] GC(72) Concurrent Abortable Preclean 0.033ms
[215.230s][info][gc,cpu       ] GC(72) User=0.00s Sys=0.00s Real=0.00s
[215.233s][info][gc,start     ] GC(72) Pause Remark
[215.241s][info][gc           ] GC(72) Pause Remark 362M->362M(494M) 8.458ms
[215.241s][info][gc,cpu       ] GC(72) User=0.00s Sys=0.00s Real=0.01s
[215.241s][info][gc           ] GC(72) Concurrent Sweep
[215.332s][info][gc           ] GC(72) Concurrent Sweep 90.417ms
[215.332s][info][gc,cpu       ] GC(72) User=0.19s Sys=0.00s Real=0.09s
[215.332s][info][gc           ] GC(72) Concurrent Reset
[215.332s][info][gc           ] GC(72) Concurrent Reset 0.381ms
[215.332s][info][gc,cpu       ] GC(72) User=0.00s Sys=0.00s Real=0.00s
[215.332s][info][gc,heap      ] GC(72) Old: 324481K->324481K(349568K)
[217.337s][info][gc,start     ] GC(73) Pause Initial Mark
[217.344s][info][gc           ] GC(73) Pause Initial Mark 362M->362M(494M) 6.746ms
[217.344s][info][gc,cpu       ] GC(73) User=0.00s Sys=0.00s Real=0.01s
[217.344s][info][gc           ] GC(73) Concurrent Mark
[217.344s][info][gc,task      ] GC(73) Using 2 workers of 2 for marking
[217.597s][info][gc           ] GC(73) Concurrent Mark 253.544ms
[217.598s][info][gc,cpu       ] GC(73) User=0.75s Sys=0.00s Real=0.25s
[217.598s][info][gc           ] GC(73) Concurrent Preclean
[217.598s][info][gc           ] GC(73) Concurrent Preclean 0.511ms
[217.598s][info][gc,cpu       ] GC(73) User=0.00s Sys=0.00s Real=0.00s
[217.598s][info][gc           ] GC(73) Concurrent Abortable Preclean
[217.598s][info][gc           ] GC(73) Concurrent Abortable Preclean 0.019ms
[217.598s][info][gc,cpu       ] GC(73) User=0.00s Sys=0.00s Real=0.00s
[217.602s][info][gc,start     ] GC(73) Pause Remark
[217.611s][info][gc           ] GC(73) Pause Remark 363M->363M(494M) 8.438ms
[217.611s][info][gc,cpu       ] GC(73) User=0.00s Sys=0.00s Real=0.01s
[217.611s][info][gc           ] GC(73) Concurrent Sweep
[217.702s][info][gc           ] GC(73) Concurrent Sweep 91.224ms
[217.702s][info][gc,cpu       ] GC(73) User=0.19s Sys=0.00s Real=0.09s
[217.702s][info][gc           ] GC(73) Concurrent Reset
[217.703s][info][gc           ] GC(73) Concurrent Reset 0.269ms
[217.703s][info][gc,cpu       ] GC(73) User=0.00s Sys=0.00s Real=0.00s
[217.703s][info][gc,heap      ] GC(73) Old: 324481K->324481K(349568K)
[219.702s][info][gc,start     ] GC(74) Pause Initial Mark
[219.709s][info][gc           ] GC(74) Pause Initial Mark 363M->363M(494M) 6.803ms
[219.709s][info][gc,cpu       ] GC(74) User=0.00s Sys=0.00s Real=0.01s
[219.709s][info][gc           ] GC(74) Concurrent Mark
[219.709s][info][gc,task      ] GC(74) Using 2 workers of 2 for marking
[219.957s][info][gc           ] GC(74) Concurrent Mark 248.054ms
[219.957s][info][gc,cpu       ] GC(74) User=0.75s Sys=0.00s Real=0.25s
[219.957s][info][gc           ] GC(74) Concurrent Preclean
[219.958s][info][gc           ] GC(74) Concurrent Preclean 0.442ms
[219.958s][info][gc,cpu       ] GC(74) User=0.00s Sys=0.00s Real=0.00s
[219.958s][info][gc           ] GC(74) Concurrent Abortable Preclean
[219.958s][info][gc           ] GC(74) Concurrent Abortable Preclean 0.018ms
[219.958s][info][gc,cpu       ] GC(74) User=0.00s Sys=0.00s Real=0.00s
[219.965s][info][gc,start     ] GC(74) Pause Remark
[219.974s][info][gc           ] GC(74) Pause Remark 363M->363M(494M) 8.562ms
[219.974s][info][gc,cpu       ] GC(74) User=0.00s Sys=0.00s Real=0.01s
[219.974s][info][gc           ] GC(74) Concurrent Sweep
[220.065s][info][gc           ] GC(74) Concurrent Sweep 91.029ms
[220.065s][info][gc,cpu       ] GC(74) User=0.19s Sys=0.00s Real=0.09s
[220.065s][info][gc           ] GC(74) Concurrent Reset
[220.065s][info][gc           ] GC(74) Concurrent Reset 0.268ms
[220.065s][info][gc,cpu       ] GC(74) User=0.00s Sys=0.00s Real=0.00s
[220.065s][info][gc,heap      ] GC(74) Old: 324481K->324481K(349568K)
[222.074s][info][gc,start     ] GC(75) Pause Initial Mark
[222.081s][info][gc           ] GC(75) Pause Initial Mark 363M->363M(494M) 6.880ms
[222.081s][info][gc,cpu       ] GC(75) User=0.00s Sys=0.00s Real=0.01s
[222.081s][info][gc           ] GC(75) Concurrent Mark
[222.081s][info][gc,task      ] GC(75) Using 2 workers of 2 for marking
[222.335s][info][gc           ] GC(75) Concurrent Mark 253.240ms
[222.335s][info][gc,cpu       ] GC(75) User=0.73s Sys=0.00s Real=0.25s
[222.335s][info][gc           ] GC(75) Concurrent Preclean
[222.335s][info][gc           ] GC(75) Concurrent Preclean 0.486ms
[222.335s][info][gc,cpu       ] GC(75) User=0.00s Sys=0.00s Real=0.00s
[222.335s][info][gc           ] GC(75) Concurrent Abortable Preclean
[222.335s][info][gc           ] GC(75) Concurrent Abortable Preclean 0.018ms
[222.335s][info][gc,cpu       ] GC(75) User=0.00s Sys=0.00s Real=0.00s
[222.342s][info][gc,start     ] GC(75) Pause Remark
[222.351s][info][gc           ] GC(75) Pause Remark 363M->363M(494M) 8.804ms
[222.351s][info][gc,cpu       ] GC(75) User=0.00s Sys=0.00s Real=0.01s
[222.351s][info][gc           ] GC(75) Concurrent Sweep
[222.442s][info][gc           ] GC(75) Concurrent Sweep 90.670ms
[222.442s][info][gc,cpu       ] GC(75) User=0.19s Sys=0.00s Real=0.09s
[222.442s][info][gc           ] GC(75) Concurrent Reset
[222.442s][info][gc           ] GC(75) Concurrent Reset 0.326ms
[222.442s][info][gc,cpu       ] GC(75) User=0.00s Sys=0.00s Real=0.00s
[222.442s][info][gc,heap      ] GC(75) Old: 324481K->324481K(349568K)
[224.448s][info][gc,start     ] GC(76) Pause Initial Mark
[224.455s][info][gc           ] GC(76) Pause Initial Mark 363M->363M(494M) 6.915ms
[224.455s][info][gc,cpu       ] GC(76) User=0.00s Sys=0.00s Real=0.01s
[224.455s][info][gc           ] GC(76) Concurrent Mark
[224.455s][info][gc,task      ] GC(76) Using 2 workers of 2 for marking
[224.703s][info][gc           ] GC(76) Concurrent Mark 247.475ms
[224.703s][info][gc,cpu       ] GC(76) User=0.75s Sys=0.00s Real=0.25s
[224.703s][info][gc           ] GC(76) Concurrent Preclean
[224.703s][info][gc           ] GC(76) Concurrent Preclean 0.479ms
[224.703s][info][gc,cpu       ] GC(76) User=0.00s Sys=0.00s Real=0.00s
[224.703s][info][gc           ] GC(76) Concurrent Abortable Preclean
[224.703s][info][gc           ] GC(76) Concurrent Abortable Preclean 0.018ms
[224.703s][info][gc,cpu       ] GC(76) User=0.00s Sys=0.00s Real=0.00s
[224.712s][info][gc,start     ] GC(76) Pause Remark
[224.721s][info][gc           ] GC(76) Pause Remark 363M->363M(494M) 9.745ms
[224.721s][info][gc,cpu       ] GC(76) User=0.13s Sys=0.00s Real=0.01s
[224.721s][info][gc           ] GC(76) Concurrent Sweep
[224.813s][info][gc           ] GC(76) Concurrent Sweep 91.032ms
[224.813s][info][gc,cpu       ] GC(76) User=0.19s Sys=0.00s Real=0.09s
[224.813s][info][gc           ] GC(76) Concurrent Reset
[224.813s][info][gc           ] GC(76) Concurrent Reset 0.363ms
[224.813s][info][gc,cpu       ] GC(76) User=0.00s Sys=0.00s Real=0.00s
[224.813s][info][gc,heap      ] GC(76) Old: 324481K->324481K(349568K)
[226.820s][info][gc,start     ] GC(77) Pause Initial Mark
[226.827s][info][gc           ] GC(77) Pause Initial Mark 363M->363M(494M) 7.099ms
[226.827s][info][gc,cpu       ] GC(77) User=0.13s Sys=0.00s Real=0.01s
[226.827s][info][gc           ] GC(77) Concurrent Mark
[226.827s][info][gc,task      ] GC(77) Using 2 workers of 2 for marking
[227.062s][info][gc           ] GC(77) Concurrent Mark 235.204ms
[227.063s][info][gc,cpu       ] GC(77) User=0.70s Sys=0.00s Real=0.24s
[227.063s][info][gc           ] GC(77) Concurrent Preclean
[227.063s][info][gc           ] GC(77) Concurrent Preclean 0.543ms
[227.063s][info][gc,cpu       ] GC(77) User=0.00s Sys=0.00s Real=0.00s
[227.063s][info][gc           ] GC(77) Concurrent Abortable Preclean
[227.063s][info][gc           ] GC(77) Concurrent Abortable Preclean 0.020ms
[227.063s][info][gc,cpu       ] GC(77) User=0.00s Sys=0.00s Real=0.00s
[227.071s][info][gc,start     ] GC(77) Pause Remark
[227.081s][info][gc           ] GC(77) Pause Remark 363M->363M(494M) 9.377ms
[227.081s][info][gc,cpu       ] GC(77) User=0.00s Sys=0.00s Real=0.01s
[227.081s][info][gc           ] GC(77) Concurrent Sweep
[227.180s][info][gc           ] GC(77) Concurrent Sweep 99.092ms
[227.180s][info][gc,cpu       ] GC(77) User=0.19s Sys=0.00s Real=0.10s
[227.180s][info][gc           ] GC(77) Concurrent Reset
[227.180s][info][gc           ] GC(77) Concurrent Reset 0.274ms
[227.180s][info][gc,cpu       ] GC(77) User=0.00s Sys=0.00s Real=0.00s
[227.180s][info][gc,heap      ] GC(77) Old: 324481K->324481K(349568K)
[229.180s][info][gc,start     ] GC(78) Pause Initial Mark
[229.189s][info][gc           ] GC(78) Pause Initial Mark 366M->366M(494M) 9.039ms
[229.190s][info][gc,cpu       ] GC(78) User=0.11s Sys=0.00s Real=0.01s
[229.190s][info][gc           ] GC(78) Concurrent Mark
[229.190s][info][gc,task      ] GC(78) Using 2 workers of 2 for marking
[229.495s][info][gc           ] GC(78) Concurrent Mark 305.442ms
[229.495s][info][gc,cpu       ] GC(78) User=0.91s Sys=0.00s Real=0.31s
[229.495s][info][gc           ] GC(78) Concurrent Preclean
[229.496s][info][gc           ] GC(78) Concurrent Preclean 0.781ms
[229.496s][info][gc,cpu       ] GC(78) User=0.00s Sys=0.00s Real=0.00s
[229.496s][info][gc           ] GC(78) Concurrent Abortable Preclean
[229.496s][info][gc           ] GC(78) Concurrent Abortable Preclean 0.021ms
[229.496s][info][gc,cpu       ] GC(78) User=0.00s Sys=0.00s Real=0.00s
[229.509s][info][gc,start     ] GC(78) Pause Remark
[229.523s][info][gc           ] GC(78) Pause Remark 366M->366M(494M) 13.754ms
[229.523s][info][gc,cpu       ] GC(78) User=0.00s Sys=0.00s Real=0.01s
[229.523s][info][gc           ] GC(78) Concurrent Sweep
[229.624s][info][gc           ] GC(78) Concurrent Sweep 100.938ms
[229.624s][info][gc,cpu       ] GC(78) User=0.22s Sys=0.00s Real=0.10s
[229.624s][info][gc           ] GC(78) Concurrent Reset
[229.624s][info][gc           ] GC(78) Concurrent Reset 0.273ms
[229.624s][info][gc,cpu       ] GC(78) User=0.00s Sys=0.00s Real=0.00s
[229.624s][info][gc,heap      ] GC(78) Old: 324481K->324481K(349568K)
[231.625s][info][gc,start     ] GC(79) Pause Initial Mark
[231.633s][info][gc           ] GC(79) Pause Initial Mark 366M->366M(494M) 8.237ms
[231.633s][info][gc,cpu       ] GC(79) User=0.00s Sys=0.00s Real=0.01s
[231.633s][info][gc           ] GC(79) Concurrent Mark
[231.633s][info][gc,task      ] GC(79) Using 2 workers of 2 for marking
[231.897s][info][gc           ] GC(79) Concurrent Mark 264.071ms
[231.897s][info][gc,cpu       ] GC(79) User=0.80s Sys=0.00s Real=0.26s
[231.897s][info][gc           ] GC(79) Concurrent Preclean
[231.898s][info][gc           ] GC(79) Concurrent Preclean 0.511ms
[231.898s][info][gc,cpu       ] GC(79) User=0.00s Sys=0.00s Real=0.00s
[231.898s][info][gc           ] GC(79) Concurrent Abortable Preclean
[231.898s][info][gc           ] GC(79) Concurrent Abortable Preclean 0.019ms
[231.898s][info][gc,cpu       ] GC(79) User=0.00s Sys=0.00s Real=0.00s
[231.910s][info][gc,start     ] GC(79) Pause Remark
[231.921s][info][gc           ] GC(79) Pause Remark 366M->366M(494M) 10.232ms
[231.921s][info][gc,cpu       ] GC(79) User=0.00s Sys=0.00s Real=0.00s
[231.921s][info][gc           ] GC(79) Concurrent Sweep
[232.011s][info][gc           ] GC(79) Concurrent Sweep 90.401ms
[232.011s][info][gc,cpu       ] GC(79) User=0.22s Sys=0.00s Real=0.10s
[232.011s][info][gc           ] GC(79) Concurrent Reset
[232.012s][info][gc           ] GC(79) Concurrent Reset 0.357ms
[232.012s][info][gc,cpu       ] GC(79) User=0.00s Sys=0.00s Real=0.00s
[232.012s][info][gc,heap      ] GC(79) Old: 324481K->324481K(349568K)
[234.031s][info][gc,start     ] GC(80) Pause Initial Mark
[234.038s][info][gc           ] GC(80) Pause Initial Mark 366M->366M(494M) 7.040ms
[234.038s][info][gc,cpu       ] GC(80) User=0.00s Sys=0.00s Real=0.01s
[234.038s][info][gc           ] GC(80) Concurrent Mark
[234.038s][info][gc,task      ] GC(80) Using 2 workers of 2 for marking
[234.274s][info][gc           ] GC(80) Concurrent Mark 235.361ms
[234.274s][info][gc,cpu       ] GC(80) User=0.70s Sys=0.00s Real=0.23s
[234.274s][info][gc           ] GC(80) Concurrent Preclean
[234.274s][info][gc           ] GC(80) Concurrent Preclean 0.507ms
[234.274s][info][gc,cpu       ] GC(80) User=0.00s Sys=0.00s Real=0.00s
[234.274s][info][gc           ] GC(80) Concurrent Abortable Preclean
[234.274s][info][gc           ] GC(80) Concurrent Abortable Preclean 0.018ms
[234.274s][info][gc,cpu       ] GC(80) User=0.00s Sys=0.00s Real=0.00s
[234.281s][info][gc,start     ] GC(80) Pause Remark
[234.290s][info][gc           ] GC(80) Pause Remark 366M->366M(494M) 9.019ms
[234.290s][info][gc,cpu       ] GC(80) User=0.00s Sys=0.00s Real=0.00s
[234.290s][info][gc           ] GC(80) Concurrent Sweep
[234.380s][info][gc           ] GC(80) Concurrent Sweep 89.966ms
[234.380s][info][gc,cpu       ] GC(80) User=0.19s Sys=0.00s Real=0.09s
[234.380s][info][gc           ] GC(80) Concurrent Reset
[234.380s][info][gc           ] GC(80) Concurrent Reset 0.290ms
[234.380s][info][gc,cpu       ] GC(80) User=0.00s Sys=0.00s Real=0.00s
[234.380s][info][gc,heap      ] GC(80) Old: 324481K->324481K(349568K)
[236.404s][info][gc,start     ] GC(81) Pause Initial Mark
[236.411s][info][gc           ] GC(81) Pause Initial Mark 366M->366M(494M) 7.402ms
[236.411s][info][gc,cpu       ] GC(81) User=0.00s Sys=0.00s Real=0.00s
[236.411s][info][gc           ] GC(81) Concurrent Mark
[236.411s][info][gc,task      ] GC(81) Using 2 workers of 2 for marking
[236.638s][info][gc           ] GC(81) Concurrent Mark 227.073ms
[236.638s][info][gc,cpu       ] GC(81) User=0.70s Sys=0.00s Real=0.23s
[236.638s][info][gc           ] GC(81) Concurrent Preclean
[236.639s][info][gc           ] GC(81) Concurrent Preclean 0.483ms
[236.639s][info][gc,cpu       ] GC(81) User=0.00s Sys=0.00s Real=0.00s
[236.639s][info][gc           ] GC(81) Concurrent Abortable Preclean
[236.639s][info][gc           ] GC(81) Concurrent Abortable Preclean 0.019ms
[236.639s][info][gc,cpu       ] GC(81) User=0.00s Sys=0.00s Real=0.00s
[236.654s][info][gc,start     ] GC(81) Pause Remark
[236.663s][info][gc           ] GC(81) Pause Remark 366M->366M(494M) 9.378ms
[236.663s][info][gc,cpu       ] GC(81) User=0.00s Sys=0.00s Real=0.00s
[236.663s][info][gc           ] GC(81) Concurrent Sweep
[236.755s][info][gc           ] GC(81) Concurrent Sweep 92.084ms
[236.755s][info][gc,cpu       ] GC(81) User=0.19s Sys=0.00s Real=0.10s
[236.755s][info][gc           ] GC(81) Concurrent Reset
[236.756s][info][gc           ] GC(81) Concurrent Reset 0.276ms
[236.756s][info][gc,cpu       ] GC(81) User=0.00s Sys=0.00s Real=0.00s
[236.756s][info][gc,heap      ] GC(81) Old: 324481K->324481K(349568K)
[238.758s][info][gc,start     ] GC(82) Pause Initial Mark
[238.765s][info][gc           ] GC(82) Pause Initial Mark 367M->367M(494M) 6.849ms
[238.765s][info][gc,cpu       ] GC(82) User=0.13s Sys=0.00s Real=0.01s
[238.765s][info][gc           ] GC(82) Concurrent Mark
[238.765s][info][gc,task      ] GC(82) Using 2 workers of 2 for marking
[238.998s][info][gc           ] GC(82) Concurrent Mark 232.405ms
[238.998s][info][gc,cpu       ] GC(82) User=0.70s Sys=0.00s Real=0.23s
[238.998s][info][gc           ] GC(82) Concurrent Preclean
[238.998s][info][gc           ] GC(82) Concurrent Preclean 0.570ms
[238.998s][info][gc,cpu       ] GC(82) User=0.00s Sys=0.00s Real=0.00s
[238.998s][info][gc           ] GC(82) Concurrent Abortable Preclean
[238.998s][info][gc           ] GC(82) Concurrent Abortable Preclean 0.020ms
[238.998s][info][gc,cpu       ] GC(82) User=0.00s Sys=0.00s Real=0.00s
[239.012s][info][gc,start     ] GC(82) Pause Remark
[239.022s][info][gc           ] GC(82) Pause Remark 367M->367M(494M) 9.652ms
[239.022s][info][gc,cpu       ] GC(82) User=0.00s Sys=0.00s Real=0.00s
[239.022s][info][gc           ] GC(82) Concurrent Sweep
[239.112s][info][gc           ] GC(82) Concurrent Sweep 89.465ms
[239.112s][info][gc,cpu       ] GC(82) User=0.19s Sys=0.00s Real=0.09s
[239.112s][info][gc           ] GC(82) Concurrent Reset
[239.112s][info][gc           ] GC(82) Concurrent Reset 0.260ms
[239.112s][info][gc,cpu       ] GC(82) User=0.00s Sys=0.00s Real=0.00s
[239.112s][info][gc,heap      ] GC(82) Old: 324481K->324481K(349568K)
[241.137s][info][gc,start     ] GC(83) Pause Initial Mark
[241.144s][info][gc           ] GC(83) Pause Initial Mark 367M->367M(494M) 6.986ms
[241.144s][info][gc,cpu       ] GC(83) User=0.00s Sys=0.00s Real=0.00s
[241.144s][info][gc           ] GC(83) Concurrent Mark
[241.144s][info][gc,task      ] GC(83) Using 2 workers of 2 for marking
[241.383s][info][gc           ] GC(83) Concurrent Mark 238.271ms
[241.383s][info][gc,cpu       ] GC(83) User=0.70s Sys=0.00s Real=0.23s
[241.383s][info][gc           ] GC(83) Concurrent Preclean
[241.383s][info][gc           ] GC(83) Concurrent Preclean 0.492ms
[241.383s][info][gc,cpu       ] GC(83) User=0.00s Sys=0.00s Real=0.00s
[241.383s][info][gc           ] GC(83) Concurrent Abortable Preclean
[241.383s][info][gc           ] GC(83) Concurrent Abortable Preclean 0.018ms
[241.383s][info][gc,cpu       ] GC(83) User=0.00s Sys=0.00s Real=0.00s
[241.403s][info][gc,start     ] GC(83) Pause Remark
[241.413s][info][gc           ] GC(83) Pause Remark 367M->367M(494M) 9.913ms
[241.413s][info][gc,cpu       ] GC(83) User=0.00s Sys=0.00s Real=0.00s
[241.413s][info][gc           ] GC(83) Concurrent Sweep
[241.510s][info][gc           ] GC(83) Concurrent Sweep 97.382ms
[241.510s][info][gc,cpu       ] GC(83) User=0.19s Sys=0.00s Real=0.09s
[241.510s][info][gc           ] GC(83) Concurrent Reset
[241.511s][info][gc           ] GC(83) Concurrent Reset 0.270ms
[241.511s][info][gc,cpu       ] GC(83) User=0.00s Sys=0.00s Real=0.00s
[241.511s][info][gc,heap      ] GC(83) Old: 324481K->324481K(349568K)
[243.538s][info][gc,start     ] GC(84) Pause Initial Mark
[243.544s][info][gc           ] GC(84) Pause Initial Mark 367M->367M(494M) 6.211ms
[243.544s][info][gc,cpu       ] GC(84) User=0.00s Sys=0.00s Real=0.00s
[243.544s][info][gc           ] GC(84) Concurrent Mark
[243.544s][info][gc,task      ] GC(84) Using 2 workers of 2 for marking
[243.777s][info][gc           ] GC(84) Concurrent Mark 233.274ms
[243.778s][info][gc,cpu       ] GC(84) User=0.70s Sys=0.00s Real=0.23s
[243.778s][info][gc           ] GC(84) Concurrent Preclean
[243.778s][info][gc           ] GC(84) Concurrent Preclean 0.480ms
[243.778s][info][gc,cpu       ] GC(84) User=0.00s Sys=0.00s Real=0.00s
[243.778s][info][gc           ] GC(84) Concurrent Abortable Preclean
[243.778s][info][gc           ] GC(84) Concurrent Abortable Preclean 0.019ms
[243.778s][info][gc,cpu       ] GC(84) User=0.00s Sys=0.00s Real=0.00s
[243.799s][info][gc,start     ] GC(84) Pause Remark
[243.809s][info][gc           ] GC(84) Pause Remark 367M->367M(494M) 10.771ms
[243.809s][info][gc,cpu       ] GC(84) User=0.00s Sys=0.00s Real=0.00s
[243.809s][info][gc           ] GC(84) Concurrent Sweep
[243.900s][info][gc           ] GC(84) Concurrent Sweep 90.614ms
[243.900s][info][gc,cpu       ] GC(84) User=0.19s Sys=0.00s Real=0.09s
[243.900s][info][gc           ] GC(84) Concurrent Reset
[243.900s][info][gc           ] GC(84) Concurrent Reset 0.251ms
[243.900s][info][gc,cpu       ] GC(84) User=0.00s Sys=0.00s Real=0.00s
[243.900s][info][gc,heap      ] GC(84) Old: 324481K->324481K(349568K)
[245.930s][info][gc,start     ] GC(85) Pause Initial Mark
[245.937s][info][gc           ] GC(85) Pause Initial Mark 367M->367M(494M) 7.028ms
[245.937s][info][gc,cpu       ] GC(85) User=0.13s Sys=0.00s Real=0.01s
[245.937s][info][gc           ] GC(85) Concurrent Mark
[245.937s][info][gc,task      ] GC(85) Using 2 workers of 2 for marking
[246.180s][info][gc           ] GC(85) Concurrent Mark 243.213ms
[246.180s][info][gc,cpu       ] GC(85) User=0.70s Sys=0.00s Real=0.24s
[246.180s][info][gc           ] GC(85) Concurrent Preclean
[246.181s][info][gc           ] GC(85) Concurrent Preclean 0.498ms
[246.181s][info][gc,cpu       ] GC(85) User=0.00s Sys=0.00s Real=0.00s
[246.181s][info][gc           ] GC(85) Concurrent Abortable Preclean
[246.181s][info][gc           ] GC(85) Concurrent Abortable Preclean 0.025ms
[246.181s][info][gc,cpu       ] GC(85) User=0.00s Sys=0.00s Real=0.00s
[246.194s][info][gc,start     ] GC(85) Pause Remark
[246.204s][info][gc           ] GC(85) Pause Remark 367M->367M(494M) 10.256ms
[246.205s][info][gc,cpu       ] GC(85) User=0.00s Sys=0.00s Real=0.00s
[246.205s][info][gc           ] GC(85) Concurrent Sweep
[246.294s][info][gc           ] GC(85) Concurrent Sweep 89.053ms
[246.294s][info][gc,cpu       ] GC(85) User=0.19s Sys=0.00s Real=0.09s
[246.294s][info][gc           ] GC(85) Concurrent Reset
[246.294s][info][gc           ] GC(85) Concurrent Reset 0.264ms
[246.294s][info][gc,cpu       ] GC(85) User=0.00s Sys=0.00s Real=0.00s
[246.294s][info][gc,heap      ] GC(85) Old: 324481K->324481K(349568K)
[248.322s][info][gc,start     ] GC(86) Pause Initial Mark
[248.329s][info][gc           ] GC(86) Pause Initial Mark 367M->367M(494M) 6.908ms
[248.329s][info][gc,cpu       ] GC(86) User=0.00s Sys=0.00s Real=0.00s
[248.329s][info][gc           ] GC(86) Concurrent Mark
[248.329s][info][gc,task      ] GC(86) Using 2 workers of 2 for marking
[248.559s][info][gc           ] GC(86) Concurrent Mark 230.099ms
[248.559s][info][gc,cpu       ] GC(86) User=0.70s Sys=0.00s Real=0.24s
[248.559s][info][gc           ] GC(86) Concurrent Preclean
[248.560s][info][gc           ] GC(86) Concurrent Preclean 0.519ms
[248.560s][info][gc,cpu       ] GC(86) User=0.00s Sys=0.00s Real=0.00s
[248.560s][info][gc           ] GC(86) Concurrent Abortable Preclean
[248.560s][info][gc           ] GC(86) Concurrent Abortable Preclean 0.019ms
[248.560s][info][gc,cpu       ] GC(86) User=0.00s Sys=0.00s Real=0.00s
[248.574s][info][gc,start     ] GC(86) Pause Remark
[248.584s][info][gc           ] GC(86) Pause Remark 367M->367M(494M) 9.640ms
[248.584s][info][gc,cpu       ] GC(86) User=0.00s Sys=0.00s Real=0.00s
[248.584s][info][gc           ] GC(86) Concurrent Sweep
[248.715s][info][gc           ] GC(86) Concurrent Sweep 130.465ms
[248.715s][info][gc,cpu       ] GC(86) User=0.25s Sys=0.00s Real=0.13s
[248.715s][info][gc           ] GC(86) Concurrent Reset
[248.715s][info][gc           ] GC(86) Concurrent Reset 0.336ms
[248.715s][info][gc,cpu       ] GC(86) User=0.00s Sys=0.00s Real=0.00s
[248.715s][info][gc,heap      ] GC(86) Old: 324481K->324481K(349568K)
[250.732s][info][gc,start     ] GC(87) Pause Initial Mark
[250.753s][info][gc           ] GC(87) Pause Initial Mark 367M->367M(494M) 21.103ms
[250.753s][info][gc,cpu       ] GC(87) User=0.13s Sys=0.00s Real=0.02s
[250.753s][info][gc           ] GC(87) Concurrent Mark
[250.753s][info][gc,task      ] GC(87) Using 2 workers of 2 for marking
[251.017s][info][gc           ] GC(87) Concurrent Mark 263.979ms
[251.017s][info][gc,cpu       ] GC(87) User=0.75s Sys=0.00s Real=0.25s
[251.017s][info][gc           ] GC(87) Concurrent Preclean
[251.018s][info][gc           ] GC(87) Concurrent Preclean 0.490ms
[251.018s][info][gc,cpu       ] GC(87) User=0.00s Sys=0.00s Real=0.00s
[251.018s][info][gc           ] GC(87) Concurrent Abortable Preclean
[251.018s][info][gc           ] GC(87) Concurrent Abortable Preclean 0.022ms
[251.018s][info][gc,cpu       ] GC(87) User=0.00s Sys=0.00s Real=0.00s
[251.021s][info][gc,start     ] GC(87) Pause Remark
[251.031s][info][gc           ] GC(87) Pause Remark 367M->367M(494M) 9.432ms
[251.031s][info][gc,cpu       ] GC(87) User=0.13s Sys=0.00s Real=0.01s
[251.031s][info][gc           ] GC(87) Concurrent Sweep
[251.118s][info][gc           ] GC(87) Concurrent Sweep 87.106ms
[251.118s][info][gc,cpu       ] GC(87) User=0.16s Sys=0.00s Real=0.08s
[251.118s][info][gc           ] GC(87) Concurrent Reset
[251.118s][info][gc           ] GC(87) Concurrent Reset 0.261ms
[251.118s][info][gc,cpu       ] GC(87) User=0.00s Sys=0.00s Real=0.00s
[251.118s][info][gc,heap      ] GC(87) Old: 324481K->324481K(349568K)
[253.120s][info][gc,start     ] GC(88) Pause Initial Mark
[253.127s][info][gc           ] GC(88) Pause Initial Mark 367M->367M(494M) 7.004ms
[253.127s][info][gc,cpu       ] GC(88) User=0.00s Sys=0.00s Real=0.01s
[253.127s][info][gc           ] GC(88) Concurrent Mark
[253.127s][info][gc,task      ] GC(88) Using 2 workers of 2 for marking
[253.367s][info][gc           ] GC(88) Concurrent Mark 240.216ms
[253.367s][info][gc,cpu       ] GC(88) User=0.70s Sys=0.00s Real=0.24s
[253.367s][info][gc           ] GC(88) Concurrent Preclean
[253.368s][info][gc           ] GC(88) Concurrent Preclean 0.524ms
[253.368s][info][gc,cpu       ] GC(88) User=0.00s Sys=0.00s Real=0.00s
[253.368s][info][gc           ] GC(88) Concurrent Abortable Preclean
[253.368s][info][gc           ] GC(88) Concurrent Abortable Preclean 0.020ms
[253.368s][info][gc,cpu       ] GC(88) User=0.00s Sys=0.00s Real=0.00s
[253.375s][info][gc,start     ] GC(88) Pause Remark
[253.384s][info][gc           ] GC(88) Pause Remark 367M->367M(494M) 9.329ms
[253.384s][info][gc,cpu       ] GC(88) User=0.02s Sys=0.00s Real=0.01s
[253.384s][info][gc           ] GC(88) Concurrent Sweep
[253.476s][info][gc           ] GC(88) Concurrent Sweep 91.535ms
[253.476s][info][gc,cpu       ] GC(88) User=0.16s Sys=0.00s Real=0.09s
[253.476s][info][gc           ] GC(88) Concurrent Reset
[253.476s][info][gc           ] GC(88) Concurrent Reset 0.305ms
[253.476s][info][gc,cpu       ] GC(88) User=0.00s Sys=0.00s Real=0.00s
[253.476s][info][gc,heap      ] GC(88) Old: 324481K->324481K(349568K)
[255.498s][info][gc,start     ] GC(89) Pause Initial Mark
[255.506s][info][gc           ] GC(89) Pause Initial Mark 367M->367M(494M) 7.688ms
[255.506s][info][gc,cpu       ] GC(89) User=0.00s Sys=0.00s Real=0.00s
[255.506s][info][gc           ] GC(89) Concurrent Mark
[255.506s][info][gc,task      ] GC(89) Using 2 workers of 2 for marking
[255.752s][info][gc           ] GC(89) Concurrent Mark 246.098ms
[255.752s][info][gc,cpu       ] GC(89) User=0.75s Sys=0.00s Real=0.25s
[255.752s][info][gc           ] GC(89) Concurrent Preclean
[255.753s][info][gc           ] GC(89) Concurrent Preclean 0.482ms
[255.753s][info][gc,cpu       ] GC(89) User=0.00s Sys=0.00s Real=0.00s
[255.753s][info][gc           ] GC(89) Concurrent Abortable Preclean
[255.753s][info][gc           ] GC(89) Concurrent Abortable Preclean 0.019ms
[255.753s][info][gc,cpu       ] GC(89) User=0.00s Sys=0.00s Real=0.00s
[255.777s][info][gc,start     ] GC(89) Pause Remark
[255.788s][info][gc           ] GC(89) Pause Remark 367M->367M(494M) 10.608ms
[255.788s][info][gc,cpu       ] GC(89) User=0.00s Sys=0.00s Real=0.00s
[255.788s][info][gc           ] GC(89) Concurrent Sweep
[255.884s][info][gc           ] GC(89) Concurrent Sweep 96.202ms
[255.884s][info][gc,cpu       ] GC(89) User=0.22s Sys=0.00s Real=0.11s
[255.884s][info][gc           ] GC(89) Concurrent Reset
[255.885s][info][gc           ] GC(89) Concurrent Reset 0.292ms
[255.885s][info][gc,cpu       ] GC(89) User=0.00s Sys=0.00s Real=0.00s
[255.885s][info][gc,heap      ] GC(89) Old: 324481K->324481K(349568K)
[257.897s][info][gc,start     ] GC(90) Pause Initial Mark
[257.904s][info][gc           ] GC(90) Pause Initial Mark 367M->367M(494M) 7.444ms
[257.904s][info][gc,cpu       ] GC(90) User=0.13s Sys=0.00s Real=0.01s
[257.904s][info][gc           ] GC(90) Concurrent Mark
[257.904s][info][gc,task      ] GC(90) Using 2 workers of 2 for marking
[258.148s][info][gc           ] GC(90) Concurrent Mark 244.086ms
[258.148s][info][gc,cpu       ] GC(90) User=0.70s Sys=0.00s Real=0.24s
[258.149s][info][gc           ] GC(90) Concurrent Preclean
[258.149s][info][gc           ] GC(90) Concurrent Preclean 0.482ms
[258.149s][info][gc,cpu       ] GC(90) User=0.00s Sys=0.00s Real=0.00s
[258.149s][info][gc           ] GC(90) Concurrent Abortable Preclean
[258.149s][info][gc           ] GC(90) Concurrent Abortable Preclean 0.019ms
[258.149s][info][gc,cpu       ] GC(90) User=0.00s Sys=0.00s Real=0.00s
[258.150s][info][gc,start     ] GC(90) Pause Remark
[258.159s][info][gc           ] GC(90) Pause Remark 367M->367M(494M) 9.405ms
[258.159s][info][gc,cpu       ] GC(90) User=0.02s Sys=0.00s Real=0.02s
[258.159s][info][gc           ] GC(90) Concurrent Sweep
[258.255s][info][gc           ] GC(90) Concurrent Sweep 95.132ms
[258.255s][info][gc,cpu       ] GC(90) User=0.19s Sys=0.00s Real=0.09s
[258.255s][info][gc           ] GC(90) Concurrent Reset
[258.255s][info][gc           ] GC(90) Concurrent Reset 0.263ms
[258.255s][info][gc,cpu       ] GC(90) User=0.00s Sys=0.00s Real=0.00s
[258.255s][info][gc,heap      ] GC(90) Old: 324481K->324481K(349568K)
[260.258s][info][gc,start     ] GC(91) Pause Initial Mark
[260.266s][info][gc           ] GC(91) Pause Initial Mark 367M->367M(494M) 7.381ms
[260.266s][info][gc,cpu       ] GC(91) User=0.13s Sys=0.00s Real=0.01s
[260.266s][info][gc           ] GC(91) Concurrent Mark
[260.266s][info][gc,task      ] GC(91) Using 2 workers of 2 for marking
[260.511s][info][gc           ] GC(91) Concurrent Mark 244.988ms
[260.511s][info][gc,cpu       ] GC(91) User=0.75s Sys=0.00s Real=0.24s
[260.511s][info][gc           ] GC(91) Concurrent Preclean
[260.511s][info][gc           ] GC(91) Concurrent Preclean 0.465ms
[260.511s][info][gc,cpu       ] GC(91) User=0.00s Sys=0.00s Real=0.00s
[260.511s][info][gc           ] GC(91) Concurrent Abortable Preclean
[260.511s][info][gc           ] GC(91) Concurrent Abortable Preclean 0.018ms
[260.511s][info][gc,cpu       ] GC(91) User=0.00s Sys=0.00s Real=0.00s
[260.526s][info][gc,start     ] GC(91) Pause Remark
[260.536s][info][gc           ] GC(91) Pause Remark 367M->367M(494M) 10.513ms
[260.536s][info][gc,cpu       ] GC(91) User=0.00s Sys=0.00s Real=0.00s
[260.536s][info][gc           ] GC(91) Concurrent Sweep
[260.625s][info][gc           ] GC(91) Concurrent Sweep 88.966ms
[260.625s][info][gc,cpu       ] GC(91) User=0.19s Sys=0.00s Real=0.09s
[260.625s][info][gc           ] GC(91) Concurrent Reset
[260.626s][info][gc           ] GC(91) Concurrent Reset 0.274ms
[260.626s][info][gc,cpu       ] GC(91) User=0.00s Sys=0.00s Real=0.00s
[260.626s][info][gc,heap      ] GC(91) Old: 324481K->324481K(349568K)
[262.649s][info][gc,start     ] GC(92) Pause Initial Mark
[262.657s][info][gc           ] GC(92) Pause Initial Mark 368M->368M(494M) 7.436ms
[262.657s][info][gc,cpu       ] GC(92) User=0.00s Sys=0.00s Real=0.00s
[262.657s][info][gc           ] GC(92) Concurrent Mark
[262.657s][info][gc,task      ] GC(92) Using 2 workers of 2 for marking
[262.883s][info][gc           ] GC(92) Concurrent Mark 226.263ms
[262.883s][info][gc,cpu       ] GC(92) User=0.66s Sys=0.00s Real=0.22s
[262.883s][info][gc           ] GC(92) Concurrent Preclean
[262.884s][info][gc           ] GC(92) Concurrent Preclean 0.490ms
[262.884s][info][gc,cpu       ] GC(92) User=0.00s Sys=0.00s Real=0.00s
[262.884s][info][gc           ] GC(92) Concurrent Abortable Preclean
[262.884s][info][gc           ] GC(92) Concurrent Abortable Preclean 0.020ms
[262.884s][info][gc,cpu       ] GC(92) User=0.00s Sys=0.00s Real=0.00s
[262.903s][info][gc,start     ] GC(92) Pause Remark
[262.914s][info][gc           ] GC(92) Pause Remark 368M->368M(494M) 11.416ms
[262.914s][info][gc,cpu       ] GC(92) User=0.00s Sys=0.00s Real=0.00s
[262.914s][info][gc           ] GC(92) Concurrent Sweep
[263.005s][info][gc           ] GC(92) Concurrent Sweep 91.165ms
[263.005s][info][gc,cpu       ] GC(92) User=0.19s Sys=0.00s Real=0.09s
[263.005s][info][gc           ] GC(92) Concurrent Reset
[263.006s][info][gc           ] GC(92) Concurrent Reset 0.290ms
[263.006s][info][gc,cpu       ] GC(92) User=0.00s Sys=0.00s Real=0.00s
[263.006s][info][gc,heap      ] GC(92) Old: 324481K->324481K(349568K)
[265.015s][info][gc,start     ] GC(93) Pause Initial Mark
[265.022s][info][gc           ] GC(93) Pause Initial Mark 368M->368M(494M) 7.094ms
[265.022s][info][gc,cpu       ] GC(93) User=0.00s Sys=0.00s Real=0.01s
[265.022s][info][gc           ] GC(93) Concurrent Mark
[265.022s][info][gc,task      ] GC(93) Using 2 workers of 2 for marking
[265.251s][info][gc           ] GC(93) Concurrent Mark 229.157ms
[265.251s][info][gc,cpu       ] GC(93) User=0.70s Sys=0.00s Real=0.22s
[265.252s][info][gc           ] GC(93) Concurrent Preclean
[265.252s][info][gc           ] GC(93) Concurrent Preclean 0.486ms
[265.252s][info][gc,cpu       ] GC(93) User=0.00s Sys=0.00s Real=0.00s
[265.252s][info][gc           ] GC(93) Concurrent Abortable Preclean
[265.252s][info][gc           ] GC(93) Concurrent Abortable Preclean 0.019ms
[265.252s][info][gc,cpu       ] GC(93) User=0.00s Sys=0.00s Real=0.00s
[265.276s][info][gc,start     ] GC(93) Pause Remark
[265.288s][info][gc           ] GC(93) Pause Remark 368M->368M(494M) 11.283ms
[265.288s][info][gc,cpu       ] GC(93) User=0.00s Sys=0.00s Real=0.00s
[265.288s][info][gc           ] GC(93) Concurrent Sweep
[265.377s][info][gc           ] GC(93) Concurrent Sweep 89.441ms
[265.377s][info][gc,cpu       ] GC(93) User=0.19s Sys=0.00s Real=0.09s
[265.377s][info][gc           ] GC(93) Concurrent Reset
[265.378s][info][gc           ] GC(93) Concurrent Reset 0.255ms
[265.378s][info][gc,cpu       ] GC(93) User=0.00s Sys=0.00s Real=0.00s
[265.378s][info][gc,heap      ] GC(93) Old: 324481K->324481K(349568K)
[267.398s][info][gc,start     ] GC(94) Pause Initial Mark
[267.407s][info][gc           ] GC(94) Pause Initial Mark 368M->368M(494M) 8.790ms
[267.407s][info][gc,cpu       ] GC(94) User=0.00s Sys=0.00s Real=0.00s
[267.407s][info][gc           ] GC(94) Concurrent Mark
[267.407s][info][gc,task      ] GC(94) Using 2 workers of 2 for marking
[267.650s][info][gc           ] GC(94) Concurrent Mark 242.592ms
[267.650s][info][gc,cpu       ] GC(94) User=0.75s Sys=0.00s Real=0.25s
[267.650s][info][gc           ] GC(94) Concurrent Preclean
[267.650s][info][gc           ] GC(94) Concurrent Preclean 0.482ms
[267.650s][info][gc,cpu       ] GC(94) User=0.00s Sys=0.00s Real=0.00s
[267.650s][info][gc           ] GC(94) Concurrent Abortable Preclean
[267.650s][info][gc           ] GC(94) Concurrent Abortable Preclean 0.019ms
[267.650s][info][gc,cpu       ] GC(94) User=0.00s Sys=0.00s Real=0.00s
[267.664s][info][gc,start     ] GC(94) Pause Remark
[267.674s][info][gc           ] GC(94) Pause Remark 368M->368M(494M) 10.094ms
[267.674s][info][gc,cpu       ] GC(94) User=0.00s Sys=0.00s Real=0.00s
[267.674s][info][gc           ] GC(94) Concurrent Sweep
[267.765s][info][gc           ] GC(94) Concurrent Sweep 90.704ms
[267.765s][info][gc,cpu       ] GC(94) User=0.19s Sys=0.00s Real=0.09s
[267.765s][info][gc           ] GC(94) Concurrent Reset
[267.765s][info][gc           ] GC(94) Concurrent Reset 0.259ms
[267.765s][info][gc,cpu       ] GC(94) User=0.00s Sys=0.00s Real=0.00s
[267.765s][info][gc,heap      ] GC(94) Old: 324481K->324481K(349568K)
[269.775s][info][gc,start     ] GC(95) Pause Initial Mark
[269.783s][info][gc           ] GC(95) Pause Initial Mark 368M->368M(494M) 8.051ms
[269.783s][info][gc,cpu       ] GC(95) User=0.00s Sys=0.00s Real=0.01s
[269.783s][info][gc           ] GC(95) Concurrent Mark
[269.783s][info][gc,task      ] GC(95) Using 2 workers of 2 for marking
[270.082s][info][gc           ] GC(95) Concurrent Mark 299.003ms
[270.082s][info][gc,cpu       ] GC(95) User=0.89s Sys=0.00s Real=0.30s
[270.082s][info][gc           ] GC(95) Concurrent Preclean
[270.083s][info][gc           ] GC(95) Concurrent Preclean 0.823ms
[270.083s][info][gc,cpu       ] GC(95) User=0.00s Sys=0.00s Real=0.00s
[270.083s][info][gc           ] GC(95) Concurrent Abortable Preclean
[270.083s][info][gc           ] GC(95) Concurrent Abortable Preclean 0.033ms
[270.083s][info][gc,cpu       ] GC(95) User=0.00s Sys=0.00s Real=0.00s
[270.094s][info][gc,start     ] GC(95) Pause Remark
[270.105s][info][gc           ] GC(95) Pause Remark 368M->368M(494M) 11.105ms
[270.105s][info][gc,cpu       ] GC(95) User=0.09s Sys=0.00s Real=0.01s
[270.105s][info][gc           ] GC(95) Concurrent Sweep
[270.247s][info][gc           ] GC(95) Concurrent Sweep 141.828ms
[270.247s][info][gc,cpu       ] GC(95) User=0.28s Sys=0.00s Real=0.14s
[270.247s][info][gc           ] GC(95) Concurrent Reset
[270.248s][info][gc           ] GC(95) Concurrent Reset 0.718ms
[270.248s][info][gc,cpu       ] GC(95) User=0.00s Sys=0.00s Real=0.00s
[270.248s][info][gc,heap      ] GC(95) Old: 324481K->324481K(349568K)
[272.278s][info][gc,start     ] GC(96) Pause Initial Mark
[272.286s][info][gc           ] GC(96) Pause Initial Mark 368M->368M(494M) 7.617ms
[272.286s][info][gc,cpu       ] GC(96) User=0.00s Sys=0.00s Real=0.00s
[272.286s][info][gc           ] GC(96) Concurrent Mark
[272.286s][info][gc,task      ] GC(96) Using 2 workers of 2 for marking
[272.537s][info][gc           ] GC(96) Concurrent Mark 250.693ms
[272.537s][info][gc,cpu       ] GC(96) User=0.75s Sys=0.00s Real=0.26s
[272.537s][info][gc           ] GC(96) Concurrent Preclean
[272.537s][info][gc           ] GC(96) Concurrent Preclean 0.514ms
[272.537s][info][gc,cpu       ] GC(96) User=0.00s Sys=0.00s Real=0.00s
[272.537s][info][gc           ] GC(96) Concurrent Abortable Preclean
[272.538s][info][gc           ] GC(96) Concurrent Abortable Preclean 0.021ms
[272.538s][info][gc,cpu       ] GC(96) User=0.00s Sys=0.00s Real=0.00s
[272.541s][info][gc,start     ] GC(96) Pause Remark
[272.552s][info][gc           ] GC(96) Pause Remark 368M->368M(494M) 10.965ms
[272.552s][info][gc,cpu       ] GC(96) User=0.00s Sys=0.00s Real=0.01s
[272.552s][info][gc           ] GC(96) Concurrent Sweep
[272.648s][info][gc           ] GC(96) Concurrent Sweep 95.946ms
[272.648s][info][gc,cpu       ] GC(96) User=0.19s Sys=0.00s Real=0.10s
[272.648s][info][gc           ] GC(96) Concurrent Reset
[272.648s][info][gc           ] GC(96) Concurrent Reset 0.313ms
[272.648s][info][gc,cpu       ] GC(96) User=0.00s Sys=0.00s Real=0.00s
[272.648s][info][gc,heap      ] GC(96) Old: 324481K->324481K(349568K)
[274.654s][info][gc,start     ] GC(97) Pause Initial Mark
[274.663s][info][gc           ] GC(97) Pause Initial Mark 368M->368M(494M) 8.753ms
[274.663s][info][gc,cpu       ] GC(97) User=0.00s Sys=0.00s Real=0.01s
[274.663s][info][gc           ] GC(97) Concurrent Mark
[274.663s][info][gc,task      ] GC(97) Using 2 workers of 2 for marking
[274.895s][info][gc           ] GC(97) Concurrent Mark 232.260ms
[274.896s][info][gc,cpu       ] GC(97) User=0.70s Sys=0.00s Real=0.22s
[274.896s][info][gc           ] GC(97) Concurrent Preclean
[274.896s][info][gc           ] GC(97) Concurrent Preclean 0.485ms
[274.896s][info][gc,cpu       ] GC(97) User=0.00s Sys=0.00s Real=0.00s
[274.896s][info][gc           ] GC(97) Concurrent Abortable Preclean
[274.896s][info][gc           ] GC(97) Concurrent Abortable Preclean 0.019ms
[274.896s][info][gc,cpu       ] GC(97) User=0.00s Sys=0.00s Real=0.00s
[274.902s][info][gc,start     ] GC(97) Pause Remark
[274.913s][info][gc           ] GC(97) Pause Remark 368M->368M(494M) 11.008ms
[274.913s][info][gc,cpu       ] GC(97) User=0.00s Sys=0.00s Real=0.00s
[274.913s][info][gc           ] GC(97) Concurrent Sweep
[275.003s][info][gc           ] GC(97) Concurrent Sweep 89.027ms
[275.003s][info][gc,cpu       ] GC(97) User=0.19s Sys=0.00s Real=0.09s
[275.003s][info][gc           ] GC(97) Concurrent Reset
[275.003s][info][gc           ] GC(97) Concurrent Reset 0.293ms
[275.003s][info][gc,cpu       ] GC(97) User=0.00s Sys=0.00s Real=0.00s
[275.003s][info][gc,heap      ] GC(97) Old: 324481K->324481K(349568K)
[277.012s][info][gc,start     ] GC(98) Pause Initial Mark
[277.020s][info][gc           ] GC(98) Pause Initial Mark 373M->373M(494M) 7.783ms
[277.020s][info][gc,cpu       ] GC(98) User=0.00s Sys=0.00s Real=0.01s
[277.020s][info][gc           ] GC(98) Concurrent Mark
[277.020s][info][gc,task      ] GC(98) Using 2 workers of 2 for marking
[277.258s][info][gc           ] GC(98) Concurrent Mark 237.515ms
[277.258s][info][gc,cpu       ] GC(98) User=0.69s Sys=0.00s Real=0.24s
[277.258s][info][gc           ] GC(98) Concurrent Preclean
[277.258s][info][gc           ] GC(98) Concurrent Preclean 0.503ms
[277.258s][info][gc,cpu       ] GC(98) User=0.00s Sys=0.00s Real=0.00s
[277.258s][info][gc           ] GC(98) Concurrent Abortable Preclean
[277.258s][info][gc           ] GC(98) Concurrent Abortable Preclean 0.018ms
[277.258s][info][gc,cpu       ] GC(98) User=0.00s Sys=0.00s Real=0.00s
[277.263s][info][gc,start     ] GC(98) Pause Remark
[277.273s][info][gc           ] GC(98) Pause Remark 373M->373M(494M) 10.386ms
[277.274s][info][gc,cpu       ] GC(98) User=0.00s Sys=0.00s Real=0.01s
[277.274s][info][gc           ] GC(98) Concurrent Sweep
[277.367s][info][gc           ] GC(98) Concurrent Sweep 93.573ms
[277.367s][info][gc,cpu       ] GC(98) User=0.19s Sys=0.00s Real=0.08s
[277.367s][info][gc           ] GC(98) Concurrent Reset
[277.368s][info][gc           ] GC(98) Concurrent Reset 0.264ms
[277.368s][info][gc,cpu       ] GC(98) User=0.00s Sys=0.00s Real=0.00s
[277.368s][info][gc,heap      ] GC(98) Old: 324481K->324481K(349568K)
[279.394s][info][gc,start     ] GC(99) Pause Initial Mark
[279.402s][info][gc           ] GC(99) Pause Initial Mark 373M->373M(494M) 8.135ms
[279.402s][info][gc,cpu       ] GC(99) User=0.00s Sys=0.00s Real=0.00s
[279.402s][info][gc           ] GC(99) Concurrent Mark
[279.402s][info][gc,task      ] GC(99) Using 2 workers of 2 for marking
[279.617s][info][gc           ] GC(99) Concurrent Mark 215.662ms
[279.618s][info][gc,cpu       ] GC(99) User=0.66s Sys=0.00s Real=0.22s
[279.618s][info][gc           ] GC(99) Concurrent Preclean
[279.618s][info][gc           ] GC(99) Concurrent Preclean 0.500ms
[279.618s][info][gc,cpu       ] GC(99) User=0.00s Sys=0.00s Real=0.00s
[279.618s][info][gc           ] GC(99) Concurrent Abortable Preclean
[279.618s][info][gc           ] GC(99) Concurrent Abortable Preclean 0.019ms
[279.618s][info][gc,cpu       ] GC(99) User=0.00s Sys=0.00s Real=0.00s
[279.627s][info][gc,start     ] GC(99) Pause Remark
[279.637s][info][gc           ] GC(99) Pause Remark 373M->373M(494M) 9.860ms
[279.637s][info][gc,cpu       ] GC(99) User=0.00s Sys=0.00s Real=0.00s
[279.637s][info][gc           ] GC(99) Concurrent Sweep
[279.731s][info][gc           ] GC(99) Concurrent Sweep 93.398ms
[279.731s][info][gc,cpu       ] GC(99) User=0.19s Sys=0.00s Real=0.10s
[279.731s][info][gc           ] GC(99) Concurrent Reset
[279.731s][info][gc           ] GC(99) Concurrent Reset 0.334ms
[279.731s][info][gc,cpu       ] GC(99) User=0.00s Sys=0.00s Real=0.00s
[279.731s][info][gc,heap      ] GC(99) Old: 324481K->324481K(349568K)
[281.751s][info][gc,start     ] GC(100) Pause Initial Mark
[281.759s][info][gc           ] GC(100) Pause Initial Mark 373M->373M(494M) 7.675ms
[281.759s][info][gc,cpu       ] GC(100) User=0.00s Sys=0.00s Real=0.01s
[281.759s][info][gc           ] GC(100) Concurrent Mark
[281.759s][info][gc,task      ] GC(100) Using 2 workers of 2 for marking
[282.005s][info][gc           ] GC(100) Concurrent Mark 246.524ms
[282.005s][info][gc,cpu       ] GC(100) User=0.75s Sys=0.00s Real=0.25s
[282.005s][info][gc           ] GC(100) Concurrent Preclean
[282.006s][info][gc           ] GC(100) Concurrent Preclean 0.530ms
[282.006s][info][gc,cpu       ] GC(100) User=0.00s Sys=0.00s Real=0.00s
[282.006s][info][gc           ] GC(100) Concurrent Abortable Preclean
[282.006s][info][gc           ] GC(100) Concurrent Abortable Preclean 0.018ms
[282.006s][info][gc,cpu       ] GC(100) User=0.00s Sys=0.00s Real=0.00s
[282.011s][info][gc,start     ] GC(100) Pause Remark
[282.022s][info][gc           ] GC(100) Pause Remark 373M->373M(494M) 10.495ms
[282.022s][info][gc,cpu       ] GC(100) User=0.00s Sys=0.00s Real=0.01s
[282.022s][info][gc           ] GC(100) Concurrent Sweep
[282.125s][info][gc           ] GC(100) Concurrent Sweep 103.638ms
[282.125s][info][gc,cpu       ] GC(100) User=0.22s Sys=0.00s Real=0.10s
[282.125s][info][gc           ] GC(100) Concurrent Reset
[282.126s][info][gc           ] GC(100) Concurrent Reset 0.279ms
[282.126s][info][gc,cpu       ] GC(100) User=0.00s Sys=0.00s Real=0.00s
[282.126s][info][gc,heap      ] GC(100) Old: 324481K->324481K(349568K)
[284.152s][info][gc,start     ] GC(101) Pause Initial Mark
[284.173s][info][gc           ] GC(101) Pause Initial Mark 373M->373M(494M) 20.495ms
[284.173s][info][gc,cpu       ] GC(101) User=0.13s Sys=0.00s Real=0.02s
[284.173s][info][gc           ] GC(101) Concurrent Mark
[284.173s][info][gc,task      ] GC(101) Using 2 workers of 2 for marking
[284.446s][info][gc           ] GC(101) Concurrent Mark 272.752ms
[284.446s][info][gc,cpu       ] GC(101) User=0.80s Sys=0.00s Real=0.28s
[284.446s][info][gc           ] GC(101) Concurrent Preclean
[284.446s][info][gc           ] GC(101) Concurrent Preclean 0.517ms
[284.446s][info][gc,cpu       ] GC(101) User=0.00s Sys=0.00s Real=0.00s
[284.446s][info][gc           ] GC(101) Concurrent Abortable Preclean
[284.446s][info][gc           ] GC(101) Concurrent Abortable Preclean 0.019ms
[284.446s][info][gc,cpu       ] GC(101) User=0.00s Sys=0.00s Real=0.00s
[284.455s][info][gc,start     ] GC(101) Pause Remark
[284.466s][info][gc           ] GC(101) Pause Remark 373M->373M(494M) 11.258ms
[284.466s][info][gc,cpu       ] GC(101) User=0.13s Sys=0.00s Real=0.01s
[284.466s][info][gc           ] GC(101) Concurrent Sweep
[284.565s][info][gc           ] GC(101) Concurrent Sweep 98.343ms
[284.565s][info][gc,cpu       ] GC(101) User=0.19s Sys=0.00s Real=0.10s
[284.565s][info][gc           ] GC(101) Concurrent Reset
[284.565s][info][gc           ] GC(101) Concurrent Reset 0.383ms
[284.565s][info][gc,cpu       ] GC(101) User=0.00s Sys=0.00s Real=0.00s
[284.565s][info][gc,heap      ] GC(101) Old: 324481K->324481K(349568K)
[286.577s][info][gc,start     ] GC(102) Pause Initial Mark
[286.584s][info][gc           ] GC(102) Pause Initial Mark 374M->374M(494M) 7.673ms
[286.584s][info][gc,cpu       ] GC(102) User=0.00s Sys=0.00s Real=0.01s
[286.584s][info][gc           ] GC(102) Concurrent Mark
[286.584s][info][gc,task      ] GC(102) Using 2 workers of 2 for marking
[286.827s][info][gc           ] GC(102) Concurrent Mark 242.650ms
[286.827s][info][gc,cpu       ] GC(102) User=0.75s Sys=0.00s Real=0.24s
[286.827s][info][gc           ] GC(102) Concurrent Preclean
[286.828s][info][gc           ] GC(102) Concurrent Preclean 0.538ms
[286.828s][info][gc,cpu       ] GC(102) User=0.00s Sys=0.00s Real=0.00s
[286.828s][info][gc           ] GC(102) Concurrent Abortable Preclean
[286.828s][info][gc           ] GC(102) Concurrent Abortable Preclean 0.018ms
[286.828s][info][gc,cpu       ] GC(102) User=0.00s Sys=0.00s Real=0.00s
[286.829s][info][gc,start     ] GC(102) Pause Remark
[286.839s][info][gc           ] GC(102) Pause Remark 374M->374M(494M) 10.576ms
[286.839s][info][gc,cpu       ] GC(102) User=0.11s Sys=0.00s Real=0.01s
[286.839s][info][gc           ] GC(102) Concurrent Sweep
[286.932s][info][gc           ] GC(102) Concurrent Sweep 92.585ms
[286.932s][info][gc,cpu       ] GC(102) User=0.19s Sys=0.00s Real=0.09s
[286.932s][info][gc           ] GC(102) Concurrent Reset
[286.932s][info][gc           ] GC(102) Concurrent Reset 0.375ms
[286.932s][info][gc,cpu       ] GC(102) User=0.00s Sys=0.00s Real=0.00s
[286.932s][info][gc,heap      ] GC(102) Old: 324481K->324481K(349568K)
[288.936s][info][gc,start     ] GC(103) Pause Initial Mark
[288.944s][info][gc           ] GC(103) Pause Initial Mark 374M->374M(494M) 7.411ms
[288.944s][info][gc,cpu       ] GC(103) User=0.00s Sys=0.00s Real=0.01s
[288.944s][info][gc           ] GC(103) Concurrent Mark
[288.944s][info][gc,task      ] GC(103) Using 2 workers of 2 for marking
[289.186s][info][gc           ] GC(103) Concurrent Mark 242.691ms
[289.186s][info][gc,cpu       ] GC(103) User=0.73s Sys=0.00s Real=0.24s
[289.187s][info][gc           ] GC(103) Concurrent Preclean
[289.187s][info][gc           ] GC(103) Concurrent Preclean 0.696ms
[289.187s][info][gc,cpu       ] GC(103) User=0.00s Sys=0.00s Real=0.00s
[289.187s][info][gc           ] GC(103) Concurrent Abortable Preclean
[289.187s][info][gc           ] GC(103) Concurrent Abortable Preclean 0.019ms
[289.187s][info][gc,cpu       ] GC(103) User=0.00s Sys=0.00s Real=0.00s
[289.190s][info][gc,start     ] GC(103) Pause Remark
[289.201s][info][gc           ] GC(103) Pause Remark 374M->374M(494M) 10.343ms
[289.201s][info][gc,cpu       ] GC(103) User=0.13s Sys=0.00s Real=0.01s
[289.201s][info][gc           ] GC(103) Concurrent Sweep
[289.292s][info][gc           ] GC(103) Concurrent Sweep 91.254ms
[289.292s][info][gc,cpu       ] GC(103) User=0.19s Sys=0.00s Real=0.09s
[289.292s][info][gc           ] GC(103) Concurrent Reset
[289.293s][info][gc           ] GC(103) Concurrent Reset 0.264ms
[289.293s][info][gc,cpu       ] GC(103) User=0.00s Sys=0.00s Real=0.00s
[289.293s][info][gc,heap      ] GC(103) Old: 324481K->324481K(349568K)
[291.300s][info][gc,start     ] GC(104) Pause Initial Mark
[291.308s][info][gc           ] GC(104) Pause Initial Mark 374M->374M(494M) 7.889ms
[291.308s][info][gc,cpu       ] GC(104) User=0.13s Sys=0.00s Real=0.01s
[291.308s][info][gc           ] GC(104) Concurrent Mark
[291.308s][info][gc,task      ] GC(104) Using 2 workers of 2 for marking
[291.551s][info][gc           ] GC(104) Concurrent Mark 243.637ms
[291.552s][info][gc,cpu       ] GC(104) User=0.70s Sys=0.00s Real=0.24s
[291.552s][info][gc           ] GC(104) Concurrent Preclean
[291.552s][info][gc           ] GC(104) Concurrent Preclean 0.486ms
[291.552s][info][gc,cpu       ] GC(104) User=0.00s Sys=0.00s Real=0.00s
[291.552s][info][gc           ] GC(104) Concurrent Abortable Preclean
[291.552s][info][gc           ] GC(104) Concurrent Abortable Preclean 0.026ms
[291.552s][info][gc,cpu       ] GC(104) User=0.00s Sys=0.00s Real=0.00s
[291.563s][info][gc,start     ] GC(104) Pause Remark
[291.574s][info][gc           ] GC(104) Pause Remark 374M->374M(494M) 10.500ms
[291.574s][info][gc,cpu       ] GC(104) User=0.09s Sys=0.00s Real=0.01s
[291.574s][info][gc           ] GC(104) Concurrent Sweep
[291.668s][info][gc           ] GC(104) Concurrent Sweep 94.578ms
[291.668s][info][gc,cpu       ] GC(104) User=0.19s Sys=0.00s Real=0.10s
[291.668s][info][gc           ] GC(104) Concurrent Reset
[291.669s][info][gc           ] GC(104) Concurrent Reset 0.372ms
[291.669s][info][gc,cpu       ] GC(104) User=0.00s Sys=0.00s Real=0.00s
[291.669s][info][gc,heap      ] GC(104) Old: 324481K->324481K(349568K)
[293.672s][info][gc,start     ] GC(105) Pause Initial Mark
[293.679s][info][gc           ] GC(105) Pause Initial Mark 374M->374M(494M) 7.865ms
[293.679s][info][gc,cpu       ] GC(105) User=0.00s Sys=0.00s Real=0.01s
[293.679s][info][gc           ] GC(105) Concurrent Mark
[293.679s][info][gc,task      ] GC(105) Using 2 workers of 2 for marking
[293.916s][info][gc           ] GC(105) Concurrent Mark 236.590ms
[293.916s][info][gc,cpu       ] GC(105) User=0.75s Sys=0.00s Real=0.24s
[293.916s][info][gc           ] GC(105) Concurrent Preclean
[293.917s][info][gc           ] GC(105) Concurrent Preclean 0.476ms
[293.917s][info][gc,cpu       ] GC(105) User=0.00s Sys=0.00s Real=0.00s
[293.917s][info][gc           ] GC(105) Concurrent Abortable Preclean
[293.917s][info][gc           ] GC(105) Concurrent Abortable Preclean 0.019ms
[293.917s][info][gc,cpu       ] GC(105) User=0.00s Sys=0.00s Real=0.00s
[293.917s][info][gc,start     ] GC(105) Pause Remark
[293.928s][info][gc           ] GC(105) Pause Remark 374M->374M(494M) 10.386ms
[293.928s][info][gc,cpu       ] GC(105) User=0.00s Sys=0.00s Real=0.01s
[293.928s][info][gc           ] GC(105) Concurrent Sweep
[294.021s][info][gc           ] GC(105) Concurrent Sweep 93.023ms
[294.021s][info][gc,cpu       ] GC(105) User=0.19s Sys=0.00s Real=0.09s
[294.021s][info][gc           ] GC(105) Concurrent Reset
[294.021s][info][gc           ] GC(105) Concurrent Reset 0.369ms
[294.021s][info][gc,cpu       ] GC(105) User=0.00s Sys=0.00s Real=0.00s
[294.021s][info][gc,heap      ] GC(105) Old: 324481K->324481K(349568K)
[296.031s][info][gc,start     ] GC(106) Pause Initial Mark
[296.039s][info][gc           ] GC(106) Pause Initial Mark 374M->374M(494M) 8.130ms
[296.039s][info][gc,cpu       ] GC(106) User=0.00s Sys=0.00s Real=0.01s
[296.039s][info][gc           ] GC(106) Concurrent Mark
[296.039s][info][gc,task      ] GC(106) Using 2 workers of 2 for marking
[296.280s][info][gc           ] GC(106) Concurrent Mark 240.353ms
[296.280s][info][gc,cpu       ] GC(106) User=0.75s Sys=0.00s Real=0.24s
[296.280s][info][gc           ] GC(106) Concurrent Preclean
[296.280s][info][gc           ] GC(106) Concurrent Preclean 0.492ms
[296.280s][info][gc,cpu       ] GC(106) User=0.00s Sys=0.00s Real=0.00s
[296.280s][info][gc           ] GC(106) Concurrent Abortable Preclean
[296.280s][info][gc           ] GC(106) Concurrent Abortable Preclean 0.022ms
[296.280s][info][gc,cpu       ] GC(106) User=0.00s Sys=0.00s Real=0.00s
[296.281s][info][gc,start     ] GC(106) Pause Remark
[296.292s][info][gc           ] GC(106) Pause Remark 374M->374M(494M) 10.705ms
[296.292s][info][gc,cpu       ] GC(106) User=0.13s Sys=0.00s Real=0.01s
[296.292s][info][gc           ] GC(106) Concurrent Sweep
[296.384s][info][gc           ] GC(106) Concurrent Sweep 91.447ms
[296.384s][info][gc,cpu       ] GC(106) User=0.16s Sys=0.00s Real=0.09s
[296.384s][info][gc           ] GC(106) Concurrent Reset
[296.384s][info][gc           ] GC(106) Concurrent Reset 0.255ms
[296.384s][info][gc,cpu       ] GC(106) User=0.00s Sys=0.00s Real=0.00s
[296.384s][info][gc,heap      ] GC(106) Old: 324481K->324481K(349568K)
[298.393s][info][gc,start     ] GC(107) Pause Initial Mark
[298.401s][info][gc           ] GC(107) Pause Initial Mark 374M->374M(494M) 7.814ms
[298.401s][info][gc,cpu       ] GC(107) User=0.05s Sys=0.00s Real=0.01s
[298.401s][info][gc           ] GC(107) Concurrent Mark
[298.401s][info][gc,task      ] GC(107) Using 2 workers of 2 for marking
[298.632s][info][gc           ] GC(107) Concurrent Mark 230.908ms
[298.632s][info][gc,cpu       ] GC(107) User=0.66s Sys=0.00s Real=0.23s
[298.632s][info][gc           ] GC(107) Concurrent Preclean
[298.632s][info][gc           ] GC(107) Concurrent Preclean 0.503ms
[298.632s][info][gc,cpu       ] GC(107) User=0.00s Sys=0.00s Real=0.00s
[298.632s][info][gc           ] GC(107) Concurrent Abortable Preclean
[298.632s][info][gc           ] GC(107) Concurrent Abortable Preclean 0.016ms
[298.632s][info][gc,cpu       ] GC(107) User=0.00s Sys=0.00s Real=0.00s
[298.636s][info][gc,start     ] GC(107) Pause Remark
[298.647s][info][gc           ] GC(107) Pause Remark 374M->374M(494M) 10.424ms
[298.647s][info][gc,cpu       ] GC(107) User=0.00s Sys=0.00s Real=0.01s
[298.647s][info][gc           ] GC(107) Concurrent Sweep
[298.739s][info][gc           ] GC(107) Concurrent Sweep 92.491ms
[298.739s][info][gc,cpu       ] GC(107) User=0.19s Sys=0.00s Real=0.09s
[298.739s][info][gc           ] GC(107) Concurrent Reset
[298.740s][info][gc           ] GC(107) Concurrent Reset 0.268ms
[298.740s][info][gc,cpu       ] GC(107) User=0.00s Sys=0.00s Real=0.00s
[298.740s][info][gc,heap      ] GC(107) Old: 324481K->324481K(349568K)
[300.360s][info][gc,heap,exit ] Heap
[300.360s][info][gc,heap,exit ]  par new generation   total 157248K, used 60468K [0x00000000e0000000, 0x00000000eaaa0000, 0x00000000eaaa0000)
[300.360s][info][gc,heap,exit ]   eden space 139776K,  30% used [0x00000000e0000000, 0x00000000e29fd0a0, 0x00000000e8880000)
[300.360s][info][gc,heap,exit ]   from space 17472K, 100% used [0x00000000e8880000, 0x00000000e9990000, 0x00000000e9990000)
[300.360s][info][gc,heap,exit ]   to   space 17472K,   0% used [0x00000000e9990000, 0x00000000e9990000, 0x00000000eaaa0000)
[300.360s][info][gc,heap,exit ]  concurrent mark-sweep generation total 349568K, used 324481K [0x00000000eaaa0000, 0x0000000100000000, 0x0000000100000000)
[300.360s][info][gc,heap,exit ]  Metaspace       used 14777K, capacity 15399K, committed 15616K, reserved 1062912K
[300.360s][info][gc,heap,exit ]   class space    used 1513K, capacity 1716K, committed 1792K, reserved 1048576K
