[0.011s][info][gc] Using Serial
[0.011s][info][gc,heap,coops] Heap address: 0x00000000f0000000, size: 256 MB, Compressed Oops mode: 32-bit
[0.378s][info][gc,start     ] GC(0) Pause Young (Allocation Failure)
[0.476s][info][gc,heap      ] GC(0) DefNew: 69952K->8704K(78656K)
[0.476s][info][gc,heap      ] GC(0) Tenured: 0K->51619K(174784K)
[0.476s][info][gc,metaspace ] GC(0) Metaspace: 10380K->10380K(1058816K)
[0.476s][info][gc           ] GC(0) Pause Young (Allocation Failure) 68M->58M(247M) 97.628ms
[0.476s][info][gc,cpu       ] GC(0) User=0.08s Sys=0.02s Real=0.09s
[0.497s][info][gc,start     ] GC(1) Pause Young (Allocation Failure)
[0.620s][info][gc,heap      ] GC(1) DefNew: 78656K->8703K(78656K)
[0.620s][info][gc,heap      ] GC(1) Tenured: 51619K->119672K(174784K)
[0.620s][info][gc,metaspace ] GC(1) Metaspace: 10380K->10380K(1058816K)
[0.620s][info][gc           ] GC(1) Pause Young (Allocation Failure) 127M->125M(247M) 123.029ms
[0.620s][info][gc,cpu       ] GC(1) User=0.09s Sys=0.02s Real=0.13s
[0.641s][info][gc,start     ] GC(2) Pause Young (Allocation Failure)
[0.641s][info][gc,start     ] GC(3) Pause Full (Allocation Failure)
[0.641s][info][gc,phases,start] GC(3) Phase 1: Mark live objects
[0.823s][info][gc,phases      ] GC(3) Phase 1: Mark live objects 182.058ms
[0.823s][info][gc,phases,start] GC(3) Phase 2: Compute new object addresses
[0.902s][info][gc,phases      ] GC(3) Phase 2: Compute new object addresses 78.715ms
[0.902s][info][gc,phases,start] GC(3) Phase 3: Adjust pointers
[0.995s][info][gc,phases      ] GC(3) Phase 3: Adjust pointers 92.812ms
[0.995s][info][gc,phases,start] GC(3) Phase 4: Move objects
[1.054s][info][gc,phases      ] GC(3) Phase 4: Move objects 58.852ms
[1.054s][info][gc             ] GC(3) Pause Full (Allocation Failure) 193M->191M(247M) 413.018ms
[1.054s][info][gc,heap        ] GC(2) DefNew: 78655K->21650K(78656K)
[1.054s][info][gc,heap        ] GC(2) Tenured: 119672K->174783K(174784K)
[1.054s][info][gc,metaspace   ] GC(2) Metaspace: 10380K->10380K(1058816K)
[1.054s][info][gc             ] GC(2) Pause Young (Allocation Failure) 193M->191M(247M) 413.152ms
[1.054s][info][gc,cpu         ] GC(2) User=0.38s Sys=0.03s Real=0.41s
[37.778s][info][gc,start       ] GC(4) Pause Full (Allocation Failure)
[37.778s][info][gc,phases,start] GC(4) Phase 1: Mark live objects
[37.975s][info][gc,phases      ] GC(4) Phase 1: Mark live objects 197.360ms
[37.975s][info][gc,phases,start] GC(4) Phase 2: Compute new object addresses
[38.058s][info][gc,phases      ] GC(4) Phase 2: Compute new object addresses 82.650ms
[38.058s][info][gc,phases,start] GC(4) Phase 3: Adjust pointers
[38.152s][info][gc,phases      ] GC(4) Phase 3: Adjust pointers 94.397ms
[38.152s][info][gc,phases,start] GC(4) Phase 4: Move objects
[38.167s][info][gc,phases      ] GC(4) Phase 4: Move objects 14.575ms
[38.167s][info][gc,heap        ] GC(4) DefNew: 78655K->66759K(78656K)
[38.167s][info][gc,heap        ] GC(4) Tenured: 174783K->174783K(174784K)
[38.167s][info][gc,metaspace   ] GC(4) Metaspace: 14268K->14268K(1062912K)
[38.167s][info][gc             ] GC(4) Pause Full (Allocation Failure) 247M->235M(247M) 389.623ms
[38.167s][info][gc,cpu         ] GC(4) User=0.36s Sys=0.03s Real=0.40s
[90.658s][info][gc,start       ] GC(5) Pause Full (Allocation Failure)
[90.658s][info][gc,phases,start] GC(5) Phase 1: Mark live objects
[90.857s][info][gc,phases      ] GC(5) Phase 1: Mark live objects 199.434ms
[90.857s][info][gc,phases,start] GC(5) Phase 2: Compute new object addresses
[90.948s][info][gc,phases      ] GC(5) Phase 2: Compute new object addresses 90.535ms
[90.948s][info][gc,phases,start] GC(5) Phase 3: Adjust pointers
[91.047s][info][gc,phases      ] GC(5) Phase 3: Adjust pointers 99.149ms
[91.047s][info][gc,phases,start] GC(5) Phase 4: Move objects
[91.052s][info][gc,phases      ] GC(5) Phase 4: Move objects 5.001ms
[91.053s][info][gc,heap        ] GC(5) DefNew: 78656K->73709K(78656K)
[91.053s][info][gc,heap        ] GC(5) Tenured: 174784K->174784K(174784K)
[91.053s][info][gc,metaspace   ] GC(5) Metaspace: 14773K->14773K(1062912K)
[91.053s][info][gc             ] GC(5) Pause Full (Allocation Failure) 247M->242M(247M) 395.207ms
[91.053s][info][gc,cpu         ] GC(5) User=0.39s Sys=0.00s Real=0.40s
[122.677s][info][gc,start       ] GC(6) Pause Full (Allocation Failure)
[122.677s][info][gc,phases,start] GC(6) Phase 1: Mark live objects
[122.890s][info][gc,phases      ] GC(6) Phase 1: Mark live objects 212.676ms
[122.890s][info][gc,phases,start] GC(6) Phase 2: Compute new object addresses
[122.980s][info][gc,phases      ] GC(6) Phase 2: Compute new object addresses 89.889ms
[122.980s][info][gc,phases,start] GC(6) Phase 3: Adjust pointers
[123.094s][info][gc,phases      ] GC(6) Phase 3: Adjust pointers 114.306ms
[123.094s][info][gc,phases,start] GC(6) Phase 4: Move objects
[123.165s][info][gc,phases      ] GC(6) Phase 4: Move objects 71.139ms
[123.166s][info][gc,heap        ] GC(6) DefNew: 78655K->76854K(78656K)
[123.166s][info][gc,heap        ] GC(6) Tenured: 174784K->174783K(174784K)
[123.166s][info][gc,metaspace   ] GC(6) Metaspace: 14470K->14470K(1062912K)
[123.166s][info][gc             ] GC(6) Pause Full (Allocation Failure) 247M->245M(247M) 488.927ms
[123.166s][info][gc,cpu         ] GC(6) User=0.45s Sys=0.03s Real=0.49s
[134.272s][info][gc,start       ] GC(7) Pause Full (Allocation Failure)
[134.272s][info][gc,phases,start] GC(7) Phase 1: Mark live objects
[134.481s][info][gc,phases      ] GC(7) Phase 1: Mark live objects 209.201ms
[134.481s][info][gc,phases,start] GC(7) Phase 2: Compute new object addresses
[134.570s][info][gc,phases      ] GC(7) Phase 2: Compute new object addresses 88.709ms
[134.570s][info][gc,phases,start] GC(7) Phase 3: Adjust pointers
[134.670s][info][gc,phases      ] GC(7) Phase 3: Adjust pointers 99.569ms
[134.670s][info][gc,phases,start] GC(7) Phase 4: Move objects
[134.676s][info][gc,phases      ] GC(7) Phase 4: Move objects 6.131ms
[134.676s][info][gc,heap        ] GC(7) DefNew: 78655K->78056K(78656K)
[134.676s][info][gc,heap        ] GC(7) Tenured: 174783K->174783K(174784K)
[134.677s][info][gc,metaspace   ] GC(7) Metaspace: 14405K->14405K(1062912K)
[134.677s][info][gc             ] GC(7) Pause Full (Allocation Failure) 247M->246M(247M) 404.589ms
[134.677s][info][gc,cpu         ] GC(7) User=0.38s Sys=0.03s Real=0.40s
[138.479s][info][gc,start       ] GC(8) Pause Full (Allocation Failure)
[138.479s][info][gc,phases,start] GC(8) Phase 1: Mark live objects
[138.690s][info][gc,phases      ] GC(8) Phase 1: Mark live objects 210.216ms
[138.690s][info][gc,phases,start] GC(8) Phase 2: Compute new object addresses
[138.781s][info][gc,phases      ] GC(8) Phase 2: Compute new object addresses 91.606ms
[138.781s][info][gc,phases,start] GC(8) Phase 3: Adjust pointers
[138.881s][info][gc,phases      ] GC(8) Phase 3: Adjust pointers 99.881ms
[138.881s][info][gc,phases,start] GC(8) Phase 4: Move objects
[138.887s][info][gc,phases      ] GC(8) Phase 4: Move objects 5.299ms
[138.887s][info][gc,heap        ] GC(8) DefNew: 78655K->78453K(78656K)
[138.887s][info][gc,heap        ] GC(8) Tenured: 174783K->174783K(174784K)
[138.887s][info][gc,metaspace   ] GC(8) Metaspace: 14406K->14406K(1062912K)
[138.887s][info][gc             ] GC(8) Pause Full (Allocation Failure) 247M->247M(247M) 407.921ms
[138.887s][info][gc,cpu         ] GC(8) User=0.39s Sys=0.03s Real=0.41s
[140.628s][info][gc,start       ] GC(9) Pause Full (Allocation Failure)
[140.628s][info][gc,phases,start] GC(9) Phase 1: Mark live objects
[140.834s][info][gc,phases      ] GC(9) Phase 1: Mark live objects 205.989ms
[140.834s][info][gc,phases,start] GC(9) Phase 2: Compute new object addresses
[140.922s][info][gc,phases      ] GC(9) Phase 2: Compute new object addresses 88.168ms
[140.922s][info][gc,phases,start] GC(9) Phase 3: Adjust pointers
[141.024s][info][gc,phases      ] GC(9) Phase 3: Adjust pointers 101.835ms
[141.024s][info][gc,phases,start] GC(9) Phase 4: Move objects
[141.024s][info][gc,phases      ] GC(9) Phase 4: Move objects 0.076ms
[141.024s][info][gc,heap        ] GC(9) DefNew: 78656K->78644K(78656K)
[141.025s][info][gc,heap        ] GC(9) Tenured: 174783K->174783K(174784K)
[141.025s][info][gc,metaspace   ] GC(9) Metaspace: 14404K->14404K(1062912K)
[141.025s][info][gc             ] GC(9) Pause Full (Allocation Failure) 247M->247M(247M) 396.707ms
[141.025s][info][gc,cpu         ] GC(9) User=0.38s Sys=0.02s Real=0.40s
[141.031s][info][gc,start       ] GC(10) Pause Full (Allocation Failure)
[141.032s][info][gc,phases,start] GC(10) Phase 1: Mark live objects
[141.241s][info][gc,phases      ] GC(10) Phase 1: Mark live objects 209.149ms
[141.241s][info][gc,phases,start] GC(10) Phase 2: Compute new object addresses
[141.331s][info][gc,phases      ] GC(10) Phase 2: Compute new object addresses 90.370ms
[141.331s][info][gc,phases,start] GC(10) Phase 3: Adjust pointers
[141.446s][info][gc,phases      ] GC(10) Phase 3: Adjust pointers 115.234ms
[141.447s][info][gc,phases,start] GC(10) Phase 4: Move objects
[141.513s][info][gc,phases      ] GC(10) Phase 4: Move objects 66.170ms
[141.513s][info][gc,heap        ] GC(10) DefNew: 78655K->78651K(78656K)
[141.513s][info][gc,heap        ] GC(10) Tenured: 174783K->174783K(174784K)
[141.513s][info][gc,metaspace   ] GC(10) Metaspace: 14404K->14404K(1062912K)
[141.513s][info][gc             ] GC(10) Pause Full (Allocation Failure) 247M->247M(247M) 481.896ms
[141.513s][info][gc,cpu         ] GC(10) User=0.48s Sys=0.00s Real=0.48s
[141.520s][info][gc,start       ] GC(11) Pause Full (Allocation Failure)
[141.520s][info][gc,phases,start] GC(11) Phase 1: Mark live objects
[141.729s][info][gc,phases      ] GC(11) Phase 1: Mark live objects 209.078ms
[141.729s][info][gc,phases,start] GC(11) Phase 2: Compute new object addresses
[141.820s][info][gc,phases      ] GC(11) Phase 2: Compute new object addresses 90.056ms
[141.820s][info][gc,phases,start] GC(11) Phase 3: Adjust pointers
[141.918s][info][gc,phases      ] GC(11) Phase 3: Adjust pointers 98.701ms
[141.918s][info][gc,phases,start] GC(11) Phase 4: Move objects
[141.918s][info][gc,phases      ] GC(11) Phase 4: Move objects 0.018ms
[141.919s][info][gc,heap        ] GC(11) DefNew: 78655K->78654K(78656K)
[141.919s][info][gc,heap        ] GC(11) Tenured: 174783K->174783K(174784K)
[141.919s][info][gc,metaspace   ] GC(11) Metaspace: 14404K->14404K(1062912K)
[141.919s][info][gc             ] GC(11) Pause Full (Allocation Failure) 247M->247M(247M) 398.592ms
[141.919s][info][gc,cpu         ] GC(11) User=0.39s Sys=0.02s Real=0.40s
[141.919s][info][gc,start       ] GC(12) Pause Full (Allocation Failure)
[141.919s][info][gc,phases,start] GC(12) Phase 1: Mark live objects
[142.127s][info][gc,phases      ] GC(12) Phase 1: Mark live objects 207.766ms
[142.127s][info][gc,phases,start] GC(12) Phase 2: Compute new object addresses
[142.219s][info][gc,phases      ] GC(12) Phase 2: Compute new object addresses 91.468ms
[142.219s][info][gc,phases,start] GC(12) Phase 3: Adjust pointers
[142.317s][info][gc,phases      ] GC(12) Phase 3: Adjust pointers 98.127ms
[142.317s][info][gc,phases,start] GC(12) Phase 4: Move objects
[142.317s][info][gc,phases      ] GC(12) Phase 4: Move objects 0.015ms
[142.317s][info][gc,heap        ] GC(12) DefNew: 78655K->78655K(78656K)
[142.317s][info][gc,heap        ] GC(12) Tenured: 174783K->174783K(174784K)
[142.317s][info][gc,metaspace   ] GC(12) Metaspace: 14404K->14404K(1062912K)
[142.317s][info][gc             ] GC(12) Pause Full (Allocation Failure) 247M->247M(247M) 398.406ms
[142.317s][info][gc,cpu         ] GC(12) User=0.36s Sys=0.03s Real=0.40s
[142.317s][info][gc,start       ] GC(13) Pause Full (Allocation Failure)
[142.318s][info][gc,phases,start] GC(13) Phase 1: Mark live objects
[142.527s][info][gc,phases      ] GC(13) Phase 1: Mark live objects 209.541ms
[142.527s][info][gc,phases,start] GC(13) Phase 2: Compute new object addresses
[142.618s][info][gc,phases      ] GC(13) Phase 2: Compute new object addresses 90.477ms
[142.618s][info][gc,phases,start] GC(13) Phase 3: Adjust pointers
[142.731s][info][gc,phases      ] GC(13) Phase 3: Adjust pointers 113.604ms
[142.731s][info][gc,phases,start] GC(13) Phase 4: Move objects
[142.801s][info][gc,phases      ] GC(13) Phase 4: Move objects 69.585ms
[142.801s][info][gc,heap        ] GC(13) DefNew: 78655K->78622K(78656K)
[142.801s][info][gc,heap        ] GC(13) Tenured: 174783K->174784K(174784K)
[142.801s][info][gc,metaspace   ] GC(13) Metaspace: 14404K->14404K(1062912K)
[142.801s][info][gc             ] GC(13) Pause Full (Allocation Failure) 247M->247M(247M) 483.993ms
[142.802s][info][gc,cpu         ] GC(13) User=0.47s Sys=0.02s Real=0.48s
[142.809s][info][gc,start       ] GC(14) Pause Full (Allocation Failure)
[142.809s][info][gc,phases,start] GC(14) Phase 1: Mark live objects
[143.014s][info][gc,phases      ] GC(14) Phase 1: Mark live objects 205.336ms
[143.014s][info][gc,phases,start] GC(14) Phase 2: Compute new object addresses
[143.107s][info][gc,phases      ] GC(14) Phase 2: Compute new object addresses 92.422ms
[143.107s][info][gc,phases,start] GC(14) Phase 3: Adjust pointers
[143.222s][info][gc,phases      ] GC(14) Phase 3: Adjust pointers 114.888ms
[143.222s][info][gc,phases,start] GC(14) Phase 4: Move objects
[143.292s][info][gc,phases      ] GC(14) Phase 4: Move objects 70.107ms
[143.293s][info][gc,heap        ] GC(14) DefNew: 78655K->78639K(78656K)
[143.293s][info][gc,heap        ] GC(14) Tenured: 174784K->174784K(174784K)
[143.293s][info][gc,metaspace   ] GC(14) Metaspace: 14332K->14332K(1062912K)
[143.293s][info][gc             ] GC(14) Pause Full (Allocation Failure) 247M->247M(247M) 483.944ms
[143.293s][info][gc,cpu         ] GC(14) User=0.44s Sys=0.03s Real=0.48s
[143.300s][info][gc,start       ] GC(15) Pause Full (Allocation Failure)
[143.301s][info][gc,phases,start] GC(15) Phase 1: Mark live objects
[143.507s][info][gc,phases      ] GC(15) Phase 1: Mark live objects 206.035ms
[143.507s][info][gc,phases,start] GC(15) Phase 2: Compute new object addresses
[143.596s][info][gc,phases      ] GC(15) Phase 2: Compute new object addresses 89.331ms
[143.596s][info][gc,phases,start] GC(15) Phase 3: Adjust pointers
[143.695s][info][gc,phases      ] GC(15) Phase 3: Adjust pointers 99.153ms
[143.695s][info][gc,phases,start] GC(15) Phase 4: Move objects
[143.695s][info][gc,phases      ] GC(15) Phase 4: Move objects 0.028ms
[143.696s][info][gc,heap        ] GC(15) DefNew: 78655K->78642K(78656K)
[143.696s][info][gc,heap        ] GC(15) Tenured: 174784K->174784K(174784K)
[143.696s][info][gc,metaspace   ] GC(15) Metaspace: 14340K->14340K(1062912K)
[143.696s][info][gc             ] GC(15) Pause Full (Allocation Failure) 247M->247M(247M) 395.206ms
[143.696s][info][gc,cpu         ] GC(15) User=0.39s Sys=0.00s Real=0.39s
[143.702s][info][gc,start       ] GC(16) Pause Full (Allocation Failure)
[143.703s][info][gc,phases,start] GC(16) Phase 1: Mark live objects
[143.912s][info][gc,phases      ] GC(16) Phase 1: Mark live objects 209.747ms
[143.912s][info][gc,phases,start] GC(16) Phase 2: Compute new object addresses
[144.003s][info][gc,phases      ] GC(16) Phase 2: Compute new object addresses 90.438ms
[144.003s][info][gc,phases,start] GC(16) Phase 3: Adjust pointers
[144.105s][info][gc,phases      ] GC(16) Phase 3: Adjust pointers 101.729ms
[144.105s][info][gc,phases,start] GC(16) Phase 4: Move objects
[144.105s][info][gc,phases      ] GC(16) Phase 4: Move objects 0.020ms
[144.105s][info][gc,heap        ] GC(16) DefNew: 78655K->78654K(78656K)
[144.105s][info][gc,heap        ] GC(16) Tenured: 174784K->174784K(174784K)
[144.105s][info][gc,metaspace   ] GC(16) Metaspace: 14340K->14340K(1062912K)
[144.105s][info][gc             ] GC(16) Pause Full (Allocation Failure) 247M->247M(247M) 402.500ms
[144.105s][info][gc,cpu         ] GC(16) User=0.39s Sys=0.00s Real=0.40s
[144.113s][info][gc,start       ] GC(17) Pause Full (Allocation Failure)
[144.114s][info][gc,phases,start] GC(17) Phase 1: Mark live objects
[144.322s][info][gc,phases      ] GC(17) Phase 1: Mark live objects 208.016ms
[144.322s][info][gc,phases,start] GC(17) Phase 2: Compute new object addresses
[144.415s][info][gc,phases      ] GC(17) Phase 2: Compute new object addresses 93.276ms
[144.415s][info][gc,phases,start] GC(17) Phase 3: Adjust pointers
[144.516s][info][gc,phases      ] GC(17) Phase 3: Adjust pointers 100.757ms
[144.516s][info][gc,phases,start] GC(17) Phase 4: Move objects
[144.516s][info][gc,phases      ] GC(17) Phase 4: Move objects 0.020ms
[144.516s][info][gc,heap        ] GC(17) DefNew: 78655K->78655K(78656K)
[144.516s][info][gc,heap        ] GC(17) Tenured: 174784K->174784K(174784K)
[144.516s][info][gc,metaspace   ] GC(17) Metaspace: 14340K->14340K(1062912K)
[144.516s][info][gc             ] GC(17) Pause Full (Allocation Failure) 247M->247M(247M) 402.758ms
[144.516s][info][gc,cpu         ] GC(17) User=0.41s Sys=0.00s Real=0.40s
[144.516s][info][gc,start       ] GC(18) Pause Full (Allocation Failure)
[144.517s][info][gc,phases,start] GC(18) Phase 1: Mark live objects
[144.723s][info][gc,phases      ] GC(18) Phase 1: Mark live objects 206.082ms
[144.723s][info][gc,phases,start] GC(18) Phase 2: Compute new object addresses
[144.813s][info][gc,phases      ] GC(18) Phase 2: Compute new object addresses 90.542ms
[144.813s][info][gc,phases,start] GC(18) Phase 3: Adjust pointers
[144.915s][info][gc,phases      ] GC(18) Phase 3: Adjust pointers 102.084ms
[144.915s][info][gc,phases,start] GC(18) Phase 4: Move objects
[144.915s][info][gc,phases      ] GC(18) Phase 4: Move objects 0.015ms
[144.916s][info][gc,heap        ] GC(18) DefNew: 78655K->78655K(78656K)
[144.916s][info][gc,heap        ] GC(18) Tenured: 174784K->174784K(174784K)
[144.916s][info][gc,metaspace   ] GC(18) Metaspace: 14341K->14341K(1062912K)
[144.916s][info][gc             ] GC(18) Pause Full (Allocation Failure) 247M->247M(247M) 399.315ms
[144.916s][info][gc,cpu         ] GC(18) User=0.36s Sys=0.03s Real=0.40s
[144.916s][info][gc,start       ] GC(19) Pause Full (Allocation Failure)
[144.916s][info][gc,phases,start] GC(19) Phase 1: Mark live objects
[145.126s][info][gc,phases      ] GC(19) Phase 1: Mark live objects 209.833ms
[145.126s][info][gc,phases,start] GC(19) Phase 2: Compute new object addresses
[145.216s][info][gc,phases      ] GC(19) Phase 2: Compute new object addresses 90.601ms
[145.217s][info][gc,phases,start] GC(19) Phase 3: Adjust pointers
[145.316s][info][gc,phases      ] GC(19) Phase 3: Adjust pointers 99.466ms
[145.316s][info][gc,phases,start] GC(19) Phase 4: Move objects
[145.316s][info][gc,phases      ] GC(19) Phase 4: Move objects 0.051ms
[145.316s][info][gc,heap        ] GC(19) DefNew: 78655K->78654K(78656K)
[145.316s][info][gc,heap        ] GC(19) Tenured: 174784K->174784K(174784K)
[145.316s][info][gc,metaspace   ] GC(19) Metaspace: 14341K->14341K(1062912K)
[145.316s][info][gc             ] GC(19) Pause Full (Allocation Failure) 247M->247M(247M) 400.663ms
[145.316s][info][gc,cpu         ] GC(19) User=0.39s Sys=0.02s Real=0.40s
[145.317s][info][gc,start       ] GC(20) Pause Full (Allocation Failure)
[145.317s][info][gc,phases,start] GC(20) Phase 1: Mark live objects
[145.533s][info][gc,phases      ] GC(20) Phase 1: Mark live objects 216.327ms
[145.533s][info][gc,phases,start] GC(20) Phase 2: Compute new object addresses
[145.623s][info][gc,phases      ] GC(20) Phase 2: Compute new object addresses 89.571ms
[145.623s][info][gc,phases,start] GC(20) Phase 3: Adjust pointers
[145.726s][info][gc,phases      ] GC(20) Phase 3: Adjust pointers 103.212ms
[145.726s][info][gc,phases,start] GC(20) Phase 4: Move objects
[145.726s][info][gc,phases      ] GC(20) Phase 4: Move objects 0.016ms
[145.726s][info][gc,heap        ] GC(20) DefNew: 78655K->78655K(78656K)
[145.726s][info][gc,heap        ] GC(20) Tenured: 174784K->174784K(174784K)
[145.727s][info][gc,metaspace   ] GC(20) Metaspace: 14341K->14341K(1062912K)
[145.727s][info][gc             ] GC(20) Pause Full (Allocation Failure) 247M->247M(247M) 409.802ms
[145.727s][info][gc,cpu         ] GC(20) User=0.38s Sys=0.03s Real=0.41s
[145.727s][info][gc,start       ] GC(21) Pause Full (Allocation Failure)
[145.727s][info][gc,phases,start] GC(21) Phase 1: Mark live objects
[145.935s][info][gc,phases      ] GC(21) Phase 1: Mark live objects 207.953ms
[145.935s][info][gc,phases,start] GC(21) Phase 2: Compute new object addresses
[146.025s][info][gc,phases      ] GC(21) Phase 2: Compute new object addresses 90.583ms
[146.026s][info][gc,phases,start] GC(21) Phase 3: Adjust pointers
[146.127s][info][gc,phases      ] GC(21) Phase 3: Adjust pointers 101.281ms
[146.127s][info][gc,phases,start] GC(21) Phase 4: Move objects
[146.127s][info][gc,phases      ] GC(21) Phase 4: Move objects 0.016ms
[146.127s][info][gc,heap        ] GC(21) DefNew: 78655K->78655K(78656K)
[146.127s][info][gc,heap        ] GC(21) Tenured: 174784K->174784K(174784K)
[146.127s][info][gc,metaspace   ] GC(21) Metaspace: 14341K->14341K(1062912K)
[146.127s][info][gc             ] GC(21) Pause Full (Allocation Failure) 247M->247M(247M) 400.460ms
[146.127s][info][gc,cpu         ] GC(21) User=0.39s Sys=0.02s Real=0.40s
[146.127s][info][gc,start       ] GC(22) Pause Full (Allocation Failure)
[146.127s][info][gc,phases,start] GC(22) Phase 1: Mark live objects
[146.332s][info][gc,phases      ] GC(22) Phase 1: Mark live objects 204.486ms
[146.332s][info][gc,phases,start] GC(22) Phase 2: Compute new object addresses
[146.422s][info][gc,phases      ] GC(22) Phase 2: Compute new object addresses 90.376ms
[146.422s][info][gc,phases,start] GC(22) Phase 3: Adjust pointers
[146.526s][info][gc,phases      ] GC(22) Phase 3: Adjust pointers 103.391ms
[146.526s][info][gc,phases,start] GC(22) Phase 4: Move objects
[146.526s][info][gc,phases      ] GC(22) Phase 4: Move objects 0.024ms
[146.526s][info][gc,heap        ] GC(22) DefNew: 78655K->78655K(78656K)
[146.526s][info][gc,heap        ] GC(22) Tenured: 174784K->174784K(174784K)
[146.526s][info][gc,metaspace   ] GC(22) Metaspace: 14341K->14341K(1062912K)
[146.526s][info][gc             ] GC(22) Pause Full (Allocation Failure) 247M->247M(247M) 399.077ms
[146.526s][info][gc,cpu         ] GC(22) User=0.39s Sys=0.00s Real=0.40s
[146.527s][info][gc,start       ] GC(23) Pause Full (Allocation Failure)
[146.527s][info][gc,phases,start] GC(23) Phase 1: Mark live objects
[146.752s][info][gc,phases      ] GC(23) Phase 1: Mark live objects 224.789ms
[146.752s][info][gc,phases,start] GC(23) Phase 2: Compute new object addresses
[146.842s][info][gc,phases      ] GC(23) Phase 2: Compute new object addresses 89.866ms
[146.842s][info][gc,phases,start] GC(23) Phase 3: Adjust pointers
[146.940s][info][gc,phases      ] GC(23) Phase 3: Adjust pointers 98.749ms
[146.940s][info][gc,phases,start] GC(23) Phase 4: Move objects
[146.940s][info][gc,phases      ] GC(23) Phase 4: Move objects 0.015ms
[146.941s][info][gc,heap        ] GC(23) DefNew: 78655K->78655K(78656K)
[146.941s][info][gc,heap        ] GC(23) Tenured: 174784K->174784K(174784K)
[146.941s][info][gc,metaspace   ] GC(23) Metaspace: 14341K->14341K(1062912K)
[146.941s][info][gc             ] GC(23) Pause Full (Allocation Failure) 247M->247M(247M) 414.070ms
[146.941s][info][gc,cpu         ] GC(23) User=0.39s Sys=0.03s Real=0.41s
[146.941s][info][gc,start       ] GC(24) Pause Full (Allocation Failure)
[146.941s][info][gc,phases,start] GC(24) Phase 1: Mark live objects
[147.160s][info][gc,phases      ] GC(24) Phase 1: Mark live objects 219.398ms
[147.160s][info][gc,phases,start] GC(24) Phase 2: Compute new object addresses
[147.250s][info][gc,phases      ] GC(24) Phase 2: Compute new object addresses 89.983ms
[147.250s][info][gc,phases,start] GC(24) Phase 3: Adjust pointers
[147.365s][info][gc,phases      ] GC(24) Phase 3: Adjust pointers 114.897ms
[147.365s][info][gc,phases,start] GC(24) Phase 4: Move objects
[147.432s][info][gc,phases      ] GC(24) Phase 4: Move objects 66.984ms
[147.433s][info][gc,heap        ] GC(24) DefNew: 78655K->78654K(78656K)
[147.433s][info][gc,heap        ] GC(24) Tenured: 174784K->174783K(174784K)
[147.433s][info][gc,metaspace   ] GC(24) Metaspace: 14341K->14341K(1062912K)
[147.433s][info][gc             ] GC(24) Pause Full (Allocation Failure) 247M->247M(247M) 492.059ms
[147.433s][info][gc,cpu         ] GC(24) User=0.44s Sys=0.05s Real=0.49s
[147.433s][info][gc,start       ] GC(25) Pause Full (Allocation Failure)
[147.434s][info][gc,phases,start] GC(25) Phase 1: Mark live objects
[147.437s][info][gc,phases      ] GC(25) Phase 1: Mark live objects 3.384ms
[147.437s][info][gc,phases,start] GC(25) Phase 2: Compute new object addresses
[147.499s][info][gc,phases      ] GC(25) Phase 2: Compute new object addresses 62.266ms
[147.499s][info][gc,phases,start] GC(25) Phase 3: Adjust pointers
[147.502s][info][gc,phases      ] GC(25) Phase 3: Adjust pointers 2.507ms
[147.502s][info][gc,phases,start] GC(25) Phase 4: Move objects
[147.502s][info][gc,phases      ] GC(25) Phase 4: Move objects 0.737ms
[147.503s][info][gc,heap        ] GC(25) DefNew: 78655K->0K(78656K)
[147.503s][info][gc,heap        ] GC(25) Tenured: 174783K->2456K(174784K)
[147.503s][info][gc,metaspace   ] GC(25) Metaspace: 14341K->14341K(1062912K)
[147.503s][info][gc             ] GC(25) Pause Full (Allocation Failure) 247M->2M(247M) 69.623ms
[147.503s][info][gc,cpu         ] GC(25) User=0.08s Sys=0.00s Real=0.07s
[147.505s][info][gc,heap,exit   ] Heap
[147.505s][info][gc,heap,exit   ]  def new generation   total 78656K, used 4440K [0x00000000f0000000, 0x00000000f5550000, 0x00000000f5550000)
[147.505s][info][gc,heap,exit   ]   eden space 69952K,   6% used [0x00000000f0000000, 0x00000000f0456160, 0x00000000f4450000)
[147.505s][info][gc,heap,exit   ]   from space 8704K,   0% used [0x00000000f4450000, 0x00000000f4450000, 0x00000000f4cd0000)
[147.505s][info][gc,heap,exit   ]   to   space 8704K,   0% used [0x00000000f4cd0000, 0x00000000f4cd0000, 0x00000000f5550000)
[147.505s][info][gc,heap,exit   ]  tenured generation   total 174784K, used 2456K [0x00000000f5550000, 0x0000000100000000, 0x0000000100000000)
[147.505s][info][gc,heap,exit   ]    the space 174784K,   1% used [0x00000000f5550000, 0x00000000f57b6370, 0x00000000f57b6400, 0x0000000100000000)
[147.505s][info][gc,heap,exit   ]  Metaspace       used 14371K, capacity 14803K, committed 15616K, reserved 1062912K
[147.505s][info][gc,heap,exit   ]   class space    used 1424K, capacity 1542K, committed 1792K, reserved 1048576K
