[0.011s][info][gc,heap] Heap region size: 1M
[0.020s][info][gc     ] Using G1
[0.020s][info][gc,heap,coops] Heap address: 0x00000000f0000000, size: 256 MB, Compressed Oops mode: 32-bit
[0.383s][info][gc,start     ] GC(0) Pause Young (Normal) (G1 Evacuation Pause)
[0.383s][info][gc,task      ] GC(0) Using 6 workers of 8 for evacuation
[0.455s][info][gc,phases    ] GC(0)   Pre Evacuate Collection Set: 0.0ms
[0.455s][info][gc,phases    ] GC(0)   Evacuate Collection Set: 70.9ms
[0.455s][info][gc,phases    ] GC(0)   Post Evacuate Collection Set: 0.6ms
[0.455s][info][gc,phases    ] GC(0)   Other: 0.5ms
[0.459s][info][gc,heap      ] GC(0) Eden regions: 24->0(11)
[0.459s][info][gc,heap      ] GC(0) Survivor regions: 0->3(3)
[0.459s][info][gc,heap      ] GC(0) Old regions: 0->16
[0.459s][info][gc,heap      ] GC(0) Humongous regions: 0->0
[0.459s][info][gc,metaspace ] GC(0) Metaspace: 10379K->10379K(1058816K)
[0.459s][info][gc           ] GC(0) Pause Young (Normal) (G1 Evacuation Pause) 24M->18M(256M) 76.249ms
[0.459s][info][gc,cpu       ] GC(0) User=0.47s Sys=0.00s Real=0.08s
[0.464s][info][gc,start     ] GC(1) Pause Young (Normal) (G1 Evacuation Pause)
[0.464s][info][gc,task      ] GC(1) Using 6 workers of 8 for evacuation
[0.509s][info][gc,phases    ] GC(1)   Pre Evacuate Collection Set: 0.0ms
[0.509s][info][gc,phases    ] GC(1)   Evacuate Collection Set: 44.9ms
[0.509s][info][gc,phases    ] GC(1)   Post Evacuate Collection Set: 0.2ms
[0.509s][info][gc,phases    ] GC(1)   Other: 0.1ms
[0.509s][info][gc,heap      ] GC(1) Eden regions: 11->0(19)
[0.509s][info][gc,heap      ] GC(1) Survivor regions: 3->2(2)
[0.509s][info][gc,heap      ] GC(1) Old regions: 16->29
[0.509s][info][gc,heap      ] GC(1) Humongous regions: 0->0
[0.509s][info][gc,metaspace ] GC(1) Metaspace: 10379K->10379K(1058816K)
[0.509s][info][gc           ] GC(1) Pause Young (Normal) (G1 Evacuation Pause) 29M->31M(256M) 45.280ms
[0.509s][info][gc,cpu       ] GC(1) User=0.27s Sys=0.02s Real=0.05s
[0.520s][info][gc,start     ] GC(2) Pause Young (Normal) (G1 Evacuation Pause)
[0.520s][info][gc,task      ] GC(2) Using 6 workers of 8 for evacuation
[0.599s][info][gc,phases    ] GC(2)   Pre Evacuate Collection Set: 0.0ms
[0.599s][info][gc,phases    ] GC(2)   Evacuate Collection Set: 78.6ms
[0.599s][info][gc,phases    ] GC(2)   Post Evacuate Collection Set: 0.2ms
[0.599s][info][gc,phases    ] GC(2)   Other: 0.1ms
[0.599s][info][gc,heap      ] GC(2) Eden regions: 19->0(28)
[0.599s][info][gc,heap      ] GC(2) Survivor regions: 2->3(3)
[0.599s][info][gc,heap      ] GC(2) Old regions: 29->48
[0.599s][info][gc,heap      ] GC(2) Humongous regions: 0->0
[0.599s][info][gc,metaspace ] GC(2) Metaspace: 10379K->10379K(1058816K)
[0.599s][info][gc           ] GC(2) Pause Young (Normal) (G1 Evacuation Pause) 50M->50M(256M) 79.118ms
[0.599s][info][gc,cpu       ] GC(2) User=0.44s Sys=0.02s Real=0.08s
[0.614s][info][gc,start     ] GC(3) Pause Young (Normal) (G1 Evacuation Pause)
[0.614s][info][gc,task      ] GC(3) Using 6 workers of 8 for evacuation
[0.731s][info][gc,phases    ] GC(3)   Pre Evacuate Collection Set: 0.0ms
[0.731s][info][gc,phases    ] GC(3)   Evacuate Collection Set: 117.3ms
[0.731s][info][gc,phases    ] GC(3)   Post Evacuate Collection Set: 0.1ms
[0.731s][info][gc,phases    ] GC(3)   Other: 0.1ms
[0.731s][info][gc,heap      ] GC(3) Eden regions: 28->0(31)
[0.731s][info][gc,heap      ] GC(3) Survivor regions: 3->4(4)
[0.731s][info][gc,heap      ] GC(3) Old regions: 48->76
[0.731s][info][gc,heap      ] GC(3) Humongous regions: 0->0
[0.731s][info][gc,metaspace ] GC(3) Metaspace: 10379K->10379K(1058816K)
[0.731s][info][gc           ] GC(3) Pause Young (Normal) (G1 Evacuation Pause) 78M->79M(256M) 117.706ms
[0.731s][info][gc,cpu       ] GC(3) User=0.64s Sys=0.02s Real=0.12s
[0.746s][info][gc,start     ] GC(4) Pause Young (Normal) (G1 Evacuation Pause)
[0.746s][info][gc,task      ] GC(4) Using 6 workers of 8 for evacuation
[0.879s][info][gc,phases    ] GC(4)   Pre Evacuate Collection Set: 0.0ms
[0.879s][info][gc,phases    ] GC(4)   Evacuate Collection Set: 133.0ms
[0.879s][info][gc,phases    ] GC(4)   Post Evacuate Collection Set: 0.2ms
[0.880s][info][gc,phases    ] GC(4)   Other: 0.1ms
[0.880s][info][gc,heap      ] GC(4) Eden regions: 31->0(34)
[0.880s][info][gc,heap      ] GC(4) Survivor regions: 4->5(5)
[0.880s][info][gc,heap      ] GC(4) Old regions: 76->106
[0.880s][info][gc,heap      ] GC(4) Humongous regions: 0->0
[0.880s][info][gc,metaspace ] GC(4) Metaspace: 10379K->10379K(1058816K)
[0.880s][info][gc           ] GC(4) Pause Young (Normal) (G1 Evacuation Pause) 110M->111M(256M) 133.540ms
[0.880s][info][gc,cpu       ] GC(4) User=0.83s Sys=0.02s Real=0.13s
[0.896s][info][gc,start     ] GC(5) Pause Young (Normal) (G1 Evacuation Pause)
[0.896s][info][gc,task      ] GC(5) Using 6 workers of 8 for evacuation
[1.046s][info][gc,phases    ] GC(5)   Pre Evacuate Collection Set: 0.0ms
[1.046s][info][gc,phases    ] GC(5)   Evacuate Collection Set: 149.7ms
[1.046s][info][gc,phases    ] GC(5)   Post Evacuate Collection Set: 0.2ms
[1.046s][info][gc,phases    ] GC(5)   Other: 0.1ms
[1.046s][info][gc,heap      ] GC(5) Eden regions: 34->0(26)
[1.046s][info][gc,heap      ] GC(5) Survivor regions: 5->5(5)
[1.046s][info][gc,heap      ] GC(5) Old regions: 106->141
[1.046s][info][gc,heap      ] GC(5) Humongous regions: 0->0
[1.046s][info][gc,metaspace ] GC(5) Metaspace: 10379K->10379K(1058816K)
[1.046s][info][gc           ] GC(5) Pause Young (Normal) (G1 Evacuation Pause) 145M->146M(256M) 150.164ms
[1.046s][info][gc,cpu       ] GC(5) User=0.92s Sys=0.02s Real=0.15s
[1.058s][info][gc,start     ] GC(6) Pause Young (Concurrent Start) (G1 Evacuation Pause)
[1.058s][info][gc,task      ] GC(6) Using 6 workers of 8 for evacuation
[1.180s][info][gc,phases    ] GC(6)   Pre Evacuate Collection Set: 0.0ms
[1.180s][info][gc,phases    ] GC(6)   Evacuate Collection Set: 121.2ms
[1.180s][info][gc,phases    ] GC(6)   Post Evacuate Collection Set: 0.1ms
[1.180s][info][gc,phases    ] GC(6)   Other: 0.2ms
[1.180s][info][gc,heap      ] GC(6) Eden regions: 26->0(18)
[1.180s][info][gc,heap      ] GC(6) Survivor regions: 5->4(4)
[1.180s][info][gc,heap      ] GC(6) Old regions: 141->169
[1.180s][info][gc,heap      ] GC(6) Humongous regions: 0->0
[1.180s][info][gc,metaspace ] GC(6) Metaspace: 10379K->10379K(1058816K)
[1.180s][info][gc           ] GC(6) Pause Young (Concurrent Start) (G1 Evacuation Pause) 172M->172M(256M) 121.644ms
[1.180s][info][gc,cpu       ] GC(6) User=0.73s Sys=0.02s Real=0.12s
[1.180s][info][gc           ] GC(7) Concurrent Cycle
[1.180s][info][gc,marking   ] GC(7) Concurrent Clear Claimed Marks
[1.180s][info][gc,marking   ] GC(7) Concurrent Clear Claimed Marks 0.021ms
[1.180s][info][gc,marking   ] GC(7) Concurrent Scan Root Regions
[1.182s][info][gc,marking   ] GC(7) Concurrent Scan Root Regions 1.797ms
[1.182s][info][gc,marking   ] GC(7) Concurrent Mark (1.182s)
[1.182s][info][gc,marking   ] GC(7) Concurrent Mark From Roots
[1.182s][info][gc,task      ] GC(7) Using 2 workers of 2 for marking
[1.189s][info][gc,start     ] GC(8) Pause Young (Normal) (G1 Evacuation Pause)
[1.189s][info][gc,task      ] GC(8) Using 6 workers of 8 for evacuation
[1.277s][info][gc,phases    ] GC(8)   Pre Evacuate Collection Set: 0.0ms
[1.277s][info][gc,phases    ] GC(8)   Evacuate Collection Set: 87.5ms
[1.277s][info][gc,phases    ] GC(8)   Post Evacuate Collection Set: 0.2ms
[1.277s][info][gc,phases    ] GC(8)   Other: 0.2ms
[1.277s][info][gc,heap      ] GC(8) Eden regions: 18->0(12)
[1.277s][info][gc,heap      ] GC(8) Survivor regions: 4->3(3)
[1.277s][info][gc,heap      ] GC(8) Old regions: 169->189
[1.277s][info][gc,heap      ] GC(8) Humongous regions: 0->0
[1.277s][info][gc,metaspace ] GC(8) Metaspace: 10379K->10379K(1058816K)
[1.277s][info][gc           ] GC(8) Pause Young (Normal) (G1 Evacuation Pause) 190M->191M(256M) 88.162ms
[1.277s][info][gc,cpu       ] GC(8) User=0.44s Sys=0.03s Real=0.09s
[1.285s][info][gc,start     ] GC(9) Pause Young (Normal) (G1 Evacuation Pause)
[1.285s][info][gc,task      ] GC(9) Using 6 workers of 8 for evacuation
[1.344s][info][gc,phases    ] GC(9)   Pre Evacuate Collection Set: 0.0ms
[1.344s][info][gc,phases    ] GC(9)   Evacuate Collection Set: 58.9ms
[1.344s][info][gc,phases    ] GC(9)   Post Evacuate Collection Set: 0.1ms
[1.344s][info][gc,phases    ] GC(9)   Other: 0.2ms
[1.344s][info][gc,heap      ] GC(9) Eden regions: 12->0(10)
[1.344s][info][gc,heap      ] GC(9) Survivor regions: 3->2(2)
[1.344s][info][gc,heap      ] GC(9) Old regions: 189->203
[1.344s][info][gc,heap      ] GC(9) Humongous regions: 0->0
[1.344s][info][gc,metaspace ] GC(9) Metaspace: 10379K->10379K(1058816K)
[1.344s][info][gc           ] GC(9) Pause Young (Normal) (G1 Evacuation Pause) 203M->205M(256M) 59.563ms
[1.344s][info][gc,cpu       ] GC(9) User=0.38s Sys=0.00s Real=0.06s
[1.350s][info][gc,start     ] GC(10) Pause Young (Normal) (G1 Evacuation Pause)
[1.351s][info][gc,task      ] GC(10) Using 6 workers of 8 for evacuation
[1.397s][info][gc,phases    ] GC(10)   Pre Evacuate Collection Set: 0.0ms
[1.397s][info][gc,phases    ] GC(10)   Evacuate Collection Set: 46.2ms
[1.397s][info][gc,phases    ] GC(10)   Post Evacuate Collection Set: 0.2ms
[1.397s][info][gc,phases    ] GC(10)   Other: 0.2ms
[1.397s][info][gc,heap      ] GC(10) Eden regions: 10->0(10)
[1.397s][info][gc,heap      ] GC(10) Survivor regions: 2->2(2)
[1.397s][info][gc,heap      ] GC(10) Old regions: 203->214
[1.397s][info][gc,heap      ] GC(10) Humongous regions: 0->0
[1.397s][info][gc,metaspace ] GC(10) Metaspace: 10379K->10379K(1058816K)
[1.397s][info][gc           ] GC(10) Pause Young (Normal) (G1 Evacuation Pause) 215M->215M(256M) 46.852ms
[1.397s][info][gc,cpu       ] GC(10) User=0.25s Sys=0.00s Real=0.05s
[1.405s][info][gc,start     ] GC(11) Pause Young (Normal) (G1 Evacuation Pause)
[1.405s][info][gc,task      ] GC(11) Using 6 workers of 8 for evacuation
[1.453s][info][gc,phases    ] GC(11)   Pre Evacuate Collection Set: 0.0ms
[1.454s][info][gc,phases    ] GC(11)   Evacuate Collection Set: 48.3ms
[1.454s][info][gc,phases    ] GC(11)   Post Evacuate Collection Set: 0.1ms
[1.454s][info][gc,phases    ] GC(11)   Other: 0.1ms
[1.454s][info][gc,heap      ] GC(11) Eden regions: 10->0(10)
[1.454s][info][gc,heap      ] GC(11) Survivor regions: 2->2(2)
[1.454s][info][gc,heap      ] GC(11) Old regions: 214->225
[1.454s][info][gc,heap      ] GC(11) Humongous regions: 0->0
[1.454s][info][gc,metaspace ] GC(11) Metaspace: 10379K->10379K(1058816K)
[1.454s][info][gc           ] GC(11) Pause Young (Normal) (G1 Evacuation Pause) 225M->226M(256M) 48.847ms
[1.454s][info][gc,cpu       ] GC(11) User=0.23s Sys=0.00s Real=0.05s
[1.462s][info][gc,start     ] GC(12) Pause Young (Normal) (G1 Evacuation Pause)
[1.462s][info][gc,task      ] GC(12) Using 6 workers of 8 for evacuation
[1.508s][info][gc,phases    ] GC(12)   Pre Evacuate Collection Set: 0.0ms
[1.508s][info][gc,phases    ] GC(12)   Evacuate Collection Set: 45.8ms
[1.508s][info][gc,phases    ] GC(12)   Post Evacuate Collection Set: 0.1ms
[1.508s][info][gc,phases    ] GC(12)   Other: 0.1ms
[1.508s][info][gc,heap      ] GC(12) Eden regions: 10->0(10)
[1.508s][info][gc,heap      ] GC(12) Survivor regions: 2->2(2)
[1.508s][info][gc,heap      ] GC(12) Old regions: 225->235
[1.508s][info][gc,heap      ] GC(12) Humongous regions: 0->0
[1.508s][info][gc,metaspace ] GC(12) Metaspace: 10379K->10379K(1058816K)
[1.508s][info][gc           ] GC(12) Pause Young (Normal) (G1 Evacuation Pause) 236M->237M(256M) 46.158ms
[1.508s][info][gc,cpu       ] GC(12) User=0.28s Sys=0.00s Real=0.05s
[1.864s][info][gc,marking   ] GC(7) Concurrent Mark From Roots 682.196ms
[1.864s][info][gc,marking   ] GC(7) Concurrent Preclean
[1.864s][info][gc,marking   ] GC(7) Concurrent Preclean 0.105ms
[1.864s][info][gc,marking   ] GC(7) Concurrent Mark (1.182s, 1.864s) 682.379ms
[1.865s][info][gc,start     ] GC(7) Pause Remark
[1.865s][info][gc,stringtable] GC(7) Cleaned string and symbol table, strings: 3769 processed, 4 removed, symbols: 36669 processed, 0 removed
[1.865s][info][gc            ] GC(7) Pause Remark 241M->241M(256M) 0.852ms
[1.865s][info][gc,cpu        ] GC(7) User=0.00s Sys=0.00s Real=0.00s
[1.865s][info][gc,marking    ] GC(7) Concurrent Rebuild Remembered Sets
[2.071s][info][gc,marking    ] GC(7) Concurrent Rebuild Remembered Sets 205.214ms
[2.071s][info][gc,start      ] GC(7) Pause Cleanup
[2.071s][info][gc            ] GC(7) Pause Cleanup 241M->241M(256M) 0.125ms
[2.071s][info][gc,cpu        ] GC(7) User=0.00s Sys=0.00s Real=0.00s
[2.071s][info][gc,marking    ] GC(7) Concurrent Cleanup for Next Mark
[2.071s][info][gc,marking    ] GC(7) Concurrent Cleanup for Next Mark 0.256ms
[2.071s][info][gc            ] GC(7) Concurrent Cycle 891.563ms
[13.857s][info][gc,start      ] GC(13) Pause Young (Normal) (G1 Evacuation Pause)
[13.857s][info][gc,task       ] GC(13) Using 6 workers of 8 for evacuation
[13.912s][info][gc            ] GC(13) To-space exhausted
[13.912s][info][gc,phases     ] GC(13)   Pre Evacuate Collection Set: 0.0ms
[13.912s][info][gc,phases     ] GC(13)   Evacuate Collection Set: 50.2ms
[13.912s][info][gc,phases     ] GC(13)   Post Evacuate Collection Set: 4.0ms
[13.912s][info][gc,phases     ] GC(13)   Other: 0.2ms
[13.912s][info][gc,heap       ] GC(13) Eden regions: 10->0(10)
[13.912s][info][gc,heap       ] GC(13) Survivor regions: 2->2(2)
[13.912s][info][gc,heap       ] GC(13) Old regions: 235->246
[13.912s][info][gc,heap       ] GC(13) Humongous regions: 0->0
[13.912s][info][gc,metaspace  ] GC(13) Metaspace: 10379K->10379K(1058816K)
[13.912s][info][gc            ] GC(13) Pause Young (Normal) (G1 Evacuation Pause) 247M->248M(256M) 54.668ms
[13.912s][info][gc,cpu        ] GC(13) User=0.28s Sys=0.00s Real=0.06s
[19.182s][info][gc,start      ] GC(14) Pause Young (Concurrent Start) (G1 Evacuation Pause)
[19.182s][info][gc,task       ] GC(14) Using 6 workers of 8 for evacuation
[19.205s][info][gc            ] GC(14) To-space exhausted
[19.205s][info][gc,phases     ] GC(14)   Pre Evacuate Collection Set: 0.0ms
[19.205s][info][gc,phases     ] GC(14)   Evacuate Collection Set: 15.4ms
[19.205s][info][gc,phases     ] GC(14)   Post Evacuate Collection Set: 7.0ms
[19.205s][info][gc,phases     ] GC(14)   Other: 0.2ms
[19.205s][info][gc,heap       ] GC(14) Eden regions: 8->0(12)
[19.205s][info][gc,heap       ] GC(14) Survivor regions: 2->0(2)
[19.205s][info][gc,heap       ] GC(14) Old regions: 246->256
[19.205s][info][gc,heap       ] GC(14) Humongous regions: 0->0
[19.205s][info][gc,metaspace  ] GC(14) Metaspace: 13971K->13971K(1062912K)
[19.205s][info][gc            ] GC(14) Pause Young (Concurrent Start) (G1 Evacuation Pause) 256M->256M(256M) 22.865ms
[19.205s][info][gc,cpu        ] GC(14) User=0.17s Sys=0.03s Real=0.02s
[19.205s][info][gc            ] GC(15) Concurrent Cycle
[19.205s][info][gc,marking    ] GC(15) Concurrent Clear Claimed Marks
[19.205s][info][gc,marking    ] GC(15) Concurrent Clear Claimed Marks 0.052ms
[19.205s][info][gc,marking    ] GC(15) Concurrent Scan Root Regions
[19.205s][info][gc,marking    ] GC(15) Concurrent Scan Root Regions 0.012ms
[19.205s][info][gc,marking    ] GC(15) Concurrent Mark (19.205s)
[19.205s][info][gc,marking    ] GC(15) Concurrent Mark From Roots
[19.205s][info][gc,task       ] GC(15) Using 2 workers of 2 for marking
[19.209s][info][gc,task       ] GC(16) Using 6 workers of 8 for full compaction
[19.209s][info][gc,start      ] GC(16) Pause Full (G1 Evacuation Pause)
[19.210s][info][gc,phases,start] GC(16) Phase 1: Mark live objects
[19.460s][info][gc,stringtable ] GC(16) Cleaned string and symbol table, strings: 7390 processed, 641 removed, symbols: 47715 processed, 3 removed
[19.460s][info][gc,phases      ] GC(16) Phase 1: Mark live objects 249.831ms
[19.460s][info][gc,phases,start] GC(16) Phase 2: Prepare for compaction
[19.500s][info][gc,phases      ] GC(16) Phase 2: Prepare for compaction 39.705ms
[19.500s][info][gc,phases,start] GC(16) Phase 3: Adjust pointers
[19.581s][info][gc,phases      ] GC(16) Phase 3: Adjust pointers 80.843ms
[19.581s][info][gc,phases,start] GC(16) Phase 4: Compact heap
[19.628s][info][gc,phases      ] GC(16) Phase 4: Compact heap 47.690ms
[19.629s][info][gc,heap        ] GC(16) Eden regions: 0->0(12)
[19.629s][info][gc,heap        ] GC(16) Survivor regions: 0->0(2)
[19.629s][info][gc,heap        ] GC(16) Old regions: 256->236
[19.629s][info][gc,heap        ] GC(16) Humongous regions: 0->0
[19.629s][info][gc,metaspace   ] GC(16) Metaspace: 13971K->13579K(1062912K)
[19.629s][info][gc             ] GC(16) Pause Full (G1 Evacuation Pause) 256M->233M(256M) 419.778ms
[19.630s][info][gc,cpu         ] GC(16) User=2.25s Sys=0.11s Real=0.42s
[19.630s][info][gc,marking     ] GC(15) Concurrent Mark From Roots 424.886ms
[19.630s][info][gc,marking     ] GC(15) Concurrent Mark Abort
[19.630s][info][gc             ] GC(15) Concurrent Cycle 425.078ms
[71.151s][info][gc,start       ] GC(17) Pause Young (Normal) (G1 Evacuation Pause)
[71.151s][info][gc,task        ] GC(17) Using 6 workers of 8 for evacuation
[71.180s][info][gc,phases      ] GC(17)   Pre Evacuate Collection Set: 0.0ms
[71.180s][info][gc,phases      ] GC(17)   Evacuate Collection Set: 27.7ms
[71.180s][info][gc,phases      ] GC(17)   Post Evacuate Collection Set: 0.3ms
[71.180s][info][gc,phases      ] GC(17)   Other: 0.2ms
[71.180s][info][gc,heap        ] GC(17) Eden regions: 12->0(10)
[71.180s][info][gc,heap        ] GC(17) Survivor regions: 0->2(2)
[71.180s][info][gc,heap        ] GC(17) Old regions: 236->242
[71.180s][info][gc,heap        ] GC(17) Humongous regions: 0->0
[71.180s][info][gc,metaspace   ] GC(17) Metaspace: 14320K->14320K(1062912K)
[71.180s][info][gc             ] GC(17) Pause Young (Normal) (G1 Evacuation Pause) 245M->240M(256M) 28.347ms
[71.180s][info][gc,cpu         ] GC(17) User=0.19s Sys=0.00s Real=0.03s
[146.433s][info][gc,start       ] GC(18) Pause Young (Concurrent Start) (G1 Evacuation Pause)
[146.433s][info][gc,task        ] GC(18) Using 6 workers of 8 for evacuation
[146.471s][info][gc             ] GC(18) To-space exhausted
[146.471s][info][gc,phases      ] GC(18)   Pre Evacuate Collection Set: 0.0ms
[146.471s][info][gc,phases      ] GC(18)   Evacuate Collection Set: 30.3ms
[146.471s][info][gc,phases      ] GC(18)   Post Evacuate Collection Set: 7.8ms
[146.471s][info][gc,phases      ] GC(18)   Other: 0.2ms
[146.471s][info][gc,heap        ] GC(18) Eden regions: 10->0(11)
[146.471s][info][gc,heap        ] GC(18) Survivor regions: 2->1(2)
[146.471s][info][gc,heap        ] GC(18) Old regions: 242->254
[146.471s][info][gc,heap        ] GC(18) Humongous regions: 0->0
[146.471s][info][gc,metaspace   ] GC(18) Metaspace: 14439K->14439K(1062912K)
[146.471s][info][gc             ] GC(18) Pause Young (Concurrent Start) (G1 Evacuation Pause) 250M->252M(256M) 38.427ms
[146.471s][info][gc,cpu         ] GC(18) User=0.27s Sys=0.02s Real=0.05s
[146.471s][info][gc             ] GC(19) Concurrent Cycle
[146.471s][info][gc,marking     ] GC(19) Concurrent Clear Claimed Marks
[146.471s][info][gc,marking     ] GC(19) Concurrent Clear Claimed Marks 0.040ms
[146.471s][info][gc,marking     ] GC(19) Concurrent Scan Root Regions
[146.472s][info][gc,marking     ] GC(19) Concurrent Scan Root Regions 0.907ms
[146.472s][info][gc,marking     ] GC(19) Concurrent Mark (146.472s)
[146.472s][info][gc,marking     ] GC(19) Concurrent Mark From Roots
[146.472s][info][gc,task        ] GC(19) Using 2 workers of 2 for marking
[146.730s][info][gc,marking     ] GC(19) Concurrent Mark reset for overflow
[147.002s][info][gc,marking     ] GC(19) Concurrent Mark From Roots 529.579ms
[147.002s][info][gc,marking     ] GC(19) Concurrent Preclean
[147.002s][info][gc,marking     ] GC(19) Concurrent Preclean 0.127ms
[147.002s][info][gc,marking     ] GC(19) Concurrent Mark (146.472s, 147.002s) 529.777ms
[147.014s][info][gc,start       ] GC(19) Pause Remark
[147.015s][info][gc,stringtable ] GC(19) Cleaned string and symbol table, strings: 7225 processed, 3 removed, symbols: 48420 processed, 56 removed
[147.016s][info][gc             ] GC(19) Pause Remark 252M->252M(256M) 1.900ms
[147.016s][info][gc,cpu         ] GC(19) User=0.00s Sys=0.00s Real=0.00s
[147.016s][info][gc,marking     ] GC(19) Concurrent Rebuild Remembered Sets
[147.174s][info][gc,marking     ] GC(19) Concurrent Rebuild Remembered Sets 158.153ms
[147.183s][info][gc,start       ] GC(19) Pause Cleanup
[147.183s][info][gc             ] GC(19) Pause Cleanup 252M->252M(256M) 0.155ms
[147.183s][info][gc,cpu         ] GC(19) User=0.00s Sys=0.00s Real=0.00s
[147.183s][info][gc,marking     ] GC(19) Concurrent Cleanup for Next Mark
[147.184s][info][gc,marking     ] GC(19) Concurrent Cleanup for Next Mark 0.388ms
[147.184s][info][gc             ] GC(19) Concurrent Cycle 712.339ms
[152.918s][info][gc,start       ] GC(20) Pause Young (Normal) (G1 Evacuation Pause)
[152.918s][info][gc,task        ] GC(20) Using 6 workers of 8 for evacuation
[152.928s][info][gc             ] GC(20) To-space exhausted
[152.928s][info][gc,phases      ] GC(20)   Pre Evacuate Collection Set: 0.0ms
[152.928s][info][gc,phases      ] GC(20)   Evacuate Collection Set: 7.3ms
[152.928s][info][gc,phases      ] GC(20)   Post Evacuate Collection Set: 2.5ms
[152.928s][info][gc,phases      ] GC(20)   Other: 0.2ms
[152.928s][info][gc,heap        ] GC(20) Eden regions: 1->0(12)
[152.928s][info][gc,heap        ] GC(20) Survivor regions: 1->0(2)
[152.928s][info][gc,heap        ] GC(20) Old regions: 254->256
[152.928s][info][gc,heap        ] GC(20) Humongous regions: 0->0
[152.928s][info][gc,metaspace   ] GC(20) Metaspace: 14435K->14435K(1062912K)
[152.928s][info][gc             ] GC(20) Pause Young (Normal) (G1 Evacuation Pause) 253M->253M(256M) 10.160ms
[152.928s][info][gc,cpu         ] GC(20) User=0.09s Sys=0.00s Real=0.02s
[152.928s][info][gc,task        ] GC(21) Using 6 workers of 8 for full compaction
[152.928s][info][gc,start       ] GC(21) Pause Full (G1 Evacuation Pause)
[152.928s][info][gc,phases,start] GC(21) Phase 1: Mark live objects
[153.162s][info][gc,stringtable ] GC(21) Cleaned string and symbol table, strings: 7222 processed, 359 removed, symbols: 48364 processed, 2 removed
[153.162s][info][gc,phases      ] GC(21) Phase 1: Mark live objects 233.642ms
[153.162s][info][gc,phases,start] GC(21) Phase 2: Prepare for compaction
[153.197s][info][gc,phases      ] GC(21) Phase 2: Prepare for compaction 35.447ms
[153.197s][info][gc,phases,start] GC(21) Phase 3: Adjust pointers
[153.272s][info][gc,phases      ] GC(21) Phase 3: Adjust pointers 74.621ms
[153.272s][info][gc,phases,start] GC(21) Phase 4: Compact heap
[153.306s][info][gc,phases      ] GC(21) Phase 4: Compact heap 33.672ms
[153.307s][info][gc,heap        ] GC(21) Eden regions: 0->0(12)
[153.307s][info][gc,heap        ] GC(21) Survivor regions: 0->0(2)
[153.307s][info][gc,heap        ] GC(21) Old regions: 256->250
[153.307s][info][gc,heap        ] GC(21) Humongous regions: 0->0
[153.307s][info][gc,metaspace   ] GC(21) Metaspace: 14435K->14285K(1062912K)
[153.307s][info][gc             ] GC(21) Pause Full (G1 Evacuation Pause) 253M->246M(256M) 378.814ms
[153.307s][info][gc,cpu         ] GC(21) User=1.53s Sys=0.00s Real=0.38s
[199.653s][info][gc,start       ] GC(22) Pause Young (Concurrent Start) (G1 Evacuation Pause)
[199.653s][info][gc,task        ] GC(22) Using 6 workers of 8 for evacuation
[199.671s][info][gc             ] GC(22) To-space exhausted
[199.671s][info][gc,phases      ] GC(22)   Pre Evacuate Collection Set: 0.0ms
[199.671s][info][gc,phases      ] GC(22)   Evacuate Collection Set: 14.2ms
[199.671s][info][gc,phases      ] GC(22)   Post Evacuate Collection Set: 4.0ms
[199.671s][info][gc,phases      ] GC(22)   Other: 0.2ms
[199.671s][info][gc,heap        ] GC(22) Eden regions: 6->0(12)
[199.671s][info][gc,heap        ] GC(22) Survivor regions: 0->0(2)
[199.671s][info][gc,heap        ] GC(22) Old regions: 250->256
[199.672s][info][gc,heap        ] GC(22) Humongous regions: 0->0
[199.672s][info][gc,metaspace   ] GC(22) Metaspace: 14352K->14352K(1062912K)
[199.672s][info][gc             ] GC(22) Pause Young (Concurrent Start) (G1 Evacuation Pause) 252M->252M(256M) 18.567ms
[199.672s][info][gc,cpu         ] GC(22) User=0.17s Sys=0.02s Real=0.02s
[199.672s][info][gc,task        ] GC(23) Using 6 workers of 8 for full compaction
[199.672s][info][gc             ] GC(24) Concurrent Cycle
[199.672s][info][gc,marking     ] GC(24) Concurrent Clear Claimed Marks
[199.672s][info][gc,marking     ] GC(24) Concurrent Clear Claimed Marks 0.025ms
[199.672s][info][gc,marking     ] GC(24) Concurrent Scan Root Regions
[199.672s][info][gc,marking     ] GC(24) Concurrent Scan Root Regions 0.012ms
[199.672s][info][gc,start       ] GC(23) Pause Full (G1 Evacuation Pause)
[199.672s][info][gc,marking     ] GC(24) Concurrent Mark (199.672s)
[199.672s][info][gc,marking     ] GC(24) Concurrent Mark From Roots
[199.672s][info][gc,task        ] GC(24) Using 2 workers of 2 for marking
[199.672s][info][gc,phases,start] GC(23) Phase 1: Mark live objects
[199.916s][info][gc,stringtable ] GC(23) Cleaned string and symbol table, strings: 7213 processed, 318 removed, symbols: 48396 processed, 26 removed
[199.916s][info][gc,phases      ] GC(23) Phase 1: Mark live objects 243.417ms
[199.916s][info][gc,phases,start] GC(23) Phase 2: Prepare for compaction
[199.948s][info][gc,phases      ] GC(23) Phase 2: Prepare for compaction 32.442ms
[199.948s][info][gc,phases,start] GC(23) Phase 3: Adjust pointers
[200.022s][info][gc,phases      ] GC(23) Phase 3: Adjust pointers 74.051ms
[200.022s][info][gc,phases,start] GC(23) Phase 4: Compact heap
[200.056s][info][gc,phases      ] GC(23) Phase 4: Compact heap 33.473ms
[200.057s][info][gc,heap        ] GC(23) Eden regions: 0->0(12)
[200.057s][info][gc,heap        ] GC(23) Survivor regions: 0->0(2)
[200.057s][info][gc,heap        ] GC(23) Old regions: 256->253
[200.057s][info][gc,heap        ] GC(23) Humongous regions: 0->0
[200.057s][info][gc,metaspace   ] GC(23) Metaspace: 14352K->14287K(1062912K)
[200.057s][info][gc             ] GC(23) Pause Full (G1 Evacuation Pause) 252M->249M(256M) 385.376ms
[200.058s][info][gc,cpu         ] GC(23) User=1.97s Sys=0.00s Real=0.39s
[200.058s][info][gc,marking     ] GC(24) Concurrent Mark From Roots 385.905ms
[200.058s][info][gc,marking     ] GC(24) Concurrent Mark Abort
[200.058s][info][gc             ] GC(24) Concurrent Cycle 386.147ms
[221.836s][info][gc,start       ] GC(25) Pause Young (Normal) (G1 Evacuation Pause)
[221.836s][info][gc,task        ] GC(25) Using 6 workers of 8 for evacuation
[221.845s][info][gc             ] GC(25) To-space exhausted
[221.845s][info][gc,phases      ] GC(25)   Pre Evacuate Collection Set: 0.0ms
[221.845s][info][gc,phases      ] GC(25)   Evacuate Collection Set: 6.8ms
[221.845s][info][gc,phases      ] GC(25)   Post Evacuate Collection Set: 2.2ms
[221.845s][info][gc,phases      ] GC(25)   Other: 0.2ms
[221.845s][info][gc,heap        ] GC(25) Eden regions: 3->0(12)
[221.845s][info][gc,heap        ] GC(25) Survivor regions: 0->0(2)
[221.845s][info][gc,heap        ] GC(25) Old regions: 253->256
[221.845s][info][gc,heap        ] GC(25) Humongous regions: 0->0
[221.845s][info][gc,metaspace   ] GC(25) Metaspace: 14356K->14356K(1062912K)
[221.845s][info][gc             ] GC(25) Pause Young (Normal) (G1 Evacuation Pause) 252M->252M(256M) 9.296ms
[221.845s][info][gc,cpu         ] GC(25) User=0.09s Sys=0.00s Real=0.01s
[221.845s][info][gc,task        ] GC(26) Using 6 workers of 8 for full compaction
[221.846s][info][gc,start       ] GC(26) Pause Full (G1 Evacuation Pause)
[221.846s][info][gc,phases,start] GC(26) Phase 1: Mark live objects
[222.095s][info][gc,stringtable ] GC(26) Cleaned string and symbol table, strings: 7221 processed, 323 removed, symbols: 48406 processed, 17 removed
[222.095s][info][gc,phases      ] GC(26) Phase 1: Mark live objects 249.604ms
[222.095s][info][gc,phases,start] GC(26) Phase 2: Prepare for compaction
[222.129s][info][gc,phases      ] GC(26) Phase 2: Prepare for compaction 33.997ms
[222.129s][info][gc,phases,start] GC(26) Phase 3: Adjust pointers
[222.203s][info][gc,phases      ] GC(26) Phase 3: Adjust pointers 73.430ms
[222.203s][info][gc,phases,start] GC(26) Phase 4: Compact heap
[222.236s][info][gc,phases      ] GC(26) Phase 4: Compact heap 33.361ms
[222.237s][info][gc,heap        ] GC(26) Eden regions: 0->0(12)
[222.237s][info][gc,heap        ] GC(26) Survivor regions: 0->0(2)
[222.237s][info][gc,heap        ] GC(26) Old regions: 256->253
[222.237s][info][gc,heap        ] GC(26) Humongous regions: 0->0
[222.237s][info][gc,metaspace   ] GC(26) Metaspace: 14356K->14287K(1062912K)
[222.237s][info][gc             ] GC(26) Pause Full (G1 Evacuation Pause) 252M->251M(256M) 391.673ms
[222.238s][info][gc,cpu         ] GC(26) User=2.06s Sys=0.02s Real=0.39s
[242.804s][info][gc,start       ] GC(27) Pause Young (Concurrent Start) (G1 Evacuation Pause)
[242.804s][info][gc,task        ] GC(27) Using 6 workers of 8 for evacuation
[242.813s][info][gc             ] GC(27) To-space exhausted
[242.813s][info][gc,phases      ] GC(27)   Pre Evacuate Collection Set: 0.0ms
[242.813s][info][gc,phases      ] GC(27)   Evacuate Collection Set: 6.7ms
[242.813s][info][gc,phases      ] GC(27)   Post Evacuate Collection Set: 2.6ms
[242.813s][info][gc,phases      ] GC(27)   Other: 0.2ms
[242.813s][info][gc,heap        ] GC(27) Eden regions: 3->0(12)
[242.813s][info][gc,heap        ] GC(27) Survivor regions: 0->0(2)
[242.813s][info][gc,heap        ] GC(27) Old regions: 253->256
[242.813s][info][gc,heap        ] GC(27) Humongous regions: 0->0
[242.813s][info][gc,metaspace   ] GC(27) Metaspace: 14357K->14357K(1062912K)
[242.813s][info][gc             ] GC(27) Pause Young (Concurrent Start) (G1 Evacuation Pause) 254M->254M(256M) 9.604ms
[242.813s][info][gc,cpu         ] GC(27) User=0.09s Sys=0.00s Real=0.01s
[242.813s][info][gc,task        ] GC(28) Using 6 workers of 8 for full compaction
[242.813s][info][gc             ] GC(29) Concurrent Cycle
[242.813s][info][gc,marking     ] GC(29) Concurrent Clear Claimed Marks
[242.813s][info][gc,marking     ] GC(29) Concurrent Clear Claimed Marks 0.028ms
[242.813s][info][gc,marking     ] GC(29) Concurrent Scan Root Regions
[242.813s][info][gc,marking     ] GC(29) Concurrent Scan Root Regions 0.013ms
[242.813s][info][gc,start       ] GC(28) Pause Full (G1 Evacuation Pause)
[242.813s][info][gc,marking     ] GC(29) Concurrent Mark (242.813s)
[242.814s][info][gc,marking     ] GC(29) Concurrent Mark From Roots
[242.814s][info][gc,task        ] GC(29) Using 2 workers of 2 for marking
[242.814s][info][gc,phases,start] GC(28) Phase 1: Mark live objects
[243.035s][info][gc,stringtable ] GC(28) Cleaned string and symbol table, strings: 7227 processed, 315 removed, symbols: 48423 processed, 18 removed
[243.036s][info][gc,phases      ] GC(28) Phase 1: Mark live objects 221.640ms
[243.036s][info][gc,phases,start] GC(28) Phase 2: Prepare for compaction
[243.064s][info][gc,phases      ] GC(28) Phase 2: Prepare for compaction 28.624ms
[243.064s][info][gc,phases,start] GC(28) Phase 3: Adjust pointers
[243.133s][info][gc,phases      ] GC(28) Phase 3: Adjust pointers 68.380ms
[243.133s][info][gc,phases,start] GC(28) Phase 4: Compact heap
[243.160s][info][gc,phases      ] GC(28) Phase 4: Compact heap 26.985ms
[243.161s][info][gc,heap        ] GC(28) Eden regions: 0->0(12)
[243.161s][info][gc,heap        ] GC(28) Survivor regions: 0->0(2)
[243.161s][info][gc,heap        ] GC(28) Old regions: 256->255
[243.161s][info][gc,heap        ] GC(28) Humongous regions: 0->0
[243.161s][info][gc,metaspace   ] GC(28) Metaspace: 14357K->14293K(1062912K)
[243.161s][info][gc             ] GC(28) Pause Full (G1 Evacuation Pause) 254M->252M(256M) 347.202ms
[243.161s][info][gc,cpu         ] GC(28) User=1.83s Sys=0.02s Real=0.35s
[243.162s][info][gc,marking     ] GC(29) Concurrent Mark From Roots 348.001ms
[243.162s][info][gc,marking     ] GC(29) Concurrent Mark Abort
[243.162s][info][gc             ] GC(29) Concurrent Cycle 348.228ms
[246.804s][info][gc,start       ] GC(30) Pause Young (Normal) (G1 Evacuation Pause)
[246.804s][info][gc,task        ] GC(30) Using 6 workers of 8 for evacuation
[246.807s][info][gc             ] GC(30) To-space exhausted
[246.807s][info][gc,phases      ] GC(30)   Pre Evacuate Collection Set: 0.0ms
[246.807s][info][gc,phases      ] GC(30)   Evacuate Collection Set: 1.3ms
[246.807s][info][gc,phases      ] GC(30)   Post Evacuate Collection Set: 1.3ms
[246.807s][info][gc,phases      ] GC(30)   Other: 0.1ms
[246.807s][info][gc,heap        ] GC(30) Eden regions: 1->0(12)
[246.807s][info][gc,heap        ] GC(30) Survivor regions: 0->0(2)
[246.807s][info][gc,heap        ] GC(30) Old regions: 255->256
[246.807s][info][gc,heap        ] GC(30) Humongous regions: 0->0
[246.807s][info][gc,metaspace   ] GC(30) Metaspace: 14358K->14358K(1062912K)
[246.807s][info][gc             ] GC(30) Pause Young (Normal) (G1 Evacuation Pause) 253M->253M(256M) 2.932ms
[246.807s][info][gc,cpu         ] GC(30) User=0.00s Sys=0.00s Real=0.00s
[246.807s][info][gc,task        ] GC(31) Using 6 workers of 8 for full compaction
[246.807s][info][gc,start       ] GC(31) Pause Full (G1 Evacuation Pause)
[246.808s][info][gc,phases,start] GC(31) Phase 1: Mark live objects
[247.037s][info][gc,stringtable ] GC(31) Cleaned string and symbol table, strings: 7229 processed, 315 removed, symbols: 48435 processed, 17 removed
[247.037s][info][gc,phases      ] GC(31) Phase 1: Mark live objects 229.217ms
[247.037s][info][gc,phases,start] GC(31) Phase 2: Prepare for compaction
[247.075s][info][gc,phases      ] GC(31) Phase 2: Prepare for compaction 37.877ms
[247.075s][info][gc,phases,start] GC(31) Phase 3: Adjust pointers
[247.134s][info][gc,phases      ] GC(31) Phase 3: Adjust pointers 59.696ms
[247.134s][info][gc,phases,start] GC(31) Phase 4: Compact heap
[247.160s][info][gc,phases      ] GC(31) Phase 4: Compact heap 25.322ms
[247.161s][info][gc,heap        ] GC(31) Eden regions: 0->0(12)
[247.161s][info][gc,heap        ] GC(31) Survivor regions: 0->0(2)
[247.161s][info][gc,heap        ] GC(31) Old regions: 256->253
[247.161s][info][gc,heap        ] GC(31) Humongous regions: 0->0
[247.161s][info][gc,metaspace   ] GC(31) Metaspace: 14358K->14302K(1062912K)
[247.161s][info][gc             ] GC(31) Pause Full (G1 Evacuation Pause) 253M->252M(256M) 353.748ms
[247.162s][info][gc,cpu         ] GC(31) User=1.86s Sys=0.06s Real=0.35s
[266.811s][info][gc,start       ] GC(32) Pause Young (Concurrent Start) (G1 Evacuation Pause)
[266.811s][info][gc,task        ] GC(32) Using 6 workers of 8 for evacuation
[266.819s][info][gc             ] GC(32) To-space exhausted
[266.819s][info][gc,phases      ] GC(32)   Pre Evacuate Collection Set: 0.0ms
[266.819s][info][gc,phases      ] GC(32)   Evacuate Collection Set: 6.2ms
[266.819s][info][gc,phases      ] GC(32)   Post Evacuate Collection Set: 1.9ms
[266.819s][info][gc,phases      ] GC(32)   Other: 0.2ms
[266.819s][info][gc,heap        ] GC(32) Eden regions: 3->0(12)
[266.819s][info][gc,heap        ] GC(32) Survivor regions: 0->0(2)
[266.819s][info][gc,heap        ] GC(32) Old regions: 253->256
[266.819s][info][gc,heap        ] GC(32) Humongous regions: 0->0
[266.819s][info][gc,metaspace   ] GC(32) Metaspace: 14385K->14385K(1062912K)
[266.819s][info][gc             ] GC(32) Pause Young (Concurrent Start) (G1 Evacuation Pause) 255M->255M(256M) 8.452ms
[266.819s][info][gc,cpu         ] GC(32) User=0.00s Sys=0.00s Real=0.01s
[266.819s][info][gc,task        ] GC(33) Using 6 workers of 8 for full compaction
[266.819s][info][gc             ] GC(34) Concurrent Cycle
[266.819s][info][gc,marking     ] GC(34) Concurrent Clear Claimed Marks
[266.819s][info][gc,marking     ] GC(34) Concurrent Clear Claimed Marks 0.021ms
[266.819s][info][gc,marking     ] GC(34) Concurrent Scan Root Regions
[266.819s][info][gc,marking     ] GC(34) Concurrent Scan Root Regions 0.012ms
[266.819s][info][gc,marking     ] GC(34) Concurrent Mark (266.819s)
[266.819s][info][gc,marking     ] GC(34) Concurrent Mark From Roots
[266.819s][info][gc,start       ] GC(33) Pause Full (G1 Evacuation Pause)
[266.819s][info][gc,task        ] GC(34) Using 2 workers of 2 for marking
[266.820s][info][gc,phases,start] GC(33) Phase 1: Mark live objects
[267.074s][info][gc,stringtable ] GC(33) Cleaned string and symbol table, strings: 7239 processed, 323 removed, symbols: 48455 processed, 16 removed
[267.074s][info][gc,phases      ] GC(33) Phase 1: Mark live objects 254.405ms
[267.074s][info][gc,phases,start] GC(33) Phase 2: Prepare for compaction
[267.101s][info][gc,phases      ] GC(33) Phase 2: Prepare for compaction 27.229ms
[267.101s][info][gc,phases,start] GC(33) Phase 3: Adjust pointers
[267.159s][info][gc,phases      ] GC(33) Phase 3: Adjust pointers 57.506ms
[267.159s][info][gc,phases,start] GC(33) Phase 4: Compact heap
[267.178s][info][gc,phases      ] GC(33) Phase 4: Compact heap 19.455ms
[267.180s][info][gc,heap        ] GC(33) Eden regions: 0->0(12)
[267.180s][info][gc,heap        ] GC(33) Survivor regions: 0->0(2)
[267.180s][info][gc,heap        ] GC(33) Old regions: 256->255
[267.180s][info][gc,heap        ] GC(33) Humongous regions: 0->0
[267.180s][info][gc,metaspace   ] GC(33) Metaspace: 14385K->14317K(1062912K)
[267.180s][info][gc             ] GC(33) Pause Full (G1 Evacuation Pause) 255M->254M(256M) 360.297ms
[267.180s][info][gc,cpu         ] GC(33) User=1.97s Sys=0.02s Real=0.36s
[267.180s][info][gc,marking     ] GC(34) Concurrent Mark From Roots 361.039ms
[267.180s][info][gc,marking     ] GC(34) Concurrent Mark Abort
[267.180s][info][gc             ] GC(34) Concurrent Cycle 361.211ms
[270.484s][info][gc,start       ] GC(35) Pause Young (Normal) (G1 Evacuation Pause)
[270.484s][info][gc,task        ] GC(35) Using 6 workers of 8 for evacuation
[270.487s][info][gc             ] GC(35) To-space exhausted
[270.487s][info][gc,phases      ] GC(35)   Pre Evacuate Collection Set: 0.0ms
[270.487s][info][gc,phases      ] GC(35)   Evacuate Collection Set: 1.1ms
[270.487s][info][gc,phases      ] GC(35)   Post Evacuate Collection Set: 1.3ms
[270.487s][info][gc,phases      ] GC(35)   Other: 0.2ms
[270.487s][info][gc,heap        ] GC(35) Eden regions: 1->0(12)
[270.487s][info][gc,heap        ] GC(35) Survivor regions: 0->0(2)
[270.487s][info][gc,heap        ] GC(35) Old regions: 255->256
[270.487s][info][gc,heap        ] GC(35) Humongous regions: 0->0
[270.487s][info][gc,metaspace   ] GC(35) Metaspace: 14379K->14379K(1062912K)
[270.487s][info][gc             ] GC(35) Pause Young (Normal) (G1 Evacuation Pause) 255M->255M(256M) 2.678ms
[270.487s][info][gc,cpu         ] GC(35) User=0.00s Sys=0.00s Real=0.00s
[270.487s][info][gc,task        ] GC(36) Using 6 workers of 8 for full compaction
[270.487s][info][gc,start       ] GC(36) Pause Full (G1 Evacuation Pause)
[270.487s][info][gc,phases,start] GC(36) Phase 1: Mark live objects
[270.741s][info][gc,stringtable ] GC(36) Cleaned string and symbol table, strings: 7232 processed, 315 removed, symbols: 48469 processed, 18 removed
[270.741s][info][gc,phases      ] GC(36) Phase 1: Mark live objects 253.567ms
[270.741s][info][gc,phases,start] GC(36) Phase 2: Prepare for compaction
[270.781s][info][gc,phases      ] GC(36) Phase 2: Prepare for compaction 40.443ms
[270.781s][info][gc,phases,start] GC(36) Phase 3: Adjust pointers
[270.841s][info][gc,phases      ] GC(36) Phase 3: Adjust pointers 59.299ms
[270.841s][info][gc,phases,start] GC(36) Phase 4: Compact heap
[270.871s][info][gc,phases      ] GC(36) Phase 4: Compact heap 30.083ms
[270.872s][info][gc,heap        ] GC(36) Eden regions: 0->0(12)
[270.872s][info][gc,heap        ] GC(36) Survivor regions: 0->0(2)
[270.872s][info][gc,heap        ] GC(36) Old regions: 256->255
[270.872s][info][gc,heap        ] GC(36) Humongous regions: 0->0
[270.872s][info][gc,metaspace   ] GC(36) Metaspace: 14379K->14322K(1062912K)
[270.872s][info][gc             ] GC(36) Pause Full (G1 Evacuation Pause) 255M->254M(256M) 385.008ms
[270.873s][info][gc,cpu         ] GC(36) User=1.83s Sys=0.05s Real=0.39s
[272.844s][info][gc,start       ] GC(37) Pause Young (Concurrent Start) (G1 Evacuation Pause)
[272.844s][info][gc,task        ] GC(37) Using 6 workers of 8 for evacuation
[272.846s][info][gc             ] GC(37) To-space exhausted
[272.846s][info][gc,phases      ] GC(37)   Pre Evacuate Collection Set: 0.0ms
[272.846s][info][gc,phases      ] GC(37)   Evacuate Collection Set: 0.9ms
[272.846s][info][gc,phases      ] GC(37)   Post Evacuate Collection Set: 1.3ms
[272.846s][info][gc,phases      ] GC(37)   Other: 0.2ms
[272.846s][info][gc,heap        ] GC(37) Eden regions: 1->0(12)
[272.846s][info][gc,heap        ] GC(37) Survivor regions: 0->0(2)
[272.846s][info][gc,heap        ] GC(37) Old regions: 255->256
[272.846s][info][gc,heap        ] GC(37) Humongous regions: 0->0
[272.846s][info][gc,metaspace   ] GC(37) Metaspace: 14389K->14389K(1062912K)
[272.846s][info][gc             ] GC(37) Pause Young (Concurrent Start) (G1 Evacuation Pause) 255M->255M(256M) 2.475ms
[272.846s][info][gc,cpu         ] GC(37) User=0.00s Sys=0.00s Real=0.00s
[272.846s][info][gc,task        ] GC(38) Using 6 workers of 8 for full compaction
[272.846s][info][gc             ] GC(39) Concurrent Cycle
[272.846s][info][gc,marking     ] GC(39) Concurrent Clear Claimed Marks
[272.846s][info][gc,marking     ] GC(39) Concurrent Clear Claimed Marks 0.020ms
[272.846s][info][gc,marking     ] GC(39) Concurrent Scan Root Regions
[272.846s][info][gc,marking     ] GC(39) Concurrent Scan Root Regions 0.015ms
[272.846s][info][gc,marking     ] GC(39) Concurrent Mark (272.846s)
[272.846s][info][gc,start       ] GC(38) Pause Full (G1 Evacuation Pause)
[272.846s][info][gc,marking     ] GC(39) Concurrent Mark From Roots
[272.846s][info][gc,task        ] GC(39) Using 2 workers of 2 for marking
[272.847s][info][gc,phases,start] GC(38) Phase 1: Mark live objects
[273.101s][info][gc,stringtable ] GC(38) Cleaned string and symbol table, strings: 7243 processed, 315 removed, symbols: 48485 processed, 15 removed
[273.101s][info][gc,phases      ] GC(38) Phase 1: Mark live objects 254.167ms
[273.101s][info][gc,phases,start] GC(38) Phase 2: Prepare for compaction
[273.126s][info][gc,phases      ] GC(38) Phase 2: Prepare for compaction 25.274ms
[273.126s][info][gc,phases,start] GC(38) Phase 3: Adjust pointers
[273.184s][info][gc,phases      ] GC(38) Phase 3: Adjust pointers 57.620ms
[273.184s][info][gc,phases,start] GC(38) Phase 4: Compact heap
[273.208s][info][gc,phases      ] GC(38) Phase 4: Compact heap 24.570ms
[273.210s][info][gc,heap        ] GC(38) Eden regions: 0->0(12)
[273.210s][info][gc,heap        ] GC(38) Survivor regions: 0->0(2)
[273.210s][info][gc,heap        ] GC(38) Old regions: 256->255
[273.210s][info][gc,heap        ] GC(38) Humongous regions: 0->0
[273.210s][info][gc,metaspace   ] GC(38) Metaspace: 14389K->14324K(1062912K)
[273.210s][info][gc             ] GC(38) Pause Full (G1 Evacuation Pause) 255M->254M(256M) 363.454ms
[273.210s][info][gc,cpu         ] GC(38) User=1.88s Sys=0.00s Real=0.36s
[273.210s][info][gc,marking     ] GC(39) Concurrent Mark From Roots 364.019ms
[273.210s][info][gc,marking     ] GC(39) Concurrent Mark Abort
[273.210s][info][gc             ] GC(39) Concurrent Cycle 364.182ms
[275.860s][info][gc,start       ] GC(40) Pause Young (Normal) (G1 Evacuation Pause)
[275.860s][info][gc,task        ] GC(40) Using 6 workers of 8 for evacuation
[275.862s][info][gc             ] GC(40) To-space exhausted
[275.862s][info][gc,phases      ] GC(40)   Pre Evacuate Collection Set: 0.0ms
[275.862s][info][gc,phases      ] GC(40)   Evacuate Collection Set: 0.8ms
[275.862s][info][gc,phases      ] GC(40)   Post Evacuate Collection Set: 1.1ms
[275.862s][info][gc,phases      ] GC(40)   Other: 0.1ms
[275.862s][info][gc,heap        ] GC(40) Eden regions: 1->0(12)
[275.862s][info][gc,heap        ] GC(40) Survivor regions: 0->0(2)
[275.862s][info][gc,heap        ] GC(40) Old regions: 255->256
[275.862s][info][gc,heap        ] GC(40) Humongous regions: 0->0
[275.862s][info][gc,metaspace   ] GC(40) Metaspace: 14396K->14396K(1062912K)
[275.862s][info][gc             ] GC(40) Pause Young (Normal) (G1 Evacuation Pause) 255M->255M(256M) 2.280ms
[275.862s][info][gc,cpu         ] GC(40) User=0.00s Sys=0.00s Real=0.00s
[275.862s][info][gc,task        ] GC(41) Using 6 workers of 8 for full compaction
[275.862s][info][gc,start       ] GC(41) Pause Full (G1 Evacuation Pause)
[275.862s][info][gc,phases,start] GC(41) Phase 1: Mark live objects
[276.171s][info][gc,stringtable ] GC(41) Cleaned string and symbol table, strings: 7243 processed, 315 removed, symbols: 48504 processed, 17 removed
[276.171s][info][gc,phases      ] GC(41) Phase 1: Mark live objects 308.897ms
[276.171s][info][gc,phases,start] GC(41) Phase 2: Prepare for compaction
[276.204s][info][gc,phases      ] GC(41) Phase 2: Prepare for compaction 32.897ms
[276.204s][info][gc,phases,start] GC(41) Phase 3: Adjust pointers
[276.262s][info][gc,phases      ] GC(41) Phase 3: Adjust pointers 58.000ms
[276.262s][info][gc,phases,start] GC(41) Phase 4: Compact heap
[276.288s][info][gc,phases      ] GC(41) Phase 4: Compact heap 25.301ms
[276.288s][info][gc,heap        ] GC(41) Eden regions: 0->0(12)
[276.288s][info][gc,heap        ] GC(41) Survivor regions: 0->0(2)
[276.288s][info][gc,heap        ] GC(41) Old regions: 256->255
[276.288s][info][gc,heap        ] GC(41) Humongous regions: 0->0
[276.289s][info][gc,metaspace   ] GC(41) Metaspace: 14396K->14331K(1062912K)
[276.289s][info][gc             ] GC(41) Pause Full (G1 Evacuation Pause) 255M->254M(256M) 426.297ms
[276.289s][info][gc,cpu         ] GC(41) User=2.13s Sys=0.03s Real=0.43s
[278.813s][info][gc,start       ] GC(42) Pause Young (Concurrent Start) (G1 Evacuation Pause)
[278.813s][info][gc,task        ] GC(42) Using 6 workers of 8 for evacuation
[278.815s][info][gc             ] GC(42) To-space exhausted
[278.815s][info][gc,phases      ] GC(42)   Pre Evacuate Collection Set: 0.0ms
[278.815s][info][gc,phases      ] GC(42)   Evacuate Collection Set: 1.0ms
[278.815s][info][gc,phases      ] GC(42)   Post Evacuate Collection Set: 1.1ms
[278.815s][info][gc,phases      ] GC(42)   Other: 0.2ms
[278.815s][info][gc,heap        ] GC(42) Eden regions: 1->0(12)
[278.815s][info][gc,heap        ] GC(42) Survivor regions: 0->0(2)
[278.815s][info][gc,heap        ] GC(42) Old regions: 255->256
[278.815s][info][gc,heap        ] GC(42) Humongous regions: 0->0
[278.815s][info][gc,metaspace   ] GC(42) Metaspace: 14391K->14391K(1062912K)
[278.815s][info][gc             ] GC(42) Pause Young (Concurrent Start) (G1 Evacuation Pause) 255M->255M(256M) 2.392ms
[278.815s][info][gc,cpu         ] GC(42) User=0.00s Sys=0.00s Real=0.00s
[278.815s][info][gc,task        ] GC(43) Using 6 workers of 8 for full compaction
[278.815s][info][gc             ] GC(44) Concurrent Cycle
[278.815s][info][gc,marking     ] GC(44) Concurrent Clear Claimed Marks
[278.815s][info][gc,marking     ] GC(44) Concurrent Clear Claimed Marks 0.021ms
[278.815s][info][gc,marking     ] GC(44) Concurrent Scan Root Regions
[278.815s][info][gc,marking     ] GC(44) Concurrent Scan Root Regions 0.013ms
[278.815s][info][gc,marking     ] GC(44) Concurrent Mark (278.815s)
[278.815s][info][gc,marking     ] GC(44) Concurrent Mark From Roots
[278.815s][info][gc,start       ] GC(43) Pause Full (G1 Evacuation Pause)
[278.815s][info][gc,task        ] GC(44) Using 2 workers of 2 for marking
[278.816s][info][gc,phases,start] GC(43) Phase 1: Mark live objects
[279.054s][info][gc,stringtable ] GC(43) Cleaned string and symbol table, strings: 7243 processed, 306 removed, symbols: 48515 processed, 17 removed
[279.054s][info][gc,phases      ] GC(43) Phase 1: Mark live objects 237.682ms
[279.054s][info][gc,phases,start] GC(43) Phase 2: Prepare for compaction
[279.082s][info][gc,phases      ] GC(43) Phase 2: Prepare for compaction 28.321ms
[279.082s][info][gc,phases,start] GC(43) Phase 3: Adjust pointers
[279.144s][info][gc,phases      ] GC(43) Phase 3: Adjust pointers 61.743ms
[279.144s][info][gc,phases,start] GC(43) Phase 4: Compact heap
[279.164s][info][gc,phases      ] GC(43) Phase 4: Compact heap 20.700ms
[279.165s][info][gc,heap        ] GC(43) Eden regions: 0->0(12)
[279.165s][info][gc,heap        ] GC(43) Survivor regions: 0->0(2)
[279.165s][info][gc,heap        ] GC(43) Old regions: 256->255
[279.165s][info][gc,heap        ] GC(43) Humongous regions: 0->0
[279.165s][info][gc,metaspace   ] GC(43) Metaspace: 14391K->14368K(1062912K)
[279.165s][info][gc             ] GC(43) Pause Full (G1 Evacuation Pause) 255M->254M(256M) 350.103ms
[279.166s][info][gc,cpu         ] GC(43) User=1.77s Sys=0.03s Real=0.35s
[279.166s][info][gc,marking     ] GC(44) Concurrent Mark From Roots 350.875ms
[279.166s][info][gc,marking     ] GC(44) Concurrent Mark Abort
[279.166s][info][gc             ] GC(44) Concurrent Cycle 351.041ms
[284.140s][info][gc,start       ] GC(45) Pause Young (Normal) (G1 Evacuation Pause)
[284.140s][info][gc,task        ] GC(45) Using 6 workers of 8 for evacuation
[284.143s][info][gc             ] GC(45) To-space exhausted
[284.143s][info][gc,phases      ] GC(45)   Pre Evacuate Collection Set: 0.0ms
[284.143s][info][gc,phases      ] GC(45)   Evacuate Collection Set: 1.6ms
[284.143s][info][gc,phases      ] GC(45)   Post Evacuate Collection Set: 1.2ms
[284.143s][info][gc,phases      ] GC(45)   Other: 0.2ms
[284.143s][info][gc,heap        ] GC(45) Eden regions: 1->0(12)
[284.143s][info][gc,heap        ] GC(45) Survivor regions: 0->0(2)
[284.143s][info][gc,heap        ] GC(45) Old regions: 255->256
[284.143s][info][gc,heap        ] GC(45) Humongous regions: 0->0
[284.143s][info][gc,metaspace   ] GC(45) Metaspace: 14408K->14408K(1062912K)
[284.143s][info][gc             ] GC(45) Pause Young (Normal) (G1 Evacuation Pause) 255M->255M(256M) 3.177ms
[284.143s][info][gc,cpu         ] GC(45) User=0.00s Sys=0.00s Real=0.00s
[284.143s][info][gc,task        ] GC(46) Using 6 workers of 8 for full compaction
[284.143s][info][gc,start       ] GC(46) Pause Full (G1 Evacuation Pause)
[284.143s][info][gc,phases,start] GC(46) Phase 1: Mark live objects
[284.415s][info][gc,stringtable ] GC(46) Cleaned string and symbol table, strings: 7103 processed, 175 removed, symbols: 48516 processed, 6 removed
[284.415s][info][gc,phases      ] GC(46) Phase 1: Mark live objects 271.908ms
[284.415s][info][gc,phases,start] GC(46) Phase 2: Prepare for compaction
[284.448s][info][gc,phases      ] GC(46) Phase 2: Prepare for compaction 32.775ms
[284.448s][info][gc,phases,start] GC(46) Phase 3: Adjust pointers
[284.505s][info][gc,phases      ] GC(46) Phase 3: Adjust pointers 56.749ms
[284.505s][info][gc,phases,start] GC(46) Phase 4: Compact heap
[284.528s][info][gc,phases      ] GC(46) Phase 4: Compact heap 22.864ms
[284.529s][info][gc,heap        ] GC(46) Eden regions: 0->0(12)
[284.529s][info][gc,heap        ] GC(46) Survivor regions: 0->0(2)
[284.529s][info][gc,heap        ] GC(46) Old regions: 256->256
[284.529s][info][gc,heap        ] GC(46) Humongous regions: 0->0
[284.529s][info][gc,metaspace   ] GC(46) Metaspace: 14408K->14344K(1062912K)
[284.529s][info][gc             ] GC(46) Pause Full (G1 Evacuation Pause) 255M->255M(256M) 385.737ms
[284.530s][info][gc,cpu         ] GC(46) User=1.95s Sys=0.08s Real=0.39s
[284.530s][info][gc,task        ] GC(47) Using 6 workers of 8 for full compaction
[284.530s][info][gc,start       ] GC(47) Pause Full (G1 Evacuation Pause)
[284.530s][info][gc,phases,start] GC(47) Phase 1: Mark live objects
[284.788s][info][gc,stringtable ] GC(47) Cleaned string and symbol table, strings: 6928 processed, 0 removed, symbols: 48510 processed, 17 removed
[284.788s][info][gc,phases      ] GC(47) Phase 1: Mark live objects 257.958ms
[284.788s][info][gc,phases,start] GC(47) Phase 2: Prepare for compaction
[284.832s][info][gc,phases      ] GC(47) Phase 2: Prepare for compaction 44.572ms
[284.832s][info][gc,phases,start] GC(47) Phase 3: Adjust pointers
[284.890s][info][gc,phases      ] GC(47) Phase 3: Adjust pointers 57.783ms
[284.890s][info][gc,phases,start] GC(47) Phase 4: Compact heap
[284.915s][info][gc,phases      ] GC(47) Phase 4: Compact heap 24.495ms
[284.916s][info][gc,heap        ] GC(47) Eden regions: 0->0(12)
[284.916s][info][gc,heap        ] GC(47) Survivor regions: 0->0(2)
[284.916s][info][gc,heap        ] GC(47) Old regions: 256->256
[284.916s][info][gc,heap        ] GC(47) Humongous regions: 0->0
[284.916s][info][gc,metaspace   ] GC(47) Metaspace: 14344K->14344K(1062912K)
[284.916s][info][gc             ] GC(47) Pause Full (G1 Evacuation Pause) 255M->255M(256M) 386.272ms
[284.916s][info][gc,cpu         ] GC(47) User=2.00s Sys=0.05s Real=0.39s
[284.917s][info][gc,start       ] GC(48) Pause Young (Concurrent Start) (G1 Evacuation Pause)
[284.917s][info][gc,task        ] GC(48) Using 6 workers of 8 for evacuation
[284.917s][info][gc,phases      ] GC(48)   Pre Evacuate Collection Set: 0.0ms
[284.917s][info][gc,phases      ] GC(48)   Evacuate Collection Set: 0.2ms
[284.917s][info][gc,phases      ] GC(48)   Post Evacuate Collection Set: 0.1ms
[284.917s][info][gc,phases      ] GC(48)   Other: 0.1ms
[284.917s][info][gc,heap        ] GC(48) Eden regions: 0->0(12)
[284.917s][info][gc,heap        ] GC(48) Survivor regions: 0->0(2)
[284.917s][info][gc,heap        ] GC(48) Old regions: 256->256
[284.917s][info][gc,heap        ] GC(48) Humongous regions: 0->0
[284.917s][info][gc,metaspace   ] GC(48) Metaspace: 14344K->14344K(1062912K)
[284.917s][info][gc             ] GC(48) Pause Young (Concurrent Start) (G1 Evacuation Pause) 255M->255M(256M) 0.466ms
[284.917s][info][gc,cpu         ] GC(48) User=0.00s Sys=0.00s Real=0.00s
[284.917s][info][gc,task        ] GC(49) Using 6 workers of 8 for full compaction
[284.917s][info][gc             ] GC(50) Concurrent Cycle
[284.917s][info][gc,marking     ] GC(50) Concurrent Clear Claimed Marks
[284.917s][info][gc,marking     ] GC(50) Concurrent Clear Claimed Marks 0.018ms
[284.917s][info][gc,marking     ] GC(50) Concurrent Scan Root Regions
[284.917s][info][gc,marking     ] GC(50) Concurrent Scan Root Regions 0.013ms
[284.917s][info][gc,marking     ] GC(50) Concurrent Mark (284.917s)
[284.917s][info][gc,start       ] GC(49) Pause Full (G1 Evacuation Pause)
[284.917s][info][gc,marking     ] GC(50) Concurrent Mark From Roots
[284.917s][info][gc,task        ] GC(50) Using 2 workers of 2 for marking
[284.918s][info][gc,phases,start] GC(49) Phase 1: Mark live objects
[285.177s][info][gc,stringtable ] GC(49) Cleaned string and symbol table, strings: 6928 processed, 0 removed, symbols: 48493 processed, 0 removed
[285.177s][info][gc,phases      ] GC(49) Phase 1: Mark live objects 259.131ms
[285.177s][info][gc,phases,start] GC(49) Phase 2: Prepare for compaction
[285.202s][info][gc,phases      ] GC(49) Phase 2: Prepare for compaction 24.800ms
[285.202s][info][gc,phases,start] GC(49) Phase 3: Adjust pointers
[285.259s][info][gc,phases      ] GC(49) Phase 3: Adjust pointers 57.638ms
[285.259s][info][gc,phases,start] GC(49) Phase 4: Compact heap
[285.282s][info][gc,phases      ] GC(49) Phase 4: Compact heap 22.467ms
[285.283s][info][gc,heap        ] GC(49) Eden regions: 0->0(12)
[285.283s][info][gc,heap        ] GC(49) Survivor regions: 0->0(2)
[285.283s][info][gc,heap        ] GC(49) Old regions: 256->256
[285.283s][info][gc,heap        ] GC(49) Humongous regions: 0->0
[285.283s][info][gc,metaspace   ] GC(49) Metaspace: 14344K->14344K(1062912K)
[285.283s][info][gc             ] GC(49) Pause Full (G1 Evacuation Pause) 255M->255M(256M) 365.782ms
[285.283s][info][gc,cpu         ] GC(49) User=1.81s Sys=0.00s Real=0.37s
[285.283s][info][gc,task        ] GC(51) Using 6 workers of 8 for full compaction
[285.284s][info][gc,start       ] GC(51) Pause Full (G1 Evacuation Pause)
[285.284s][info][gc,phases,start] GC(51) Phase 1: Mark live objects
[285.548s][info][gc,stringtable ] GC(51) Cleaned string and symbol table, strings: 6928 processed, 0 removed, symbols: 48493 processed, 0 removed
[285.548s][info][gc,phases      ] GC(51) Phase 1: Mark live objects 263.970ms
[285.548s][info][gc,phases,start] GC(51) Phase 2: Prepare for compaction
[285.583s][info][gc,phases      ] GC(51) Phase 2: Prepare for compaction 35.617ms
[285.583s][info][gc,phases,start] GC(51) Phase 3: Adjust pointers
[285.648s][info][gc,phases      ] GC(51) Phase 3: Adjust pointers 65.067ms
[285.648s][info][gc,phases,start] GC(51) Phase 4: Compact heap
[285.673s][info][gc,phases      ] GC(51) Phase 4: Compact heap 24.828ms
[285.674s][info][gc,heap        ] GC(51) Eden regions: 0->0(12)
[285.674s][info][gc,heap        ] GC(51) Survivor regions: 0->0(2)
[285.674s][info][gc,heap        ] GC(51) Old regions: 256->256
[285.674s][info][gc,heap        ] GC(51) Humongous regions: 0->0
[285.674s][info][gc,metaspace   ] GC(51) Metaspace: 14344K->14344K(1062912K)
[285.674s][info][gc             ] GC(51) Pause Full (G1 Evacuation Pause) 255M->255M(256M) 390.677ms
[285.675s][info][gc,cpu         ] GC(51) User=2.03s Sys=0.02s Real=0.39s
[285.675s][info][gc,marking     ] GC(50) Concurrent Mark From Roots 757.775ms
[285.675s][info][gc,start       ] GC(52) Pause Young (Normal) (G1 Evacuation Pause)
[285.675s][info][gc,task        ] GC(52) Using 6 workers of 8 for evacuation
[285.675s][info][gc,phases      ] GC(52)   Pre Evacuate Collection Set: 0.0ms
[285.675s][info][gc,phases      ] GC(52)   Evacuate Collection Set: 0.1ms
[285.675s][info][gc,phases      ] GC(52)   Post Evacuate Collection Set: 0.1ms
[285.675s][info][gc,phases      ] GC(52)   Other: 0.1ms
[285.675s][info][gc,heap        ] GC(52) Eden regions: 0->0(12)
[285.675s][info][gc,heap        ] GC(52) Survivor regions: 0->0(2)
[285.675s][info][gc,heap        ] GC(52) Old regions: 256->256
[285.675s][info][gc,heap        ] GC(52) Humongous regions: 0->0
[285.675s][info][gc,metaspace   ] GC(52) Metaspace: 14344K->14344K(1062912K)
[285.675s][info][gc             ] GC(52) Pause Young (Normal) (G1 Evacuation Pause) 255M->255M(256M) 0.360ms
[285.675s][info][gc,cpu         ] GC(52) User=0.00s Sys=0.00s Real=0.00s
[285.675s][info][gc,task        ] GC(53) Using 6 workers of 8 for full compaction
[285.676s][info][gc,start       ] GC(53) Pause Full (G1 Evacuation Pause)
[285.676s][info][gc,phases,start] GC(53) Phase 1: Mark live objects
[285.937s][info][gc,stringtable ] GC(53) Cleaned string and symbol table, strings: 6928 processed, 0 removed, symbols: 48493 processed, 0 removed
[285.937s][info][gc,phases      ] GC(53) Phase 1: Mark live objects 261.627ms
[285.937s][info][gc,phases,start] GC(53) Phase 2: Prepare for compaction
[285.965s][info][gc,phases      ] GC(53) Phase 2: Prepare for compaction 27.244ms
[285.965s][info][gc,phases,start] GC(53) Phase 3: Adjust pointers
[286.028s][info][gc,phases      ] GC(53) Phase 3: Adjust pointers 63.617ms
[286.028s][info][gc,phases,start] GC(53) Phase 4: Compact heap
[286.050s][info][gc,phases      ] GC(53) Phase 4: Compact heap 21.816ms
[286.051s][info][gc,heap        ] GC(53) Eden regions: 0->0(12)
[286.051s][info][gc,heap        ] GC(53) Survivor regions: 0->0(2)
[286.051s][info][gc,heap        ] GC(53) Old regions: 256->256
[286.051s][info][gc,heap        ] GC(53) Humongous regions: 0->0
[286.051s][info][gc,metaspace   ] GC(53) Metaspace: 14344K->14344K(1062912K)
[286.051s][info][gc             ] GC(53) Pause Full (G1 Evacuation Pause) 255M->255M(256M) 375.721ms
[286.052s][info][gc,cpu         ] GC(53) User=1.98s Sys=0.08s Real=0.38s
[286.052s][info][gc,task        ] GC(54) Using 6 workers of 8 for full compaction
[286.052s][info][gc,start       ] GC(54) Pause Full (G1 Evacuation Pause)
[286.052s][info][gc,phases,start] GC(54) Phase 1: Mark live objects
[286.302s][info][gc,stringtable ] GC(54) Cleaned string and symbol table, strings: 6928 processed, 0 removed, symbols: 48493 processed, 0 removed
[286.302s][info][gc,phases      ] GC(54) Phase 1: Mark live objects 249.914ms
[286.302s][info][gc,phases,start] GC(54) Phase 2: Prepare for compaction
[286.329s][info][gc,phases      ] GC(54) Phase 2: Prepare for compaction 26.729ms
[286.329s][info][gc,phases,start] GC(54) Phase 3: Adjust pointers
[286.391s][info][gc,phases      ] GC(54) Phase 3: Adjust pointers 62.616ms
[286.391s][info][gc,phases,start] GC(54) Phase 4: Compact heap
[286.416s][info][gc,phases      ] GC(54) Phase 4: Compact heap 24.560ms
[286.417s][info][gc,heap        ] GC(54) Eden regions: 0->0(12)
[286.417s][info][gc,heap        ] GC(54) Survivor regions: 0->0(2)
[286.417s][info][gc,heap        ] GC(54) Old regions: 256->256
[286.417s][info][gc,heap        ] GC(54) Humongous regions: 0->0
[286.417s][info][gc,metaspace   ] GC(54) Metaspace: 14344K->14344K(1062912K)
[286.417s][info][gc             ] GC(54) Pause Full (G1 Evacuation Pause) 255M->255M(256M) 365.045ms
[286.418s][info][gc,cpu         ] GC(54) User=1.94s Sys=0.03s Real=0.37s
[286.418s][info][gc,marking     ] GC(50) Concurrent Mark Abort
[286.418s][info][gc             ] GC(50) Concurrent Cycle 1500.639ms
[286.418s][info][gc,start       ] GC(55) Pause Young (Normal) (G1 Evacuation Pause)
[286.418s][info][gc,task        ] GC(55) Using 6 workers of 8 for evacuation
[286.418s][info][gc,phases      ] GC(55)   Pre Evacuate Collection Set: 0.0ms
[286.418s][info][gc,phases      ] GC(55)   Evacuate Collection Set: 0.1ms
[286.418s][info][gc,phases      ] GC(55)   Post Evacuate Collection Set: 0.1ms
[286.418s][info][gc,phases      ] GC(55)   Other: 0.1ms
[286.418s][info][gc,heap        ] GC(55) Eden regions: 0->0(12)
[286.418s][info][gc,heap        ] GC(55) Survivor regions: 0->0(2)
[286.418s][info][gc,heap        ] GC(55) Old regions: 256->256
[286.418s][info][gc,heap        ] GC(55) Humongous regions: 0->0
[286.418s][info][gc,metaspace   ] GC(55) Metaspace: 14344K->14344K(1062912K)
[286.418s][info][gc             ] GC(55) Pause Young (Normal) (G1 Evacuation Pause) 255M->255M(256M) 0.342ms
[286.418s][info][gc,cpu         ] GC(55) User=0.00s Sys=0.00s Real=0.00s
[286.418s][info][gc,task        ] GC(56) Using 6 workers of 8 for full compaction
[286.418s][info][gc,start       ] GC(56) Pause Full (G1 Evacuation Pause)
[286.418s][info][gc,phases,start] GC(56) Phase 1: Mark live objects
[286.675s][info][gc,stringtable ] GC(56) Cleaned string and symbol table, strings: 6928 processed, 0 removed, symbols: 48493 processed, 0 removed
[286.675s][info][gc,phases      ] GC(56) Phase 1: Mark live objects 256.498ms
[286.675s][info][gc,phases,start] GC(56) Phase 2: Prepare for compaction
[286.710s][info][gc,phases      ] GC(56) Phase 2: Prepare for compaction 34.828ms
[286.710s][info][gc,phases,start] GC(56) Phase 3: Adjust pointers
[286.779s][info][gc,phases      ] GC(56) Phase 3: Adjust pointers 68.809ms
[286.779s][info][gc,phases,start] GC(56) Phase 4: Compact heap
[286.807s][info][gc,phases      ] GC(56) Phase 4: Compact heap 28.038ms
[286.808s][info][gc,heap        ] GC(56) Eden regions: 0->0(12)
[286.808s][info][gc,heap        ] GC(56) Survivor regions: 0->0(2)
[286.808s][info][gc,heap        ] GC(56) Old regions: 256->256
[286.808s][info][gc,heap        ] GC(56) Humongous regions: 0->0
[286.808s][info][gc,metaspace   ] GC(56) Metaspace: 14344K->14344K(1062912K)
[286.808s][info][gc             ] GC(56) Pause Full (G1 Evacuation Pause) 255M->255M(256M) 389.515ms
[286.808s][info][gc,cpu         ] GC(56) User=2.03s Sys=0.06s Real=0.39s
[286.808s][info][gc,task        ] GC(57) Using 6 workers of 8 for full compaction
[286.809s][info][gc,start       ] GC(57) Pause Full (G1 Evacuation Pause)
[286.809s][info][gc,phases,start] GC(57) Phase 1: Mark live objects
[287.081s][info][gc,stringtable ] GC(57) Cleaned string and symbol table, strings: 6928 processed, 0 removed, symbols: 48493 processed, 0 removed
[287.081s][info][gc,phases      ] GC(57) Phase 1: Mark live objects 271.897ms
[287.081s][info][gc,phases,start] GC(57) Phase 2: Prepare for compaction
[287.106s][info][gc,phases      ] GC(57) Phase 2: Prepare for compaction 25.673ms
[287.106s][info][gc,phases,start] GC(57) Phase 3: Adjust pointers
[287.167s][info][gc,phases      ] GC(57) Phase 3: Adjust pointers 61.015ms
[287.167s][info][gc,phases,start] GC(57) Phase 4: Compact heap
[287.192s][info][gc,phases      ] GC(57) Phase 4: Compact heap 24.592ms
[287.193s][info][gc,heap        ] GC(57) Eden regions: 0->0(12)
[287.193s][info][gc,heap        ] GC(57) Survivor regions: 0->0(2)
[287.193s][info][gc,heap        ] GC(57) Old regions: 256->256
[287.193s][info][gc,heap        ] GC(57) Humongous regions: 0->0
[287.193s][info][gc,metaspace   ] GC(57) Metaspace: 14344K->14344K(1062912K)
[287.193s][info][gc             ] GC(57) Pause Full (G1 Evacuation Pause) 255M->255M(256M) 384.476ms
[287.194s][info][gc,cpu         ] GC(57) User=2.03s Sys=0.05s Real=0.38s
[287.194s][info][gc,start       ] GC(58) Pause Young (Concurrent Start) (G1 Evacuation Pause)
[287.194s][info][gc,task        ] GC(58) Using 6 workers of 8 for evacuation
[287.194s][info][gc,phases      ] GC(58)   Pre Evacuate Collection Set: 0.0ms
[287.194s][info][gc,phases      ] GC(58)   Evacuate Collection Set: 0.2ms
[287.194s][info][gc,phases      ] GC(58)   Post Evacuate Collection Set: 0.1ms
[287.194s][info][gc,phases      ] GC(58)   Other: 0.1ms
[287.194s][info][gc,heap        ] GC(58) Eden regions: 0->0(12)
[287.194s][info][gc,heap        ] GC(58) Survivor regions: 0->0(2)
[287.194s][info][gc,heap        ] GC(58) Old regions: 256->256
[287.194s][info][gc,heap        ] GC(58) Humongous regions: 0->0
[287.194s][info][gc,metaspace   ] GC(58) Metaspace: 14344K->14344K(1062912K)
[287.194s][info][gc             ] GC(58) Pause Young (Concurrent Start) (G1 Evacuation Pause) 255M->255M(256M) 0.500ms
[287.194s][info][gc,cpu         ] GC(58) User=0.00s Sys=0.00s Real=0.00s
[287.194s][info][gc,task        ] GC(59) Using 6 workers of 8 for full compaction
[287.194s][info][gc             ] GC(60) Concurrent Cycle
[287.194s][info][gc,marking     ] GC(60) Concurrent Clear Claimed Marks
[287.194s][info][gc,marking     ] GC(60) Concurrent Clear Claimed Marks 0.019ms
[287.194s][info][gc,marking     ] GC(60) Concurrent Scan Root Regions
[287.194s][info][gc,marking     ] GC(60) Concurrent Scan Root Regions 0.013ms
[287.194s][info][gc,marking     ] GC(60) Concurrent Mark (287.194s)
[287.194s][info][gc,start       ] GC(59) Pause Full (G1 Evacuation Pause)
[287.194s][info][gc,marking     ] GC(60) Concurrent Mark From Roots
[287.194s][info][gc,task        ] GC(60) Using 2 workers of 2 for marking
[287.195s][info][gc,phases,start] GC(59) Phase 1: Mark live objects
[287.197s][info][gc,stringtable ] GC(59) Cleaned string and symbol table, strings: 6928 processed, 0 removed, symbols: 48493 processed, 0 removed
[287.197s][info][gc,phases      ] GC(59) Phase 1: Mark live objects 2.038ms
[287.197s][info][gc,phases,start] GC(59) Phase 2: Prepare for compaction
[287.197s][info][gc,phases      ] GC(59) Phase 2: Prepare for compaction 0.676ms
[287.197s][info][gc,phases,start] GC(59) Phase 3: Adjust pointers
[287.199s][info][gc,phases      ] GC(59) Phase 3: Adjust pointers 1.526ms
[287.199s][info][gc,phases,start] GC(59) Phase 4: Compact heap
[287.200s][info][gc,phases      ] GC(59) Phase 4: Compact heap 0.934ms
[287.201s][info][gc,heap        ] GC(59) Eden regions: 0->0(153)
[287.201s][info][gc,heap        ] GC(59) Survivor regions: 0->0(2)
[287.201s][info][gc,heap        ] GC(59) Old regions: 256->6
[287.201s][info][gc,heap        ] GC(59) Humongous regions: 0->0
[287.201s][info][gc,metaspace   ] GC(59) Metaspace: 14344K->14344K(1062912K)
[287.201s][info][gc             ] GC(59) Pause Full (G1 Evacuation Pause) 255M->2M(256M) 6.358ms
[287.201s][info][gc,cpu         ] GC(59) User=0.02s Sys=0.00s Real=0.01s
[287.201s][info][gc,marking     ] GC(60) Concurrent Mark From Roots 6.742ms
[287.201s][info][gc,marking     ] GC(60) Concurrent Mark Abort
[287.201s][info][gc             ] GC(60) Concurrent Cycle 6.892ms
[287.203s][info][gc,heap,exit   ] Heap
[287.203s][info][gc,heap,exit   ]  garbage-first heap   total 262144K, used 4654K [0x00000000f0000000, 0x0000000100000000)
[287.203s][info][gc,heap,exit   ]   region size 1024K, 3 young (3072K), 0 survivors (0K)
[287.203s][info][gc,heap,exit   ]  Metaspace       used 14394K, capacity 14790K, committed 15232K, reserved 1062912K
[287.203s][info][gc,heap,exit   ]   class space    used 1416K, capacity 1526K, committed 1664K, reserved 1048576K
