[0.013s][info][gc] Using Concurrent Mark Sweep
[0.013s][info][gc,heap,coops] Heap address: 0x00000000f0000000, size: 256 MB, Compressed Oops mode: 32-bit
[0.359s][info][gc,start     ] GC(0) Pause Young (Allocation Failure)
[0.359s][info][gc,task      ] GC(0) Using 5 workers of 8 for evacuation
[1.072s][info][gc,heap      ] GC(0) ParNew: 69952K->8702K(78656K)
[1.072s][info][gc,heap      ] GC(0) CMS: 0K->82772K(174784K)
[1.072s][info][gc,metaspace ] GC(0) Metaspace: 10377K->10377K(1058816K)
[1.072s][info][gc           ] GC(0) Pause Young (Allocation Failure) 68M->89M(247M) 712.655ms
[1.072s][info][gc,cpu       ] GC(0) User=3.53s Sys=0.05s Real=0.72s
[1.101s][info][gc,start     ] GC(1) Pause Young (Allocation Failure)
[1.101s][info][gc,task      ] GC(1) Using 5 workers of 8 for evacuation
[1.431s][info][gc,heap      ] GC(1) ParNew: 78654K->8704K(78656K)
[1.431s][info][gc,heap      ] GC(1) CMS: 82772K->169609K(174784K)
[1.431s][info][gc,metaspace ] GC(1) Metaspace: 10378K->10378K(1058816K)
[1.431s][info][gc           ] GC(1) Pause Young (Allocation Failure) 157M->174M(247M) 330.023ms
[1.431s][info][gc,cpu       ] GC(1) User=1.53s Sys=0.02s Real=0.33s
[1.431s][info][gc,start     ] GC(2) Pause Initial Mark
[1.433s][info][gc           ] GC(2) Pause Initial Mark 175M->175M(247M) 2.055ms
[1.433s][info][gc,cpu       ] GC(2) User=0.00s Sys=0.00s Real=0.00s
[1.433s][info][gc           ] GC(2) Concurrent Mark
[1.434s][info][gc,task      ] GC(2) Using 2 workers of 2 for marking
[1.468s][info][gc,start     ] GC(3) Pause Young (Allocation Failure)
[1.468s][info][gc,task      ] GC(3) Using 5 workers of 8 for evacuation
[1.468s][info][gc,start     ] GC(4) Pause Full (Allocation Failure)
[1.609s][info][gc           ] GC(2) Concurrent Mark 175.986ms
[1.609s][info][gc,cpu       ] GC(2) User=0.33s Sys=0.00s Real=0.19s
[1.610s][info][gc,phases,start] GC(4) Phase 1: Mark live objects
[1.824s][info][gc,phases      ] GC(4) Phase 1: Mark live objects 214.595ms
[1.824s][info][gc,phases,start] GC(4) Phase 2: Compute new object addresses
[1.937s][info][gc,phases      ] GC(4) Phase 2: Compute new object addresses 112.960ms
[1.937s][info][gc,phases,start] GC(4) Phase 3: Adjust pointers
[2.056s][info][gc,phases      ] GC(4) Phase 3: Adjust pointers 119.224ms
[2.056s][info][gc,phases,start] GC(4) Phase 4: Move objects
[2.136s][info][gc,phases      ] GC(4) Phase 4: Move objects 79.509ms
[2.136s][info][gc             ] GC(4) Pause Full (Allocation Failure) 242M->219M(247M) 668.164ms
[2.136s][info][gc,heap        ] GC(3) ParNew: 78656K->49532K(78656K)
[2.136s][info][gc,heap        ] GC(3) CMS: 169609K->174783K(174784K)
[2.136s][info][gc,metaspace   ] GC(3) Metaspace: 10378K->10378K(1058816K)
[2.136s][info][gc             ] GC(3) Pause Young (Allocation Failure) 242M->219M(247M) 668.365ms
[2.136s][info][gc,cpu         ] GC(3) User=0.75s Sys=0.02s Real=0.67s
[2.245s][info][gc,start       ] GC(5) Pause Full (Allocation Failure)
[2.245s][info][gc,phases,start] GC(5) Phase 1: Mark live objects
[2.458s][info][gc,phases      ] GC(5) Phase 1: Mark live objects 212.414ms
[2.458s][info][gc,phases,start] GC(5) Phase 2: Compute new object addresses
[2.592s][info][gc,phases      ] GC(5) Phase 2: Compute new object addresses 134.494ms
[2.592s][info][gc,phases,start] GC(5) Phase 3: Adjust pointers
[2.693s][info][gc,phases      ] GC(5) Phase 3: Adjust pointers 100.376ms
[2.693s][info][gc,phases,start] GC(5) Phase 4: Move objects
[2.702s][info][gc,phases      ] GC(5) Phase 4: Move objects 9.247ms
[2.702s][info][gc,heap        ] GC(5) ParNew: 78655K->77871K(78656K)
[2.702s][info][gc,heap        ] GC(5) CMS: 174783K->174783K(174784K)
[2.702s][info][gc,metaspace   ] GC(5) Metaspace: 10378K->10378K(1058816K)
[2.702s][info][gc             ] GC(5) Pause Full (Allocation Failure) 247M->246M(247M) 457.193ms
[2.702s][info][gc,cpu         ] GC(5) User=0.41s Sys=0.06s Real=0.47s
[2.703s][info][gc,start       ] GC(6) Pause Initial Mark
[2.746s][info][gc             ] GC(6) Pause Initial Mark 246M->246M(247M) 43.296ms
[2.746s][info][gc,cpu         ] GC(6) User=0.03s Sys=0.00s Real=0.03s
[2.746s][info][gc             ] GC(6) Concurrent Mark
[2.746s][info][gc,task        ] GC(6) Using 2 workers of 2 for marking
[2.752s][info][gc,start       ] GC(7) Pause Full (Allocation Failure)
[2.882s][info][gc             ] GC(6) Concurrent Mark 136.274ms
[2.882s][info][gc,cpu         ] GC(6) User=0.30s Sys=0.00s Real=0.14s
[2.883s][info][gc,phases,start] GC(7) Phase 1: Mark live objects
[3.078s][info][gc,phases      ] GC(7) Phase 1: Mark live objects 195.060ms
[3.078s][info][gc,phases,start] GC(7) Phase 2: Compute new object addresses
[3.205s][info][gc,phases      ] GC(7) Phase 2: Compute new object addresses 127.836ms
[3.206s][info][gc,phases,start] GC(7) Phase 3: Adjust pointers
[3.301s][info][gc,phases      ] GC(7) Phase 3: Adjust pointers 95.537ms
[3.301s][info][gc,phases,start] GC(7) Phase 4: Move objects
[3.301s][info][gc,phases      ] GC(7) Phase 4: Move objects 0.252ms
[3.302s][info][gc,heap        ] GC(7) ParNew: 78655K->78635K(78656K)
[3.302s][info][gc,heap        ] GC(7) CMS: 174783K->174783K(174784K)
[3.302s][info][gc,metaspace   ] GC(7) Metaspace: 10378K->10378K(1058816K)
[3.302s][info][gc             ] GC(7) Pause Full (Allocation Failure) 247M->247M(247M) 549.253ms
[3.302s][info][gc,cpu         ] GC(7) User=0.64s Sys=0.03s Real=0.54s
[3.302s][info][gc,start       ] GC(8) Pause Full (Allocation Failure)
[3.302s][info][gc,phases,start] GC(8) Phase 1: Mark live objects
[3.481s][info][gc,phases      ] GC(8) Phase 1: Mark live objects 179.214ms
[3.481s][info][gc,phases,start] GC(8) Phase 2: Compute new object addresses
[3.609s][info][gc,phases      ] GC(8) Phase 2: Compute new object addresses 128.071ms
[3.609s][info][gc,phases,start] GC(8) Phase 3: Adjust pointers
[3.706s][info][gc,phases      ] GC(8) Phase 3: Adjust pointers 96.692ms
[3.706s][info][gc,phases,start] GC(8) Phase 4: Move objects
[3.706s][info][gc,phases      ] GC(8) Phase 4: Move objects 0.024ms
[3.707s][info][gc,heap        ] GC(8) ParNew: 78655K->78655K(78656K)
[3.707s][info][gc,heap        ] GC(8) CMS: 174783K->174783K(174784K)
[3.707s][info][gc,metaspace   ] GC(8) Metaspace: 10378K->10378K(1058816K)
[3.707s][info][gc             ] GC(8) Pause Full (Allocation Failure) 247M->247M(247M) 404.704ms
[3.707s][info][gc,cpu         ] GC(8) User=0.38s Sys=0.03s Real=0.41s
[3.707s][info][gc,start       ] GC(10) Pause Full (Allocation Failure)
[3.707s][info][gc,phases,start] GC(10) Phase 1: Mark live objects
[3.900s][info][gc,phases      ] GC(10) Phase 1: Mark live objects 192.856ms
[3.900s][info][gc,phases,start] GC(10) Phase 2: Compute new object addresses
[4.028s][info][gc,phases      ] GC(10) Phase 2: Compute new object addresses 127.983ms
[4.028s][info][gc,phases,start] GC(10) Phase 3: Adjust pointers
[4.125s][info][gc,phases      ] GC(10) Phase 3: Adjust pointers 96.801ms
[4.125s][info][gc,phases,start] GC(10) Phase 4: Move objects
[4.125s][info][gc,phases      ] GC(10) Phase 4: Move objects 0.020ms
[4.125s][info][gc,heap        ] GC(10) ParNew: 78655K->78655K(78656K)
[4.125s][info][gc,heap        ] GC(10) CMS: 174783K->174783K(174784K)
[4.125s][info][gc,metaspace   ] GC(10) Metaspace: 10378K->10378K(1058816K)
[4.125s][info][gc             ] GC(10) Pause Full (Allocation Failure) 247M->247M(247M) 418.514ms
[4.125s][info][gc,cpu         ] GC(10) User=0.39s Sys=0.03s Real=0.42s
[4.126s][info][gc,start       ] GC(11) Pause Full (Allocation Failure)
[4.126s][info][gc,phases,start] GC(11) Phase 1: Mark live objects
[4.310s][info][gc,phases      ] GC(11) Phase 1: Mark live objects 184.466ms
[4.310s][info][gc,phases,start] GC(11) Phase 2: Compute new object addresses
[4.439s][info][gc,phases      ] GC(11) Phase 2: Compute new object addresses 128.931ms
[4.439s][info][gc,phases,start] GC(11) Phase 3: Adjust pointers
[4.535s][info][gc,phases      ] GC(11) Phase 3: Adjust pointers 95.471ms
[4.535s][info][gc,phases,start] GC(11) Phase 4: Move objects
[4.535s][info][gc,phases      ] GC(11) Phase 4: Move objects 0.018ms
[4.535s][info][gc,heap        ] GC(11) ParNew: 78655K->78655K(78656K)
[4.535s][info][gc,heap        ] GC(11) CMS: 174783K->174783K(174784K)
[4.535s][info][gc,metaspace   ] GC(11) Metaspace: 10378K->10378K(1058816K)
[4.535s][info][gc             ] GC(11) Pause Full (Allocation Failure) 247M->247M(247M) 409.858ms
[4.535s][info][gc,cpu         ] GC(11) User=0.41s Sys=0.00s Real=0.41s
[4.536s][info][gc,start       ] GC(12) Pause Full (Allocation Failure)
[4.536s][info][gc,phases,start] GC(12) Phase 1: Mark live objects
[4.723s][info][gc,phases      ] GC(12) Phase 1: Mark live objects 187.601ms
[4.723s][info][gc,phases,start] GC(12) Phase 2: Compute new object addresses
[4.848s][info][gc,phases      ] GC(12) Phase 2: Compute new object addresses 124.999ms
[4.848s][info][gc,phases,start] GC(12) Phase 3: Adjust pointers
[4.977s][info][gc,phases      ] GC(12) Phase 3: Adjust pointers 129.115ms
[4.977s][info][gc,phases,start] GC(12) Phase 4: Move objects
[5.037s][info][gc,phases      ] GC(12) Phase 4: Move objects 59.652ms
[5.038s][info][gc,heap        ] GC(12) ParNew: 78655K->78504K(78656K)
[5.038s][info][gc,heap        ] GC(12) CMS: 174783K->174783K(174784K)
[5.038s][info][gc,metaspace   ] GC(12) Metaspace: 10378K->10378K(1058816K)
[5.038s][info][gc             ] GC(12) Pause Full (Allocation Failure) 247M->247M(247M) 502.569ms
[5.038s][info][gc,cpu         ] GC(12) User=0.48s Sys=0.02s Real=0.51s
[5.038s][info][gc,start       ] GC(9) Pause Initial Mark
[5.076s][info][gc             ] GC(9) Pause Initial Mark 247M->247M(247M) 38.166ms
[5.076s][info][gc,cpu         ] GC(9) User=0.03s Sys=0.00s Real=0.03s
[5.077s][info][gc             ] GC(9) Concurrent Mark
[5.077s][info][gc,task        ] GC(9) Using 2 workers of 2 for marking
[5.078s][info][gc,start       ] GC(13) Pause Full (Allocation Failure)
[5.221s][info][gc             ] GC(9) Concurrent Mark 144.246ms
[5.221s][info][gc,cpu         ] GC(9) User=0.25s Sys=0.00s Real=0.16s
[5.221s][info][gc,phases,start] GC(13) Phase 1: Mark live objects
[5.411s][info][gc,phases      ] GC(13) Phase 1: Mark live objects 189.760ms
[5.411s][info][gc,phases,start] GC(13) Phase 2: Compute new object addresses
[5.539s][info][gc,phases      ] GC(13) Phase 2: Compute new object addresses 128.198ms
[5.539s][info][gc,phases,start] GC(13) Phase 3: Adjust pointers
[5.637s][info][gc,phases      ] GC(13) Phase 3: Adjust pointers 98.495ms
[5.637s][info][gc,phases,start] GC(13) Phase 4: Move objects
[5.638s][info][gc,phases      ] GC(13) Phase 4: Move objects 0.063ms
[5.638s][info][gc,heap        ] GC(13) ParNew: 78655K->78651K(78656K)
[5.638s][info][gc,heap        ] GC(13) CMS: 174783K->174783K(174784K)
[5.638s][info][gc,metaspace   ] GC(13) Metaspace: 10226K->10226K(1058816K)
[5.638s][info][gc             ] GC(13) Pause Full (Allocation Failure) 247M->247M(247M) 559.909ms
[5.638s][info][gc,cpu         ] GC(13) User=0.63s Sys=0.03s Real=0.56s
[5.638s][info][gc,start       ] GC(14) Pause Full (Allocation Failure)
[5.638s][info][gc,phases,start] GC(14) Phase 1: Mark live objects
[5.825s][info][gc,phases      ] GC(14) Phase 1: Mark live objects 187.035ms
[5.825s][info][gc,phases,start] GC(14) Phase 2: Compute new object addresses
[5.952s][info][gc,phases      ] GC(14) Phase 2: Compute new object addresses 127.323ms
[5.953s][info][gc,phases,start] GC(14) Phase 3: Adjust pointers
[6.049s][info][gc,phases      ] GC(14) Phase 3: Adjust pointers 96.625ms
[6.049s][info][gc,phases,start] GC(14) Phase 4: Move objects
[6.049s][info][gc,phases      ] GC(14) Phase 4: Move objects 0.019ms
[6.049s][info][gc,heap        ] GC(14) ParNew: 78656K->78655K(78656K)
[6.049s][info][gc,heap        ] GC(14) CMS: 174783K->174783K(174784K)
[6.049s][info][gc,metaspace   ] GC(14) Metaspace: 10226K->10226K(1058816K)
[6.049s][info][gc             ] GC(14) Pause Full (Allocation Failure) 247M->247M(247M) 411.434ms
[6.049s][info][gc,cpu         ] GC(14) User=0.38s Sys=0.05s Real=0.42s
[6.050s][info][gc,start       ] GC(16) Pause Full (Allocation Failure)
[6.050s][info][gc,phases,start] GC(16) Phase 1: Mark live objects
[6.233s][info][gc,phases      ] GC(16) Phase 1: Mark live objects 183.073ms
[6.233s][info][gc,phases,start] GC(16) Phase 2: Compute new object addresses
[6.362s][info][gc,phases      ] GC(16) Phase 2: Compute new object addresses 129.094ms
[6.362s][info][gc,phases,start] GC(16) Phase 3: Adjust pointers
[6.459s][info][gc,phases      ] GC(16) Phase 3: Adjust pointers 96.932ms
[6.459s][info][gc,phases,start] GC(16) Phase 4: Move objects
[6.459s][info][gc,phases      ] GC(16) Phase 4: Move objects 0.019ms
[6.459s][info][gc,heap        ] GC(16) ParNew: 78655K->78655K(78656K)
[6.459s][info][gc,heap        ] GC(16) CMS: 174783K->174783K(174784K)
[6.459s][info][gc,metaspace   ] GC(16) Metaspace: 10226K->10226K(1058816K)
[6.459s][info][gc             ] GC(16) Pause Full (Allocation Failure) 247M->247M(247M) 409.531ms
[6.459s][info][gc,cpu         ] GC(16) User=0.41s Sys=0.00s Real=0.41s
[6.459s][info][gc,start       ] GC(17) Pause Full (Allocation Failure)
[6.459s][info][gc,phases,start] GC(17) Phase 1: Mark live objects
[6.641s][info][gc,phases      ] GC(17) Phase 1: Mark live objects 181.933ms
[6.641s][info][gc,phases,start] GC(17) Phase 2: Compute new object addresses
[6.777s][info][gc,phases      ] GC(17) Phase 2: Compute new object addresses 135.251ms
[6.777s][info][gc,phases,start] GC(17) Phase 3: Adjust pointers
[6.873s][info][gc,phases      ] GC(17) Phase 3: Adjust pointers 96.786ms
[6.873s][info][gc,phases,start] GC(17) Phase 4: Move objects
[6.873s][info][gc,phases      ] GC(17) Phase 4: Move objects 0.017ms
[6.874s][info][gc,heap        ] GC(17) ParNew: 78655K->78655K(78656K)
[6.874s][info][gc,heap        ] GC(17) CMS: 174783K->174783K(174784K)
[6.874s][info][gc,metaspace   ] GC(17) Metaspace: 10226K->10226K(1058816K)
[6.874s][info][gc             ] GC(17) Pause Full (Allocation Failure) 247M->247M(247M) 414.407ms
[6.874s][info][gc,cpu         ] GC(17) User=0.41s Sys=0.02s Real=0.42s
[6.874s][info][gc,start       ] GC(15) Pause Initial Mark
[6.914s][info][gc             ] GC(15) Pause Initial Mark 247M->247M(247M) 40.251ms
[6.914s][info][gc,cpu         ] GC(15) User=0.03s Sys=0.00s Real=0.03s
[6.914s][info][gc             ] GC(15) Concurrent Mark
[6.914s][info][gc,task        ] GC(15) Using 2 workers of 2 for marking
[6.915s][info][gc,start       ] GC(18) Pause Full (Allocation Failure)
[7.054s][info][gc             ] GC(15) Concurrent Mark 139.845ms
[7.054s][info][gc,cpu         ] GC(15) User=0.25s Sys=0.00s Real=0.14s
[7.054s][info][gc,phases,start] GC(18) Phase 1: Mark live objects
[7.056s][info][gc,phases      ] GC(18) Phase 1: Mark live objects 2.015ms
[7.056s][info][gc,phases,start] GC(18) Phase 2: Compute new object addresses
[7.134s][info][gc,phases      ] GC(18) Phase 2: Compute new object addresses 77.340ms
[7.134s][info][gc,phases,start] GC(18) Phase 3: Adjust pointers
[7.135s][info][gc,phases      ] GC(18) Phase 3: Adjust pointers 1.719ms
[7.135s][info][gc,phases,start] GC(18) Phase 4: Move objects
[7.136s][info][gc,phases      ] GC(18) Phase 4: Move objects 0.392ms
[7.136s][info][gc,heap        ] GC(18) ParNew: 78655K->0K(78656K)
[7.136s][info][gc,heap        ] GC(18) CMS: 174783K->1455K(174784K)
[7.136s][info][gc,metaspace   ] GC(18) Metaspace: 10226K->10226K(1058816K)
[7.136s][info][gc             ] GC(18) Pause Full (Allocation Failure) 247M->1M(247M) 221.401ms
[7.136s][info][gc,cpu         ] GC(18) User=0.33s Sys=0.00s Real=0.22s
[7.138s][info][gc,heap,exit   ] Heap
[7.138s][info][gc,heap,exit   ]  par new generation   total 78656K, used 3899K [0x00000000f0000000, 0x00000000f5550000, 0x00000000f5550000)
[7.138s][info][gc,heap,exit   ]   eden space 69952K,   5% used [0x00000000f0000000, 0x00000000f03cefa8, 0x00000000f4450000)
[7.138s][info][gc,heap,exit   ]   from space 8704K,   0% used [0x00000000f4450000, 0x00000000f4450000, 0x00000000f4cd0000)
[7.138s][info][gc,heap,exit   ]   to   space 8704K,   0% used [0x00000000f4cd0000, 0x00000000f4cd0000, 0x00000000f5550000)
[7.138s][info][gc,heap,exit   ]  concurrent mark-sweep generation total 174784K, used 1455K [0x00000000f5550000, 0x0000000100000000, 0x0000000100000000)
[7.138s][info][gc,heap,exit   ]  Metaspace       used 10234K, capacity 10403K, committed 10880K, reserved 1058816K
[7.138s][info][gc,heap,exit   ]   class space    used 988K, capacity 1038K, committed 1152K, reserved 1048576K
