[0.010s][info][gc,heap] Heap region size: 1M
[0.024s][info][gc     ] Using G1
[0.024s][info][gc,heap,coops] Heap address: 0x00000000e0000000, size: 512 MB, Compressed Oops mode: 32-bit
[0.378s][info][gc,start     ] GC(0) Pause Young (Normal) (G1 Evacuation Pause)
[0.378s][info][gc,task      ] GC(0) Using 8 workers of 8 for evacuation
[0.451s][info][gc,phases    ] GC(0)   Pre Evacuate Collection Set: 0.0ms
[0.451s][info][gc,phases    ] GC(0)   Evacuate Collection Set: 72.4ms
[0.451s][info][gc,phases    ] GC(0)   Post Evacuate Collection Set: 0.5ms
[0.452s][info][gc,phases    ] GC(0)   Other: 0.5ms
[0.456s][info][gc,heap      ] GC(0) Eden regions: 25->0(21)
[0.456s][info][gc,heap      ] GC(0) Survivor regions: 0->4(4)
[0.456s][info][gc,heap      ] GC(0) Old regions: 0->16
[0.456s][info][gc,heap      ] GC(0) Humongous regions: 0->0
[0.456s][info][gc,metaspace ] GC(0) Metaspace: 10397K->10397K(1058816K)
[0.456s][info][gc           ] GC(0) Pause Young (Normal) (G1 Evacuation Pause) 25M->19M(512M) 77.716ms
[0.456s][info][gc,cpu       ] GC(0) User=0.50s Sys=0.00s Real=0.08s
[0.467s][info][gc,start     ] GC(1) Pause Young (Normal) (G1 Evacuation Pause)
[0.468s][info][gc,task      ] GC(1) Using 8 workers of 8 for evacuation
[0.559s][info][gc,phases    ] GC(1)   Pre Evacuate Collection Set: 0.0ms
[0.559s][info][gc,phases    ] GC(1)   Evacuate Collection Set: 90.8ms
[0.559s][info][gc,phases    ] GC(1)   Post Evacuate Collection Set: 0.6ms
[0.559s][info][gc,phases    ] GC(1)   Other: 0.1ms
[0.559s][info][gc,heap      ] GC(1) Eden regions: 21->0(21)
[0.559s][info][gc,heap      ] GC(1) Survivor regions: 4->4(4)
[0.559s][info][gc,heap      ] GC(1) Old regions: 16->37
[0.559s][info][gc,heap      ] GC(1) Humongous regions: 0->0
[0.559s][info][gc,metaspace ] GC(1) Metaspace: 10398K->10398K(1058816K)
[0.559s][info][gc           ] GC(1) Pause Young (Normal) (G1 Evacuation Pause) 40M->41M(512M) 91.823ms
[0.559s][info][gc,cpu       ] GC(1) User=0.66s Sys=0.00s Real=0.09s
[0.572s][info][gc,start     ] GC(2) Pause Young (Normal) (G1 Evacuation Pause)
[0.572s][info][gc,task      ] GC(2) Using 8 workers of 8 for evacuation
[0.675s][info][gc,phases    ] GC(2)   Pre Evacuate Collection Set: 0.0ms
[0.675s][info][gc,phases    ] GC(2)   Evacuate Collection Set: 101.5ms
[0.675s][info][gc,phases    ] GC(2)   Post Evacuate Collection Set: 0.6ms
[0.675s][info][gc,phases    ] GC(2)   Other: 0.3ms
[0.675s][info][gc,heap      ] GC(2) Eden regions: 21->0(26)
[0.675s][info][gc,heap      ] GC(2) Survivor regions: 4->4(4)
[0.675s][info][gc,heap      ] GC(2) Old regions: 37->59
[0.675s][info][gc,heap      ] GC(2) Humongous regions: 0->0
[0.675s][info][gc,metaspace ] GC(2) Metaspace: 10398K->10398K(1058816K)
[0.675s][info][gc           ] GC(2) Pause Young (Normal) (G1 Evacuation Pause) 62M->62M(512M) 102.613ms
[0.675s][info][gc,cpu       ] GC(2) User=0.70s Sys=0.05s Real=0.09s
[0.690s][info][gc,start     ] GC(3) Pause Young (Normal) (G1 Evacuation Pause)
[0.690s][info][gc,task      ] GC(3) Using 8 workers of 8 for evacuation
[0.816s][info][gc,phases    ] GC(3)   Pre Evacuate Collection Set: 0.0ms
[0.816s][info][gc,phases    ] GC(3)   Evacuate Collection Set: 125.7ms
[0.816s][info][gc,phases    ] GC(3)   Post Evacuate Collection Set: 0.3ms
[0.816s][info][gc,phases    ] GC(3)   Other: 0.2ms
[0.816s][info][gc,heap      ] GC(3) Eden regions: 26->0(30)
[0.816s][info][gc,heap      ] GC(3) Survivor regions: 4->4(4)
[0.816s][info][gc,heap      ] GC(3) Old regions: 59->87
[0.816s][info][gc,heap      ] GC(3) Humongous regions: 0->0
[0.816s][info][gc,metaspace ] GC(3) Metaspace: 10398K->10398K(1058816K)
[0.816s][info][gc           ] GC(3) Pause Young (Normal) (G1 Evacuation Pause) 88M->90M(512M) 126.556ms
[0.816s][info][gc,cpu       ] GC(3) User=0.97s Sys=0.00s Real=0.13s
[0.834s][info][gc,start     ] GC(4) Pause Young (Normal) (G1 Evacuation Pause)
[0.834s][info][gc,task      ] GC(4) Using 8 workers of 8 for evacuation
[0.979s][info][gc,phases    ] GC(4)   Pre Evacuate Collection Set: 0.0ms
[0.979s][info][gc,phases    ] GC(4)   Evacuate Collection Set: 144.1ms
[0.979s][info][gc,phases    ] GC(4)   Post Evacuate Collection Set: 0.4ms
[0.979s][info][gc,phases    ] GC(4)   Other: 0.2ms
[0.979s][info][gc,heap      ] GC(4) Eden regions: 30->0(33)
[0.979s][info][gc,heap      ] GC(4) Survivor regions: 4->5(5)
[0.979s][info][gc,heap      ] GC(4) Old regions: 87->117
[0.979s][info][gc,heap      ] GC(4) Humongous regions: 0->0
[0.979s][info][gc,metaspace ] GC(4) Metaspace: 10398K->10398K(1058816K)
[0.980s][info][gc           ] GC(4) Pause Young (Normal) (G1 Evacuation Pause) 120M->121M(512M) 145.094ms
[0.980s][info][gc,cpu       ] GC(4) User=1.08s Sys=0.03s Real=0.14s
[0.996s][info][gc,start     ] GC(5) Pause Young (Normal) (G1 Evacuation Pause)
[0.996s][info][gc,task      ] GC(5) Using 8 workers of 8 for evacuation
[1.162s][info][gc,phases    ] GC(5)   Pre Evacuate Collection Set: 0.0ms
[1.162s][info][gc,phases    ] GC(5)   Evacuate Collection Set: 165.4ms
[1.162s][info][gc,phases    ] GC(5)   Post Evacuate Collection Set: 0.4ms
[1.162s][info][gc,phases    ] GC(5)   Other: 0.2ms
[1.163s][info][gc,heap      ] GC(5) Eden regions: 33->0(34)
[1.163s][info][gc,heap      ] GC(5) Survivor regions: 5->5(5)
[1.163s][info][gc,heap      ] GC(5) Old regions: 117->150
[1.163s][info][gc,heap      ] GC(5) Humongous regions: 0->0
[1.163s][info][gc,metaspace ] GC(5) Metaspace: 10398K->10398K(1058816K)
[1.163s][info][gc           ] GC(5) Pause Young (Normal) (G1 Evacuation Pause) 154M->155M(512M) 166.148ms
[1.163s][info][gc,cpu       ] GC(5) User=1.31s Sys=0.02s Real=0.17s
[1.179s][info][gc,start     ] GC(6) Pause Young (Normal) (G1 Evacuation Pause)
[1.179s][info][gc,task      ] GC(6) Using 8 workers of 8 for evacuation
[1.345s][info][gc,phases    ] GC(6)   Pre Evacuate Collection Set: 0.0ms
[1.345s][info][gc,phases    ] GC(6)   Evacuate Collection Set: 165.6ms
[1.345s][info][gc,phases    ] GC(6)   Post Evacuate Collection Set: 0.3ms
[1.345s][info][gc,phases    ] GC(6)   Other: 0.2ms
[1.345s][info][gc,heap      ] GC(6) Eden regions: 34->0(36)
[1.345s][info][gc,heap      ] GC(6) Survivor regions: 5->5(5)
[1.345s][info][gc,heap      ] GC(6) Old regions: 150->186
[1.345s][info][gc,heap      ] GC(6) Humongous regions: 0->0
[1.345s][info][gc,metaspace ] GC(6) Metaspace: 10398K->10398K(1058816K)
[1.345s][info][gc           ] GC(6) Pause Young (Normal) (G1 Evacuation Pause) 189M->190M(512M) 166.516ms
[1.345s][info][gc,cpu       ] GC(6) User=1.22s Sys=0.00s Real=0.16s
[1.367s][info][gc,start     ] GC(7) Pause Young (Normal) (G1 Evacuation Pause)
[1.367s][info][gc,task      ] GC(7) Using 8 workers of 8 for evacuation
[1.546s][info][gc,phases    ] GC(7)   Pre Evacuate Collection Set: 0.0ms
[1.546s][info][gc,phases    ] GC(7)   Evacuate Collection Set: 177.9ms
[1.546s][info][gc,phases    ] GC(7)   Post Evacuate Collection Set: 0.4ms
[1.546s][info][gc,phases    ] GC(7)   Other: 0.2ms
[1.546s][info][gc,heap      ] GC(7) Eden regions: 36->0(37)
[1.546s][info][gc,heap      ] GC(7) Survivor regions: 5->6(6)
[1.546s][info][gc,heap      ] GC(7) Old regions: 186->222
[1.546s][info][gc,heap      ] GC(7) Humongous regions: 0->0
[1.546s][info][gc,metaspace ] GC(7) Metaspace: 10398K->10398K(1058816K)
[1.546s][info][gc           ] GC(7) Pause Young (Normal) (G1 Evacuation Pause) 226M->227M(512M) 178.761ms
[1.546s][info][gc,cpu       ] GC(7) User=1.23s Sys=0.03s Real=0.17s
[61.426s][info][gc,start     ] GC(8) Pause Young (Normal) (G1 Evacuation Pause)
[61.426s][info][gc,task      ] GC(8) Using 8 workers of 8 for evacuation
[61.556s][info][gc,phases    ] GC(8)   Pre Evacuate Collection Set: 0.0ms
[61.556s][info][gc,phases    ] GC(8)   Evacuate Collection Set: 128.8ms
[61.556s][info][gc,phases    ] GC(8)   Post Evacuate Collection Set: 0.6ms
[61.556s][info][gc,phases    ] GC(8)   Other: 0.2ms
[61.556s][info][gc,heap      ] GC(8) Eden regions: 37->0(40)
[61.556s][info][gc,heap      ] GC(8) Survivor regions: 6->6(6)
[61.556s][info][gc,heap      ] GC(8) Old regions: 222->248
[61.556s][info][gc,heap      ] GC(8) Humongous regions: 0->0
[61.556s][info][gc,metaspace ] GC(8) Metaspace: 14378K->14378K(1062912K)
[61.556s][info][gc           ] GC(8) Pause Young (Normal) (G1 Evacuation Pause) 264M->254M(512M) 130.008ms
[61.556s][info][gc,cpu       ] GC(8) User=1.00s Sys=0.00s Real=0.13s
[297.618s][info][gc,start     ] GC(9) Pause Young (Concurrent Start) (G1 Evacuation Pause)
[297.618s][info][gc,task      ] GC(9) Using 8 workers of 8 for evacuation
[297.713s][info][gc,phases    ] GC(9)   Pre Evacuate Collection Set: 0.0ms
[297.713s][info][gc,phases    ] GC(9)   Evacuate Collection Set: 93.7ms
[297.713s][info][gc,phases    ] GC(9)   Post Evacuate Collection Set: 0.7ms
[297.713s][info][gc,phases    ] GC(9)   Other: 0.3ms
[297.713s][info][gc,heap      ] GC(9) Eden regions: 30->0(38)
[297.713s][info][gc,heap      ] GC(9) Survivor regions: 6->5(5)
[297.713s][info][gc,heap      ] GC(9) Old regions: 248->269
[297.713s][info][gc,heap      ] GC(9) Humongous regions: 0->0
[297.713s][info][gc,metaspace ] GC(9) Metaspace: 14840K->14840K(1062912K)
[297.713s][info][gc           ] GC(9) Pause Young (Concurrent Start) (G1 Evacuation Pause) 284M->273M(512M) 94.836ms
[297.713s][info][gc,cpu       ] GC(9) User=0.75s Sys=0.00s Real=0.10s
[297.713s][info][gc           ] GC(10) Concurrent Cycle
[297.713s][info][gc,marking   ] GC(10) Concurrent Clear Claimed Marks
[297.713s][info][gc,marking   ] GC(10) Concurrent Clear Claimed Marks 0.078ms
[297.713s][info][gc,marking   ] GC(10) Concurrent Scan Root Regions
[297.716s][info][gc,marking   ] GC(10) Concurrent Scan Root Regions 2.419ms
[297.716s][info][gc,marking   ] GC(10) Concurrent Mark (297.716s)
[297.716s][info][gc,marking   ] GC(10) Concurrent Mark From Roots
[297.716s][info][gc,task      ] GC(10) Using 2 workers of 2 for marking
[297.945s][info][gc,marking   ] GC(10) Concurrent Mark reset for overflow
[298.233s][info][gc,marking   ] GC(10) Concurrent Mark From Roots 517.067ms
[298.233s][info][gc,marking   ] GC(10) Concurrent Preclean
[298.233s][info][gc,marking   ] GC(10) Concurrent Preclean 0.160ms
[298.233s][info][gc,marking   ] GC(10) Concurrent Mark (297.716s, 298.233s) 517.308ms
[298.244s][info][gc,start     ] GC(10) Pause Remark
[298.246s][info][gc,stringtable] GC(10) Cleaned string and symbol table, strings: 7569 processed, 55 removed, symbols: 48437 processed, 3 removed
[298.246s][info][gc            ] GC(10) Pause Remark 274M->274M(512M) 2.210ms
[298.246s][info][gc,cpu        ] GC(10) User=0.00s Sys=0.00s Real=0.00s
[298.246s][info][gc,marking    ] GC(10) Concurrent Rebuild Remembered Sets
[298.460s][info][gc,marking    ] GC(10) Concurrent Rebuild Remembered Sets 213.874ms
[298.464s][info][gc,start      ] GC(10) Pause Cleanup
[298.464s][info][gc            ] GC(10) Pause Cleanup 274M->274M(512M) 0.169ms
[298.464s][info][gc,cpu        ] GC(10) User=0.00s Sys=0.00s Real=0.00s
[298.464s][info][gc,marking    ] GC(10) Concurrent Cleanup for Next Mark
[298.465s][info][gc,marking    ] GC(10) Concurrent Cleanup for Next Mark 0.638ms
[298.465s][info][gc            ] GC(10) Concurrent Cycle 751.814ms
[300.348s][info][gc,heap,exit  ] Heap
[300.349s][info][gc,heap,exit  ]  garbage-first heap   total 524288K, used 281088K [0x00000000e0000000, 0x0000000100000000)
[300.349s][info][gc,heap,exit  ]   region size 1024K, 7 young (7168K), 5 survivors (5120K)
[300.349s][info][gc,heap,exit  ]  Metaspace       used 14757K, capacity 15359K, committed 15616K, reserved 1062912K
[300.349s][info][gc,heap,exit  ]   class space    used 1499K, capacity 1691K, committed 1792K, reserved 1048576K
