[0.012s][info][gc,heap] Heap region size: 1M
[0.021s][info][gc     ] Using G1
[0.021s][info][gc,heap,coops] Heap address: 0x00000000f0000000, size: 256 MB, Compressed Oops mode: 32-bit
[0.364s][info][gc,start     ] GC(0) Pause Young (Normal) (G1 Evacuation Pause)
[0.364s][info][gc,task      ] GC(0) Using 6 workers of 8 for evacuation
[0.437s][info][gc,phases    ] GC(0)   Pre Evacuate Collection Set: 0.0ms
[0.437s][info][gc,phases    ] GC(0)   Evacuate Collection Set: 71.7ms
[0.437s][info][gc,phases    ] GC(0)   Post Evacuate Collection Set: 0.2ms
[0.437s][info][gc,phases    ] GC(0)   Other: 0.6ms
[0.441s][info][gc,heap      ] GC(0) Eden regions: 24->0(11)
[0.441s][info][gc,heap      ] GC(0) Survivor regions: 0->3(3)
[0.441s][info][gc,heap      ] GC(0) Old regions: 0->16
[0.441s][info][gc,heap      ] GC(0) Humongous regions: 0->0
[0.441s][info][gc,metaspace ] GC(0) Metaspace: 10356K->10356K(1058816K)
[0.441s][info][gc           ] GC(0) Pause Young (Normal) (G1 Evacuation Pause) 24M->18M(256M) 76.851ms
[0.441s][info][gc,cpu       ] GC(0) User=0.38s Sys=0.00s Real=0.06s
[0.446s][info][gc,start     ] GC(1) Pause Young (Normal) (G1 Evacuation Pause)
[0.446s][info][gc,task      ] GC(1) Using 6 workers of 8 for evacuation
[0.492s][info][gc,phases    ] GC(1)   Pre Evacuate Collection Set: 0.0ms
[0.492s][info][gc,phases    ] GC(1)   Evacuate Collection Set: 45.7ms
[0.492s][info][gc,phases    ] GC(1)   Post Evacuate Collection Set: 0.3ms
[0.492s][info][gc,phases    ] GC(1)   Other: 0.2ms
[0.492s][info][gc,heap      ] GC(1) Eden regions: 11->0(19)
[0.492s][info][gc,heap      ] GC(1) Survivor regions: 3->2(2)
[0.492s][info][gc,heap      ] GC(1) Old regions: 16->29
[0.492s][info][gc,heap      ] GC(1) Humongous regions: 0->0
[0.492s][info][gc,metaspace ] GC(1) Metaspace: 10356K->10356K(1058816K)
[0.492s][info][gc           ] GC(1) Pause Young (Normal) (G1 Evacuation Pause) 29M->30M(256M) 46.391ms
[0.492s][info][gc,cpu       ] GC(1) User=0.27s Sys=0.00s Real=0.05s
[0.503s][info][gc,start     ] GC(2) Pause Young (Normal) (G1 Evacuation Pause)
[0.503s][info][gc,task      ] GC(2) Using 6 workers of 8 for evacuation
[0.584s][info][gc,phases    ] GC(2)   Pre Evacuate Collection Set: 0.0ms
[0.584s][info][gc,phases    ] GC(2)   Evacuate Collection Set: 81.1ms
[0.584s][info][gc,phases    ] GC(2)   Post Evacuate Collection Set: 0.1ms
[0.584s][info][gc,phases    ] GC(2)   Other: 0.1ms
[0.584s][info][gc,heap      ] GC(2) Eden regions: 19->0(27)
[0.584s][info][gc,heap      ] GC(2) Survivor regions: 2->3(3)
[0.584s][info][gc,heap      ] GC(2) Old regions: 29->47
[0.584s][info][gc,heap      ] GC(2) Humongous regions: 0->0
[0.584s][info][gc,metaspace ] GC(2) Metaspace: 10356K->10356K(1058816K)
[0.584s][info][gc           ] GC(2) Pause Young (Normal) (G1 Evacuation Pause) 49M->50M(256M) 81.488ms
[0.584s][info][gc,cpu       ] GC(2) User=0.33s Sys=0.02s Real=0.07s
[0.598s][info][gc,start     ] GC(3) Pause Young (Normal) (G1 Evacuation Pause)
[0.598s][info][gc,task      ] GC(3) Using 6 workers of 8 for evacuation
[0.715s][info][gc,phases    ] GC(3)   Pre Evacuate Collection Set: 0.0ms
[0.715s][info][gc,phases    ] GC(3)   Evacuate Collection Set: 117.1ms
[0.715s][info][gc,phases    ] GC(3)   Post Evacuate Collection Set: 0.1ms
[0.715s][info][gc,phases    ] GC(3)   Other: 0.1ms
[0.715s][info][gc,heap      ] GC(3) Eden regions: 27->0(31)
[0.715s][info][gc,heap      ] GC(3) Survivor regions: 3->4(4)
[0.715s][info][gc,heap      ] GC(3) Old regions: 47->74
[0.715s][info][gc,heap      ] GC(3) Humongous regions: 0->0
[0.715s][info][gc,metaspace ] GC(3) Metaspace: 10356K->10356K(1058816K)
[0.715s][info][gc           ] GC(3) Pause Young (Normal) (G1 Evacuation Pause) 77M->78M(256M) 117.511ms
[0.715s][info][gc,cpu       ] GC(3) User=0.66s Sys=0.00s Real=0.11s
[0.728s][info][gc,start     ] GC(4) Pause Young (Normal) (G1 Evacuation Pause)
[0.728s][info][gc,task      ] GC(4) Using 6 workers of 8 for evacuation
[0.860s][info][gc,phases    ] GC(4)   Pre Evacuate Collection Set: 0.0ms
[0.860s][info][gc,phases    ] GC(4)   Evacuate Collection Set: 131.2ms
[0.860s][info][gc,phases    ] GC(4)   Post Evacuate Collection Set: 0.2ms
[0.860s][info][gc,phases    ] GC(4)   Other: 0.1ms
[0.860s][info][gc,heap      ] GC(4) Eden regions: 31->0(34)
[0.860s][info][gc,heap      ] GC(4) Survivor regions: 4->5(5)
[0.860s][info][gc,heap      ] GC(4) Old regions: 74->105
[0.860s][info][gc,heap      ] GC(4) Humongous regions: 0->0
[0.860s][info][gc,metaspace ] GC(4) Metaspace: 10356K->10356K(1058816K)
[0.860s][info][gc           ] GC(4) Pause Young (Normal) (G1 Evacuation Pause) 109M->109M(256M) 131.740ms
[0.860s][info][gc,cpu       ] GC(4) User=0.78s Sys=0.05s Real=0.14s
[0.874s][info][gc,start     ] GC(5) Pause Young (Normal) (G1 Evacuation Pause)
[0.874s][info][gc,task      ] GC(5) Using 6 workers of 8 for evacuation
[1.026s][info][gc,phases    ] GC(5)   Pre Evacuate Collection Set: 0.0ms
[1.026s][info][gc,phases    ] GC(5)   Evacuate Collection Set: 151.4ms
[1.026s][info][gc,phases    ] GC(5)   Post Evacuate Collection Set: 0.1ms
[1.026s][info][gc,phases    ] GC(5)   Other: 0.2ms
[1.026s][info][gc,heap      ] GC(5) Eden regions: 34->0(27)
[1.026s][info][gc,heap      ] GC(5) Survivor regions: 5->5(5)
[1.026s][info][gc,heap      ] GC(5) Old regions: 105->140
[1.026s][info][gc,heap      ] GC(5) Humongous regions: 0->0
[1.026s][info][gc,metaspace ] GC(5) Metaspace: 10356K->10356K(1058816K)
[1.026s][info][gc           ] GC(5) Pause Young (Normal) (G1 Evacuation Pause) 143M->144M(256M) 151.782ms
[1.026s][info][gc,cpu       ] GC(5) User=0.92s Sys=0.00s Real=0.15s
[1.038s][info][gc,start     ] GC(6) Pause Young (Concurrent Start) (G1 Evacuation Pause)
[1.039s][info][gc,task      ] GC(6) Using 6 workers of 8 for evacuation
[1.163s][info][gc,phases    ] GC(6)   Pre Evacuate Collection Set: 0.0ms
[1.163s][info][gc,phases    ] GC(6)   Evacuate Collection Set: 124.4ms
[1.163s][info][gc,phases    ] GC(6)   Post Evacuate Collection Set: 0.2ms
[1.163s][info][gc,phases    ] GC(6)   Other: 0.2ms
[1.163s][info][gc,heap      ] GC(6) Eden regions: 27->0(18)
[1.163s][info][gc,heap      ] GC(6) Survivor regions: 5->4(4)
[1.163s][info][gc,heap      ] GC(6) Old regions: 140->168
[1.163s][info][gc,heap      ] GC(6) Humongous regions: 0->0
[1.164s][info][gc,metaspace ] GC(6) Metaspace: 10356K->10356K(1058816K)
[1.164s][info][gc           ] GC(6) Pause Young (Concurrent Start) (G1 Evacuation Pause) 171M->172M(256M) 125.075ms
[1.164s][info][gc,cpu       ] GC(6) User=0.70s Sys=0.00s Real=0.12s
[1.164s][info][gc           ] GC(7) Concurrent Cycle
[1.164s][info][gc,marking   ] GC(7) Concurrent Clear Claimed Marks
[1.164s][info][gc,marking   ] GC(7) Concurrent Clear Claimed Marks 0.041ms
[1.164s][info][gc,marking   ] GC(7) Concurrent Scan Root Regions
[1.167s][info][gc,marking   ] GC(7) Concurrent Scan Root Regions 3.380ms
[1.167s][info][gc,marking   ] GC(7) Concurrent Mark (1.167s)
[1.167s][info][gc,marking   ] GC(7) Concurrent Mark From Roots
[1.167s][info][gc,task      ] GC(7) Using 2 workers of 2 for marking
[1.175s][info][gc,start     ] GC(8) Pause Young (Normal) (G1 Evacuation Pause)
[1.175s][info][gc,task      ] GC(8) Using 6 workers of 8 for evacuation
[1.260s][info][gc,phases    ] GC(8)   Pre Evacuate Collection Set: 0.0ms
[1.260s][info][gc,phases    ] GC(8)   Evacuate Collection Set: 85.0ms
[1.260s][info][gc,phases    ] GC(8)   Post Evacuate Collection Set: 0.1ms
[1.260s][info][gc,phases    ] GC(8)   Other: 0.1ms
[1.260s][info][gc,heap      ] GC(8) Eden regions: 18->0(12)
[1.260s][info][gc,heap      ] GC(8) Survivor regions: 4->3(3)
[1.260s][info][gc,heap      ] GC(8) Old regions: 168->188
[1.260s][info][gc,heap      ] GC(8) Humongous regions: 0->0
[1.261s][info][gc,metaspace ] GC(8) Metaspace: 10356K->10356K(1058816K)
[1.261s][info][gc           ] GC(8) Pause Young (Normal) (G1 Evacuation Pause) 190M->191M(256M) 85.474ms
[1.261s][info][gc,cpu       ] GC(8) User=0.47s Sys=0.00s Real=0.09s
[1.268s][info][gc,start     ] GC(9) Pause Young (Normal) (G1 Evacuation Pause)
[1.268s][info][gc,task      ] GC(9) Using 6 workers of 8 for evacuation
[1.329s][info][gc,phases    ] GC(9)   Pre Evacuate Collection Set: 0.0ms
[1.329s][info][gc,phases    ] GC(9)   Evacuate Collection Set: 60.5ms
[1.329s][info][gc,phases    ] GC(9)   Post Evacuate Collection Set: 0.2ms
[1.329s][info][gc,phases    ] GC(9)   Other: 0.3ms
[1.329s][info][gc,heap      ] GC(9) Eden regions: 12->0(10)
[1.329s][info][gc,heap      ] GC(9) Survivor regions: 3->2(2)
[1.329s][info][gc,heap      ] GC(9) Old regions: 188->203
[1.329s][info][gc,heap      ] GC(9) Humongous regions: 0->0
[1.329s][info][gc,metaspace ] GC(9) Metaspace: 10356K->10356K(1058816K)
[1.330s][info][gc           ] GC(9) Pause Young (Normal) (G1 Evacuation Pause) 203M->204M(256M) 61.193ms
[1.330s][info][gc,cpu       ] GC(9) User=0.34s Sys=0.00s Real=0.06s
[1.341s][info][gc,start     ] GC(10) Pause Young (Normal) (G1 Evacuation Pause)
[1.341s][info][gc,task      ] GC(10) Using 6 workers of 8 for evacuation
[1.386s][info][gc,phases    ] GC(10)   Pre Evacuate Collection Set: 0.0ms
[1.387s][info][gc,phases    ] GC(10)   Evacuate Collection Set: 44.6ms
[1.387s][info][gc,phases    ] GC(10)   Post Evacuate Collection Set: 0.3ms
[1.387s][info][gc,phases    ] GC(10)   Other: 0.2ms
[1.387s][info][gc,heap      ] GC(10) Eden regions: 10->0(10)
[1.387s][info][gc,heap      ] GC(10) Survivor regions: 2->2(2)
[1.387s][info][gc,heap      ] GC(10) Old regions: 203->214
[1.387s][info][gc,heap      ] GC(10) Humongous regions: 0->0
[1.387s][info][gc,metaspace ] GC(10) Metaspace: 10356K->10356K(1058816K)
[1.387s][info][gc           ] GC(10) Pause Young (Normal) (G1 Evacuation Pause) 214M->215M(256M) 45.386ms
[1.387s][info][gc,cpu       ] GC(10) User=0.20s Sys=0.00s Real=0.04s
[1.394s][info][gc,start     ] GC(11) Pause Young (Normal) (G1 Evacuation Pause)
[1.394s][info][gc,task      ] GC(11) Using 6 workers of 8 for evacuation
[1.439s][info][gc,phases    ] GC(11)   Pre Evacuate Collection Set: 0.0ms
[1.439s][info][gc,phases    ] GC(11)   Evacuate Collection Set: 44.3ms
[1.439s][info][gc,phases    ] GC(11)   Post Evacuate Collection Set: 0.2ms
[1.439s][info][gc,phases    ] GC(11)   Other: 0.2ms
[1.439s][info][gc,heap      ] GC(11) Eden regions: 10->0(10)
[1.439s][info][gc,heap      ] GC(11) Survivor regions: 2->2(2)
[1.439s][info][gc,heap      ] GC(11) Old regions: 214->224
[1.439s][info][gc,heap      ] GC(11) Humongous regions: 0->0
[1.439s][info][gc,metaspace ] GC(11) Metaspace: 10356K->10356K(1058816K)
[1.439s][info][gc           ] GC(11) Pause Young (Normal) (G1 Evacuation Pause) 225M->226M(256M) 44.935ms
[1.439s][info][gc,cpu       ] GC(11) User=0.28s Sys=0.00s Real=0.04s
[1.453s][info][gc,start     ] GC(12) Pause Young (Normal) (G1 Evacuation Pause)
[1.453s][info][gc,task      ] GC(12) Using 6 workers of 8 for evacuation
[1.501s][info][gc,phases    ] GC(12)   Pre Evacuate Collection Set: 0.0ms
[1.501s][info][gc,phases    ] GC(12)   Evacuate Collection Set: 46.9ms
[1.501s][info][gc,phases    ] GC(12)   Post Evacuate Collection Set: 0.2ms
[1.501s][info][gc,phases    ] GC(12)   Other: 0.4ms
[1.501s][info][gc,heap      ] GC(12) Eden regions: 10->0(10)
[1.501s][info][gc,heap      ] GC(12) Survivor regions: 2->2(2)
[1.501s][info][gc,heap      ] GC(12) Old regions: 224->235
[1.501s][info][gc,heap      ] GC(12) Humongous regions: 0->0
[1.501s][info][gc,metaspace ] GC(12) Metaspace: 10356K->10356K(1058816K)
[1.501s][info][gc           ] GC(12) Pause Young (Normal) (G1 Evacuation Pause) 236M->236M(256M) 47.736ms
[1.501s][info][gc,cpu       ] GC(12) User=0.20s Sys=0.00s Real=0.05s
[1.893s][info][gc,marking   ] GC(7) Concurrent Mark From Roots 725.612ms
[1.893s][info][gc,marking   ] GC(7) Concurrent Preclean
[1.893s][info][gc,marking   ] GC(7) Concurrent Preclean 0.114ms
[1.893s][info][gc,marking   ] GC(7) Concurrent Mark (1.167s, 1.893s) 725.809ms
[1.893s][info][gc,start     ] GC(7) Pause Remark
[1.894s][info][gc,stringtable] GC(7) Cleaned string and symbol table, strings: 3765 processed, 4 removed, symbols: 36669 processed, 0 removed
[1.894s][info][gc            ] GC(7) Pause Remark 241M->241M(256M) 0.941ms
[1.894s][info][gc,cpu        ] GC(7) User=0.00s Sys=0.00s Real=0.00s
[1.894s][info][gc,marking    ] GC(7) Concurrent Rebuild Remembered Sets
[2.114s][info][gc,marking    ] GC(7) Concurrent Rebuild Remembered Sets 219.957ms
[2.115s][info][gc,start      ] GC(7) Pause Cleanup
[2.116s][info][gc            ] GC(7) Pause Cleanup 241M->241M(256M) 0.288ms
[2.116s][info][gc,cpu        ] GC(7) User=0.00s Sys=0.00s Real=0.00s
[2.116s][info][gc,marking    ] GC(7) Concurrent Cleanup for Next Mark
[2.117s][info][gc,marking    ] GC(7) Concurrent Cleanup for Next Mark 1.433ms
[2.117s][info][gc            ] GC(7) Concurrent Cycle 953.767ms
[9.115s][info][gc,start      ] GC(13) Pause Young (Normal) (G1 Evacuation Pause)
[9.115s][info][gc,task       ] GC(13) Using 6 workers of 8 for evacuation
[9.158s][info][gc            ] GC(13) To-space exhausted
[9.158s][info][gc,phases     ] GC(13)   Pre Evacuate Collection Set: 0.0ms
[9.158s][info][gc,phases     ] GC(13)   Evacuate Collection Set: 41.1ms
[9.158s][info][gc,phases     ] GC(13)   Post Evacuate Collection Set: 2.2ms
[9.159s][info][gc,phases     ] GC(13)   Other: 0.2ms
[9.159s][info][gc,heap       ] GC(13) Eden regions: 10->0(10)
[9.159s][info][gc,heap       ] GC(13) Survivor regions: 2->2(2)
[9.159s][info][gc,heap       ] GC(13) Old regions: 235->245
[9.159s][info][gc,heap       ] GC(13) Humongous regions: 0->0
[9.159s][info][gc,metaspace  ] GC(13) Metaspace: 11523K->11523K(1060864K)
[9.159s][info][gc            ] GC(13) Pause Young (Normal) (G1 Evacuation Pause) 246M->247M(256M) 43.588ms
[9.159s][info][gc,cpu        ] GC(13) User=0.19s Sys=0.00s Real=0.03s
[18.789s][info][gc,start      ] GC(14) Pause Young (Concurrent Start) (G1 Evacuation Pause)
[18.789s][info][gc,task       ] GC(14) Using 6 workers of 8 for evacuation
[18.815s][info][gc            ] GC(14) To-space exhausted
[18.815s][info][gc,phases     ] GC(14)   Pre Evacuate Collection Set: 0.0ms
[18.815s][info][gc,phases     ] GC(14)   Evacuate Collection Set: 19.1ms
[18.815s][info][gc,phases     ] GC(14)   Post Evacuate Collection Set: 6.5ms
[18.815s][info][gc,phases     ] GC(14)   Other: 0.2ms
[18.815s][info][gc,heap       ] GC(14) Eden regions: 9->0(12)
[18.815s][info][gc,heap       ] GC(14) Survivor regions: 2->0(2)
[18.815s][info][gc,heap       ] GC(14) Old regions: 245->256
[18.815s][info][gc,heap       ] GC(14) Humongous regions: 0->0
[18.815s][info][gc,metaspace  ] GC(14) Metaspace: 14125K->14125K(1062912K)
[18.815s][info][gc            ] GC(14) Pause Young (Concurrent Start) (G1 Evacuation Pause) 256M->256M(256M) 25.904ms
[18.815s][info][gc,cpu        ] GC(14) User=0.16s Sys=0.02s Real=0.03s
[18.815s][info][gc,task       ] GC(16) Using 6 workers of 8 for full compaction
[18.815s][info][gc            ] GC(15) Concurrent Cycle
[18.815s][info][gc,marking    ] GC(15) Concurrent Clear Claimed Marks
[18.815s][info][gc,marking    ] GC(15) Concurrent Clear Claimed Marks 0.031ms
[18.815s][info][gc,marking    ] GC(15) Concurrent Scan Root Regions
[18.815s][info][gc,start      ] GC(16) Pause Full (G1 Evacuation Pause)
[18.815s][info][gc,marking    ] GC(15) Concurrent Scan Root Regions 0.012ms
[18.815s][info][gc,marking    ] GC(15) Concurrent Mark (18.815s)
[18.815s][info][gc,marking    ] GC(15) Concurrent Mark From Roots
[18.815s][info][gc,task       ] GC(15) Using 2 workers of 2 for marking
[18.816s][info][gc,phases,start] GC(16) Phase 1: Mark live objects
[19.060s][info][gc,stringtable ] GC(16) Cleaned string and symbol table, strings: 7389 processed, 651 removed, symbols: 47767 processed, 3 removed
[19.060s][info][gc,phases      ] GC(16) Phase 1: Mark live objects 243.790ms
[19.060s][info][gc,phases,start] GC(16) Phase 2: Prepare for compaction
[19.098s][info][gc,phases      ] GC(16) Phase 2: Prepare for compaction 38.290ms
[19.098s][info][gc,phases,start] GC(16) Phase 3: Adjust pointers
[19.171s][info][gc,phases      ] GC(16) Phase 3: Adjust pointers 73.093ms
[19.171s][info][gc,phases,start] GC(16) Phase 4: Compact heap
[19.220s][info][gc,phases      ] GC(16) Phase 4: Compact heap 48.170ms
[19.221s][info][gc,heap        ] GC(16) Eden regions: 0->0(12)
[19.221s][info][gc,heap        ] GC(16) Survivor regions: 0->0(2)
[19.221s][info][gc,heap        ] GC(16) Old regions: 256->238
[19.221s][info][gc,heap        ] GC(16) Humongous regions: 0->0
[19.221s][info][gc,metaspace   ] GC(16) Metaspace: 14125K->13702K(1062912K)
[19.221s][info][gc             ] GC(16) Pause Full (G1 Evacuation Pause) 256M->233M(256M) 405.345ms
[19.221s][info][gc,cpu         ] GC(16) User=1.61s Sys=0.05s Real=0.42s
[19.221s][info][gc,marking     ] GC(15) Concurrent Mark From Roots 405.779ms
[19.221s][info][gc,marking     ] GC(15) Concurrent Mark Abort
[19.221s][info][gc             ] GC(15) Concurrent Cycle 406.122ms
[73.360s][info][gc,start       ] GC(17) Pause Young (Normal) (G1 Evacuation Pause)
[73.360s][info][gc,task        ] GC(17) Using 6 workers of 8 for evacuation
[73.392s][info][gc             ] GC(17) To-space exhausted
[73.392s][info][gc,phases      ] GC(17)   Pre Evacuate Collection Set: 0.0ms
[73.392s][info][gc,phases      ] GC(17)   Evacuate Collection Set: 29.4ms
[73.392s][info][gc,phases      ] GC(17)   Post Evacuate Collection Set: 2.1ms
[73.392s][info][gc,phases      ] GC(17)   Other: 0.2ms
[73.392s][info][gc,heap        ] GC(17) Eden regions: 12->0(10)
[73.392s][info][gc,heap        ] GC(17) Survivor regions: 0->2(2)
[73.392s][info][gc,heap        ] GC(17) Old regions: 238->245
[73.392s][info][gc,heap        ] GC(17) Humongous regions: 0->0
[73.392s][info][gc,metaspace   ] GC(17) Metaspace: 14408K->14408K(1062912K)
[73.392s][info][gc             ] GC(17) Pause Young (Normal) (G1 Evacuation Pause) 245M->242M(256M) 31.805ms
[73.392s][info][gc,cpu         ] GC(17) User=0.14s Sys=0.00s Real=0.03s
[139.021s][info][gc,start       ] GC(18) Pause Young (Concurrent Start) (G1 Evacuation Pause)
[139.021s][info][gc,task        ] GC(18) Using 6 workers of 8 for evacuation
[139.056s][info][gc             ] GC(18) To-space exhausted
[139.056s][info][gc,phases      ] GC(18)   Pre Evacuate Collection Set: 0.0ms
[139.056s][info][gc,phases      ] GC(18)   Evacuate Collection Set: 27.5ms
[139.056s][info][gc,phases      ] GC(18)   Post Evacuate Collection Set: 7.9ms
[139.056s][info][gc,phases      ] GC(18)   Other: 0.2ms
[139.056s][info][gc,heap        ] GC(18) Eden regions: 9->0(12)
[139.056s][info][gc,heap        ] GC(18) Survivor regions: 2->0(2)
[139.056s][info][gc,heap        ] GC(18) Old regions: 245->256
[139.056s][info][gc,heap        ] GC(18) Humongous regions: 0->0
[139.056s][info][gc,metaspace   ] GC(18) Metaspace: 14481K->14481K(1062912K)
[139.056s][info][gc             ] GC(18) Pause Young (Concurrent Start) (G1 Evacuation Pause) 251M->251M(256M) 35.756ms
[139.056s][info][gc,cpu         ] GC(18) User=0.09s Sys=0.02s Real=0.03s
[139.056s][info][gc,task        ] GC(19) Using 6 workers of 8 for full compaction
[139.056s][info][gc             ] GC(20) Concurrent Cycle
[139.056s][info][gc,marking     ] GC(20) Concurrent Clear Claimed Marks
[139.057s][info][gc,marking     ] GC(20) Concurrent Clear Claimed Marks 0.032ms
[139.057s][info][gc,marking     ] GC(20) Concurrent Scan Root Regions
[139.057s][info][gc,marking     ] GC(20) Concurrent Scan Root Regions 0.013ms
[139.057s][info][gc,marking     ] GC(20) Concurrent Mark (139.057s)
[139.057s][info][gc,start       ] GC(19) Pause Full (G1 Evacuation Pause)
[139.057s][info][gc,marking     ] GC(20) Concurrent Mark From Roots
[139.057s][info][gc,task        ] GC(20) Using 2 workers of 2 for marking
[139.057s][info][gc,phases,start] GC(19) Phase 1: Mark live objects
[139.280s][info][gc,stringtable ] GC(19) Cleaned string and symbol table, strings: 7274 processed, 395 removed, symbols: 48468 processed, 64 removed
[139.280s][info][gc,phases      ] GC(19) Phase 1: Mark live objects 223.250ms
[139.280s][info][gc,phases,start] GC(19) Phase 2: Prepare for compaction
[139.313s][info][gc,phases      ] GC(19) Phase 2: Prepare for compaction 32.536ms
[139.313s][info][gc,phases,start] GC(19) Phase 3: Adjust pointers
[139.384s][info][gc,phases      ] GC(19) Phase 3: Adjust pointers 70.902ms
[139.384s][info][gc,phases,start] GC(19) Phase 4: Compact heap
[139.417s][info][gc,phases      ] GC(19) Phase 4: Compact heap 33.097ms
[139.418s][info][gc,heap        ] GC(19) Eden regions: 0->0(12)
[139.418s][info][gc,heap        ] GC(19) Survivor regions: 0->0(2)
[139.418s][info][gc,heap        ] GC(19) Old regions: 256->248
[139.418s][info][gc,heap        ] GC(19) Humongous regions: 0->0
[139.418s][info][gc,metaspace   ] GC(19) Metaspace: 14481K->14340K(1062912K)
[139.418s][info][gc             ] GC(19) Pause Full (G1 Evacuation Pause) 251M->246M(256M) 361.763ms
[139.419s][info][gc,cpu         ] GC(19) User=1.45s Sys=0.06s Real=0.36s
[139.419s][info][gc,marking     ] GC(20) Concurrent Mark From Roots 362.503ms
[139.419s][info][gc,marking     ] GC(20) Concurrent Mark Abort
[139.419s][info][gc             ] GC(20) Concurrent Cycle 362.683ms
[199.693s][info][gc,start       ] GC(21) Pause Young (Normal) (G1 Evacuation Pause)
[199.693s][info][gc,task        ] GC(21) Using 6 workers of 8 for evacuation
[199.718s][info][gc             ] GC(21) To-space exhausted
[199.718s][info][gc,phases      ] GC(21)   Pre Evacuate Collection Set: 0.0ms
[199.718s][info][gc,phases      ] GC(21)   Evacuate Collection Set: 20.6ms
[199.718s][info][gc,phases      ] GC(21)   Post Evacuate Collection Set: 3.9ms
[199.718s][info][gc,phases      ] GC(21)   Other: 0.2ms
[199.718s][info][gc,heap        ] GC(21) Eden regions: 8->0(12)
[199.718s][info][gc,heap        ] GC(21) Survivor regions: 0->0(2)
[199.718s][info][gc,heap        ] GC(21) Old regions: 248->256
[199.718s][info][gc,heap        ] GC(21) Humongous regions: 0->0
[199.718s][info][gc,metaspace   ] GC(21) Metaspace: 14413K->14413K(1062912K)
[199.718s][info][gc             ] GC(21) Pause Young (Normal) (G1 Evacuation Pause) 254M->254M(256M) 24.871ms
[199.718s][info][gc,cpu         ] GC(21) User=0.19s Sys=0.00s Real=0.03s
[199.718s][info][gc,task        ] GC(22) Using 6 workers of 8 for full compaction
[199.718s][info][gc,start       ] GC(22) Pause Full (G1 Evacuation Pause)
[199.718s][info][gc,phases,start] GC(22) Phase 1: Mark live objects
[199.956s][info][gc,stringtable ] GC(22) Cleaned string and symbol table, strings: 7259 processed, 323 removed, symbols: 48440 processed, 24 removed
[199.956s][info][gc,phases      ] GC(22) Phase 1: Mark live objects 237.705ms
[199.956s][info][gc,phases,start] GC(22) Phase 2: Prepare for compaction
[199.984s][info][gc,phases      ] GC(22) Phase 2: Prepare for compaction 27.652ms
[199.984s][info][gc,phases,start] GC(22) Phase 3: Adjust pointers
[200.048s][info][gc,phases      ] GC(22) Phase 3: Adjust pointers 63.969ms
[200.048s][info][gc,phases,start] GC(22) Phase 4: Compact heap
[200.071s][info][gc,phases      ] GC(22) Phase 4: Compact heap 22.938ms
[200.071s][info][gc,heap        ] GC(22) Eden regions: 0->0(12)
[200.071s][info][gc,heap        ] GC(22) Survivor regions: 0->0(2)
[200.071s][info][gc,heap        ] GC(22) Old regions: 256->253
[200.071s][info][gc,heap        ] GC(22) Humongous regions: 0->0
[200.072s][info][gc,metaspace   ] GC(22) Metaspace: 14413K->14344K(1062912K)
[200.072s][info][gc             ] GC(22) Pause Full (G1 Evacuation Pause) 254M->250M(256M) 353.683ms
[200.072s][info][gc,cpu         ] GC(22) User=1.28s Sys=0.03s Real=0.34s
[221.653s][info][gc,start       ] GC(23) Pause Young (Concurrent Start) (G1 Evacuation Pause)
[221.653s][info][gc,task        ] GC(23) Using 6 workers of 8 for evacuation
[221.664s][info][gc             ] GC(23) To-space exhausted
[221.664s][info][gc,phases      ] GC(23)   Pre Evacuate Collection Set: 0.0ms
[221.664s][info][gc,phases      ] GC(23)   Evacuate Collection Set: 7.2ms
[221.664s][info][gc,phases      ] GC(23)   Post Evacuate Collection Set: 3.2ms
[221.664s][info][gc,phases      ] GC(23)   Other: 0.2ms
[221.664s][info][gc,heap        ] GC(23) Eden regions: 3->0(12)
[221.664s][info][gc,heap        ] GC(23) Survivor regions: 0->0(2)
[221.664s][info][gc,heap        ] GC(23) Old regions: 253->256
[221.664s][info][gc,heap        ] GC(23) Humongous regions: 0->0
[221.664s][info][gc,metaspace   ] GC(23) Metaspace: 14409K->14409K(1062912K)
[221.664s][info][gc             ] GC(23) Pause Young (Concurrent Start) (G1 Evacuation Pause) 253M->253M(256M) 10.785ms
[221.664s][info][gc,cpu         ] GC(23) User=0.09s Sys=0.00s Real=0.01s
[221.664s][info][gc,task        ] GC(24) Using 6 workers of 8 for full compaction
[221.664s][info][gc             ] GC(25) Concurrent Cycle
[221.664s][info][gc,marking     ] GC(25) Concurrent Clear Claimed Marks
[221.664s][info][gc,marking     ] GC(25) Concurrent Clear Claimed Marks 0.026ms
[221.664s][info][gc,marking     ] GC(25) Concurrent Scan Root Regions
[221.664s][info][gc,marking     ] GC(25) Concurrent Scan Root Regions 0.012ms
[221.664s][info][gc,marking     ] GC(25) Concurrent Mark (221.664s)
[221.664s][info][gc,start       ] GC(24) Pause Full (G1 Evacuation Pause)
[221.664s][info][gc,marking     ] GC(25) Concurrent Mark From Roots
[221.664s][info][gc,task        ] GC(25) Using 2 workers of 2 for marking
[221.665s][info][gc,phases,start] GC(24) Phase 1: Mark live objects
[221.917s][info][gc,stringtable ] GC(24) Cleaned string and symbol table, strings: 7251 processed, 315 removed, symbols: 48450 processed, 18 removed
[221.917s][info][gc,phases      ] GC(24) Phase 1: Mark live objects 251.760ms
[221.917s][info][gc,phases,start] GC(24) Phase 2: Prepare for compaction
[221.942s][info][gc,phases      ] GC(24) Phase 2: Prepare for compaction 25.731ms
[221.942s][info][gc,phases,start] GC(24) Phase 3: Adjust pointers
[222.008s][info][gc,phases      ] GC(24) Phase 3: Adjust pointers 65.751ms
[222.008s][info][gc,phases,start] GC(24) Phase 4: Compact heap
[222.032s][info][gc,phases      ] GC(24) Phase 4: Compact heap 23.949ms
[222.033s][info][gc,heap        ] GC(24) Eden regions: 0->0(12)
[222.033s][info][gc,heap        ] GC(24) Survivor regions: 0->0(2)
[222.033s][info][gc,heap        ] GC(24) Old regions: 256->254
[222.033s][info][gc,heap        ] GC(24) Humongous regions: 0->0
[222.033s][info][gc,metaspace   ] GC(24) Metaspace: 14409K->14345K(1062912K)
[222.033s][info][gc             ] GC(24) Pause Full (G1 Evacuation Pause) 253M->252M(256M) 368.794ms
[222.034s][info][gc,cpu         ] GC(24) User=1.39s Sys=0.00s Real=0.36s
[222.034s][info][gc,marking     ] GC(25) Concurrent Mark From Roots 369.367ms
[222.034s][info][gc,marking     ] GC(25) Concurrent Mark Abort
[222.034s][info][gc             ] GC(25) Concurrent Cycle 369.524ms
[234.811s][info][gc,start       ] GC(26) Pause Young (Normal) (G1 Evacuation Pause)
[234.811s][info][gc,task        ] GC(26) Using 6 workers of 8 for evacuation
[234.816s][info][gc             ] GC(26) To-space exhausted
[234.817s][info][gc,phases      ] GC(26)   Pre Evacuate Collection Set: 0.0ms
[234.817s][info][gc,phases      ] GC(26)   Evacuate Collection Set: 4.1ms
[234.817s][info][gc,phases      ] GC(26)   Post Evacuate Collection Set: 1.6ms
[234.817s][info][gc,phases      ] GC(26)   Other: 0.2ms
[234.817s][info][gc,heap        ] GC(26) Eden regions: 2->0(12)
[234.817s][info][gc,heap        ] GC(26) Survivor regions: 0->0(2)
[234.817s][info][gc,heap        ] GC(26) Old regions: 254->256
[234.817s][info][gc,heap        ] GC(26) Humongous regions: 0->0
[234.817s][info][gc,metaspace   ] GC(26) Metaspace: 14416K->14416K(1062912K)
[234.817s][info][gc             ] GC(26) Pause Young (Normal) (G1 Evacuation Pause) 254M->254M(256M) 6.069ms
[234.817s][info][gc,cpu         ] GC(26) User=0.09s Sys=0.00s Real=0.01s
[234.817s][info][gc,task        ] GC(27) Using 6 workers of 8 for full compaction
[234.817s][info][gc,start       ] GC(27) Pause Full (G1 Evacuation Pause)
[234.817s][info][gc,phases,start] GC(27) Phase 1: Mark live objects
[235.064s][info][gc,stringtable ] GC(27) Cleaned string and symbol table, strings: 7251 processed, 315 removed, symbols: 48466 processed, 17 removed
[235.064s][info][gc,phases      ] GC(27) Phase 1: Mark live objects 247.400ms
[235.064s][info][gc,phases,start] GC(27) Phase 2: Prepare for compaction
[235.090s][info][gc,phases      ] GC(27) Phase 2: Prepare for compaction 25.385ms
[235.090s][info][gc,phases,start] GC(27) Phase 3: Adjust pointers
[235.154s][info][gc,phases      ] GC(27) Phase 3: Adjust pointers 64.344ms
[235.154s][info][gc,phases,start] GC(27) Phase 4: Compact heap
[235.178s][info][gc,phases      ] GC(27) Phase 4: Compact heap 24.012ms
[235.179s][info][gc,heap        ] GC(27) Eden regions: 0->0(12)
[235.179s][info][gc,heap        ] GC(27) Survivor regions: 0->0(2)
[235.179s][info][gc,heap        ] GC(27) Old regions: 256->253
[235.179s][info][gc,heap        ] GC(27) Humongous regions: 0->0
[235.179s][info][gc,metaspace   ] GC(27) Metaspace: 14416K->14352K(1062912K)
[235.179s][info][gc             ] GC(27) Pause Full (G1 Evacuation Pause) 254M->252M(256M) 362.547ms
[235.180s][info][gc,cpu         ] GC(27) User=1.28s Sys=0.00s Real=0.36s
[255.371s][info][gc,start       ] GC(28) Pause Young (Concurrent Start) (G1 Evacuation Pause)
[255.371s][info][gc,task        ] GC(28) Using 6 workers of 8 for evacuation
[255.392s][info][gc             ] GC(28) To-space exhausted
[255.393s][info][gc,phases      ] GC(28)   Pre Evacuate Collection Set: 0.0ms
[255.393s][info][gc,phases      ] GC(28)   Evacuate Collection Set: 15.9ms
[255.393s][info][gc,phases      ] GC(28)   Post Evacuate Collection Set: 5.6ms
[255.393s][info][gc,phases      ] GC(28)   Other: 0.4ms
[255.393s][info][gc,heap        ] GC(28) Eden regions: 3->0(12)
[255.393s][info][gc,heap        ] GC(28) Survivor regions: 0->0(2)
[255.393s][info][gc,heap        ] GC(28) Old regions: 253->256
[255.393s][info][gc,heap        ] GC(28) Humongous regions: 0->0
[255.393s][info][gc,metaspace   ] GC(28) Metaspace: 14436K->14436K(1062912K)
[255.393s][info][gc             ] GC(28) Pause Young (Concurrent Start) (G1 Evacuation Pause) 255M->255M(256M) 22.315ms
[255.393s][info][gc,cpu         ] GC(28) User=0.14s Sys=0.00s Real=0.03s
[255.393s][info][gc,task        ] GC(29) Using 6 workers of 8 for full compaction
[255.393s][info][gc             ] GC(30) Concurrent Cycle
[255.393s][info][gc,marking     ] GC(30) Concurrent Clear Claimed Marks
[255.393s][info][gc,marking     ] GC(30) Concurrent Clear Claimed Marks 0.061ms
[255.393s][info][gc,start       ] GC(29) Pause Full (G1 Evacuation Pause)
[255.393s][info][gc,marking     ] GC(30) Concurrent Scan Root Regions
[255.394s][info][gc,marking     ] GC(30) Concurrent Scan Root Regions 0.149ms
[255.394s][info][gc,marking     ] GC(30) Concurrent Mark (255.394s)
[255.394s][info][gc,marking     ] GC(30) Concurrent Mark From Roots
[255.394s][info][gc,task        ] GC(30) Using 2 workers of 2 for marking
[255.394s][info][gc,phases,start] GC(29) Phase 1: Mark live objects
[255.658s][info][gc,stringtable ] GC(29) Cleaned string and symbol table, strings: 7262 processed, 323 removed, symbols: 48485 processed, 17 removed
[255.658s][info][gc,phases      ] GC(29) Phase 1: Mark live objects 263.800ms
[255.658s][info][gc,phases,start] GC(29) Phase 2: Prepare for compaction
[255.684s][info][gc,phases      ] GC(29) Phase 2: Prepare for compaction 25.493ms
[255.684s][info][gc,phases,start] GC(29) Phase 3: Adjust pointers
[255.745s][info][gc,phases      ] GC(29) Phase 3: Adjust pointers 60.969ms
[255.745s][info][gc,phases,start] GC(29) Phase 4: Compact heap
[255.769s][info][gc,phases      ] GC(29) Phase 4: Compact heap 24.182ms
[255.770s][info][gc,heap        ] GC(29) Eden regions: 0->0(12)
[255.770s][info][gc,heap        ] GC(29) Survivor regions: 0->0(2)
[255.770s][info][gc,heap        ] GC(29) Old regions: 256->255
[255.770s][info][gc,heap        ] GC(29) Humongous regions: 0->0
[255.770s][info][gc,metaspace   ] GC(29) Metaspace: 14436K->14368K(1062912K)
[255.770s][info][gc             ] GC(29) Pause Full (G1 Evacuation Pause) 255M->254M(256M) 376.486ms
[255.770s][info][gc,cpu         ] GC(29) User=1.34s Sys=0.08s Real=0.38s
[255.770s][info][gc,marking     ] GC(30) Concurrent Mark From Roots 376.786ms
[255.770s][info][gc,marking     ] GC(30) Concurrent Mark Abort
[255.771s][info][gc             ] GC(30) Concurrent Cycle 377.465ms
[259.101s][info][gc,start       ] GC(31) Pause Young (Normal) (G1 Evacuation Pause)
[259.101s][info][gc,task        ] GC(31) Using 6 workers of 8 for evacuation
[259.103s][info][gc             ] GC(31) To-space exhausted
[259.103s][info][gc,phases      ] GC(31)   Pre Evacuate Collection Set: 0.0ms
[259.103s][info][gc,phases      ] GC(31)   Evacuate Collection Set: 0.9ms
[259.103s][info][gc,phases      ] GC(31)   Post Evacuate Collection Set: 1.0ms
[259.103s][info][gc,phases      ] GC(31)   Other: 0.2ms
[259.103s][info][gc,heap        ] GC(31) Eden regions: 1->0(12)
[259.103s][info][gc,heap        ] GC(31) Survivor regions: 0->0(2)
[259.103s][info][gc,heap        ] GC(31) Old regions: 255->256
[259.103s][info][gc,heap        ] GC(31) Humongous regions: 0->0
[259.103s][info][gc,metaspace   ] GC(31) Metaspace: 14428K->14428K(1062912K)
[259.103s][info][gc             ] GC(31) Pause Young (Normal) (G1 Evacuation Pause) 255M->255M(256M) 2.178ms
[259.103s][info][gc,cpu         ] GC(31) User=0.00s Sys=0.00s Real=0.00s
[259.103s][info][gc,task        ] GC(32) Using 6 workers of 8 for full compaction
[259.103s][info][gc,start       ] GC(32) Pause Full (G1 Evacuation Pause)
[259.104s][info][gc,phases,start] GC(32) Phase 1: Mark live objects
[259.349s][info][gc,stringtable ] GC(32) Cleaned string and symbol table, strings: 7254 processed, 315 removed, symbols: 48498 processed, 18 removed
[259.349s][info][gc,phases      ] GC(32) Phase 1: Mark live objects 244.932ms
[259.349s][info][gc,phases,start] GC(32) Phase 2: Prepare for compaction
[259.381s][info][gc,phases      ] GC(32) Phase 2: Prepare for compaction 32.409ms
[259.381s][info][gc,phases,start] GC(32) Phase 3: Adjust pointers
[259.467s][info][gc,phases      ] GC(32) Phase 3: Adjust pointers 85.694ms
[259.467s][info][gc,phases,start] GC(32) Phase 4: Compact heap
[259.490s][info][gc,phases      ] GC(32) Phase 4: Compact heap 23.332ms
[259.492s][info][gc,heap        ] GC(32) Eden regions: 0->0(12)
[259.492s][info][gc,heap        ] GC(32) Survivor regions: 0->0(2)
[259.492s][info][gc,heap        ] GC(32) Old regions: 256->255
[259.492s][info][gc,heap        ] GC(32) Humongous regions: 0->0
[259.492s][info][gc,metaspace   ] GC(32) Metaspace: 14428K->14371K(1062912K)
[259.492s][info][gc             ] GC(32) Pause Full (G1 Evacuation Pause) 255M->254M(256M) 388.476ms
[259.493s][info][gc,cpu         ] GC(32) User=1.36s Sys=0.02s Real=0.38s
[263.097s][info][gc,start       ] GC(33) Pause Young (Concurrent Start) (G1 Evacuation Pause)
[263.097s][info][gc,task        ] GC(33) Using 6 workers of 8 for evacuation
[263.100s][info][gc             ] GC(33) To-space exhausted
[263.100s][info][gc,phases      ] GC(33)   Pre Evacuate Collection Set: 0.0ms
[263.100s][info][gc,phases      ] GC(33)   Evacuate Collection Set: 1.4ms
[263.100s][info][gc,phases      ] GC(33)   Post Evacuate Collection Set: 1.8ms
[263.100s][info][gc,phases      ] GC(33)   Other: 0.2ms
[263.100s][info][gc,heap        ] GC(33) Eden regions: 1->0(12)
[263.100s][info][gc,heap        ] GC(33) Survivor regions: 0->0(2)
[263.100s][info][gc,heap        ] GC(33) Old regions: 255->256
[263.101s][info][gc,heap        ] GC(33) Humongous regions: 0->0
[263.101s][info][gc,metaspace   ] GC(33) Metaspace: 14433K->14433K(1062912K)
[263.101s][info][gc             ] GC(33) Pause Young (Concurrent Start) (G1 Evacuation Pause) 255M->255M(256M) 3.554ms
[263.101s][info][gc,cpu         ] GC(33) User=0.00s Sys=0.00s Real=0.00s
[263.101s][info][gc,task        ] GC(34) Using 6 workers of 8 for full compaction
[263.101s][info][gc             ] GC(35) Concurrent Cycle
[263.101s][info][gc,marking     ] GC(35) Concurrent Clear Claimed Marks
[263.101s][info][gc,marking     ] GC(35) Concurrent Clear Claimed Marks 0.052ms
[263.101s][info][gc,marking     ] GC(35) Concurrent Scan Root Regions
[263.101s][info][gc,marking     ] GC(35) Concurrent Scan Root Regions 0.015ms
[263.101s][info][gc,marking     ] GC(35) Concurrent Mark (263.101s)
[263.101s][info][gc,marking     ] GC(35) Concurrent Mark From Roots
[263.101s][info][gc,start       ] GC(34) Pause Full (G1 Evacuation Pause)
[263.101s][info][gc,task        ] GC(35) Using 2 workers of 2 for marking
[263.102s][info][gc,phases,start] GC(34) Phase 1: Mark live objects
[263.351s][info][gc,stringtable ] GC(34) Cleaned string and symbol table, strings: 7254 processed, 314 removed, symbols: 48510 processed, 15 removed
[263.351s][info][gc,phases      ] GC(34) Phase 1: Mark live objects 249.819ms
[263.351s][info][gc,phases,start] GC(34) Phase 2: Prepare for compaction
[263.383s][info][gc,phases      ] GC(34) Phase 2: Prepare for compaction 31.383ms
[263.383s][info][gc,phases,start] GC(34) Phase 3: Adjust pointers
[263.453s][info][gc,phases      ] GC(34) Phase 3: Adjust pointers 69.871ms
[263.453s][info][gc,phases,start] GC(34) Phase 4: Compact heap
[263.481s][info][gc,phases      ] GC(34) Phase 4: Compact heap 28.291ms
[263.482s][info][gc,heap        ] GC(34) Eden regions: 0->0(12)
[263.482s][info][gc,heap        ] GC(34) Survivor regions: 0->0(2)
[263.482s][info][gc,heap        ] GC(34) Old regions: 256->255
[263.482s][info][gc,heap        ] GC(34) Humongous regions: 0->0
[263.482s][info][gc,metaspace   ] GC(34) Metaspace: 14433K->14380K(1062912K)
[263.482s][info][gc             ] GC(34) Pause Full (G1 Evacuation Pause) 255M->254M(256M) 381.389ms
[263.483s][info][gc,cpu         ] GC(34) User=1.50s Sys=0.00s Real=0.39s
[263.483s][info][gc,marking     ] GC(35) Concurrent Mark From Roots 382.314ms
[263.483s][info][gc,marking     ] GC(35) Concurrent Mark Abort
[263.483s][info][gc             ] GC(35) Concurrent Cycle 382.560ms
[267.114s][info][gc,start       ] GC(36) Pause Young (Normal) (G1 Evacuation Pause)
[267.114s][info][gc,task        ] GC(36) Using 6 workers of 8 for evacuation
[267.117s][info][gc             ] GC(36) To-space exhausted
[267.117s][info][gc,phases      ] GC(36)   Pre Evacuate Collection Set: 0.0ms
[267.117s][info][gc,phases      ] GC(36)   Evacuate Collection Set: 1.3ms
[267.117s][info][gc,phases      ] GC(36)   Post Evacuate Collection Set: 1.2ms
[267.117s][info][gc,phases      ] GC(36)   Other: 0.2ms
[267.117s][info][gc,heap        ] GC(36) Eden regions: 1->0(12)
[267.117s][info][gc,heap        ] GC(36) Survivor regions: 0->0(2)
[267.117s][info][gc,heap        ] GC(36) Old regions: 255->256
[267.117s][info][gc,heap        ] GC(36) Humongous regions: 0->0
[267.117s][info][gc,metaspace   ] GC(36) Metaspace: 14446K->14446K(1062912K)
[267.117s][info][gc             ] GC(36) Pause Young (Normal) (G1 Evacuation Pause) 255M->255M(256M) 2.746ms
[267.117s][info][gc,cpu         ] GC(36) User=0.00s Sys=0.00s Real=0.00s
[267.117s][info][gc,task        ] GC(37) Using 6 workers of 8 for full compaction
[267.117s][info][gc,start       ] GC(37) Pause Full (G1 Evacuation Pause)
[267.117s][info][gc,phases,start] GC(37) Phase 1: Mark live objects
[267.336s][info][gc,stringtable ] GC(37) Cleaned string and symbol table, strings: 7204 processed, 263 removed, symbols: 48525 processed, 14 removed
[267.336s][info][gc,phases      ] GC(37) Phase 1: Mark live objects 218.684ms
[267.336s][info][gc,phases,start] GC(37) Phase 2: Prepare for compaction
[267.364s][info][gc,phases      ] GC(37) Phase 2: Prepare for compaction 28.083ms
[267.364s][info][gc,phases,start] GC(37) Phase 3: Adjust pointers
[267.429s][info][gc,phases      ] GC(37) Phase 3: Adjust pointers 65.028ms
[267.429s][info][gc,phases,start] GC(37) Phase 4: Compact heap
[267.455s][info][gc,phases      ] GC(37) Phase 4: Compact heap 26.277ms
[267.457s][info][gc,heap        ] GC(37) Eden regions: 0->0(12)
[267.457s][info][gc,heap        ] GC(37) Survivor regions: 0->0(2)
[267.457s][info][gc,heap        ] GC(37) Old regions: 256->255
[267.457s][info][gc,heap        ] GC(37) Humongous regions: 0->0
[267.457s][info][gc,metaspace   ] GC(37) Metaspace: 14446K->14386K(1062912K)
[267.457s][info][gc             ] GC(37) Pause Full (G1 Evacuation Pause) 255M->254M(256M) 339.658ms
[267.457s][info][gc,cpu         ] GC(37) User=1.19s Sys=0.02s Real=0.33s
[270.877s][info][gc,start       ] GC(38) Pause Young (Concurrent Start) (G1 Evacuation Pause)
[270.877s][info][gc,task        ] GC(38) Using 6 workers of 8 for evacuation
[270.880s][info][gc             ] GC(38) To-space exhausted
[270.880s][info][gc,phases      ] GC(38)   Pre Evacuate Collection Set: 0.0ms
[270.880s][info][gc,phases      ] GC(38)   Evacuate Collection Set: 1.2ms
[270.880s][info][gc,phases      ] GC(38)   Post Evacuate Collection Set: 1.4ms
[270.880s][info][gc,phases      ] GC(38)   Other: 0.2ms
[270.880s][info][gc,heap        ] GC(38) Eden regions: 1->0(12)
[270.880s][info][gc,heap        ] GC(38) Survivor regions: 0->0(2)
[270.880s][info][gc,heap        ] GC(38) Old regions: 255->256
[270.880s][info][gc,heap        ] GC(38) Humongous regions: 0->0
[270.880s][info][gc,metaspace   ] GC(38) Metaspace: 14455K->14455K(1062912K)
[270.880s][info][gc             ] GC(38) Pause Young (Concurrent Start) (G1 Evacuation Pause) 255M->255M(256M) 2.992ms
[270.880s][info][gc,cpu         ] GC(38) User=0.00s Sys=0.00s Real=0.00s
[270.880s][info][gc,task        ] GC(39) Using 6 workers of 8 for full compaction
[270.880s][info][gc             ] GC(40) Concurrent Cycle
[270.880s][info][gc,marking     ] GC(40) Concurrent Clear Claimed Marks
[270.880s][info][gc,marking     ] GC(40) Concurrent Clear Claimed Marks 0.020ms
[270.880s][info][gc,marking     ] GC(40) Concurrent Scan Root Regions
[270.880s][info][gc,marking     ] GC(40) Concurrent Scan Root Regions 0.015ms
[270.880s][info][gc,marking     ] GC(40) Concurrent Mark (270.880s)
[270.880s][info][gc,start       ] GC(39) Pause Full (G1 Evacuation Pause)
[270.880s][info][gc,marking     ] GC(40) Concurrent Mark From Roots
[270.880s][info][gc,task        ] GC(40) Using 2 workers of 2 for marking
[270.881s][info][gc,phases,start] GC(39) Phase 1: Mark live objects
[271.147s][info][gc,stringtable ] GC(39) Cleaned string and symbol table, strings: 7255 processed, 314 removed, symbols: 48545 processed, 16 removed
[271.147s][info][gc,phases      ] GC(39) Phase 1: Mark live objects 266.840ms
[271.147s][info][gc,phases,start] GC(39) Phase 2: Prepare for compaction
[271.173s][info][gc,phases      ] GC(39) Phase 2: Prepare for compaction 25.933ms
[271.173s][info][gc,phases,start] GC(39) Phase 3: Adjust pointers
[271.233s][info][gc,phases      ] GC(39) Phase 3: Adjust pointers 59.361ms
[271.233s][info][gc,phases,start] GC(39) Phase 4: Compact heap
[271.257s][info][gc,phases      ] GC(39) Phase 4: Compact heap 23.842ms
[271.258s][info][gc,heap        ] GC(39) Eden regions: 0->0(12)
[271.258s][info][gc,heap        ] GC(39) Survivor regions: 0->0(2)
[271.258s][info][gc,heap        ] GC(39) Old regions: 256->256
[271.258s][info][gc,heap        ] GC(39) Humongous regions: 0->0
[271.258s][info][gc,metaspace   ] GC(39) Metaspace: 14455K->14390K(1062912K)
[271.258s][info][gc             ] GC(39) Pause Full (G1 Evacuation Pause) 255M->255M(256M) 377.575ms
[271.258s][info][gc,cpu         ] GC(39) User=1.25s Sys=0.05s Real=0.38s
[271.258s][info][gc,task        ] GC(41) Using 6 workers of 8 for full compaction
[271.258s][info][gc,start       ] GC(41) Pause Full (G1 Evacuation Pause)
[271.259s][info][gc,phases,start] GC(41) Phase 1: Mark live objects
[271.504s][info][gc,stringtable ] GC(41) Cleaned string and symbol table, strings: 6941 processed, 0 removed, symbols: 48529 processed, 17 removed
[271.504s][info][gc,phases      ] GC(41) Phase 1: Mark live objects 245.503ms
[271.504s][info][gc,phases,start] GC(41) Phase 2: Prepare for compaction
[271.528s][info][gc,phases      ] GC(41) Phase 2: Prepare for compaction 23.891ms
[271.528s][info][gc,phases,start] GC(41) Phase 3: Adjust pointers
[271.584s][info][gc,phases      ] GC(41) Phase 3: Adjust pointers 56.282ms
[271.584s][info][gc,phases,start] GC(41) Phase 4: Compact heap
[271.607s][info][gc,phases      ] GC(41) Phase 4: Compact heap 22.887ms
[271.608s][info][gc,heap        ] GC(41) Eden regions: 0->0(12)
[271.608s][info][gc,heap        ] GC(41) Survivor regions: 0->0(2)
[271.608s][info][gc,heap        ] GC(41) Old regions: 256->256
[271.608s][info][gc,heap        ] GC(41) Humongous regions: 0->0
[271.608s][info][gc,metaspace   ] GC(41) Metaspace: 14390K->14390K(1062912K)
[271.608s][info][gc             ] GC(41) Pause Full (G1 Evacuation Pause) 255M->255M(256M) 349.812ms
[271.609s][info][gc,cpu         ] GC(41) User=1.02s Sys=0.05s Real=0.34s
[271.609s][info][gc,marking     ] GC(40) Concurrent Mark From Roots 728.764ms
[271.609s][info][gc,start       ] GC(42) Pause Young (Normal) (G1 Evacuation Pause)
[271.609s][info][gc,task        ] GC(42) Using 6 workers of 8 for evacuation
[271.609s][info][gc,phases      ] GC(42)   Pre Evacuate Collection Set: 0.0ms
[271.609s][info][gc,phases      ] GC(42)   Evacuate Collection Set: 0.1ms
[271.609s][info][gc,phases      ] GC(42)   Post Evacuate Collection Set: 0.1ms
[271.609s][info][gc,phases      ] GC(42)   Other: 0.1ms
[271.609s][info][gc,heap        ] GC(42) Eden regions: 0->0(12)
[271.609s][info][gc,heap        ] GC(42) Survivor regions: 0->0(2)
[271.609s][info][gc,heap        ] GC(42) Old regions: 256->256
[271.609s][info][gc,heap        ] GC(42) Humongous regions: 0->0
[271.609s][info][gc,metaspace   ] GC(42) Metaspace: 14390K->14390K(1062912K)
[271.609s][info][gc             ] GC(42) Pause Young (Normal) (G1 Evacuation Pause) 255M->255M(256M) 0.338ms
[271.609s][info][gc,cpu         ] GC(42) User=0.00s Sys=0.00s Real=0.00s
[271.609s][info][gc,task        ] GC(43) Using 6 workers of 8 for full compaction
[271.610s][info][gc,start       ] GC(43) Pause Full (G1 Evacuation Pause)
[271.610s][info][gc,phases,start] GC(43) Phase 1: Mark live objects
[271.854s][info][gc,stringtable ] GC(43) Cleaned string and symbol table, strings: 6941 processed, 0 removed, symbols: 48512 processed, 0 removed
[271.854s][info][gc,phases      ] GC(43) Phase 1: Mark live objects 244.836ms
[271.854s][info][gc,phases,start] GC(43) Phase 2: Prepare for compaction
[271.879s][info][gc,phases      ] GC(43) Phase 2: Prepare for compaction 24.230ms
[271.879s][info][gc,phases,start] GC(43) Phase 3: Adjust pointers
[271.937s][info][gc,phases      ] GC(43) Phase 3: Adjust pointers 58.277ms
[271.937s][info][gc,phases,start] GC(43) Phase 4: Compact heap
[271.964s][info][gc,phases      ] GC(43) Phase 4: Compact heap 27.271ms
[271.966s][info][gc,heap        ] GC(43) Eden regions: 0->0(12)
[271.966s][info][gc,heap        ] GC(43) Survivor regions: 0->0(2)
[271.966s][info][gc,heap        ] GC(43) Old regions: 256->256
[271.966s][info][gc,heap        ] GC(43) Humongous regions: 0->0
[271.966s][info][gc,metaspace   ] GC(43) Metaspace: 14390K->14390K(1062912K)
[271.966s][info][gc             ] GC(43) Pause Full (G1 Evacuation Pause) 255M->255M(256M) 356.062ms
[271.966s][info][gc,cpu         ] GC(43) User=1.27s Sys=0.00s Real=0.36s
[271.966s][info][gc,task        ] GC(44) Using 6 workers of 8 for full compaction
[271.966s][info][gc,start       ] GC(44) Pause Full (G1 Evacuation Pause)
[271.966s][info][gc,phases,start] GC(44) Phase 1: Mark live objects
[272.208s][info][gc,stringtable ] GC(44) Cleaned string and symbol table, strings: 6941 processed, 0 removed, symbols: 48512 processed, 0 removed
[272.208s][info][gc,phases      ] GC(44) Phase 1: Mark live objects 241.630ms
[272.208s][info][gc,phases,start] GC(44) Phase 2: Prepare for compaction
[272.234s][info][gc,phases      ] GC(44) Phase 2: Prepare for compaction 25.661ms
[272.234s][info][gc,phases,start] GC(44) Phase 3: Adjust pointers
[272.291s][info][gc,phases      ] GC(44) Phase 3: Adjust pointers 57.653ms
[272.291s][info][gc,phases,start] GC(44) Phase 4: Compact heap
[272.315s][info][gc,phases      ] GC(44) Phase 4: Compact heap 23.264ms
[272.316s][info][gc,heap        ] GC(44) Eden regions: 0->0(12)
[272.316s][info][gc,heap        ] GC(44) Survivor regions: 0->0(2)
[272.316s][info][gc,heap        ] GC(44) Old regions: 256->256
[272.316s][info][gc,heap        ] GC(44) Humongous regions: 0->0
[272.316s][info][gc,metaspace   ] GC(44) Metaspace: 14390K->14390K(1062912K)
[272.316s][info][gc             ] GC(44) Pause Full (G1 Evacuation Pause) 255M->255M(256M) 349.578ms
[272.316s][info][gc,cpu         ] GC(44) User=1.20s Sys=0.00s Real=0.35s
[272.316s][info][gc,marking     ] GC(40) Concurrent Mark Abort
[272.316s][info][gc             ] GC(40) Concurrent Cycle 1436.275ms
[272.317s][info][gc,start       ] GC(45) Pause Young (Normal) (G1 Evacuation Pause)
[272.317s][info][gc,task        ] GC(45) Using 6 workers of 8 for evacuation
[272.317s][info][gc,phases      ] GC(45)   Pre Evacuate Collection Set: 0.0ms
[272.317s][info][gc,phases      ] GC(45)   Evacuate Collection Set: 0.1ms
[272.317s][info][gc,phases      ] GC(45)   Post Evacuate Collection Set: 0.1ms
[272.317s][info][gc,phases      ] GC(45)   Other: 0.1ms
[272.317s][info][gc,heap        ] GC(45) Eden regions: 0->0(12)
[272.317s][info][gc,heap        ] GC(45) Survivor regions: 0->0(2)
[272.317s][info][gc,heap        ] GC(45) Old regions: 256->256
[272.317s][info][gc,heap        ] GC(45) Humongous regions: 0->0
[272.317s][info][gc,metaspace   ] GC(45) Metaspace: 14390K->14390K(1062912K)
[272.317s][info][gc             ] GC(45) Pause Young (Normal) (G1 Evacuation Pause) 255M->255M(256M) 0.355ms
[272.317s][info][gc,cpu         ] GC(45) User=0.00s Sys=0.00s Real=0.00s
[272.317s][info][gc,task        ] GC(46) Using 6 workers of 8 for full compaction
[272.317s][info][gc,start       ] GC(46) Pause Full (G1 Evacuation Pause)
[272.317s][info][gc,phases,start] GC(46) Phase 1: Mark live objects
[272.559s][info][gc,stringtable ] GC(46) Cleaned string and symbol table, strings: 6941 processed, 0 removed, symbols: 48512 processed, 0 removed
[272.559s][info][gc,phases      ] GC(46) Phase 1: Mark live objects 242.038ms
[272.559s][info][gc,phases,start] GC(46) Phase 2: Prepare for compaction
[272.585s][info][gc,phases      ] GC(46) Phase 2: Prepare for compaction 26.003ms
[272.586s][info][gc,phases,start] GC(46) Phase 3: Adjust pointers
[272.646s][info][gc,phases      ] GC(46) Phase 3: Adjust pointers 60.963ms
[272.647s][info][gc,phases,start] GC(46) Phase 4: Compact heap
[272.671s][info][gc,phases      ] GC(46) Phase 4: Compact heap 24.500ms
[272.672s][info][gc,heap        ] GC(46) Eden regions: 0->0(12)
[272.672s][info][gc,heap        ] GC(46) Survivor regions: 0->0(2)
[272.672s][info][gc,heap        ] GC(46) Old regions: 256->256
[272.672s][info][gc,heap        ] GC(46) Humongous regions: 0->0
[272.672s][info][gc,metaspace   ] GC(46) Metaspace: 14390K->14390K(1062912K)
[272.672s][info][gc             ] GC(46) Pause Full (G1 Evacuation Pause) 255M->255M(256M) 354.898ms
[272.673s][info][gc,cpu         ] GC(46) User=1.13s Sys=0.05s Real=0.36s
[272.673s][info][gc,task        ] GC(47) Using 6 workers of 8 for full compaction
[272.673s][info][gc,start       ] GC(47) Pause Full (G1 Evacuation Pause)
[272.673s][info][gc,phases,start] GC(47) Phase 1: Mark live objects
[272.919s][info][gc,stringtable ] GC(47) Cleaned string and symbol table, strings: 6941 processed, 0 removed, symbols: 48512 processed, 0 removed
[272.919s][info][gc,phases      ] GC(47) Phase 1: Mark live objects 245.883ms
[272.919s][info][gc,phases,start] GC(47) Phase 2: Prepare for compaction
[272.947s][info][gc,phases      ] GC(47) Phase 2: Prepare for compaction 28.404ms
[272.947s][info][gc,phases,start] GC(47) Phase 3: Adjust pointers
[273.005s][info][gc,phases      ] GC(47) Phase 3: Adjust pointers 57.682ms
[273.005s][info][gc,phases,start] GC(47) Phase 4: Compact heap
[273.027s][info][gc,phases      ] GC(47) Phase 4: Compact heap 22.213ms
[273.028s][info][gc,heap        ] GC(47) Eden regions: 0->0(12)
[273.028s][info][gc,heap        ] GC(47) Survivor regions: 0->0(2)
[273.028s][info][gc,heap        ] GC(47) Old regions: 256->256
[273.028s][info][gc,heap        ] GC(47) Humongous regions: 0->0
[273.028s][info][gc,metaspace   ] GC(47) Metaspace: 14390K->14390K(1062912K)
[273.028s][info][gc             ] GC(47) Pause Full (G1 Evacuation Pause) 255M->255M(256M) 355.505ms
[273.029s][info][gc,cpu         ] GC(47) User=1.30s Sys=0.03s Real=0.36s
[273.029s][info][gc,start       ] GC(48) Pause Young (Concurrent Start) (G1 Evacuation Pause)
[273.029s][info][gc,task        ] GC(48) Using 6 workers of 8 for evacuation
[273.030s][info][gc,phases      ] GC(48)   Pre Evacuate Collection Set: 0.0ms
[273.030s][info][gc,phases      ] GC(48)   Evacuate Collection Set: 0.2ms
[273.030s][info][gc,phases      ] GC(48)   Post Evacuate Collection Set: 0.1ms
[273.030s][info][gc,phases      ] GC(48)   Other: 0.1ms
[273.030s][info][gc,heap        ] GC(48) Eden regions: 0->0(12)
[273.030s][info][gc,heap        ] GC(48) Survivor regions: 0->0(2)
[273.030s][info][gc,heap        ] GC(48) Old regions: 256->256
[273.030s][info][gc,heap        ] GC(48) Humongous regions: 0->0
[273.030s][info][gc,metaspace   ] GC(48) Metaspace: 14390K->14390K(1062912K)
[273.030s][info][gc             ] GC(48) Pause Young (Concurrent Start) (G1 Evacuation Pause) 255M->255M(256M) 0.591ms
[273.030s][info][gc,cpu         ] GC(48) User=0.00s Sys=0.00s Real=0.00s
[273.030s][info][gc,task        ] GC(49) Using 6 workers of 8 for full compaction
[273.030s][info][gc             ] GC(50) Concurrent Cycle
[273.030s][info][gc,marking     ] GC(50) Concurrent Clear Claimed Marks
[273.030s][info][gc,marking     ] GC(50) Concurrent Clear Claimed Marks 0.017ms
[273.030s][info][gc,marking     ] GC(50) Concurrent Scan Root Regions
[273.030s][info][gc,marking     ] GC(50) Concurrent Scan Root Regions 0.012ms
[273.030s][info][gc,marking     ] GC(50) Concurrent Mark (273.030s)
[273.030s][info][gc,marking     ] GC(50) Concurrent Mark From Roots
[273.030s][info][gc,start       ] GC(49) Pause Full (G1 Evacuation Pause)
[273.030s][info][gc,task        ] GC(50) Using 2 workers of 2 for marking
[273.030s][info][gc,phases,start] GC(49) Phase 1: Mark live objects
[273.275s][info][gc,stringtable ] GC(49) Cleaned string and symbol table, strings: 6941 processed, 0 removed, symbols: 48512 processed, 0 removed
[273.275s][info][gc,phases      ] GC(49) Phase 1: Mark live objects 244.630ms
[273.275s][info][gc,phases,start] GC(49) Phase 2: Prepare for compaction
[273.307s][info][gc,phases      ] GC(49) Phase 2: Prepare for compaction 31.799ms
[273.307s][info][gc,phases,start] GC(49) Phase 3: Adjust pointers
[273.371s][info][gc,phases      ] GC(49) Phase 3: Adjust pointers 64.385ms
[273.371s][info][gc,phases,start] GC(49) Phase 4: Compact heap
[273.396s][info][gc,phases      ] GC(49) Phase 4: Compact heap 25.189ms
[273.398s][info][gc,heap        ] GC(49) Eden regions: 0->0(12)
[273.398s][info][gc,heap        ] GC(49) Survivor regions: 0->0(2)
[273.398s][info][gc,heap        ] GC(49) Old regions: 256->256
[273.398s][info][gc,heap        ] GC(49) Humongous regions: 0->0
[273.398s][info][gc,metaspace   ] GC(49) Metaspace: 14390K->14390K(1062912K)
[273.398s][info][gc             ] GC(49) Pause Full (G1 Evacuation Pause) 255M->255M(256M) 367.798ms
[273.398s][info][gc,cpu         ] GC(49) User=1.19s Sys=0.02s Real=0.36s
[273.398s][info][gc,task        ] GC(51) Using 6 workers of 8 for full compaction
[273.398s][info][gc,start       ] GC(51) Pause Full (G1 Evacuation Pause)
[273.398s][info][gc,phases,start] GC(51) Phase 1: Mark live objects
[273.640s][info][gc,stringtable ] GC(51) Cleaned string and symbol table, strings: 6941 processed, 0 removed, symbols: 48512 processed, 0 removed
[273.640s][info][gc,phases      ] GC(51) Phase 1: Mark live objects 241.900ms
[273.640s][info][gc,phases,start] GC(51) Phase 2: Prepare for compaction
[273.670s][info][gc,phases      ] GC(51) Phase 2: Prepare for compaction 29.888ms
[273.670s][info][gc,phases,start] GC(51) Phase 3: Adjust pointers
[273.729s][info][gc,phases      ] GC(51) Phase 3: Adjust pointers 58.392ms
[273.729s][info][gc,phases,start] GC(51) Phase 4: Compact heap
[273.751s][info][gc,phases      ] GC(51) Phase 4: Compact heap 22.256ms
[273.752s][info][gc,heap        ] GC(51) Eden regions: 0->0(12)
[273.752s][info][gc,heap        ] GC(51) Survivor regions: 0->0(2)
[273.752s][info][gc,heap        ] GC(51) Old regions: 256->256
[273.752s][info][gc,heap        ] GC(51) Humongous regions: 0->0
[273.752s][info][gc,metaspace   ] GC(51) Metaspace: 14390K->14390K(1062912K)
[273.752s][info][gc             ] GC(51) Pause Full (G1 Evacuation Pause) 255M->255M(256M) 354.190ms
[273.753s][info][gc,cpu         ] GC(51) User=1.20s Sys=0.03s Real=0.37s
[273.753s][info][gc,marking     ] GC(50) Concurrent Mark From Roots 723.258ms
[273.753s][info][gc,start       ] GC(52) Pause Young (Normal) (G1 Evacuation Pause)
[273.753s][info][gc,task        ] GC(52) Using 6 workers of 8 for evacuation
[273.753s][info][gc,phases      ] GC(52)   Pre Evacuate Collection Set: 0.0ms
[273.753s][info][gc,phases      ] GC(52)   Evacuate Collection Set: 0.1ms
[273.753s][info][gc,phases      ] GC(52)   Post Evacuate Collection Set: 0.1ms
[273.753s][info][gc,phases      ] GC(52)   Other: 0.1ms
[273.753s][info][gc,heap        ] GC(52) Eden regions: 0->0(12)
[273.753s][info][gc,heap        ] GC(52) Survivor regions: 0->0(2)
[273.753s][info][gc,heap        ] GC(52) Old regions: 256->256
[273.753s][info][gc,heap        ] GC(52) Humongous regions: 0->0
[273.754s][info][gc,metaspace   ] GC(52) Metaspace: 14391K->14391K(1062912K)
[273.754s][info][gc             ] GC(52) Pause Young (Normal) (G1 Evacuation Pause) 255M->255M(256M) 0.384ms
[273.754s][info][gc,cpu         ] GC(52) User=0.00s Sys=0.00s Real=0.00s
[273.754s][info][gc,task        ] GC(53) Using 6 workers of 8 for full compaction
[273.754s][info][gc,start       ] GC(53) Pause Full (G1 Evacuation Pause)
[273.754s][info][gc,phases,start] GC(53) Phase 1: Mark live objects
[273.756s][info][gc,stringtable ] GC(53) Cleaned string and symbol table, strings: 6941 processed, 0 removed, symbols: 48512 processed, 0 removed
[273.756s][info][gc,phases      ] GC(53) Phase 1: Mark live objects 2.141ms
[273.756s][info][gc,phases,start] GC(53) Phase 2: Prepare for compaction
[273.757s][info][gc,phases      ] GC(53) Phase 2: Prepare for compaction 0.716ms
[273.757s][info][gc,phases,start] GC(53) Phase 3: Adjust pointers
[273.758s][info][gc,phases      ] GC(53) Phase 3: Adjust pointers 1.741ms
[273.758s][info][gc,phases,start] GC(53) Phase 4: Compact heap
[273.760s][info][gc,phases      ] GC(53) Phase 4: Compact heap 1.228ms
[273.761s][info][gc,heap        ] GC(53) Eden regions: 0->0(153)
[273.761s][info][gc,heap        ] GC(53) Survivor regions: 0->0(2)
[273.761s][info][gc,heap        ] GC(53) Old regions: 256->6
[273.761s][info][gc,heap        ] GC(53) Humongous regions: 0->0
[273.761s][info][gc,metaspace   ] GC(53) Metaspace: 14391K->14391K(1062912K)
[273.761s][info][gc             ] GC(53) Pause Full (G1 Evacuation Pause) 255M->2M(256M) 7.102ms
[273.761s][info][gc,cpu         ] GC(53) User=0.00s Sys=0.00s Real=0.01s
[273.761s][info][gc,marking     ] GC(50) Concurrent Mark Abort
[273.761s][info][gc             ] GC(50) Concurrent Cycle 731.491ms
[273.768s][info][gc,heap,exit   ] Heap
[273.768s][info][gc,heap,exit   ]  garbage-first heap   total 262144K, used 5646K [0x00000000f0000000, 0x0000000100000000)
[273.768s][info][gc,heap,exit   ]   region size 1024K, 4 young (4096K), 0 survivors (0K)
[273.768s][info][gc,heap,exit   ]  Metaspace       used 14427K, capacity 14801K, committed 15360K, reserved 1062912K
[273.768s][info][gc,heap,exit   ]   class space    used 1424K, capacity 1543K, committed 1792K, reserved 1048576K
