[0.009s][info][gc] Using Concurrent Mark Sweep
[0.010s][info][gc,heap,coops] Heap address: 0x00000000f0000000, size: 256 MB, Compressed Oops mode: 32-bit
[0.419s][info][gc,start     ] GC(0) Pause Young (Allocation Failure)
[0.419s][info][gc,task      ] GC(0) Using 5 workers of 8 for evacuation
[1.145s][info][gc,heap      ] GC(0) ParNew: 69952K->8702K(78656K)
[1.145s][info][gc,heap      ] GC(0) CMS: 0K->82771K(174784K)
[1.145s][info][gc,metaspace ] GC(0) Metaspace: 10395K->10395K(1058816K)
[1.145s][info][gc           ] GC(0) Pause Young (Allocation Failure) 68M->89M(247M) 726.615ms
[1.145s][info][gc,cpu       ] GC(0) User=3.53s Sys=0.03s Real=0.73s
[1.179s][info][gc,start     ] GC(1) Pause Young (Allocation Failure)
[1.179s][info][gc,task      ] GC(1) Using 5 workers of 8 for evacuation
[1.512s][info][gc,heap      ] GC(1) ParNew: 78654K->8704K(78656K)
[1.512s][info][gc,heap      ] GC(1) CMS: 82771K->169611K(174784K)
[1.512s][info][gc,metaspace ] GC(1) Metaspace: 10396K->10396K(1058816K)
[1.512s][info][gc           ] GC(1) Pause Young (Allocation Failure) 157M->174M(247M) 332.347ms
[1.512s][info][gc,cpu       ] GC(1) User=1.58s Sys=0.00s Real=0.34s
[1.512s][info][gc,start     ] GC(2) Pause Initial Mark
[1.515s][info][gc           ] GC(2) Pause Initial Mark 175M->175M(247M) 2.984ms
[1.515s][info][gc,cpu       ] GC(2) User=0.00s Sys=0.00s Real=0.00s
[1.515s][info][gc           ] GC(2) Concurrent Mark
[1.515s][info][gc,task      ] GC(2) Using 2 workers of 2 for marking
[1.547s][info][gc,start     ] GC(3) Pause Young (Allocation Failure)
[1.547s][info][gc,task      ] GC(3) Using 5 workers of 8 for evacuation
[1.547s][info][gc,start     ] GC(4) Pause Full (Allocation Failure)
[1.701s][info][gc           ] GC(2) Concurrent Mark 185.997ms
[1.701s][info][gc,cpu       ] GC(2) User=0.36s Sys=0.00s Real=0.19s
[1.701s][info][gc,phases,start] GC(4) Phase 1: Mark live objects
[1.956s][info][gc,phases      ] GC(4) Phase 1: Mark live objects 254.866ms
[1.956s][info][gc,phases,start] GC(4) Phase 2: Compute new object addresses
[2.074s][info][gc,phases      ] GC(4) Phase 2: Compute new object addresses 117.630ms
[2.074s][info][gc,phases,start] GC(4) Phase 3: Adjust pointers
[2.186s][info][gc,phases      ] GC(4) Phase 3: Adjust pointers 111.807ms
[2.186s][info][gc,phases,start] GC(4) Phase 4: Move objects
[2.272s][info][gc,phases      ] GC(4) Phase 4: Move objects 85.925ms
[2.272s][info][gc             ] GC(4) Pause Full (Allocation Failure) 242M->219M(247M) 725.260ms
[2.272s][info][gc,heap        ] GC(3) ParNew: 78656K->49531K(78656K)
[2.272s][info][gc,heap        ] GC(3) CMS: 169611K->174783K(174784K)
[2.272s][info][gc,metaspace   ] GC(3) Metaspace: 10396K->10396K(1058816K)
[2.272s][info][gc             ] GC(3) Pause Young (Allocation Failure) 242M->219M(247M) 725.431ms
[2.272s][info][gc,cpu         ] GC(3) User=0.81s Sys=0.02s Real=0.72s
[2.343s][info][gc,start       ] GC(5) Pause Full (Allocation Failure)
[2.343s][info][gc,phases,start] GC(5) Phase 1: Mark live objects
[2.545s][info][gc,phases      ] GC(5) Phase 1: Mark live objects 202.065ms
[2.545s][info][gc,phases,start] GC(5) Phase 2: Compute new object addresses
[2.684s][info][gc,phases      ] GC(5) Phase 2: Compute new object addresses 139.149ms
[2.684s][info][gc,phases,start] GC(5) Phase 3: Adjust pointers
[2.793s][info][gc,phases      ] GC(5) Phase 3: Adjust pointers 108.932ms
[2.793s][info][gc,phases,start] GC(5) Phase 4: Move objects
[2.805s][info][gc,phases      ] GC(5) Phase 4: Move objects 11.720ms
[2.805s][info][gc,heap        ] GC(5) ParNew: 78656K->77871K(78656K)
[2.805s][info][gc,heap        ] GC(5) CMS: 174783K->174783K(174784K)
[2.805s][info][gc,metaspace   ] GC(5) Metaspace: 10396K->10396K(1058816K)
[2.805s][info][gc             ] GC(5) Pause Full (Allocation Failure) 247M->246M(247M) 462.760ms
[2.805s][info][gc,cpu         ] GC(5) User=0.45s Sys=0.00s Real=0.46s
[2.805s][info][gc,start       ] GC(6) Pause Initial Mark
[2.851s][info][gc             ] GC(6) Pause Initial Mark 246M->246M(247M) 45.410ms
[2.851s][info][gc,cpu         ] GC(6) User=0.05s Sys=0.00s Real=0.05s
[2.851s][info][gc             ] GC(6) Concurrent Mark
[2.851s][info][gc,task        ] GC(6) Using 2 workers of 2 for marking
[2.857s][info][gc,start       ] GC(7) Pause Full (Allocation Failure)
[2.999s][info][gc             ] GC(6) Concurrent Mark 147.499ms
[2.999s][info][gc,cpu         ] GC(6) User=0.25s Sys=0.00s Real=0.14s
[2.999s][info][gc,phases,start] GC(7) Phase 1: Mark live objects
[3.201s][info][gc,phases      ] GC(7) Phase 1: Mark live objects 202.342ms
[3.201s][info][gc,phases,start] GC(7) Phase 2: Compute new object addresses
[3.344s][info][gc,phases      ] GC(7) Phase 2: Compute new object addresses 143.186ms
[3.344s][info][gc,phases,start] GC(7) Phase 3: Adjust pointers
[3.448s][info][gc,phases      ] GC(7) Phase 3: Adjust pointers 103.746ms
[3.448s][info][gc,phases,start] GC(7) Phase 4: Move objects
[3.449s][info][gc,phases      ] GC(7) Phase 4: Move objects 0.499ms
[3.449s][info][gc,heap        ] GC(7) ParNew: 78655K->78635K(78656K)
[3.449s][info][gc,heap        ] GC(7) CMS: 174783K->174783K(174784K)
[3.449s][info][gc,metaspace   ] GC(7) Metaspace: 10396K->10396K(1058816K)
[3.449s][info][gc             ] GC(7) Pause Full (Allocation Failure) 247M->247M(247M) 592.213ms
[3.449s][info][gc,cpu         ] GC(7) User=0.69s Sys=0.00s Real=0.60s
[3.449s][info][gc,start       ] GC(8) Pause Full (Allocation Failure)
[3.450s][info][gc,phases,start] GC(8) Phase 1: Mark live objects
[3.676s][info][gc,phases      ] GC(8) Phase 1: Mark live objects 226.488ms
[3.676s][info][gc,phases,start] GC(8) Phase 2: Compute new object addresses
[3.809s][info][gc,phases      ] GC(8) Phase 2: Compute new object addresses 133.216ms
[3.809s][info][gc,phases,start] GC(8) Phase 3: Adjust pointers
[3.913s][info][gc,phases      ] GC(8) Phase 3: Adjust pointers 103.961ms
[3.913s][info][gc,phases,start] GC(8) Phase 4: Move objects
[3.913s][info][gc,phases      ] GC(8) Phase 4: Move objects 0.025ms
[3.914s][info][gc,heap        ] GC(8) ParNew: 78656K->78655K(78656K)
[3.914s][info][gc,heap        ] GC(8) CMS: 174783K->174783K(174784K)
[3.914s][info][gc,metaspace   ] GC(8) Metaspace: 10396K->10396K(1058816K)
[3.914s][info][gc             ] GC(8) Pause Full (Allocation Failure) 247M->247M(247M) 464.147ms
[3.914s][info][gc,cpu         ] GC(8) User=0.45s Sys=0.00s Real=0.45s
[3.914s][info][gc,start       ] GC(10) Pause Full (Allocation Failure)
[3.914s][info][gc,phases,start] GC(10) Phase 1: Mark live objects
[4.131s][info][gc,phases      ] GC(10) Phase 1: Mark live objects 216.557ms
[4.131s][info][gc,phases,start] GC(10) Phase 2: Compute new object addresses
[4.266s][info][gc,phases      ] GC(10) Phase 2: Compute new object addresses 135.876ms
[4.266s][info][gc,phases,start] GC(10) Phase 3: Adjust pointers
[4.374s][info][gc,phases      ] GC(10) Phase 3: Adjust pointers 107.066ms
[4.374s][info][gc,phases,start] GC(10) Phase 4: Move objects
[4.374s][info][gc,phases      ] GC(10) Phase 4: Move objects 0.019ms
[4.374s][info][gc,heap        ] GC(10) ParNew: 78655K->78655K(78656K)
[4.374s][info][gc,heap        ] GC(10) CMS: 174783K->174783K(174784K)
[4.374s][info][gc,metaspace   ] GC(10) Metaspace: 10396K->10396K(1058816K)
[4.374s][info][gc             ] GC(10) Pause Full (Allocation Failure) 247M->247M(247M) 460.006ms
[4.374s][info][gc,cpu         ] GC(10) User=0.44s Sys=0.03s Real=0.46s
[4.374s][info][gc,start       ] GC(11) Pause Full (Allocation Failure)
[4.374s][info][gc,phases,start] GC(11) Phase 1: Mark live objects
[4.571s][info][gc,phases      ] GC(11) Phase 1: Mark live objects 196.650ms
[4.571s][info][gc,phases,start] GC(11) Phase 2: Compute new object addresses
[4.702s][info][gc,phases      ] GC(11) Phase 2: Compute new object addresses 131.579ms
[4.703s][info][gc,phases,start] GC(11) Phase 3: Adjust pointers
[4.809s][info][gc,phases      ] GC(11) Phase 3: Adjust pointers 106.149ms
[4.809s][info][gc,phases,start] GC(11) Phase 4: Move objects
[4.809s][info][gc,phases      ] GC(11) Phase 4: Move objects 0.019ms
[4.809s][info][gc,heap        ] GC(11) ParNew: 78655K->78655K(78656K)
[4.809s][info][gc,heap        ] GC(11) CMS: 174783K->174783K(174784K)
[4.809s][info][gc,metaspace   ] GC(11) Metaspace: 10396K->10396K(1058816K)
[4.809s][info][gc             ] GC(11) Pause Full (Allocation Failure) 247M->247M(247M) 434.901ms
[4.809s][info][gc,cpu         ] GC(11) User=0.42s Sys=0.00s Real=0.44s
[4.809s][info][gc,start       ] GC(12) Pause Full (Allocation Failure)
[4.809s][info][gc,phases,start] GC(12) Phase 1: Mark live objects
[5.007s][info][gc,phases      ] GC(12) Phase 1: Mark live objects 197.383ms
[5.007s][info][gc,phases,start] GC(12) Phase 2: Compute new object addresses
[5.138s][info][gc,phases      ] GC(12) Phase 2: Compute new object addresses 131.669ms
[5.138s][info][gc,phases,start] GC(12) Phase 3: Adjust pointers
[5.258s][info][gc,phases      ] GC(12) Phase 3: Adjust pointers 119.508ms
[5.258s][info][gc,phases,start] GC(12) Phase 4: Move objects
[5.326s][info][gc,phases      ] GC(12) Phase 4: Move objects 67.962ms
[5.326s][info][gc,heap        ] GC(12) ParNew: 78655K->78504K(78656K)
[5.326s][info][gc,heap        ] GC(12) CMS: 174783K->174783K(174784K)
[5.326s][info][gc,metaspace   ] GC(12) Metaspace: 10396K->10396K(1058816K)
[5.326s][info][gc             ] GC(12) Pause Full (Allocation Failure) 247M->247M(247M) 517.305ms
[5.326s][info][gc,cpu         ] GC(12) User=0.52s Sys=0.00s Real=0.51s
[5.327s][info][gc,heap        ] GC(9) Old: 174783K->174783K(174784K)
[5.328s][info][gc,start       ] GC(13) Pause Full (Allocation Failure)
[5.328s][info][gc,phases,start] GC(13) Phase 1: Mark live objects
[5.529s][info][gc,phases      ] GC(13) Phase 1: Mark live objects 200.807ms
[5.529s][info][gc,phases,start] GC(13) Phase 2: Compute new object addresses
[5.658s][info][gc,phases      ] GC(13) Phase 2: Compute new object addresses 129.091ms
[5.658s][info][gc,phases,start] GC(13) Phase 3: Adjust pointers
[5.778s][info][gc,phases      ] GC(13) Phase 3: Adjust pointers 120.123ms
[5.778s][info][gc,phases,start] GC(13) Phase 4: Move objects
[5.846s][info][gc,phases      ] GC(13) Phase 4: Move objects 67.925ms
[5.846s][info][gc,heap        ] GC(13) ParNew: 78656K->78650K(78656K)
[5.846s][info][gc,heap        ] GC(13) CMS: 174783K->174783K(174784K)
[5.846s][info][gc,metaspace   ] GC(13) Metaspace: 10261K->10261K(1058816K)
[5.846s][info][gc             ] GC(13) Pause Full (Allocation Failure) 247M->247M(247M) 518.567ms
[5.846s][info][gc,cpu         ] GC(13) User=0.53s Sys=0.00s Real=0.52s
[5.847s][info][gc,start       ] GC(14) Pause Initial Mark
[5.892s][info][gc             ] GC(14) Pause Initial Mark 247M->247M(247M) 45.641ms
[5.892s][info][gc,cpu         ] GC(14) User=0.06s Sys=0.00s Real=0.05s
[5.892s][info][gc             ] GC(14) Concurrent Mark
[5.892s][info][gc,task        ] GC(14) Using 2 workers of 2 for marking
[5.893s][info][gc,start       ] GC(15) Pause Full (Allocation Failure)
[6.022s][info][gc             ] GC(14) Concurrent Mark 129.768ms
[6.022s][info][gc,cpu         ] GC(14) User=0.25s Sys=0.00s Real=0.14s
[6.022s][info][gc,phases,start] GC(15) Phase 1: Mark live objects
[6.230s][info][gc,phases      ] GC(15) Phase 1: Mark live objects 207.509ms
[6.230s][info][gc,phases,start] GC(15) Phase 2: Compute new object addresses
[6.368s][info][gc,phases      ] GC(15) Phase 2: Compute new object addresses 138.397ms
[6.368s][info][gc,phases,start] GC(15) Phase 3: Adjust pointers
[6.472s][info][gc,phases      ] GC(15) Phase 3: Adjust pointers 103.627ms
[6.472s][info][gc,phases,start] GC(15) Phase 4: Move objects
[6.472s][info][gc,phases      ] GC(15) Phase 4: Move objects 0.021ms
[6.472s][info][gc,heap        ] GC(15) ParNew: 78655K->78655K(78656K)
[6.472s][info][gc,heap        ] GC(15) CMS: 174783K->174783K(174784K)
[6.472s][info][gc,metaspace   ] GC(15) Metaspace: 10261K->10261K(1058816K)
[6.472s][info][gc             ] GC(15) Pause Full (Allocation Failure) 247M->247M(247M) 579.482ms
[6.472s][info][gc,cpu         ] GC(15) User=0.67s Sys=0.00s Real=0.58s
[6.472s][info][gc,start       ] GC(16) Pause Full (Allocation Failure)
[6.473s][info][gc,phases,start] GC(16) Phase 1: Mark live objects
[6.667s][info][gc,phases      ] GC(16) Phase 1: Mark live objects 194.157ms
[6.667s][info][gc,phases,start] GC(16) Phase 2: Compute new object addresses
[6.802s][info][gc,phases      ] GC(16) Phase 2: Compute new object addresses 135.513ms
[6.802s][info][gc,phases,start] GC(16) Phase 3: Adjust pointers
[6.908s][info][gc,phases      ] GC(16) Phase 3: Adjust pointers 105.756ms
[6.908s][info][gc,phases,start] GC(16) Phase 4: Move objects
[6.908s][info][gc,phases      ] GC(16) Phase 4: Move objects 0.019ms
[6.908s][info][gc,heap        ] GC(16) ParNew: 78655K->78655K(78656K)
[6.908s][info][gc,heap        ] GC(16) CMS: 174783K->174783K(174784K)
[6.908s][info][gc,metaspace   ] GC(16) Metaspace: 10261K->10261K(1058816K)
[6.908s][info][gc             ] GC(16) Pause Full (Allocation Failure) 247M->247M(247M) 435.953ms
[6.908s][info][gc,cpu         ] GC(16) User=0.41s Sys=0.03s Real=0.44s
[6.908s][info][gc,start       ] GC(17) Pause Full (Allocation Failure)
[6.909s][info][gc,phases,start] GC(17) Phase 1: Mark live objects
[7.104s][info][gc,phases      ] GC(17) Phase 1: Mark live objects 195.383ms
[7.104s][info][gc,phases,start] GC(17) Phase 2: Compute new object addresses
[7.239s][info][gc,phases      ] GC(17) Phase 2: Compute new object addresses 134.672ms
[7.239s][info][gc,phases,start] GC(17) Phase 3: Adjust pointers
[7.344s][info][gc,phases      ] GC(17) Phase 3: Adjust pointers 104.956ms
[7.344s][info][gc,phases,start] GC(17) Phase 4: Move objects
[7.344s][info][gc,phases      ] GC(17) Phase 4: Move objects 0.042ms
[7.344s][info][gc,heap        ] GC(17) ParNew: 78655K->78655K(78656K)
[7.344s][info][gc,heap        ] GC(17) CMS: 174783K->174783K(174784K)
[7.344s][info][gc,metaspace   ] GC(17) Metaspace: 10261K->10261K(1058816K)
[7.344s][info][gc             ] GC(17) Pause Full (Allocation Failure) 247M->247M(247M) 435.508ms
[7.344s][info][gc,cpu         ] GC(17) User=0.42s Sys=0.02s Real=0.43s
[7.344s][info][gc,start       ] GC(18) Pause Full (Allocation Failure)
[7.344s][info][gc,phases,start] GC(18) Phase 1: Mark live objects
[7.539s][info][gc,phases      ] GC(18) Phase 1: Mark live objects 195.030ms
[7.539s][info][gc,phases,start] GC(18) Phase 2: Compute new object addresses
[7.674s][info][gc,phases      ] GC(18) Phase 2: Compute new object addresses 134.936ms
[7.674s][info][gc,phases,start] GC(18) Phase 3: Adjust pointers
[7.776s][info][gc,phases      ] GC(18) Phase 3: Adjust pointers 101.568ms
[7.776s][info][gc,phases,start] GC(18) Phase 4: Move objects
[7.776s][info][gc,phases      ] GC(18) Phase 4: Move objects 0.019ms
[7.776s][info][gc,heap        ] GC(18) ParNew: 78655K->78655K(78656K)
[7.776s][info][gc,heap        ] GC(18) CMS: 174783K->174783K(174784K)
[7.776s][info][gc,metaspace   ] GC(18) Metaspace: 10261K->10261K(1058816K)
[7.776s][info][gc             ] GC(18) Pause Full (Allocation Failure) 247M->247M(247M) 432.027ms
[7.776s][info][gc,cpu         ] GC(18) User=0.44s Sys=0.00s Real=0.44s
[7.776s][info][gc,start       ] GC(19) Pause Full (Allocation Failure)
[7.776s][info][gc,phases,start] GC(19) Phase 1: Mark live objects
[7.975s][info][gc,phases      ] GC(19) Phase 1: Mark live objects 198.898ms
[7.975s][info][gc,phases,start] GC(19) Phase 2: Compute new object addresses
[8.110s][info][gc,phases      ] GC(19) Phase 2: Compute new object addresses 134.406ms
[8.110s][info][gc,phases,start] GC(19) Phase 3: Adjust pointers
[8.214s][info][gc,phases      ] GC(19) Phase 3: Adjust pointers 103.892ms
[8.214s][info][gc,phases,start] GC(19) Phase 4: Move objects
[8.214s][info][gc,phases      ] GC(19) Phase 4: Move objects 0.019ms
[8.214s][info][gc,heap        ] GC(19) ParNew: 78655K->78655K(78656K)
[8.214s][info][gc,heap        ] GC(19) CMS: 174783K->174783K(174784K)
[8.214s][info][gc,metaspace   ] GC(19) Metaspace: 10261K->10261K(1058816K)
[8.214s][info][gc             ] GC(19) Pause Full (Allocation Failure) 247M->247M(247M) 437.666ms
[8.214s][info][gc,cpu         ] GC(19) User=0.44s Sys=0.00s Real=0.44s
[8.214s][info][gc,start       ] GC(20) Pause Full (Allocation Failure)
[8.214s][info][gc,phases,start] GC(20) Phase 1: Mark live objects
[8.410s][info][gc,phases      ] GC(20) Phase 1: Mark live objects 195.296ms
[8.410s][info][gc,phases,start] GC(20) Phase 2: Compute new object addresses
[8.544s][info][gc,phases      ] GC(20) Phase 2: Compute new object addresses 134.249ms
[8.544s][info][gc,phases,start] GC(20) Phase 3: Adjust pointers
[8.644s][info][gc,phases      ] GC(20) Phase 3: Adjust pointers 99.986ms
[8.644s][info][gc,phases,start] GC(20) Phase 4: Move objects
[8.644s][info][gc,phases      ] GC(20) Phase 4: Move objects 0.018ms
[8.644s][info][gc,heap        ] GC(20) ParNew: 78655K->78655K(78656K)
[8.644s][info][gc,heap        ] GC(20) CMS: 174783K->174783K(174784K)
[8.644s][info][gc,metaspace   ] GC(20) Metaspace: 10261K->10261K(1058816K)
[8.644s][info][gc             ] GC(20) Pause Full (Allocation Failure) 247M->247M(247M) 430.119ms
[8.644s][info][gc,cpu         ] GC(20) User=0.41s Sys=0.02s Real=0.42s
[8.645s][info][gc,start       ] GC(22) Pause Full (Allocation Failure)
[8.645s][info][gc,phases,start] GC(22) Phase 1: Mark live objects
[8.842s][info][gc,phases      ] GC(22) Phase 1: Mark live objects 197.328ms
[8.842s][info][gc,phases,start] GC(22) Phase 2: Compute new object addresses
[8.976s][info][gc,phases      ] GC(22) Phase 2: Compute new object addresses 133.574ms
[8.976s][info][gc,phases,start] GC(22) Phase 3: Adjust pointers
[9.094s][info][gc,phases      ] GC(22) Phase 3: Adjust pointers 118.050ms
[9.094s][info][gc,phases,start] GC(22) Phase 4: Move objects
[9.156s][info][gc,phases      ] GC(22) Phase 4: Move objects 62.652ms
[9.157s][info][gc,heap        ] GC(22) ParNew: 78655K->78653K(78656K)
[9.157s][info][gc,heap        ] GC(22) CMS: 174783K->174783K(174784K)
[9.157s][info][gc,metaspace   ] GC(22) Metaspace: 10261K->10261K(1058816K)
[9.157s][info][gc             ] GC(22) Pause Full (Allocation Failure) 247M->247M(247M) 512.148ms
[9.157s][info][gc,cpu         ] GC(22) User=0.52s Sys=0.00s Real=0.52s
[9.157s][info][gc,start       ] GC(21) Pause Initial Mark
[9.199s][info][gc             ] GC(21) Pause Initial Mark 247M->247M(247M) 41.495ms
[9.199s][info][gc,cpu         ] GC(21) User=0.06s Sys=0.00s Real=0.05s
[9.199s][info][gc             ] GC(21) Concurrent Mark
[9.199s][info][gc,task        ] GC(21) Using 2 workers of 2 for marking
[9.199s][info][gc,start       ] GC(23) Pause Full (Allocation Failure)
[9.354s][info][gc             ] GC(21) Concurrent Mark 155.811ms
[9.354s][info][gc,cpu         ] GC(21) User=0.27s Sys=0.00s Real=0.16s
[9.355s][info][gc,phases,start] GC(23) Phase 1: Mark live objects
[9.545s][info][gc,phases      ] GC(23) Phase 1: Mark live objects 190.408ms
[9.545s][info][gc,phases,start] GC(23) Phase 2: Compute new object addresses
[9.671s][info][gc,phases      ] GC(23) Phase 2: Compute new object addresses 125.632ms
[9.671s][info][gc,phases,start] GC(23) Phase 3: Adjust pointers
[9.768s][info][gc,phases      ] GC(23) Phase 3: Adjust pointers 96.812ms
[9.768s][info][gc,phases,start] GC(23) Phase 4: Move objects
[9.768s][info][gc,phases      ] GC(23) Phase 4: Move objects 0.019ms
[9.768s][info][gc,heap        ] GC(23) ParNew: 78655K->78655K(78656K)
[9.768s][info][gc,heap        ] GC(23) CMS: 174783K->174783K(174784K)
[9.768s][info][gc,metaspace   ] GC(23) Metaspace: 10261K->10261K(1058816K)
[9.768s][info][gc             ] GC(23) Pause Full (Allocation Failure) 247M->247M(247M) 568.871ms
[9.768s][info][gc,cpu         ] GC(23) User=0.66s Sys=0.02s Real=0.57s
[9.768s][info][gc,start       ] GC(24) Pause Full (Allocation Failure)
[9.768s][info][gc,phases,start] GC(24) Phase 1: Mark live objects
[9.948s][info][gc,phases      ] GC(24) Phase 1: Mark live objects 179.883ms
[9.948s][info][gc,phases,start] GC(24) Phase 2: Compute new object addresses
[10.078s][info][gc,phases      ] GC(24) Phase 2: Compute new object addresses 129.692ms
[10.078s][info][gc,phases,start] GC(24) Phase 3: Adjust pointers
[10.184s][info][gc,phases      ] GC(24) Phase 3: Adjust pointers 106.634ms
[10.184s][info][gc,phases,start] GC(24) Phase 4: Move objects
[10.184s][info][gc,phases      ] GC(24) Phase 4: Move objects 0.020ms
[10.185s][info][gc,heap        ] GC(24) ParNew: 78655K->78655K(78656K)
[10.185s][info][gc,heap        ] GC(24) CMS: 174783K->174783K(174784K)
[10.185s][info][gc,metaspace   ] GC(24) Metaspace: 10261K->10261K(1058816K)
[10.185s][info][gc             ] GC(24) Pause Full (Allocation Failure) 247M->247M(247M) 416.691ms
[10.185s][info][gc,cpu         ] GC(24) User=0.39s Sys=0.03s Real=0.42s
[10.185s][info][gc,start       ] GC(25) Pause Full (Allocation Failure)
[10.185s][info][gc,phases,start] GC(25) Phase 1: Mark live objects
[10.370s][info][gc,phases      ] GC(25) Phase 1: Mark live objects 185.106ms
[10.370s][info][gc,phases,start] GC(25) Phase 2: Compute new object addresses
[10.496s][info][gc,phases      ] GC(25) Phase 2: Compute new object addresses 126.496ms
[10.497s][info][gc,phases,start] GC(25) Phase 3: Adjust pointers
[10.594s][info][gc,phases      ] GC(25) Phase 3: Adjust pointers 97.735ms
[10.594s][info][gc,phases,start] GC(25) Phase 4: Move objects
[10.594s][info][gc,phases      ] GC(25) Phase 4: Move objects 0.018ms
[10.594s][info][gc,heap        ] GC(25) ParNew: 78655K->78655K(78656K)
[10.595s][info][gc,heap        ] GC(25) CMS: 174783K->174783K(174784K)
[10.595s][info][gc,metaspace   ] GC(25) Metaspace: 10261K->10261K(1058816K)
[10.595s][info][gc             ] GC(25) Pause Full (Allocation Failure) 247M->247M(247M) 409.770ms
[10.595s][info][gc,cpu         ] GC(25) User=0.41s Sys=0.00s Real=0.40s
[10.595s][info][gc,start       ] GC(26) Pause Initial Mark
[10.639s][info][gc             ] GC(26) Pause Initial Mark 247M->247M(247M) 44.065ms
[10.639s][info][gc,cpu         ] GC(26) User=0.06s Sys=0.00s Real=0.05s
[10.639s][info][gc             ] GC(26) Concurrent Mark
[10.639s][info][gc,task        ] GC(26) Using 2 workers of 2 for marking
[10.639s][info][gc,start       ] GC(27) Pause Full (Allocation Failure)
[10.770s][info][gc             ] GC(26) Concurrent Mark 130.667ms
[10.770s][info][gc,cpu         ] GC(26) User=0.22s Sys=0.00s Real=0.13s
[10.770s][info][gc,phases,start] GC(27) Phase 1: Mark live objects
[10.772s][info][gc,phases      ] GC(27) Phase 1: Mark live objects 2.072ms
[10.772s][info][gc,phases,start] GC(27) Phase 2: Compute new object addresses
[10.849s][info][gc,phases      ] GC(27) Phase 2: Compute new object addresses 76.908ms
[10.849s][info][gc,phases,start] GC(27) Phase 3: Adjust pointers
[10.850s][info][gc,phases      ] GC(27) Phase 3: Adjust pointers 1.335ms
[10.850s][info][gc,phases,start] GC(27) Phase 4: Move objects
[10.851s][info][gc,phases      ] GC(27) Phase 4: Move objects 0.423ms
[10.851s][info][gc,heap        ] GC(27) ParNew: 78655K->0K(78656K)
[10.851s][info][gc,heap        ] GC(27) CMS: 174783K->1457K(174784K)
[10.851s][info][gc,metaspace   ] GC(27) Metaspace: 10262K->10262K(1058816K)
[10.851s][info][gc             ] GC(27) Pause Full (Allocation Failure) 247M->1M(247M) 211.555ms
[10.851s][info][gc,cpu         ] GC(27) User=0.30s Sys=0.00s Real=0.20s
[10.854s][info][gc,heap,exit   ] Heap
[10.854s][info][gc,heap,exit   ]  par new generation   total 78656K, used 5299K [0x00000000f0000000, 0x00000000f5550000, 0x00000000f5550000)
[10.854s][info][gc,heap,exit   ]   eden space 69952K,   7% used [0x00000000f0000000, 0x00000000f052cc40, 0x00000000f4450000)
[10.854s][info][gc,heap,exit   ]   from space 8704K,   0% used [0x00000000f4450000, 0x00000000f4450000, 0x00000000f4cd0000)
[10.854s][info][gc,heap,exit   ]   to   space 8704K,   0% used [0x00000000f4cd0000, 0x00000000f4cd0000, 0x00000000f5550000)
[10.854s][info][gc,heap,exit   ]  concurrent mark-sweep generation total 174784K, used 1457K [0x00000000f5550000, 0x0000000100000000, 0x0000000100000000)
[10.854s][info][gc,heap,exit   ]  Metaspace       used 10276K, capacity 10467K, committed 10880K, reserved 1058816K
[10.854s][info][gc,heap,exit   ]   class space    used 989K, capacity 1038K, committed 1152K, reserved 1048576K
