[0.011s][info][gc] Using Concurrent Mark Sweep
[0.011s][info][gc,heap,coops] Heap address: 0x00000000e0000000, size: 512 MB, Compressed Oops mode: 32-bit
[0.418s][info][gc,start     ] GC(0) Pause Young (Allocation Failure)
[0.418s][info][gc,task      ] GC(0) Using 8 workers of 8 for evacuation
[2.074s][info][gc,heap      ] GC(0) ParNew: 139776K->17471K(157248K)
[2.074s][info][gc,heap      ] GC(0) CMS: 0K->171100K(349568K)
[2.074s][info][gc,metaspace ] GC(0) Metaspace: 10377K->10377K(1058816K)
[2.074s][info][gc           ] GC(0) Pause Young (Allocation Failure) 136M->184M(494M) 1656.182ms
[2.075s][info][gc,cpu       ] GC(0) User=11.05s Sys=0.19s Real=1.65s
[127.172s][info][gc,start     ] GC(1) Pause Young (Allocation Failure)
[127.172s][info][gc,task      ] GC(1) Using 8 workers of 8 for evacuation
[127.927s][info][gc,heap      ] GC(1) ParNew: 157247K->17472K(157248K)
[127.927s][info][gc,heap      ] GC(1) CMS: 171100K->332320K(349568K)
[127.927s][info][gc,metaspace ] GC(1) Metaspace: 13693K->13693K(1062912K)
[127.927s][info][gc           ] GC(1) Pause Young (Allocation Failure) 320M->341M(494M) 754.920ms
[127.927s][info][gc,cpu       ] GC(1) User=5.59s Sys=0.05s Real=0.75s
[127.927s][info][gc,start     ] GC(2) Pause Initial Mark
[127.932s][info][gc           ] GC(2) Pause Initial Mark 344M->344M(494M) 4.376ms
[127.932s][info][gc,cpu       ] GC(2) User=0.00s Sys=0.00s Real=0.00s
[127.932s][info][gc           ] GC(2) Concurrent Mark
[127.932s][info][gc,task      ] GC(2) Using 2 workers of 2 for marking
[128.362s][info][gc           ] GC(2) Concurrent Mark 430.218ms
[128.362s][info][gc,cpu       ] GC(2) User=1.73s Sys=0.30s Real=0.43s
[128.362s][info][gc           ] GC(2) Concurrent Preclean
[128.363s][info][gc           ] GC(2) Concurrent Preclean 0.577ms
[128.363s][info][gc,cpu       ] GC(2) User=0.00s Sys=0.00s Real=0.00s
[128.363s][info][gc           ] GC(2) Concurrent Abortable Preclean
[128.363s][info][gc           ] GC(2) Concurrent Abortable Preclean 0.019ms
[128.363s][info][gc,cpu       ] GC(2) User=0.00s Sys=0.00s Real=0.00s
[128.367s][info][gc,start     ] GC(2) Pause Remark
[128.372s][info][gc           ] GC(2) Pause Remark 352M->352M(494M) 4.807ms
[128.372s][info][gc,cpu       ] GC(2) User=0.02s Sys=0.00s Real=0.00s
[128.372s][info][gc           ] GC(2) Concurrent Sweep
[128.467s][info][gc           ] GC(2) Concurrent Sweep 95.011ms
[128.467s][info][gc,cpu       ] GC(2) User=0.19s Sys=0.00s Real=0.10s
[128.467s][info][gc           ] GC(2) Concurrent Reset
[128.472s][info][gc           ] GC(2) Concurrent Reset 4.929ms
[128.472s][info][gc,cpu       ] GC(2) User=0.00s Sys=0.00s Real=0.00s
[128.472s][info][gc,heap      ] GC(2) Old: 332320K->332320K(349568K)
[130.474s][info][gc,start     ] GC(3) Pause Initial Mark
[130.478s][info][gc           ] GC(3) Pause Initial Mark 352M->352M(494M) 3.641ms
[130.478s][info][gc,cpu       ] GC(3) User=0.00s Sys=0.00s Real=0.00s
[130.478s][info][gc           ] GC(3) Concurrent Mark
[130.478s][info][gc,task      ] GC(3) Using 2 workers of 2 for marking
[130.739s][info][gc           ] GC(3) Concurrent Mark 261.425ms
[130.739s][info][gc,cpu       ] GC(3) User=0.80s Sys=0.00s Real=0.26s
[130.739s][info][gc           ] GC(3) Concurrent Preclean
[130.740s][info][gc           ] GC(3) Concurrent Preclean 0.420ms
[130.740s][info][gc,cpu       ] GC(3) User=0.00s Sys=0.00s Real=0.00s
[130.740s][info][gc           ] GC(3) Concurrent Abortable Preclean
[130.740s][info][gc           ] GC(3) Concurrent Abortable Preclean 0.019ms
[130.740s][info][gc,cpu       ] GC(3) User=0.00s Sys=0.00s Real=0.00s
[130.746s][info][gc,start     ] GC(3) Pause Remark
[130.751s][info][gc           ] GC(3) Pause Remark 352M->352M(494M) 4.861ms
[130.751s][info][gc,cpu       ] GC(3) User=0.00s Sys=0.00s Real=0.00s
[130.751s][info][gc           ] GC(3) Concurrent Sweep
[130.854s][info][gc           ] GC(3) Concurrent Sweep 102.516ms
[130.854s][info][gc,cpu       ] GC(3) User=0.17s Sys=0.00s Real=0.10s
[130.854s][info][gc           ] GC(3) Concurrent Reset
[130.854s][info][gc           ] GC(3) Concurrent Reset 0.274ms
[130.855s][info][gc,cpu       ] GC(3) User=0.00s Sys=0.00s Real=0.00s
[130.855s][info][gc,heap      ] GC(3) Old: 332320K->332320K(349568K)
[132.856s][info][gc,start     ] GC(4) Pause Initial Mark
[132.859s][info][gc           ] GC(4) Pause Initial Mark 352M->352M(494M) 3.426ms
[132.859s][info][gc,cpu       ] GC(4) User=0.00s Sys=0.00s Real=0.00s
[132.859s][info][gc           ] GC(4) Concurrent Mark
[132.859s][info][gc,task      ] GC(4) Using 2 workers of 2 for marking
[133.103s][info][gc           ] GC(4) Concurrent Mark 244.041ms
[133.103s][info][gc,cpu       ] GC(4) User=0.70s Sys=0.00s Real=0.24s
[133.103s][info][gc           ] GC(4) Concurrent Preclean
[133.104s][info][gc           ] GC(4) Concurrent Preclean 0.454ms
[133.104s][info][gc,cpu       ] GC(4) User=0.00s Sys=0.00s Real=0.00s
[133.104s][info][gc           ] GC(4) Concurrent Abortable Preclean
[133.104s][info][gc           ] GC(4) Concurrent Abortable Preclean 0.019ms
[133.104s][info][gc,cpu       ] GC(4) User=0.00s Sys=0.00s Real=0.00s
[133.109s][info][gc,start     ] GC(4) Pause Remark
[133.114s][info][gc           ] GC(4) Pause Remark 352M->352M(494M) 4.785ms
[133.114s][info][gc,cpu       ] GC(4) User=0.00s Sys=0.00s Real=0.00s
[133.114s][info][gc           ] GC(4) Concurrent Sweep
[133.210s][info][gc           ] GC(4) Concurrent Sweep 95.825ms
[133.210s][info][gc,cpu       ] GC(4) User=0.19s Sys=0.00s Real=0.09s
[133.210s][info][gc           ] GC(4) Concurrent Reset
[133.210s][info][gc           ] GC(4) Concurrent Reset 0.269ms
[133.210s][info][gc,cpu       ] GC(4) User=0.00s Sys=0.00s Real=0.00s
[133.210s][info][gc,heap      ] GC(4) Old: 332320K->332320K(349568K)
[135.215s][info][gc,start     ] GC(5) Pause Initial Mark
[135.219s][info][gc           ] GC(5) Pause Initial Mark 352M->352M(494M) 3.208ms
[135.219s][info][gc,cpu       ] GC(5) User=0.00s Sys=0.00s Real=0.00s
[135.219s][info][gc           ] GC(5) Concurrent Mark
[135.219s][info][gc,task      ] GC(5) Using 2 workers of 2 for marking
[135.474s][info][gc           ] GC(5) Concurrent Mark 255.013ms
[135.474s][info][gc,cpu       ] GC(5) User=0.75s Sys=0.00s Real=0.26s
[135.474s][info][gc           ] GC(5) Concurrent Preclean
[135.474s][info][gc           ] GC(5) Concurrent Preclean 0.440ms
[135.474s][info][gc,cpu       ] GC(5) User=0.00s Sys=0.00s Real=0.00s
[135.474s][info][gc           ] GC(5) Concurrent Abortable Preclean
[135.474s][info][gc           ] GC(5) Concurrent Abortable Preclean 0.019ms
[135.474s][info][gc,cpu       ] GC(5) User=0.00s Sys=0.00s Real=0.00s
[135.477s][info][gc,start     ] GC(5) Pause Remark
[135.482s][info][gc           ] GC(5) Pause Remark 352M->352M(494M) 4.892ms
[135.482s][info][gc,cpu       ] GC(5) User=0.02s Sys=0.00s Real=0.00s
[135.482s][info][gc           ] GC(5) Concurrent Sweep
[135.576s][info][gc           ] GC(5) Concurrent Sweep 94.066ms
[135.576s][info][gc,cpu       ] GC(5) User=0.19s Sys=0.00s Real=0.09s
[135.576s][info][gc           ] GC(5) Concurrent Reset
[135.576s][info][gc           ] GC(5) Concurrent Reset 0.263ms
[135.576s][info][gc,cpu       ] GC(5) User=0.00s Sys=0.00s Real=0.00s
[135.576s][info][gc,heap      ] GC(5) Old: 332320K->332320K(349568K)
[137.591s][info][gc,start     ] GC(6) Pause Initial Mark
[137.596s][info][gc           ] GC(6) Pause Initial Mark 352M->352M(494M) 4.505ms
[137.596s][info][gc,cpu       ] GC(6) User=0.00s Sys=0.00s Real=0.00s
[137.596s][info][gc           ] GC(6) Concurrent Mark
[137.596s][info][gc,task      ] GC(6) Using 2 workers of 2 for marking
[137.849s][info][gc           ] GC(6) Concurrent Mark 253.095ms
[137.849s][info][gc,cpu       ] GC(6) User=0.75s Sys=0.00s Real=0.25s
[137.849s][info][gc           ] GC(6) Concurrent Preclean
[137.849s][info][gc           ] GC(6) Concurrent Preclean 0.433ms
[137.849s][info][gc,cpu       ] GC(6) User=0.00s Sys=0.00s Real=0.00s
[137.849s][info][gc           ] GC(6) Concurrent Abortable Preclean
[137.849s][info][gc           ] GC(6) Concurrent Abortable Preclean 0.019ms
[137.849s][info][gc,cpu       ] GC(6) User=0.00s Sys=0.00s Real=0.00s
[137.854s][info][gc,start     ] GC(6) Pause Remark
[137.860s][info][gc           ] GC(6) Pause Remark 352M->352M(494M) 5.305ms
[137.860s][info][gc,cpu       ] GC(6) User=0.13s Sys=0.00s Real=0.00s
[137.860s][info][gc           ] GC(6) Concurrent Sweep
[137.977s][info][gc           ] GC(6) Concurrent Sweep 117.412ms
[137.977s][info][gc,cpu       ] GC(6) User=0.22s Sys=0.00s Real=0.12s
[137.977s][info][gc           ] GC(6) Concurrent Reset
[137.978s][info][gc           ] GC(6) Concurrent Reset 0.371ms
[137.978s][info][gc,cpu       ] GC(6) User=0.00s Sys=0.00s Real=0.00s
[137.978s][info][gc,heap      ] GC(6) Old: 332320K->332320K(349568K)
[139.983s][info][gc,start     ] GC(7) Pause Initial Mark
[139.986s][info][gc           ] GC(7) Pause Initial Mark 352M->352M(494M) 3.378ms
[139.986s][info][gc,cpu       ] GC(7) User=0.00s Sys=0.00s Real=0.00s
[139.986s][info][gc           ] GC(7) Concurrent Mark
[139.986s][info][gc,task      ] GC(7) Using 2 workers of 2 for marking
[140.249s][info][gc           ] GC(7) Concurrent Mark 262.351ms
[140.249s][info][gc,cpu       ] GC(7) User=0.77s Sys=0.00s Real=0.26s
[140.249s][info][gc           ] GC(7) Concurrent Preclean
[140.249s][info][gc           ] GC(7) Concurrent Preclean 0.458ms
[140.249s][info][gc,cpu       ] GC(7) User=0.00s Sys=0.00s Real=0.00s
[140.249s][info][gc           ] GC(7) Concurrent Abortable Preclean
[140.249s][info][gc           ] GC(7) Concurrent Abortable Preclean 0.018ms
[140.249s][info][gc,cpu       ] GC(7) User=0.00s Sys=0.00s Real=0.00s
[140.252s][info][gc,start     ] GC(7) Pause Remark
[140.257s][info][gc           ] GC(7) Pause Remark 352M->352M(494M) 5.395ms
[140.257s][info][gc,cpu       ] GC(7) User=0.00s Sys=0.00s Real=0.01s
[140.257s][info][gc           ] GC(7) Concurrent Sweep
[140.353s][info][gc           ] GC(7) Concurrent Sweep 95.035ms
[140.353s][info][gc,cpu       ] GC(7) User=0.19s Sys=0.00s Real=0.10s
[140.353s][info][gc           ] GC(7) Concurrent Reset
[140.353s][info][gc           ] GC(7) Concurrent Reset 0.440ms
[140.353s][info][gc,cpu       ] GC(7) User=0.00s Sys=0.00s Real=0.00s
[140.353s][info][gc,heap      ] GC(7) Old: 332320K->332320K(349568K)
[142.359s][info][gc,start     ] GC(8) Pause Initial Mark
[142.363s][info][gc           ] GC(8) Pause Initial Mark 352M->352M(494M) 3.619ms
[142.363s][info][gc,cpu       ] GC(8) User=0.00s Sys=0.00s Real=0.00s
[142.363s][info][gc           ] GC(8) Concurrent Mark
[142.363s][info][gc,task      ] GC(8) Using 2 workers of 2 for marking
[142.623s][info][gc           ] GC(8) Concurrent Mark 259.653ms
[142.623s][info][gc,cpu       ] GC(8) User=0.78s Sys=0.00s Real=0.26s
[142.623s][info][gc           ] GC(8) Concurrent Preclean
[142.623s][info][gc           ] GC(8) Concurrent Preclean 0.443ms
[142.623s][info][gc,cpu       ] GC(8) User=0.00s Sys=0.00s Real=0.00s
[142.623s][info][gc           ] GC(8) Concurrent Abortable Preclean
[142.623s][info][gc           ] GC(8) Concurrent Abortable Preclean 0.018ms
[142.623s][info][gc,cpu       ] GC(8) User=0.00s Sys=0.00s Real=0.00s
[142.624s][info][gc,start     ] GC(8) Pause Remark
[142.630s][info][gc           ] GC(8) Pause Remark 352M->352M(494M) 5.668ms
[142.630s][info][gc,cpu       ] GC(8) User=0.00s Sys=0.00s Real=0.01s
[142.630s][info][gc           ] GC(8) Concurrent Sweep
[142.735s][info][gc           ] GC(8) Concurrent Sweep 104.979ms
[142.735s][info][gc,cpu       ] GC(8) User=0.22s Sys=0.00s Real=0.11s
[142.735s][info][gc           ] GC(8) Concurrent Reset
[142.735s][info][gc           ] GC(8) Concurrent Reset 0.269ms
[142.735s][info][gc,cpu       ] GC(8) User=0.00s Sys=0.00s Real=0.00s
[142.735s][info][gc,heap      ] GC(8) Old: 332320K->332320K(349568K)
[144.738s][info][gc,start     ] GC(9) Pause Initial Mark
[144.742s][info][gc           ] GC(9) Pause Initial Mark 352M->352M(494M) 4.287ms
[144.742s][info][gc,cpu       ] GC(9) User=0.00s Sys=0.00s Real=0.00s
[144.742s][info][gc           ] GC(9) Concurrent Mark
[144.742s][info][gc,task      ] GC(9) Using 2 workers of 2 for marking
[144.985s][info][gc           ] GC(9) Concurrent Mark 242.742ms
[144.985s][info][gc,cpu       ] GC(9) User=0.75s Sys=0.00s Real=0.24s
[144.985s][info][gc           ] GC(9) Concurrent Preclean
[144.986s][info][gc           ] GC(9) Concurrent Preclean 0.698ms
[144.986s][info][gc,cpu       ] GC(9) User=0.00s Sys=0.00s Real=0.00s
[144.986s][info][gc           ] GC(9) Concurrent Abortable Preclean
[144.986s][info][gc           ] GC(9) Concurrent Abortable Preclean 0.019ms
[144.986s][info][gc,cpu       ] GC(9) User=0.00s Sys=0.00s Real=0.00s
[144.992s][info][gc,start     ] GC(9) Pause Remark
[144.998s][info][gc           ] GC(9) Pause Remark 352M->352M(494M) 5.844ms
[144.998s][info][gc,cpu       ] GC(9) User=0.11s Sys=0.02s Real=0.01s
[144.998s][info][gc           ] GC(9) Concurrent Sweep
[145.097s][info][gc           ] GC(9) Concurrent Sweep 99.074ms
[145.097s][info][gc,cpu       ] GC(9) User=0.19s Sys=0.00s Real=0.10s
[145.097s][info][gc           ] GC(9) Concurrent Reset
[145.098s][info][gc           ] GC(9) Concurrent Reset 0.270ms
[145.098s][info][gc,cpu       ] GC(9) User=0.00s Sys=0.00s Real=0.00s
[145.098s][info][gc,heap      ] GC(9) Old: 332320K->332320K(349568K)
[147.107s][info][gc,start     ] GC(10) Pause Initial Mark
[147.111s][info][gc           ] GC(10) Pause Initial Mark 352M->352M(494M) 4.447ms
[147.111s][info][gc,cpu       ] GC(10) User=0.00s Sys=0.00s Real=0.00s
[147.111s][info][gc           ] GC(10) Concurrent Mark
[147.111s][info][gc,task      ] GC(10) Using 2 workers of 2 for marking
[147.392s][info][gc           ] GC(10) Concurrent Mark 281.064ms
[147.392s][info][gc,cpu       ] GC(10) User=0.84s Sys=0.00s Real=0.28s
[147.392s][info][gc           ] GC(10) Concurrent Preclean
[147.393s][info][gc           ] GC(10) Concurrent Preclean 0.443ms
[147.393s][info][gc,cpu       ] GC(10) User=0.00s Sys=0.00s Real=0.00s
[147.393s][info][gc           ] GC(10) Concurrent Abortable Preclean
[147.393s][info][gc           ] GC(10) Concurrent Abortable Preclean 0.019ms
[147.393s][info][gc,cpu       ] GC(10) User=0.00s Sys=0.00s Real=0.00s
[147.393s][info][gc,start     ] GC(10) Pause Remark
[147.399s][info][gc           ] GC(10) Pause Remark 352M->352M(494M) 6.001ms
[147.399s][info][gc,cpu       ] GC(10) User=0.00s Sys=0.00s Real=0.01s
[147.399s][info][gc           ] GC(10) Concurrent Sweep
[147.497s][info][gc           ] GC(10) Concurrent Sweep 97.312ms
[147.497s][info][gc,cpu       ] GC(10) User=0.22s Sys=0.00s Real=0.10s
[147.497s][info][gc           ] GC(10) Concurrent Reset
[147.497s][info][gc           ] GC(10) Concurrent Reset 0.284ms
[147.497s][info][gc,cpu       ] GC(10) User=0.00s Sys=0.00s Real=0.00s
[147.497s][info][gc,heap      ] GC(10) Old: 332320K->332320K(349568K)
[149.500s][info][gc,start     ] GC(11) Pause Initial Mark
[149.505s][info][gc           ] GC(11) Pause Initial Mark 352M->352M(494M) 4.786ms
[149.505s][info][gc,cpu       ] GC(11) User=0.00s Sys=0.00s Real=0.00s
[149.505s][info][gc           ] GC(11) Concurrent Mark
[149.505s][info][gc,task      ] GC(11) Using 2 workers of 2 for marking
[149.791s][info][gc           ] GC(11) Concurrent Mark 286.340ms
[149.791s][info][gc,cpu       ] GC(11) User=0.81s Sys=0.00s Real=0.29s
[149.792s][info][gc           ] GC(11) Concurrent Preclean
[149.792s][info][gc           ] GC(11) Concurrent Preclean 0.415ms
[149.792s][info][gc,cpu       ] GC(11) User=0.00s Sys=0.00s Real=0.00s
[149.792s][info][gc           ] GC(11) Concurrent Abortable Preclean
[149.792s][info][gc           ] GC(11) Concurrent Abortable Preclean 0.019ms
[149.792s][info][gc,cpu       ] GC(11) User=0.00s Sys=0.00s Real=0.00s
[149.795s][info][gc,start     ] GC(11) Pause Remark
[149.802s][info][gc           ] GC(11) Pause Remark 352M->352M(494M) 6.394ms
[149.802s][info][gc,cpu       ] GC(11) User=0.00s Sys=0.00s Real=0.01s
[149.802s][info][gc           ] GC(11) Concurrent Sweep
[149.899s][info][gc           ] GC(11) Concurrent Sweep 96.933ms
[149.899s][info][gc,cpu       ] GC(11) User=0.19s Sys=0.00s Real=0.10s
[149.899s][info][gc           ] GC(11) Concurrent Reset
[149.899s][info][gc           ] GC(11) Concurrent Reset 0.317ms
[149.899s][info][gc,cpu       ] GC(11) User=0.00s Sys=0.00s Real=0.00s
[149.899s][info][gc,heap      ] GC(11) Old: 332320K->332320K(349568K)
[151.904s][info][gc,start     ] GC(12) Pause Initial Mark
[151.908s][info][gc           ] GC(12) Pause Initial Mark 353M->353M(494M) 4.612ms
[151.909s][info][gc,cpu       ] GC(12) User=0.00s Sys=0.00s Real=0.00s
[151.909s][info][gc           ] GC(12) Concurrent Mark
[151.909s][info][gc,task      ] GC(12) Using 2 workers of 2 for marking
[152.173s][info][gc           ] GC(12) Concurrent Mark 264.552ms
[152.173s][info][gc,cpu       ] GC(12) User=0.80s Sys=0.00s Real=0.27s
[152.173s][info][gc           ] GC(12) Concurrent Preclean
[152.174s][info][gc           ] GC(12) Concurrent Preclean 0.426ms
[152.174s][info][gc,cpu       ] GC(12) User=0.00s Sys=0.00s Real=0.00s
[152.174s][info][gc           ] GC(12) Concurrent Abortable Preclean
[152.174s][info][gc           ] GC(12) Concurrent Abortable Preclean 0.018ms
[152.174s][info][gc,cpu       ] GC(12) User=0.00s Sys=0.00s Real=0.00s
[152.176s][info][gc,start     ] GC(12) Pause Remark
[152.183s][info][gc           ] GC(12) Pause Remark 353M->353M(494M) 6.505ms
[152.183s][info][gc,cpu       ] GC(12) User=0.00s Sys=0.00s Real=0.01s
[152.183s][info][gc           ] GC(12) Concurrent Sweep
[152.288s][info][gc           ] GC(12) Concurrent Sweep 105.536ms
[152.288s][info][gc,cpu       ] GC(12) User=0.22s Sys=0.00s Real=0.11s
[152.288s][info][gc           ] GC(12) Concurrent Reset
[152.289s][info][gc           ] GC(12) Concurrent Reset 0.366ms
[152.289s][info][gc,cpu       ] GC(12) User=0.00s Sys=0.00s Real=0.00s
[152.289s][info][gc,heap      ] GC(12) Old: 332320K->332320K(349568K)
[154.293s][info][gc,start     ] GC(13) Pause Initial Mark
[154.297s][info][gc           ] GC(13) Pause Initial Mark 353M->353M(494M) 4.300ms
[154.297s][info][gc,cpu       ] GC(13) User=0.00s Sys=0.00s Real=0.00s
[154.297s][info][gc           ] GC(13) Concurrent Mark
[154.297s][info][gc,task      ] GC(13) Using 2 workers of 2 for marking
[154.571s][info][gc           ] GC(13) Concurrent Mark 273.647ms
[154.571s][info][gc,cpu       ] GC(13) User=0.80s Sys=0.00s Real=0.27s
[154.571s][info][gc           ] GC(13) Concurrent Preclean
[154.571s][info][gc           ] GC(13) Concurrent Preclean 0.438ms
[154.571s][info][gc,cpu       ] GC(13) User=0.00s Sys=0.00s Real=0.00s
[154.571s][info][gc           ] GC(13) Concurrent Abortable Preclean
[154.571s][info][gc           ] GC(13) Concurrent Abortable Preclean 0.019ms
[154.571s][info][gc,cpu       ] GC(13) User=0.00s Sys=0.00s Real=0.00s
[154.574s][info][gc,start     ] GC(13) Pause Remark
[154.581s][info][gc           ] GC(13) Pause Remark 353M->353M(494M) 6.876ms
[154.581s][info][gc,cpu       ] GC(13) User=0.00s Sys=0.00s Real=0.01s
[154.581s][info][gc           ] GC(13) Concurrent Sweep
[154.681s][info][gc           ] GC(13) Concurrent Sweep 100.360ms
[154.681s][info][gc,cpu       ] GC(13) User=0.19s Sys=0.00s Real=0.10s
[154.681s][info][gc           ] GC(13) Concurrent Reset
[154.682s][info][gc           ] GC(13) Concurrent Reset 0.306ms
[154.682s][info][gc,cpu       ] GC(13) User=0.00s Sys=0.00s Real=0.00s
[154.682s][info][gc,heap      ] GC(13) Old: 332320K->332320K(349568K)
[156.684s][info][gc,start     ] GC(14) Pause Initial Mark
[156.689s][info][gc           ] GC(14) Pause Initial Mark 354M->354M(494M) 4.654ms
[156.689s][info][gc,cpu       ] GC(14) User=0.00s Sys=0.00s Real=0.00s
[156.689s][info][gc           ] GC(14) Concurrent Mark
[156.689s][info][gc,task      ] GC(14) Using 2 workers of 2 for marking
[156.930s][info][gc           ] GC(14) Concurrent Mark 240.737ms
[156.930s][info][gc,cpu       ] GC(14) User=0.70s Sys=0.00s Real=0.24s
[156.930s][info][gc           ] GC(14) Concurrent Preclean
[156.930s][info][gc           ] GC(14) Concurrent Preclean 0.423ms
[156.930s][info][gc,cpu       ] GC(14) User=0.00s Sys=0.00s Real=0.00s
[156.930s][info][gc           ] GC(14) Concurrent Abortable Preclean
[156.930s][info][gc           ] GC(14) Concurrent Abortable Preclean 0.022ms
[156.930s][info][gc,cpu       ] GC(14) User=0.00s Sys=0.00s Real=0.00s
[156.931s][info][gc,start     ] GC(14) Pause Remark
[156.938s][info][gc           ] GC(14) Pause Remark 354M->354M(494M) 7.024ms
[156.938s][info][gc,cpu       ] GC(14) User=0.13s Sys=0.00s Real=0.01s
[156.938s][info][gc           ] GC(14) Concurrent Sweep
[157.032s][info][gc           ] GC(14) Concurrent Sweep 94.015ms
[157.032s][info][gc,cpu       ] GC(14) User=0.19s Sys=0.00s Real=0.09s
[157.032s][info][gc           ] GC(14) Concurrent Reset
[157.032s][info][gc           ] GC(14) Concurrent Reset 0.357ms
[157.032s][info][gc,cpu       ] GC(14) User=0.00s Sys=0.00s Real=0.00s
[157.032s][info][gc,heap      ] GC(14) Old: 332320K->332320K(349568K)
[159.034s][info][gc,start     ] GC(15) Pause Initial Mark
[159.038s][info][gc           ] GC(15) Pause Initial Mark 354M->354M(494M) 4.850ms
[159.038s][info][gc,cpu       ] GC(15) User=0.00s Sys=0.00s Real=0.00s
[159.039s][info][gc           ] GC(15) Concurrent Mark
[159.039s][info][gc,task      ] GC(15) Using 2 workers of 2 for marking
[159.292s][info][gc           ] GC(15) Concurrent Mark 253.919ms
[159.293s][info][gc,cpu       ] GC(15) User=0.77s Sys=0.00s Real=0.26s
[159.293s][info][gc           ] GC(15) Concurrent Preclean
[159.293s][info][gc           ] GC(15) Concurrent Preclean 0.420ms
[159.293s][info][gc,cpu       ] GC(15) User=0.00s Sys=0.00s Real=0.00s
[159.293s][info][gc           ] GC(15) Concurrent Abortable Preclean
[159.293s][info][gc           ] GC(15) Concurrent Abortable Preclean 0.018ms
[159.293s][info][gc,cpu       ] GC(15) User=0.00s Sys=0.00s Real=0.00s
[159.296s][info][gc,start     ] GC(15) Pause Remark
[159.303s][info][gc           ] GC(15) Pause Remark 359M->359M(494M) 7.163ms
[159.303s][info][gc,cpu       ] GC(15) User=0.00s Sys=0.00s Real=0.01s
[159.304s][info][gc           ] GC(15) Concurrent Sweep
[159.416s][info][gc           ] GC(15) Concurrent Sweep 112.891ms
[159.416s][info][gc,cpu       ] GC(15) User=0.22s Sys=0.00s Real=0.11s
[159.417s][info][gc           ] GC(15) Concurrent Reset
[159.417s][info][gc           ] GC(15) Concurrent Reset 0.268ms
[159.417s][info][gc,cpu       ] GC(15) User=0.00s Sys=0.00s Real=0.00s
[159.417s][info][gc,heap      ] GC(15) Old: 332320K->332320K(349568K)
[161.424s][info][gc,start     ] GC(16) Pause Initial Mark
[161.428s][info][gc           ] GC(16) Pause Initial Mark 359M->359M(494M) 4.709ms
[161.428s][info][gc,cpu       ] GC(16) User=0.00s Sys=0.00s Real=0.00s
[161.428s][info][gc           ] GC(16) Concurrent Mark
[161.428s][info][gc,task      ] GC(16) Using 2 workers of 2 for marking
[161.679s][info][gc           ] GC(16) Concurrent Mark 250.215ms
[161.679s][info][gc,cpu       ] GC(16) User=0.75s Sys=0.00s Real=0.25s
[161.679s][info][gc           ] GC(16) Concurrent Preclean
[161.679s][info][gc           ] GC(16) Concurrent Preclean 0.532ms
[161.679s][info][gc,cpu       ] GC(16) User=0.00s Sys=0.00s Real=0.00s
[161.679s][info][gc           ] GC(16) Concurrent Abortable Preclean
[161.679s][info][gc           ] GC(16) Concurrent Abortable Preclean 0.019ms
[161.679s][info][gc,cpu       ] GC(16) User=0.00s Sys=0.00s Real=0.00s
[161.686s][info][gc,start     ] GC(16) Pause Remark
[161.693s][info][gc           ] GC(16) Pause Remark 359M->359M(494M) 7.184ms
[161.693s][info][gc,cpu       ] GC(16) User=0.00s Sys=0.00s Real=0.01s
[161.693s][info][gc           ] GC(16) Concurrent Sweep
[161.787s][info][gc           ] GC(16) Concurrent Sweep 94.140ms
[161.787s][info][gc,cpu       ] GC(16) User=0.19s Sys=0.00s Real=0.09s
[161.787s][info][gc           ] GC(16) Concurrent Reset
[161.788s][info][gc           ] GC(16) Concurrent Reset 0.268ms
[161.788s][info][gc,cpu       ] GC(16) User=0.00s Sys=0.00s Real=0.00s
[161.788s][info][gc,heap      ] GC(16) Old: 332320K->332256K(349568K)
[163.789s][info][gc,start     ] GC(17) Pause Initial Mark
[163.794s][info][gc           ] GC(17) Pause Initial Mark 359M->359M(494M) 4.973ms
[163.794s][info][gc,cpu       ] GC(17) User=0.02s Sys=0.00s Real=0.01s
[163.794s][info][gc           ] GC(17) Concurrent Mark
[163.794s][info][gc,task      ] GC(17) Using 2 workers of 2 for marking
[164.038s][info][gc           ] GC(17) Concurrent Mark 244.225ms
[164.038s][info][gc,cpu       ] GC(17) User=0.70s Sys=0.00s Real=0.24s
[164.038s][info][gc           ] GC(17) Concurrent Preclean
[164.038s][info][gc           ] GC(17) Concurrent Preclean 0.528ms
[164.039s][info][gc,cpu       ] GC(17) User=0.00s Sys=0.00s Real=0.00s
[164.039s][info][gc           ] GC(17) Concurrent Abortable Preclean
[164.039s][info][gc           ] GC(17) Concurrent Abortable Preclean 0.020ms
[164.039s][info][gc,cpu       ] GC(17) User=0.00s Sys=0.00s Real=0.00s
[164.043s][info][gc,start     ] GC(17) Pause Remark
[164.050s][info][gc           ] GC(17) Pause Remark 359M->359M(494M) 7.409ms
[164.051s][info][gc,cpu       ] GC(17) User=0.00s Sys=0.00s Real=0.01s
[164.051s][info][gc           ] GC(17) Concurrent Sweep
[164.149s][info][gc           ] GC(17) Concurrent Sweep 98.650ms
[164.149s][info][gc,cpu       ] GC(17) User=0.19s Sys=0.00s Real=0.10s
[164.149s][info][gc           ] GC(17) Concurrent Reset
[164.150s][info][gc           ] GC(17) Concurrent Reset 0.296ms
[164.150s][info][gc,cpu       ] GC(17) User=0.00s Sys=0.00s Real=0.00s
[164.150s][info][gc,heap      ] GC(17) Old: 332256K->332256K(349568K)
[166.158s][info][gc,start     ] GC(18) Pause Initial Mark
[166.162s][info][gc           ] GC(18) Pause Initial Mark 359M->359M(494M) 4.648ms
[166.162s][info][gc,cpu       ] GC(18) User=0.00s Sys=0.00s Real=0.00s
[166.162s][info][gc           ] GC(18) Concurrent Mark
[166.162s][info][gc,task      ] GC(18) Using 2 workers of 2 for marking
[166.421s][info][gc           ] GC(18) Concurrent Mark 258.853ms
[166.421s][info][gc,cpu       ] GC(18) User=0.80s Sys=0.00s Real=0.26s
[166.421s][info][gc           ] GC(18) Concurrent Preclean
[166.422s][info][gc           ] GC(18) Concurrent Preclean 0.459ms
[166.422s][info][gc,cpu       ] GC(18) User=0.00s Sys=0.00s Real=0.00s
[166.422s][info][gc           ] GC(18) Concurrent Abortable Preclean
[166.422s][info][gc           ] GC(18) Concurrent Abortable Preclean 0.018ms
[166.422s][info][gc,cpu       ] GC(18) User=0.00s Sys=0.00s Real=0.00s
[166.427s][info][gc,start     ] GC(18) Pause Remark
[166.434s][info][gc           ] GC(18) Pause Remark 359M->359M(494M) 7.302ms
[166.434s][info][gc,cpu       ] GC(18) User=0.02s Sys=0.00s Real=0.01s
[166.434s][info][gc           ] GC(18) Concurrent Sweep
[166.528s][info][gc           ] GC(18) Concurrent Sweep 94.041ms
[166.528s][info][gc,cpu       ] GC(18) User=0.19s Sys=0.00s Real=0.09s
[166.528s][info][gc           ] GC(18) Concurrent Reset
[166.529s][info][gc           ] GC(18) Concurrent Reset 0.307ms
[166.529s][info][gc,cpu       ] GC(18) User=0.00s Sys=0.00s Real=0.00s
[166.529s][info][gc,heap      ] GC(18) Old: 332256K->332256K(349568K)
[168.532s][info][gc,start     ] GC(19) Pause Initial Mark
[168.537s][info][gc           ] GC(19) Pause Initial Mark 359M->359M(494M) 4.601ms
[168.537s][info][gc,cpu       ] GC(19) User=0.00s Sys=0.00s Real=0.00s
[168.537s][info][gc           ] GC(19) Concurrent Mark
[168.537s][info][gc,task      ] GC(19) Using 2 workers of 2 for marking
[168.797s][info][gc           ] GC(19) Concurrent Mark 260.415ms
[168.797s][info][gc,cpu       ] GC(19) User=0.80s Sys=0.00s Real=0.26s
[168.797s][info][gc           ] GC(19) Concurrent Preclean
[168.798s][info][gc           ] GC(19) Concurrent Preclean 0.483ms
[168.798s][info][gc,cpu       ] GC(19) User=0.00s Sys=0.00s Real=0.00s
[168.798s][info][gc           ] GC(19) Concurrent Abortable Preclean
[168.798s][info][gc           ] GC(19) Concurrent Abortable Preclean 0.017ms
[168.798s][info][gc,cpu       ] GC(19) User=0.00s Sys=0.00s Real=0.00s
[168.798s][info][gc,start     ] GC(19) Pause Remark
[168.806s][info][gc           ] GC(19) Pause Remark 359M->359M(494M) 7.170ms
[168.806s][info][gc,cpu       ] GC(19) User=0.00s Sys=0.00s Real=0.01s
[168.806s][info][gc           ] GC(19) Concurrent Sweep
[168.902s][info][gc           ] GC(19) Concurrent Sweep 96.027ms
[168.902s][info][gc,cpu       ] GC(19) User=0.19s Sys=0.00s Real=0.10s
[168.902s][info][gc           ] GC(19) Concurrent Reset
[168.902s][info][gc           ] GC(19) Concurrent Reset 0.329ms
[168.902s][info][gc,cpu       ] GC(19) User=0.05s Sys=0.00s Real=0.00s
[168.902s][info][gc,heap      ] GC(19) Old: 332256K->332256K(349568K)
[170.905s][info][gc,start     ] GC(20) Pause Initial Mark
[170.910s][info][gc           ] GC(20) Pause Initial Mark 359M->359M(494M) 4.772ms
[170.910s][info][gc,cpu       ] GC(20) User=0.00s Sys=0.00s Real=0.00s
[170.910s][info][gc           ] GC(20) Concurrent Mark
[170.910s][info][gc,task      ] GC(20) Using 2 workers of 2 for marking
[171.173s][info][gc           ] GC(20) Concurrent Mark 262.959ms
[171.173s][info][gc,cpu       ] GC(20) User=0.77s Sys=0.00s Real=0.26s
[171.173s][info][gc           ] GC(20) Concurrent Preclean
[171.173s][info][gc           ] GC(20) Concurrent Preclean 0.452ms
[171.173s][info][gc,cpu       ] GC(20) User=0.00s Sys=0.00s Real=0.00s
[171.173s][info][gc           ] GC(20) Concurrent Abortable Preclean
[171.173s][info][gc           ] GC(20) Concurrent Abortable Preclean 0.018ms
[171.173s][info][gc,cpu       ] GC(20) User=0.00s Sys=0.00s Real=0.00s
[171.176s][info][gc,start     ] GC(20) Pause Remark
[171.184s][info][gc           ] GC(20) Pause Remark 359M->359M(494M) 7.598ms
[171.184s][info][gc,cpu       ] GC(20) User=0.02s Sys=0.00s Real=0.01s
[171.184s][info][gc           ] GC(20) Concurrent Sweep
[171.278s][info][gc           ] GC(20) Concurrent Sweep 93.947ms
[171.278s][info][gc,cpu       ] GC(20) User=0.19s Sys=0.00s Real=0.10s
[171.278s][info][gc           ] GC(20) Concurrent Reset
[171.278s][info][gc           ] GC(20) Concurrent Reset 0.284ms
[171.278s][info][gc,cpu       ] GC(20) User=0.00s Sys=0.00s Real=0.00s
[171.278s][info][gc,heap      ] GC(20) Old: 332256K->332256K(349568K)
[173.279s][info][gc,start     ] GC(21) Pause Initial Mark
[173.284s][info][gc           ] GC(21) Pause Initial Mark 359M->359M(494M) 4.970ms
[173.284s][info][gc,cpu       ] GC(21) User=0.00s Sys=0.00s Real=0.01s
[173.284s][info][gc           ] GC(21) Concurrent Mark
[173.284s][info][gc,task      ] GC(21) Using 2 workers of 2 for marking
[173.551s][info][gc           ] GC(21) Concurrent Mark 267.097ms
[173.551s][info][gc,cpu       ] GC(21) User=0.80s Sys=0.00s Real=0.27s
[173.552s][info][gc           ] GC(21) Concurrent Preclean
[173.552s][info][gc           ] GC(21) Concurrent Preclean 0.446ms
[173.552s][info][gc,cpu       ] GC(21) User=0.00s Sys=0.00s Real=0.00s
[173.552s][info][gc           ] GC(21) Concurrent Abortable Preclean
[173.552s][info][gc           ] GC(21) Concurrent Abortable Preclean 0.018ms
[173.552s][info][gc,cpu       ] GC(21) User=0.00s Sys=0.00s Real=0.00s
[173.559s][info][gc,start     ] GC(21) Pause Remark
[173.566s][info][gc           ] GC(21) Pause Remark 359M->359M(494M) 7.318ms
[173.566s][info][gc,cpu       ] GC(21) User=0.00s Sys=0.00s Real=0.01s
[173.566s][info][gc           ] GC(21) Concurrent Sweep
[173.659s][info][gc           ] GC(21) Concurrent Sweep 92.742ms
[173.659s][info][gc,cpu       ] GC(21) User=0.19s Sys=0.00s Real=0.09s
[173.659s][info][gc           ] GC(21) Concurrent Reset
[173.659s][info][gc           ] GC(21) Concurrent Reset 0.257ms
[173.659s][info][gc,cpu       ] GC(21) User=0.00s Sys=0.00s Real=0.00s
[173.659s][info][gc,heap      ] GC(21) Old: 332256K->332256K(349568K)
[175.667s][info][gc,start     ] GC(22) Pause Initial Mark
[175.672s][info][gc           ] GC(22) Pause Initial Mark 360M->360M(494M) 5.173ms
[175.672s][info][gc,cpu       ] GC(22) User=0.13s Sys=0.00s Real=0.01s
[175.672s][info][gc           ] GC(22) Concurrent Mark
[175.672s][info][gc,task      ] GC(22) Using 2 workers of 2 for marking
[175.930s][info][gc           ] GC(22) Concurrent Mark 257.187ms
[175.930s][info][gc,cpu       ] GC(22) User=0.75s Sys=0.00s Real=0.26s
[175.930s][info][gc           ] GC(22) Concurrent Preclean
[175.930s][info][gc           ] GC(22) Concurrent Preclean 0.458ms
[175.930s][info][gc,cpu       ] GC(22) User=0.00s Sys=0.00s Real=0.00s
[175.930s][info][gc           ] GC(22) Concurrent Abortable Preclean
[175.930s][info][gc           ] GC(22) Concurrent Abortable Preclean 0.030ms
[175.930s][info][gc,cpu       ] GC(22) User=0.00s Sys=0.00s Real=0.00s
[175.935s][info][gc,start     ] GC(22) Pause Remark
[175.942s][info][gc           ] GC(22) Pause Remark 360M->360M(494M) 7.071ms
[175.942s][info][gc,cpu       ] GC(22) User=0.00s Sys=0.00s Real=0.01s
[175.942s][info][gc           ] GC(22) Concurrent Sweep
[176.047s][info][gc           ] GC(22) Concurrent Sweep 104.907ms
[176.047s][info][gc,cpu       ] GC(22) User=0.22s Sys=0.00s Real=0.10s
[176.047s][info][gc           ] GC(22) Concurrent Reset
[176.048s][info][gc           ] GC(22) Concurrent Reset 0.269ms
[176.048s][info][gc,cpu       ] GC(22) User=0.00s Sys=0.00s Real=0.00s
[176.048s][info][gc,heap      ] GC(22) Old: 332256K->332256K(349568K)
[178.057s][info][gc,start     ] GC(23) Pause Initial Mark
[178.062s][info][gc           ] GC(23) Pause Initial Mark 360M->360M(494M) 4.934ms
[178.062s][info][gc,cpu       ] GC(23) User=0.13s Sys=0.00s Real=0.00s
[178.062s][info][gc           ] GC(23) Concurrent Mark
[178.062s][info][gc,task      ] GC(23) Using 2 workers of 2 for marking
[178.317s][info][gc           ] GC(23) Concurrent Mark 255.228ms
[178.317s][info][gc,cpu       ] GC(23) User=0.73s Sys=0.00s Real=0.26s
[178.317s][info][gc           ] GC(23) Concurrent Preclean
[178.317s][info][gc           ] GC(23) Concurrent Preclean 0.441ms
[178.317s][info][gc,cpu       ] GC(23) User=0.00s Sys=0.00s Real=0.00s
[178.317s][info][gc           ] GC(23) Concurrent Abortable Preclean
[178.317s][info][gc           ] GC(23) Concurrent Abortable Preclean 0.019ms
[178.317s][info][gc,cpu       ] GC(23) User=0.00s Sys=0.00s Real=0.00s
[178.318s][info][gc,start     ] GC(23) Pause Remark
[178.326s][info][gc           ] GC(23) Pause Remark 360M->360M(494M) 7.123ms
[178.326s][info][gc,cpu       ] GC(23) User=0.11s Sys=0.00s Real=0.01s
[178.326s][info][gc           ] GC(23) Concurrent Sweep
[178.421s][info][gc           ] GC(23) Concurrent Sweep 94.858ms
[178.421s][info][gc,cpu       ] GC(23) User=0.19s Sys=0.00s Real=0.10s
[178.421s][info][gc           ] GC(23) Concurrent Reset
[178.421s][info][gc           ] GC(23) Concurrent Reset 0.276ms
[178.421s][info][gc,cpu       ] GC(23) User=0.00s Sys=0.00s Real=0.00s
[178.421s][info][gc,heap      ] GC(23) Old: 332256K->332256K(349568K)
[180.425s][info][gc,start     ] GC(24) Pause Initial Mark
[180.431s][info][gc           ] GC(24) Pause Initial Mark 361M->361M(494M) 5.319ms
[180.431s][info][gc,cpu       ] GC(24) User=0.00s Sys=0.00s Real=0.01s
[180.431s][info][gc           ] GC(24) Concurrent Mark
[180.431s][info][gc,task      ] GC(24) Using 2 workers of 2 for marking
[180.691s][info][gc           ] GC(24) Concurrent Mark 260.261ms
[180.691s][info][gc,cpu       ] GC(24) User=0.78s Sys=0.00s Real=0.26s
[180.691s][info][gc           ] GC(24) Concurrent Preclean
[180.692s][info][gc           ] GC(24) Concurrent Preclean 0.491ms
[180.692s][info][gc,cpu       ] GC(24) User=0.00s Sys=0.00s Real=0.00s
[180.692s][info][gc           ] GC(24) Concurrent Abortable Preclean
[180.692s][info][gc           ] GC(24) Concurrent Abortable Preclean 0.019ms
[180.692s][info][gc,cpu       ] GC(24) User=0.00s Sys=0.00s Real=0.00s
[180.695s][info][gc,start     ] GC(24) Pause Remark
[180.702s][info][gc           ] GC(24) Pause Remark 361M->361M(494M) 7.282ms
[180.702s][info][gc,cpu       ] GC(24) User=0.13s Sys=0.00s Real=0.01s
[180.702s][info][gc           ] GC(24) Concurrent Sweep
[180.795s][info][gc           ] GC(24) Concurrent Sweep 93.513ms
[180.795s][info][gc,cpu       ] GC(24) User=0.19s Sys=0.00s Real=0.09s
[180.796s][info][gc           ] GC(24) Concurrent Reset
[180.796s][info][gc           ] GC(24) Concurrent Reset 0.273ms
[180.796s][info][gc,cpu       ] GC(24) User=0.00s Sys=0.00s Real=0.00s
[180.796s][info][gc,heap      ] GC(24) Old: 332256K->332256K(349568K)
[182.801s][info][gc,start     ] GC(25) Pause Initial Mark
[182.806s][info][gc           ] GC(25) Pause Initial Mark 361M->361M(494M) 4.872ms
[182.806s][info][gc,cpu       ] GC(25) User=0.00s Sys=0.00s Real=0.01s
[182.806s][info][gc           ] GC(25) Concurrent Mark
[182.806s][info][gc,task      ] GC(25) Using 2 workers of 2 for marking
[183.068s][info][gc           ] GC(25) Concurrent Mark 262.002ms
[183.068s][info][gc,cpu       ] GC(25) User=0.81s Sys=0.00s Real=0.26s
[183.068s][info][gc           ] GC(25) Concurrent Preclean
[183.069s][info][gc           ] GC(25) Concurrent Preclean 0.772ms
[183.069s][info][gc,cpu       ] GC(25) User=0.00s Sys=0.00s Real=0.00s
[183.069s][info][gc           ] GC(25) Concurrent Abortable Preclean
[183.069s][info][gc           ] GC(25) Concurrent Abortable Preclean 0.027ms
[183.069s][info][gc,cpu       ] GC(25) User=0.00s Sys=0.00s Real=0.00s
[183.075s][info][gc,start     ] GC(25) Pause Remark
[183.083s][info][gc           ] GC(25) Pause Remark 361M->361M(494M) 7.701ms
[183.083s][info][gc,cpu       ] GC(25) User=0.00s Sys=0.00s Real=0.01s
[183.083s][info][gc           ] GC(25) Concurrent Sweep
[183.186s][info][gc           ] GC(25) Concurrent Sweep 102.643ms
[183.186s][info][gc,cpu       ] GC(25) User=0.22s Sys=0.00s Real=0.10s
[183.186s][info][gc           ] GC(25) Concurrent Reset
[183.186s][info][gc           ] GC(25) Concurrent Reset 0.348ms
[183.186s][info][gc,cpu       ] GC(25) User=0.00s Sys=0.00s Real=0.00s
[183.186s][info][gc,heap      ] GC(25) Old: 332256K->332256K(349568K)
[185.195s][info][gc,start     ] GC(26) Pause Initial Mark
[185.201s][info][gc           ] GC(26) Pause Initial Mark 361M->361M(494M) 6.071ms
[185.201s][info][gc,cpu       ] GC(26) User=0.05s Sys=0.00s Real=0.01s
[185.201s][info][gc           ] GC(26) Concurrent Mark
[185.201s][info][gc,task      ] GC(26) Using 2 workers of 2 for marking
[185.508s][info][gc           ] GC(26) Concurrent Mark 307.487ms
[185.508s][info][gc,cpu       ] GC(26) User=0.89s Sys=0.00s Real=0.31s
[185.508s][info][gc           ] GC(26) Concurrent Preclean
[185.509s][info][gc           ] GC(26) Concurrent Preclean 0.458ms
[185.509s][info][gc,cpu       ] GC(26) User=0.00s Sys=0.00s Real=0.00s
[185.509s][info][gc           ] GC(26) Concurrent Abortable Preclean
[185.509s][info][gc           ] GC(26) Concurrent Abortable Preclean 0.019ms
[185.509s][info][gc,cpu       ] GC(26) User=0.00s Sys=0.00s Real=0.00s
[185.518s][info][gc,start     ] GC(26) Pause Remark
[185.526s][info][gc           ] GC(26) Pause Remark 361M->361M(494M) 8.115ms
[185.526s][info][gc,cpu       ] GC(26) User=0.00s Sys=0.00s Real=0.01s
[185.526s][info][gc           ] GC(26) Concurrent Sweep
[185.649s][info][gc           ] GC(26) Concurrent Sweep 122.971ms
[185.649s][info][gc,cpu       ] GC(26) User=0.25s Sys=0.00s Real=0.12s
[185.649s][info][gc           ] GC(26) Concurrent Reset
[185.650s][info][gc           ] GC(26) Concurrent Reset 0.593ms
[185.650s][info][gc,cpu       ] GC(26) User=0.00s Sys=0.00s Real=0.00s
[185.650s][info][gc,heap      ] GC(26) Old: 332256K->332256K(349568K)
[187.660s][info][gc,start     ] GC(27) Pause Initial Mark
[187.666s][info][gc           ] GC(27) Pause Initial Mark 361M->361M(494M) 5.990ms
[187.666s][info][gc,cpu       ] GC(27) User=0.00s Sys=0.00s Real=0.01s
[187.666s][info][gc           ] GC(27) Concurrent Mark
[187.666s][info][gc,task      ] GC(27) Using 2 workers of 2 for marking
[187.952s][info][gc           ] GC(27) Concurrent Mark 285.834ms
[187.952s][info][gc,cpu       ] GC(27) User=0.89s Sys=0.00s Real=0.29s
[187.952s][info][gc           ] GC(27) Concurrent Preclean
[187.952s][info][gc           ] GC(27) Concurrent Preclean 0.454ms
[187.953s][info][gc,cpu       ] GC(27) User=0.00s Sys=0.00s Real=0.00s
[187.953s][info][gc           ] GC(27) Concurrent Abortable Preclean
[187.953s][info][gc           ] GC(27) Concurrent Abortable Preclean 0.019ms
[187.953s][info][gc,cpu       ] GC(27) User=0.00s Sys=0.00s Real=0.00s
[187.961s][info][gc,start     ] GC(27) Pause Remark
[187.969s][info][gc           ] GC(27) Pause Remark 361M->361M(494M) 7.397ms
[187.969s][info][gc,cpu       ] GC(27) User=0.13s Sys=0.00s Real=0.01s
[187.969s][info][gc           ] GC(27) Concurrent Sweep
[188.068s][info][gc           ] GC(27) Concurrent Sweep 99.347ms
[188.068s][info][gc,cpu       ] GC(27) User=0.19s Sys=0.00s Real=0.10s
[188.068s][info][gc           ] GC(27) Concurrent Reset
[188.068s][info][gc           ] GC(27) Concurrent Reset 0.309ms
[188.068s][info][gc,cpu       ] GC(27) User=0.00s Sys=0.00s Real=0.00s
[188.069s][info][gc,heap      ] GC(27) Old: 332256K->332256K(349568K)
[190.077s][info][gc,start     ] GC(28) Pause Initial Mark
[190.083s][info][gc           ] GC(28) Pause Initial Mark 361M->361M(494M) 6.199ms
[190.083s][info][gc,cpu       ] GC(28) User=0.00s Sys=0.00s Real=0.01s
[190.083s][info][gc           ] GC(28) Concurrent Mark
[190.083s][info][gc,task      ] GC(28) Using 2 workers of 2 for marking
[190.338s][info][gc           ] GC(28) Concurrent Mark 255.436ms
[190.338s][info][gc,cpu       ] GC(28) User=0.75s Sys=0.00s Real=0.25s
[190.338s][info][gc           ] GC(28) Concurrent Preclean
[190.339s][info][gc           ] GC(28) Concurrent Preclean 0.457ms
[190.339s][info][gc,cpu       ] GC(28) User=0.00s Sys=0.00s Real=0.00s
[190.339s][info][gc           ] GC(28) Concurrent Abortable Preclean
[190.339s][info][gc           ] GC(28) Concurrent Abortable Preclean 0.018ms
[190.339s][info][gc,cpu       ] GC(28) User=0.00s Sys=0.00s Real=0.00s
[190.346s][info][gc,start     ] GC(28) Pause Remark
[190.354s][info][gc           ] GC(28) Pause Remark 361M->361M(494M) 7.709ms
[190.354s][info][gc,cpu       ] GC(28) User=0.00s Sys=0.00s Real=0.01s
[190.354s][info][gc           ] GC(28) Concurrent Sweep
[190.449s][info][gc           ] GC(28) Concurrent Sweep 95.320ms
[190.449s][info][gc,cpu       ] GC(28) User=0.19s Sys=0.00s Real=0.10s
[190.449s][info][gc           ] GC(28) Concurrent Reset
[190.449s][info][gc           ] GC(28) Concurrent Reset 0.279ms
[190.449s][info][gc,cpu       ] GC(28) User=0.00s Sys=0.00s Real=0.00s
[190.449s][info][gc,heap      ] GC(28) Old: 332256K->332256K(349568K)
[192.458s][info][gc,start     ] GC(29) Pause Initial Mark
[192.463s][info][gc           ] GC(29) Pause Initial Mark 361M->361M(494M) 5.066ms
[192.463s][info][gc,cpu       ] GC(29) User=0.00s Sys=0.00s Real=0.01s
[192.463s][info][gc           ] GC(29) Concurrent Mark
[192.463s][info][gc,task      ] GC(29) Using 2 workers of 2 for marking
[192.718s][info][gc           ] GC(29) Concurrent Mark 254.929ms
[192.718s][info][gc,cpu       ] GC(29) User=0.80s Sys=0.00s Real=0.25s
[192.718s][info][gc           ] GC(29) Concurrent Preclean
[192.719s][info][gc           ] GC(29) Concurrent Preclean 0.463ms
[192.719s][info][gc,cpu       ] GC(29) User=0.00s Sys=0.00s Real=0.00s
[192.719s][info][gc           ] GC(29) Concurrent Abortable Preclean
[192.719s][info][gc           ] GC(29) Concurrent Abortable Preclean 0.019ms
[192.719s][info][gc,cpu       ] GC(29) User=0.00s Sys=0.00s Real=0.00s
[192.720s][info][gc,start     ] GC(29) Pause Remark
[192.727s][info][gc           ] GC(29) Pause Remark 361M->361M(494M) 7.618ms
[192.727s][info][gc,cpu       ] GC(29) User=0.00s Sys=0.00s Real=0.01s
[192.727s][info][gc           ] GC(29) Concurrent Sweep
[192.829s][info][gc           ] GC(29) Concurrent Sweep 101.653ms
[192.829s][info][gc,cpu       ] GC(29) User=0.22s Sys=0.00s Real=0.10s
[192.829s][info][gc           ] GC(29) Concurrent Reset
[192.830s][info][gc           ] GC(29) Concurrent Reset 0.472ms
[192.830s][info][gc,cpu       ] GC(29) User=0.00s Sys=0.00s Real=0.00s
[192.830s][info][gc,heap      ] GC(29) Old: 332256K->332256K(349568K)
[194.836s][info][gc,start     ] GC(30) Pause Initial Mark
[194.841s][info][gc           ] GC(30) Pause Initial Mark 361M->361M(494M) 5.284ms
[194.841s][info][gc,cpu       ] GC(30) User=0.05s Sys=0.00s Real=0.00s
[194.841s][info][gc           ] GC(30) Concurrent Mark
[194.841s][info][gc,task      ] GC(30) Using 2 workers of 2 for marking
[195.123s][info][gc           ] GC(30) Concurrent Mark 281.909ms
[195.123s][info][gc,cpu       ] GC(30) User=0.84s Sys=0.00s Real=0.28s
[195.123s][info][gc           ] GC(30) Concurrent Preclean
[195.124s][info][gc           ] GC(30) Concurrent Preclean 0.440ms
[195.124s][info][gc,cpu       ] GC(30) User=0.00s Sys=0.00s Real=0.00s
[195.124s][info][gc           ] GC(30) Concurrent Abortable Preclean
[195.124s][info][gc           ] GC(30) Concurrent Abortable Preclean 0.019ms
[195.124s][info][gc,cpu       ] GC(30) User=0.00s Sys=0.00s Real=0.00s
[195.132s][info][gc,start     ] GC(30) Pause Remark
[195.140s][info][gc           ] GC(30) Pause Remark 361M->361M(494M) 7.546ms
[195.140s][info][gc,cpu       ] GC(30) User=0.13s Sys=0.00s Real=0.01s
[195.140s][info][gc           ] GC(30) Concurrent Sweep
[195.259s][info][gc           ] GC(30) Concurrent Sweep 118.910ms
[195.259s][info][gc,cpu       ] GC(30) User=0.22s Sys=0.00s Real=0.12s
[195.259s][info][gc           ] GC(30) Concurrent Reset
[195.259s][info][gc           ] GC(30) Concurrent Reset 0.329ms
[195.259s][info][gc,cpu       ] GC(30) User=0.00s Sys=0.00s Real=0.00s
[195.259s][info][gc,heap      ] GC(30) Old: 332256K->332256K(349568K)
[197.265s][info][gc,start     ] GC(31) Pause Initial Mark
[197.271s][info][gc           ] GC(31) Pause Initial Mark 363M->363M(494M) 5.213ms
[197.271s][info][gc,cpu       ] GC(31) User=0.00s Sys=0.00s Real=0.01s
[197.271s][info][gc           ] GC(31) Concurrent Mark
[197.271s][info][gc,task      ] GC(31) Using 2 workers of 2 for marking
[197.504s][info][gc           ] GC(31) Concurrent Mark 233.591ms
[197.504s][info][gc,cpu       ] GC(31) User=0.70s Sys=0.00s Real=0.23s
[197.504s][info][gc           ] GC(31) Concurrent Preclean
[197.505s][info][gc           ] GC(31) Concurrent Preclean 0.468ms
[197.505s][info][gc,cpu       ] GC(31) User=0.00s Sys=0.00s Real=0.00s
[197.505s][info][gc           ] GC(31) Concurrent Abortable Preclean
[197.505s][info][gc           ] GC(31) Concurrent Abortable Preclean 0.020ms
[197.505s][info][gc,cpu       ] GC(31) User=0.00s Sys=0.00s Real=0.00s
[197.514s][info][gc,start     ] GC(31) Pause Remark
[197.522s][info][gc           ] GC(31) Pause Remark 363M->363M(494M) 7.883ms
[197.522s][info][gc,cpu       ] GC(31) User=0.00s Sys=0.00s Real=0.01s
[197.522s][info][gc           ] GC(31) Concurrent Sweep
[197.630s][info][gc           ] GC(31) Concurrent Sweep 107.478ms
[197.630s][info][gc,cpu       ] GC(31) User=0.20s Sys=0.00s Real=0.11s
[197.630s][info][gc           ] GC(31) Concurrent Reset
[197.630s][info][gc           ] GC(31) Concurrent Reset 0.491ms
[197.631s][info][gc,cpu       ] GC(31) User=0.00s Sys=0.00s Real=0.00s
[197.631s][info][gc,heap      ] GC(31) Old: 332256K->332256K(349568K)
[199.635s][info][gc,start     ] GC(32) Pause Initial Mark
[199.641s][info][gc           ] GC(32) Pause Initial Mark 364M->364M(494M) 5.658ms
[199.641s][info][gc,cpu       ] GC(32) User=0.13s Sys=0.00s Real=0.00s
[199.641s][info][gc           ] GC(32) Concurrent Mark
[199.641s][info][gc,task      ] GC(32) Using 2 workers of 2 for marking
[199.909s][info][gc           ] GC(32) Concurrent Mark 268.048ms
[199.909s][info][gc,cpu       ] GC(32) User=0.80s Sys=0.00s Real=0.27s
[199.909s][info][gc           ] GC(32) Concurrent Preclean
[199.910s][info][gc           ] GC(32) Concurrent Preclean 0.495ms
[199.910s][info][gc,cpu       ] GC(32) User=0.00s Sys=0.00s Real=0.00s
[199.910s][info][gc           ] GC(32) Concurrent Abortable Preclean
[199.910s][info][gc           ] GC(32) Concurrent Abortable Preclean 0.019ms
[199.910s][info][gc,cpu       ] GC(32) User=0.00s Sys=0.00s Real=0.00s
[199.917s][info][gc,start     ] GC(32) Pause Remark
[199.925s][info][gc           ] GC(32) Pause Remark 364M->364M(494M) 7.830ms
[199.925s][info][gc,cpu       ] GC(32) User=0.13s Sys=0.00s Real=0.01s
[199.925s][info][gc           ] GC(32) Concurrent Sweep
[200.018s][info][gc           ] GC(32) Concurrent Sweep 93.770ms
[200.018s][info][gc,cpu       ] GC(32) User=0.19s Sys=0.00s Real=0.09s
[200.018s][info][gc           ] GC(32) Concurrent Reset
[200.019s][info][gc           ] GC(32) Concurrent Reset 0.273ms
[200.019s][info][gc,cpu       ] GC(32) User=0.00s Sys=0.00s Real=0.00s
[200.019s][info][gc,heap      ] GC(32) Old: 332256K->332256K(349568K)
[202.026s][info][gc,start     ] GC(33) Pause Initial Mark
[202.032s][info][gc           ] GC(33) Pause Initial Mark 364M->364M(494M) 5.435ms
[202.032s][info][gc,cpu       ] GC(33) User=0.13s Sys=0.00s Real=0.00s
[202.032s][info][gc           ] GC(33) Concurrent Mark
[202.032s][info][gc,task      ] GC(33) Using 2 workers of 2 for marking
[202.286s][info][gc           ] GC(33) Concurrent Mark 254.759ms
[202.286s][info][gc,cpu       ] GC(33) User=0.75s Sys=0.00s Real=0.26s
[202.286s][info][gc           ] GC(33) Concurrent Preclean
[202.287s][info][gc           ] GC(33) Concurrent Preclean 0.468ms
[202.287s][info][gc,cpu       ] GC(33) User=0.00s Sys=0.00s Real=0.00s
[202.287s][info][gc           ] GC(33) Concurrent Abortable Preclean
[202.287s][info][gc           ] GC(33) Concurrent Abortable Preclean 0.019ms
[202.287s][info][gc,cpu       ] GC(33) User=0.00s Sys=0.00s Real=0.00s
[202.291s][info][gc,start     ] GC(33) Pause Remark
[202.300s][info][gc           ] GC(33) Pause Remark 364M->364M(494M) 8.910ms
[202.300s][info][gc,cpu       ] GC(33) User=0.13s Sys=0.00s Real=0.01s
[202.300s][info][gc           ] GC(33) Concurrent Sweep
[202.395s][info][gc           ] GC(33) Concurrent Sweep 94.599ms
[202.395s][info][gc,cpu       ] GC(33) User=0.19s Sys=0.00s Real=0.09s
[202.395s][info][gc           ] GC(33) Concurrent Reset
[202.395s][info][gc           ] GC(33) Concurrent Reset 0.274ms
[202.395s][info][gc,cpu       ] GC(33) User=0.00s Sys=0.00s Real=0.00s
[202.395s][info][gc,heap      ] GC(33) Old: 332256K->332256K(349568K)
[204.395s][info][gc,start     ] GC(34) Pause Initial Mark
[204.401s][info][gc           ] GC(34) Pause Initial Mark 364M->364M(494M) 5.453ms
[204.401s][info][gc,cpu       ] GC(34) User=0.00s Sys=0.00s Real=0.01s
[204.401s][info][gc           ] GC(34) Concurrent Mark
[204.401s][info][gc,task      ] GC(34) Using 2 workers of 2 for marking
[204.655s][info][gc           ] GC(34) Concurrent Mark 253.622ms
[204.655s][info][gc,cpu       ] GC(34) User=0.78s Sys=0.00s Real=0.25s
[204.655s][info][gc           ] GC(34) Concurrent Preclean
[204.655s][info][gc           ] GC(34) Concurrent Preclean 0.488ms
[204.655s][info][gc,cpu       ] GC(34) User=0.00s Sys=0.00s Real=0.00s
[204.655s][info][gc           ] GC(34) Concurrent Abortable Preclean
[204.655s][info][gc           ] GC(34) Concurrent Abortable Preclean 0.018ms
[204.655s][info][gc,cpu       ] GC(34) User=0.00s Sys=0.00s Real=0.00s
[204.656s][info][gc,start     ] GC(34) Pause Remark
[204.664s][info][gc           ] GC(34) Pause Remark 364M->364M(494M) 8.428ms
[204.664s][info][gc,cpu       ] GC(34) User=0.00s Sys=0.00s Real=0.01s
[204.664s][info][gc           ] GC(34) Concurrent Sweep
[204.811s][info][gc           ] GC(34) Concurrent Sweep 147.175ms
[204.811s][info][gc,cpu       ] GC(34) User=0.31s Sys=0.00s Real=0.15s
[204.811s][info][gc           ] GC(34) Concurrent Reset
[204.814s][info][gc           ] GC(34) Concurrent Reset 2.875ms
[204.815s][info][gc,cpu       ] GC(34) User=0.00s Sys=0.00s Real=0.00s
[204.815s][info][gc,heap      ] GC(34) Old: 332256K->332256K(349568K)
[206.821s][info][gc,start     ] GC(35) Pause Initial Mark
[206.826s][info][gc           ] GC(35) Pause Initial Mark 364M->364M(494M) 5.226ms
[206.827s][info][gc,cpu       ] GC(35) User=0.13s Sys=0.00s Real=0.01s
[206.827s][info][gc           ] GC(35) Concurrent Mark
[206.827s][info][gc,task      ] GC(35) Using 2 workers of 2 for marking
[207.085s][info][gc           ] GC(35) Concurrent Mark 258.126ms
[207.085s][info][gc,cpu       ] GC(35) User=0.78s Sys=0.00s Real=0.26s
[207.085s][info][gc           ] GC(35) Concurrent Preclean
[207.085s][info][gc           ] GC(35) Concurrent Preclean 0.547ms
[207.085s][info][gc,cpu       ] GC(35) User=0.00s Sys=0.00s Real=0.00s
[207.085s][info][gc           ] GC(35) Concurrent Abortable Preclean
[207.085s][info][gc           ] GC(35) Concurrent Abortable Preclean 0.036ms
[207.085s][info][gc,cpu       ] GC(35) User=0.00s Sys=0.00s Real=0.00s
[207.094s][info][gc,start     ] GC(35) Pause Remark
[207.106s][info][gc           ] GC(35) Pause Remark 364M->364M(494M) 11.258ms
[207.106s][info][gc,cpu       ] GC(35) User=0.02s Sys=0.00s Real=0.01s
[207.106s][info][gc           ] GC(35) Concurrent Sweep
[207.226s][info][gc           ] GC(35) Concurrent Sweep 120.454ms
[207.226s][info][gc,cpu       ] GC(35) User=0.30s Sys=0.00s Real=0.12s
[207.226s][info][gc           ] GC(35) Concurrent Reset
[207.227s][info][gc           ] GC(35) Concurrent Reset 0.285ms
[207.227s][info][gc,cpu       ] GC(35) User=0.00s Sys=0.00s Real=0.00s
[207.227s][info][gc,heap      ] GC(35) Old: 332256K->332256K(349568K)
[209.227s][info][gc,start     ] GC(36) Pause Initial Mark
[209.233s][info][gc           ] GC(36) Pause Initial Mark 364M->364M(494M) 5.455ms
[209.233s][info][gc,cpu       ] GC(36) User=0.13s Sys=0.00s Real=0.01s
[209.233s][info][gc           ] GC(36) Concurrent Mark
[209.233s][info][gc,task      ] GC(36) Using 2 workers of 2 for marking
[209.489s][info][gc           ] GC(36) Concurrent Mark 255.815ms
[209.489s][info][gc,cpu       ] GC(36) User=0.75s Sys=0.00s Real=0.25s
[209.489s][info][gc           ] GC(36) Concurrent Preclean
[209.489s][info][gc           ] GC(36) Concurrent Preclean 0.504ms
[209.489s][info][gc,cpu       ] GC(36) User=0.00s Sys=0.00s Real=0.00s
[209.489s][info][gc           ] GC(36) Concurrent Abortable Preclean
[209.489s][info][gc           ] GC(36) Concurrent Abortable Preclean 0.019ms
[209.490s][info][gc,cpu       ] GC(36) User=0.00s Sys=0.00s Real=0.00s
[209.492s][info][gc,start     ] GC(36) Pause Remark
[209.501s][info][gc           ] GC(36) Pause Remark 364M->364M(494M) 8.955ms
[209.501s][info][gc,cpu       ] GC(36) User=0.13s Sys=0.00s Real=0.01s
[209.501s][info][gc           ] GC(36) Concurrent Sweep
[209.598s][info][gc           ] GC(36) Concurrent Sweep 96.210ms
[209.598s][info][gc,cpu       ] GC(36) User=0.19s Sys=0.00s Real=0.10s
[209.598s][info][gc           ] GC(36) Concurrent Reset
[209.598s][info][gc           ] GC(36) Concurrent Reset 0.282ms
[209.598s][info][gc,cpu       ] GC(36) User=0.00s Sys=0.00s Real=0.00s
[209.598s][info][gc,heap      ] GC(36) Old: 332256K->332256K(349568K)
[211.600s][info][gc,start     ] GC(37) Pause Initial Mark
[211.605s][info][gc           ] GC(37) Pause Initial Mark 365M->365M(494M) 5.374ms
[211.605s][info][gc,cpu       ] GC(37) User=0.00s Sys=0.00s Real=0.01s
[211.605s][info][gc           ] GC(37) Concurrent Mark
[211.605s][info][gc,task      ] GC(37) Using 2 workers of 2 for marking
[211.856s][info][gc           ] GC(37) Concurrent Mark 250.733ms
[211.856s][info][gc,cpu       ] GC(37) User=0.80s Sys=0.00s Real=0.25s
[211.856s][info][gc           ] GC(37) Concurrent Preclean
[211.856s][info][gc           ] GC(37) Concurrent Preclean 0.450ms
[211.856s][info][gc,cpu       ] GC(37) User=0.00s Sys=0.00s Real=0.00s
[211.856s][info][gc           ] GC(37) Concurrent Abortable Preclean
[211.856s][info][gc           ] GC(37) Concurrent Abortable Preclean 0.018ms
[211.856s][info][gc,cpu       ] GC(37) User=0.00s Sys=0.00s Real=0.00s
[211.861s][info][gc,start     ] GC(37) Pause Remark
[211.869s][info][gc           ] GC(37) Pause Remark 365M->365M(494M) 7.791ms
[211.869s][info][gc,cpu       ] GC(37) User=0.00s Sys=0.00s Real=0.01s
[211.869s][info][gc           ] GC(37) Concurrent Sweep
[211.980s][info][gc           ] GC(37) Concurrent Sweep 111.236ms
[211.980s][info][gc,cpu       ] GC(37) User=0.22s Sys=0.00s Real=0.11s
[211.980s][info][gc           ] GC(37) Concurrent Reset
[211.981s][info][gc           ] GC(37) Concurrent Reset 0.300ms
[211.981s][info][gc,cpu       ] GC(37) User=0.05s Sys=0.00s Real=0.00s
[211.981s][info][gc,heap      ] GC(37) Old: 332256K->332256K(349568K)
[213.987s][info][gc,start     ] GC(38) Pause Initial Mark
[213.993s][info][gc           ] GC(38) Pause Initial Mark 365M->365M(494M) 5.334ms
[213.993s][info][gc,cpu       ] GC(38) User=0.00s Sys=0.00s Real=0.00s
[213.993s][info][gc           ] GC(38) Concurrent Mark
[213.993s][info][gc,task      ] GC(38) Using 2 workers of 2 for marking
[214.242s][info][gc           ] GC(38) Concurrent Mark 249.648ms
[214.242s][info][gc,cpu       ] GC(38) User=0.75s Sys=0.00s Real=0.25s
[214.242s][info][gc           ] GC(38) Concurrent Preclean
[214.243s][info][gc           ] GC(38) Concurrent Preclean 0.777ms
[214.243s][info][gc,cpu       ] GC(38) User=0.00s Sys=0.00s Real=0.00s
[214.243s][info][gc           ] GC(38) Concurrent Abortable Preclean
[214.243s][info][gc           ] GC(38) Concurrent Abortable Preclean 0.025ms
[214.243s][info][gc,cpu       ] GC(38) User=0.00s Sys=0.00s Real=0.00s
[214.251s][info][gc,start     ] GC(38) Pause Remark
[214.258s][info][gc           ] GC(38) Pause Remark 365M->365M(494M) 7.809ms
[214.258s][info][gc,cpu       ] GC(38) User=0.00s Sys=0.00s Real=0.01s
[214.259s][info][gc           ] GC(38) Concurrent Sweep
[214.354s][info][gc           ] GC(38) Concurrent Sweep 95.010ms
[214.354s][info][gc,cpu       ] GC(38) User=0.19s Sys=0.00s Real=0.10s
[214.354s][info][gc           ] GC(38) Concurrent Reset
[214.354s][info][gc           ] GC(38) Concurrent Reset 0.267ms
[214.354s][info][gc,cpu       ] GC(38) User=0.00s Sys=0.00s Real=0.00s
[214.354s][info][gc,heap      ] GC(38) Old: 332256K->332256K(349568K)
[216.370s][info][gc,start     ] GC(39) Pause Initial Mark
[216.376s][info][gc           ] GC(39) Pause Initial Mark 365M->365M(494M) 5.565ms
[216.376s][info][gc,cpu       ] GC(39) User=0.13s Sys=0.00s Real=0.01s
[216.376s][info][gc           ] GC(39) Concurrent Mark
[216.376s][info][gc,task      ] GC(39) Using 2 workers of 2 for marking
[216.654s][info][gc           ] GC(39) Concurrent Mark 278.675ms
[216.654s][info][gc,cpu       ] GC(39) User=0.84s Sys=0.00s Real=0.28s
[216.654s][info][gc           ] GC(39) Concurrent Preclean
[216.655s][info][gc           ] GC(39) Concurrent Preclean 0.466ms
[216.655s][info][gc,cpu       ] GC(39) User=0.00s Sys=0.00s Real=0.00s
[216.655s][info][gc           ] GC(39) Concurrent Abortable Preclean
[216.655s][info][gc           ] GC(39) Concurrent Abortable Preclean 0.019ms
[216.655s][info][gc,cpu       ] GC(39) User=0.00s Sys=0.00s Real=0.00s
[216.662s][info][gc,start     ] GC(39) Pause Remark
[216.670s][info][gc           ] GC(39) Pause Remark 365M->365M(494M) 8.009ms
[216.670s][info][gc,cpu       ] GC(39) User=0.13s Sys=0.00s Real=0.01s
[216.670s][info][gc           ] GC(39) Concurrent Sweep
[216.764s][info][gc           ] GC(39) Concurrent Sweep 93.759ms
[216.764s][info][gc,cpu       ] GC(39) User=0.19s Sys=0.00s Real=0.09s
[216.764s][info][gc           ] GC(39) Concurrent Reset
[216.764s][info][gc           ] GC(39) Concurrent Reset 0.250ms
[216.764s][info][gc,cpu       ] GC(39) User=0.00s Sys=0.00s Real=0.00s
[216.764s][info][gc,heap      ] GC(39) Old: 332256K->332256K(349568K)
[218.766s][info][gc,start     ] GC(40) Pause Initial Mark
[218.773s][info][gc           ] GC(40) Pause Initial Mark 365M->365M(494M) 6.292ms
[218.773s][info][gc,cpu       ] GC(40) User=0.00s Sys=0.00s Real=0.01s
[218.773s][info][gc           ] GC(40) Concurrent Mark
[218.773s][info][gc,task      ] GC(40) Using 2 workers of 2 for marking
[219.094s][info][gc           ] GC(40) Concurrent Mark 321.328ms
[219.094s][info][gc,cpu       ] GC(40) User=0.98s Sys=0.00s Real=0.32s
[219.094s][info][gc           ] GC(40) Concurrent Preclean
[219.095s][info][gc           ] GC(40) Concurrent Preclean 0.791ms
[219.095s][info][gc,cpu       ] GC(40) User=0.00s Sys=0.00s Real=0.00s
[219.095s][info][gc           ] GC(40) Concurrent Abortable Preclean
[219.095s][info][gc           ] GC(40) Concurrent Abortable Preclean 0.026ms
[219.095s][info][gc,cpu       ] GC(40) User=0.00s Sys=0.00s Real=0.00s
[219.118s][info][gc,start     ] GC(40) Pause Remark
[219.132s][info][gc           ] GC(40) Pause Remark 365M->365M(494M) 14.591ms
[219.132s][info][gc,cpu       ] GC(40) User=0.06s Sys=0.00s Real=0.02s
[219.137s][info][gc           ] GC(40) Concurrent Sweep
[219.271s][info][gc           ] GC(40) Concurrent Sweep 134.296ms
[219.271s][info][gc,cpu       ] GC(40) User=0.25s Sys=0.00s Real=0.13s
[219.271s][info][gc           ] GC(40) Concurrent Reset
[219.272s][info][gc           ] GC(40) Concurrent Reset 0.648ms
[219.272s][info][gc,cpu       ] GC(40) User=0.00s Sys=0.00s Real=0.00s
[219.272s][info][gc,heap      ] GC(40) Old: 332256K->332256K(349568K)
[221.280s][info][gc,start     ] GC(41) Pause Initial Mark
[221.286s][info][gc           ] GC(41) Pause Initial Mark 365M->365M(494M) 5.179ms
[221.286s][info][gc,cpu       ] GC(41) User=0.00s Sys=0.00s Real=0.01s
[221.286s][info][gc           ] GC(41) Concurrent Mark
[221.286s][info][gc,task      ] GC(41) Using 2 workers of 2 for marking
[221.546s][info][gc           ] GC(41) Concurrent Mark 260.320ms
[221.546s][info][gc,cpu       ] GC(41) User=0.80s Sys=0.00s Real=0.26s
[221.546s][info][gc           ] GC(41) Concurrent Preclean
[221.546s][info][gc           ] GC(41) Concurrent Preclean 0.470ms
[221.546s][info][gc,cpu       ] GC(41) User=0.00s Sys=0.00s Real=0.00s
[221.546s][info][gc           ] GC(41) Concurrent Abortable Preclean
[221.547s][info][gc           ] GC(41) Concurrent Abortable Preclean 0.019ms
[221.547s][info][gc,cpu       ] GC(41) User=0.00s Sys=0.00s Real=0.00s
[221.554s][info][gc,start     ] GC(41) Pause Remark
[221.562s][info][gc           ] GC(41) Pause Remark 365M->365M(494M) 8.181ms
[221.562s][info][gc,cpu       ] GC(41) User=0.11s Sys=0.00s Real=0.01s
[221.562s][info][gc           ] GC(41) Concurrent Sweep
[221.656s][info][gc           ] GC(41) Concurrent Sweep 94.057ms
[221.656s][info][gc,cpu       ] GC(41) User=0.19s Sys=0.00s Real=0.09s
[221.656s][info][gc           ] GC(41) Concurrent Reset
[221.656s][info][gc           ] GC(41) Concurrent Reset 0.273ms
[221.656s][info][gc,cpu       ] GC(41) User=0.00s Sys=0.00s Real=0.00s
[221.656s][info][gc,heap      ] GC(41) Old: 332256K->332256K(349568K)
[223.661s][info][gc,start     ] GC(42) Pause Initial Mark
[223.666s][info][gc           ] GC(42) Pause Initial Mark 365M->365M(494M) 5.369ms
[223.666s][info][gc,cpu       ] GC(42) User=0.00s Sys=0.00s Real=0.00s
[223.666s][info][gc           ] GC(42) Concurrent Mark
[223.666s][info][gc,task      ] GC(42) Using 2 workers of 2 for marking
[223.919s][info][gc           ] GC(42) Concurrent Mark 252.434ms
[223.919s][info][gc,cpu       ] GC(42) User=0.80s Sys=0.00s Real=0.25s
[223.919s][info][gc           ] GC(42) Concurrent Preclean
[223.919s][info][gc           ] GC(42) Concurrent Preclean 0.486ms
[223.919s][info][gc,cpu       ] GC(42) User=0.00s Sys=0.00s Real=0.00s
[223.919s][info][gc           ] GC(42) Concurrent Abortable Preclean
[223.919s][info][gc           ] GC(42) Concurrent Abortable Preclean 0.019ms
[223.919s][info][gc,cpu       ] GC(42) User=0.00s Sys=0.00s Real=0.00s
[223.924s][info][gc,start     ] GC(42) Pause Remark
[223.932s][info][gc           ] GC(42) Pause Remark 365M->365M(494M) 7.780ms
[223.932s][info][gc,cpu       ] GC(42) User=0.00s Sys=0.00s Real=0.01s
[223.932s][info][gc           ] GC(42) Concurrent Sweep
[224.027s][info][gc           ] GC(42) Concurrent Sweep 95.361ms
[224.028s][info][gc,cpu       ] GC(42) User=0.22s Sys=0.00s Real=0.09s
[224.028s][info][gc           ] GC(42) Concurrent Reset
[224.028s][info][gc           ] GC(42) Concurrent Reset 0.277ms
[224.028s][info][gc,cpu       ] GC(42) User=0.00s Sys=0.00s Real=0.00s
[224.028s][info][gc,heap      ] GC(42) Old: 332256K->332256K(349568K)
[226.034s][info][gc,start     ] GC(43) Pause Initial Mark
[226.039s][info][gc           ] GC(43) Pause Initial Mark 365M->365M(494M) 5.061ms
[226.039s][info][gc,cpu       ] GC(43) User=0.00s Sys=0.00s Real=0.00s
[226.039s][info][gc           ] GC(43) Concurrent Mark
[226.039s][info][gc,task      ] GC(43) Using 2 workers of 2 for marking
[226.293s][info][gc           ] GC(43) Concurrent Mark 254.229ms
[226.293s][info][gc,cpu       ] GC(43) User=0.80s Sys=0.00s Real=0.25s
[226.293s][info][gc           ] GC(43) Concurrent Preclean
[226.293s][info][gc           ] GC(43) Concurrent Preclean 0.458ms
[226.294s][info][gc,cpu       ] GC(43) User=0.00s Sys=0.00s Real=0.00s
[226.294s][info][gc           ] GC(43) Concurrent Abortable Preclean
[226.294s][info][gc           ] GC(43) Concurrent Abortable Preclean 0.019ms
[226.294s][info][gc,cpu       ] GC(43) User=0.00s Sys=0.00s Real=0.00s
[226.298s][info][gc,start     ] GC(43) Pause Remark
[226.306s][info][gc           ] GC(43) Pause Remark 365M->365M(494M) 7.897ms
[226.306s][info][gc,cpu       ] GC(43) User=0.00s Sys=0.00s Real=0.01s
[226.306s][info][gc           ] GC(43) Concurrent Sweep
[226.400s][info][gc           ] GC(43) Concurrent Sweep 93.952ms
[226.400s][info][gc,cpu       ] GC(43) User=0.19s Sys=0.00s Real=0.09s
[226.400s][info][gc           ] GC(43) Concurrent Reset
[226.400s][info][gc           ] GC(43) Concurrent Reset 0.262ms
[226.400s][info][gc,cpu       ] GC(43) User=0.00s Sys=0.00s Real=0.00s
[226.400s][info][gc,heap      ] GC(43) Old: 332256K->332256K(349568K)
[228.405s][info][gc,start     ] GC(44) Pause Initial Mark
[228.411s][info][gc           ] GC(44) Pause Initial Mark 365M->365M(494M) 5.647ms
[228.411s][info][gc,cpu       ] GC(44) User=0.00s Sys=0.00s Real=0.01s
[228.411s][info][gc           ] GC(44) Concurrent Mark
[228.411s][info][gc,task      ] GC(44) Using 2 workers of 2 for marking
[228.672s][info][gc           ] GC(44) Concurrent Mark 261.253ms
[228.672s][info][gc,cpu       ] GC(44) User=0.80s Sys=0.00s Real=0.26s
[228.672s][info][gc           ] GC(44) Concurrent Preclean
[228.673s][info][gc           ] GC(44) Concurrent Preclean 0.491ms
[228.673s][info][gc,cpu       ] GC(44) User=0.00s Sys=0.00s Real=0.00s
[228.673s][info][gc           ] GC(44) Concurrent Abortable Preclean
[228.673s][info][gc           ] GC(44) Concurrent Abortable Preclean 0.019ms
[228.673s][info][gc,cpu       ] GC(44) User=0.00s Sys=0.00s Real=0.00s
[228.677s][info][gc,start     ] GC(44) Pause Remark
[228.685s][info][gc           ] GC(44) Pause Remark 365M->365M(494M) 7.820ms
[228.685s][info][gc,cpu       ] GC(44) User=0.13s Sys=0.00s Real=0.01s
[228.685s][info][gc           ] GC(44) Concurrent Sweep
[228.779s][info][gc           ] GC(44) Concurrent Sweep 94.034ms
[228.780s][info][gc,cpu       ] GC(44) User=0.19s Sys=0.00s Real=0.09s
[228.780s][info][gc           ] GC(44) Concurrent Reset
[228.780s][info][gc           ] GC(44) Concurrent Reset 0.265ms
[228.780s][info][gc,cpu       ] GC(44) User=0.00s Sys=0.00s Real=0.00s
[228.780s][info][gc,heap      ] GC(44) Old: 332256K->332256K(349568K)
[230.785s][info][gc,start     ] GC(45) Pause Initial Mark
[230.790s][info][gc           ] GC(45) Pause Initial Mark 365M->365M(494M) 5.395ms
[230.790s][info][gc,cpu       ] GC(45) User=0.00s Sys=0.00s Real=0.01s
[230.790s][info][gc           ] GC(45) Concurrent Mark
[230.790s][info][gc,task      ] GC(45) Using 2 workers of 2 for marking
[231.035s][info][gc           ] GC(45) Concurrent Mark 244.383ms
[231.035s][info][gc,cpu       ] GC(45) User=0.75s Sys=0.00s Real=0.24s
[231.035s][info][gc           ] GC(45) Concurrent Preclean
[231.035s][info][gc           ] GC(45) Concurrent Preclean 0.441ms
[231.035s][info][gc,cpu       ] GC(45) User=0.00s Sys=0.00s Real=0.00s
[231.035s][info][gc           ] GC(45) Concurrent Abortable Preclean
[231.035s][info][gc           ] GC(45) Concurrent Abortable Preclean 0.018ms
[231.035s][info][gc,cpu       ] GC(45) User=0.00s Sys=0.00s Real=0.00s
[231.046s][info][gc,start     ] GC(45) Pause Remark
[231.054s][info][gc           ] GC(45) Pause Remark 365M->365M(494M) 8.205ms
[231.054s][info][gc,cpu       ] GC(45) User=0.00s Sys=0.00s Real=0.01s
[231.054s][info][gc           ] GC(45) Concurrent Sweep
[231.167s][info][gc           ] GC(45) Concurrent Sweep 112.526ms
[231.167s][info][gc,cpu       ] GC(45) User=0.23s Sys=0.00s Real=0.11s
[231.167s][info][gc           ] GC(45) Concurrent Reset
[231.167s][info][gc           ] GC(45) Concurrent Reset 0.313ms
[231.167s][info][gc,cpu       ] GC(45) User=0.00s Sys=0.00s Real=0.00s
[231.167s][info][gc,heap      ] GC(45) Old: 332256K->332256K(349568K)
[233.170s][info][gc,start     ] GC(46) Pause Initial Mark
[233.176s][info][gc           ] GC(46) Pause Initial Mark 365M->365M(494M) 5.997ms
[233.176s][info][gc,cpu       ] GC(46) User=0.00s Sys=0.00s Real=0.01s
[233.177s][info][gc           ] GC(46) Concurrent Mark
[233.177s][info][gc,task      ] GC(46) Using 2 workers of 2 for marking
[233.431s][info][gc           ] GC(46) Concurrent Mark 254.241ms
[233.431s][info][gc,cpu       ] GC(46) User=0.75s Sys=0.00s Real=0.25s
[233.431s][info][gc           ] GC(46) Concurrent Preclean
[233.431s][info][gc           ] GC(46) Concurrent Preclean 0.484ms
[233.431s][info][gc,cpu       ] GC(46) User=0.00s Sys=0.00s Real=0.00s
[233.431s][info][gc           ] GC(46) Concurrent Abortable Preclean
[233.431s][info][gc           ] GC(46) Concurrent Abortable Preclean 0.019ms
[233.431s][info][gc,cpu       ] GC(46) User=0.00s Sys=0.00s Real=0.00s
[233.439s][info][gc,start     ] GC(46) Pause Remark
[233.447s][info][gc           ] GC(46) Pause Remark 365M->365M(494M) 8.121ms
[233.447s][info][gc,cpu       ] GC(46) User=0.00s Sys=0.00s Real=0.01s
[233.447s][info][gc           ] GC(46) Concurrent Sweep
[233.545s][info][gc           ] GC(46) Concurrent Sweep 98.377ms
[233.545s][info][gc,cpu       ] GC(46) User=0.22s Sys=0.00s Real=0.10s
[233.545s][info][gc           ] GC(46) Concurrent Reset
[233.546s][info][gc           ] GC(46) Concurrent Reset 0.265ms
[233.546s][info][gc,cpu       ] GC(46) User=0.00s Sys=0.00s Real=0.00s
[233.546s][info][gc,heap      ] GC(46) Old: 332256K->332256K(349568K)
[235.546s][info][gc,start     ] GC(47) Pause Initial Mark
[235.552s][info][gc           ] GC(47) Pause Initial Mark 366M->366M(494M) 6.382ms
[235.553s][info][gc,cpu       ] GC(47) User=0.00s Sys=0.00s Real=0.01s
[235.553s][info][gc           ] GC(47) Concurrent Mark
[235.553s][info][gc,task      ] GC(47) Using 2 workers of 2 for marking
[235.807s][info][gc           ] GC(47) Concurrent Mark 254.016ms
[235.807s][info][gc,cpu       ] GC(47) User=0.75s Sys=0.00s Real=0.25s
[235.807s][info][gc           ] GC(47) Concurrent Preclean
[235.807s][info][gc           ] GC(47) Concurrent Preclean 0.546ms
[235.807s][info][gc,cpu       ] GC(47) User=0.00s Sys=0.00s Real=0.00s
[235.807s][info][gc           ] GC(47) Concurrent Abortable Preclean
[235.807s][info][gc           ] GC(47) Concurrent Abortable Preclean 0.020ms
[235.807s][info][gc,cpu       ] GC(47) User=0.00s Sys=0.00s Real=0.00s
[235.810s][info][gc,start     ] GC(47) Pause Remark
[235.818s][info][gc           ] GC(47) Pause Remark 366M->366M(494M) 8.160ms
[235.818s][info][gc,cpu       ] GC(47) User=0.00s Sys=0.00s Real=0.01s
[235.818s][info][gc           ] GC(47) Concurrent Sweep
[235.938s][info][gc           ] GC(47) Concurrent Sweep 119.482ms
[235.938s][info][gc,cpu       ] GC(47) User=0.25s Sys=0.00s Real=0.12s
[235.938s][info][gc           ] GC(47) Concurrent Reset
[235.938s][info][gc           ] GC(47) Concurrent Reset 0.349ms
[235.938s][info][gc,cpu       ] GC(47) User=0.00s Sys=0.00s Real=0.00s
[235.938s][info][gc,heap      ] GC(47) Old: 332256K->332256K(349568K)
[237.945s][info][gc,start     ] GC(48) Pause Initial Mark
[237.952s][info][gc           ] GC(48) Pause Initial Mark 369M->369M(494M) 6.271ms
[237.952s][info][gc,cpu       ] GC(48) User=0.13s Sys=0.00s Real=0.01s
[237.952s][info][gc           ] GC(48) Concurrent Mark
[237.952s][info][gc,task      ] GC(48) Using 2 workers of 2 for marking
[238.197s][info][gc           ] GC(48) Concurrent Mark 245.546ms
[238.197s][info][gc,cpu       ] GC(48) User=0.70s Sys=0.00s Real=0.24s
[238.197s][info][gc           ] GC(48) Concurrent Preclean
[238.198s][info][gc           ] GC(48) Concurrent Preclean 0.456ms
[238.198s][info][gc,cpu       ] GC(48) User=0.00s Sys=0.00s Real=0.00s
[238.198s][info][gc           ] GC(48) Concurrent Abortable Preclean
[238.198s][info][gc           ] GC(48) Concurrent Abortable Preclean 0.025ms
[238.198s][info][gc,cpu       ] GC(48) User=0.00s Sys=0.00s Real=0.00s
[238.201s][info][gc,start     ] GC(48) Pause Remark
[238.209s][info][gc           ] GC(48) Pause Remark 369M->369M(494M) 8.228ms
[238.209s][info][gc,cpu       ] GC(48) User=0.00s Sys=0.00s Real=0.01s
[238.209s][info][gc           ] GC(48) Concurrent Sweep
[238.319s][info][gc           ] GC(48) Concurrent Sweep 110.488ms
[238.320s][info][gc,cpu       ] GC(48) User=0.22s Sys=0.00s Real=0.11s
[238.320s][info][gc           ] GC(48) Concurrent Reset
[238.320s][info][gc           ] GC(48) Concurrent Reset 0.367ms
[238.320s][info][gc,cpu       ] GC(48) User=0.00s Sys=0.00s Real=0.00s
[238.320s][info][gc,heap      ] GC(48) Old: 332256K->332256K(349568K)
[240.328s][info][gc,start     ] GC(49) Pause Initial Mark
[240.333s][info][gc           ] GC(49) Pause Initial Mark 369M->369M(494M) 5.057ms
[240.333s][info][gc,cpu       ] GC(49) User=0.00s Sys=0.00s Real=0.01s
[240.333s][info][gc           ] GC(49) Concurrent Mark
[240.333s][info][gc,task      ] GC(49) Using 2 workers of 2 for marking
[240.574s][info][gc           ] GC(49) Concurrent Mark 240.867ms
[240.574s][info][gc,cpu       ] GC(49) User=0.70s Sys=0.00s Real=0.24s
[240.574s][info][gc           ] GC(49) Concurrent Preclean
[240.575s][info][gc           ] GC(49) Concurrent Preclean 0.470ms
[240.575s][info][gc,cpu       ] GC(49) User=0.03s Sys=0.00s Real=0.00s
[240.575s][info][gc           ] GC(49) Concurrent Abortable Preclean
[240.575s][info][gc           ] GC(49) Concurrent Abortable Preclean 0.019ms
[240.575s][info][gc,cpu       ] GC(49) User=0.00s Sys=0.00s Real=0.00s
[240.583s][info][gc,start     ] GC(49) Pause Remark
[240.591s][info][gc           ] GC(49) Pause Remark 369M->369M(494M) 8.236ms
[240.592s][info][gc,cpu       ] GC(49) User=0.13s Sys=0.00s Real=0.01s
[240.592s][info][gc           ] GC(49) Concurrent Sweep
[240.690s][info][gc           ] GC(49) Concurrent Sweep 98.582ms
[240.690s][info][gc,cpu       ] GC(49) User=0.19s Sys=0.00s Real=0.10s
[240.690s][info][gc           ] GC(49) Concurrent Reset
[240.691s][info][gc           ] GC(49) Concurrent Reset 0.268ms
[240.691s][info][gc,cpu       ] GC(49) User=0.00s Sys=0.00s Real=0.00s
[240.691s][info][gc,heap      ] GC(49) Old: 332256K->332256K(349568K)
[242.696s][info][gc,start     ] GC(50) Pause Initial Mark
[242.701s][info][gc           ] GC(50) Pause Initial Mark 369M->369M(494M) 5.469ms
[242.701s][info][gc,cpu       ] GC(50) User=0.13s Sys=0.00s Real=0.01s
[242.701s][info][gc           ] GC(50) Concurrent Mark
[242.701s][info][gc,task      ] GC(50) Using 2 workers of 2 for marking
[242.952s][info][gc           ] GC(50) Concurrent Mark 250.979ms
[242.952s][info][gc,cpu       ] GC(50) User=0.75s Sys=0.00s Real=0.25s
[242.952s][info][gc           ] GC(50) Concurrent Preclean
[242.953s][info][gc           ] GC(50) Concurrent Preclean 0.454ms
[242.953s][info][gc,cpu       ] GC(50) User=0.00s Sys=0.00s Real=0.00s
[242.953s][info][gc           ] GC(50) Concurrent Abortable Preclean
[242.953s][info][gc           ] GC(50) Concurrent Abortable Preclean 0.019ms
[242.953s][info][gc,cpu       ] GC(50) User=0.00s Sys=0.00s Real=0.00s
[242.958s][info][gc,start     ] GC(50) Pause Remark
[242.966s][info][gc           ] GC(50) Pause Remark 369M->369M(494M) 7.998ms
[242.966s][info][gc,cpu       ] GC(50) User=0.02s Sys=0.00s Real=0.01s
[242.966s][info][gc           ] GC(50) Concurrent Sweep
[243.061s][info][gc           ] GC(50) Concurrent Sweep 94.841ms
[243.061s][info][gc,cpu       ] GC(50) User=0.19s Sys=0.02s Real=0.10s
[243.061s][info][gc           ] GC(50) Concurrent Reset
[243.061s][info][gc           ] GC(50) Concurrent Reset 0.360ms
[243.061s][info][gc,cpu       ] GC(50) User=0.00s Sys=0.00s Real=0.00s
[243.061s][info][gc,heap      ] GC(50) Old: 332256K->332256K(349568K)
[245.064s][info][gc,start     ] GC(51) Pause Initial Mark
[245.070s][info][gc           ] GC(51) Pause Initial Mark 369M->369M(494M) 6.153ms
[245.071s][info][gc,cpu       ] GC(51) User=0.00s Sys=0.00s Real=0.01s
[245.071s][info][gc           ] GC(51) Concurrent Mark
[245.071s][info][gc,task      ] GC(51) Using 2 workers of 2 for marking
[245.316s][info][gc           ] GC(51) Concurrent Mark 245.776ms
[245.316s][info][gc,cpu       ] GC(51) User=0.73s Sys=0.00s Real=0.25s
[245.316s][info][gc           ] GC(51) Concurrent Preclean
[245.317s][info][gc           ] GC(51) Concurrent Preclean 0.480ms
[245.317s][info][gc,cpu       ] GC(51) User=0.00s Sys=0.00s Real=0.00s
[245.317s][info][gc           ] GC(51) Concurrent Abortable Preclean
[245.317s][info][gc           ] GC(51) Concurrent Abortable Preclean 0.019ms
[245.317s][info][gc,cpu       ] GC(51) User=0.00s Sys=0.00s Real=0.00s
[245.325s][info][gc,start     ] GC(51) Pause Remark
[245.333s][info][gc           ] GC(51) Pause Remark 369M->369M(494M) 8.148ms
[245.333s][info][gc,cpu       ] GC(51) User=0.00s Sys=0.00s Real=0.01s
[245.333s][info][gc           ] GC(51) Concurrent Sweep
[245.433s][info][gc           ] GC(51) Concurrent Sweep 100.397ms
[245.433s][info][gc,cpu       ] GC(51) User=0.22s Sys=0.00s Real=0.10s
[245.433s][info][gc           ] GC(51) Concurrent Reset
[245.434s][info][gc           ] GC(51) Concurrent Reset 0.270ms
[245.434s][info][gc,cpu       ] GC(51) User=0.00s Sys=0.00s Real=0.00s
[245.434s][info][gc,heap      ] GC(51) Old: 332256K->332256K(349568K)
[247.436s][info][gc,start     ] GC(52) Pause Initial Mark
[247.442s][info][gc           ] GC(52) Pause Initial Mark 369M->369M(494M) 5.952ms
[247.442s][info][gc,cpu       ] GC(52) User=0.00s Sys=0.00s Real=0.01s
[247.442s][info][gc           ] GC(52) Concurrent Mark
[247.442s][info][gc,task      ] GC(52) Using 2 workers of 2 for marking
[247.693s][info][gc           ] GC(52) Concurrent Mark 251.369ms
[247.693s][info][gc,cpu       ] GC(52) User=0.75s Sys=0.00s Real=0.25s
[247.693s][info][gc           ] GC(52) Concurrent Preclean
[247.694s][info][gc           ] GC(52) Concurrent Preclean 0.477ms
[247.694s][info][gc,cpu       ] GC(52) User=0.00s Sys=0.00s Real=0.00s
[247.694s][info][gc           ] GC(52) Concurrent Abortable Preclean
[247.694s][info][gc           ] GC(52) Concurrent Abortable Preclean 0.019ms
[247.694s][info][gc,cpu       ] GC(52) User=0.00s Sys=0.00s Real=0.00s
[247.698s][info][gc,start     ] GC(52) Pause Remark
[247.707s][info][gc           ] GC(52) Pause Remark 369M->369M(494M) 8.687ms
[247.707s][info][gc,cpu       ] GC(52) User=0.13s Sys=0.00s Real=0.01s
[247.707s][info][gc           ] GC(52) Concurrent Sweep
[247.809s][info][gc           ] GC(52) Concurrent Sweep 102.131ms
[247.809s][info][gc,cpu       ] GC(52) User=0.22s Sys=0.00s Real=0.10s
[247.809s][info][gc           ] GC(52) Concurrent Reset
[247.810s][info][gc           ] GC(52) Concurrent Reset 0.261ms
[247.810s][info][gc,cpu       ] GC(52) User=0.00s Sys=0.00s Real=0.00s
[247.810s][info][gc,heap      ] GC(52) Old: 332256K->332256K(349568K)
[249.812s][info][gc,start     ] GC(53) Pause Initial Mark
[249.818s][info][gc           ] GC(53) Pause Initial Mark 369M->369M(494M) 6.121ms
[249.818s][info][gc,cpu       ] GC(53) User=0.00s Sys=0.00s Real=0.01s
[249.818s][info][gc           ] GC(53) Concurrent Mark
[249.818s][info][gc,task      ] GC(53) Using 2 workers of 2 for marking
[250.078s][info][gc           ] GC(53) Concurrent Mark 259.607ms
[250.078s][info][gc,cpu       ] GC(53) User=0.80s Sys=0.00s Real=0.26s
[250.078s][info][gc           ] GC(53) Concurrent Preclean
[250.078s][info][gc           ] GC(53) Concurrent Preclean 0.509ms
[250.078s][info][gc,cpu       ] GC(53) User=0.00s Sys=0.00s Real=0.00s
[250.078s][info][gc           ] GC(53) Concurrent Abortable Preclean
[250.078s][info][gc           ] GC(53) Concurrent Abortable Preclean 0.019ms
[250.078s][info][gc,cpu       ] GC(53) User=0.00s Sys=0.00s Real=0.00s
[250.083s][info][gc,start     ] GC(53) Pause Remark
[250.091s][info][gc           ] GC(53) Pause Remark 369M->369M(494M) 8.377ms
[250.091s][info][gc,cpu       ] GC(53) User=0.02s Sys=0.00s Real=0.01s
[250.091s][info][gc           ] GC(53) Concurrent Sweep
[250.202s][info][gc           ] GC(53) Concurrent Sweep 110.734ms
[250.202s][info][gc,cpu       ] GC(53) User=0.20s Sys=0.00s Real=0.11s
[250.202s][info][gc           ] GC(53) Concurrent Reset
[250.202s][info][gc           ] GC(53) Concurrent Reset 0.331ms
[250.203s][info][gc,cpu       ] GC(53) User=0.00s Sys=0.00s Real=0.00s
[250.203s][info][gc,heap      ] GC(53) Old: 332256K->332256K(349568K)
[252.202s][info][gc,start     ] GC(54) Pause Initial Mark
[252.209s][info][gc           ] GC(54) Pause Initial Mark 369M->369M(494M) 6.616ms
[252.209s][info][gc,cpu       ] GC(54) User=0.00s Sys=0.00s Real=0.01s
[252.209s][info][gc           ] GC(54) Concurrent Mark
[252.209s][info][gc,task      ] GC(54) Using 2 workers of 2 for marking
[252.454s][info][gc           ] GC(54) Concurrent Mark 244.735ms
[252.454s][info][gc,cpu       ] GC(54) User=0.75s Sys=0.00s Real=0.25s
[252.454s][info][gc           ] GC(54) Concurrent Preclean
[252.454s][info][gc           ] GC(54) Concurrent Preclean 0.535ms
[252.454s][info][gc,cpu       ] GC(54) User=0.00s Sys=0.00s Real=0.00s
[252.454s][info][gc           ] GC(54) Concurrent Abortable Preclean
[252.454s][info][gc           ] GC(54) Concurrent Abortable Preclean 0.020ms
[252.454s][info][gc,cpu       ] GC(54) User=0.00s Sys=0.00s Real=0.00s
[252.459s][info][gc,start     ] GC(54) Pause Remark
[252.468s][info][gc           ] GC(54) Pause Remark 369M->369M(494M) 8.217ms
[252.468s][info][gc,cpu       ] GC(54) User=0.11s Sys=0.00s Real=0.01s
[252.468s][info][gc           ] GC(54) Concurrent Sweep
[252.564s][info][gc           ] GC(54) Concurrent Sweep 96.279ms
[252.564s][info][gc,cpu       ] GC(54) User=0.19s Sys=0.00s Real=0.10s
[252.564s][info][gc           ] GC(54) Concurrent Reset
[252.564s][info][gc           ] GC(54) Concurrent Reset 0.303ms
[252.565s][info][gc,cpu       ] GC(54) User=0.00s Sys=0.00s Real=0.00s
[252.565s][info][gc,heap      ] GC(54) Old: 332256K->332256K(349568K)
[254.572s][info][gc,start     ] GC(55) Pause Initial Mark
[254.578s][info][gc           ] GC(55) Pause Initial Mark 369M->369M(494M) 6.610ms
[254.578s][info][gc,cpu       ] GC(55) User=0.13s Sys=0.00s Real=0.01s
[254.579s][info][gc           ] GC(55) Concurrent Mark
[254.579s][info][gc,task      ] GC(55) Using 2 workers of 2 for marking
[254.835s][info][gc           ] GC(55) Concurrent Mark 256.667ms
[254.835s][info][gc,cpu       ] GC(55) User=0.75s Sys=0.00s Real=0.26s
[254.835s][info][gc           ] GC(55) Concurrent Preclean
[254.836s][info][gc           ] GC(55) Concurrent Preclean 0.463ms
[254.836s][info][gc,cpu       ] GC(55) User=0.00s Sys=0.00s Real=0.00s
[254.836s][info][gc           ] GC(55) Concurrent Abortable Preclean
[254.836s][info][gc           ] GC(55) Concurrent Abortable Preclean 0.019ms
[254.836s][info][gc,cpu       ] GC(55) User=0.00s Sys=0.00s Real=0.00s
[254.845s][info][gc,start     ] GC(55) Pause Remark
[254.853s][info][gc           ] GC(55) Pause Remark 369M->369M(494M) 8.057ms
[254.853s][info][gc,cpu       ] GC(55) User=0.00s Sys=0.00s Real=0.01s
[254.853s][info][gc           ] GC(55) Concurrent Sweep
[254.955s][info][gc           ] GC(55) Concurrent Sweep 102.033ms
[254.955s][info][gc,cpu       ] GC(55) User=0.22s Sys=0.00s Real=0.10s
[254.955s][info][gc           ] GC(55) Concurrent Reset
[254.956s][info][gc           ] GC(55) Concurrent Reset 0.308ms
[254.956s][info][gc,cpu       ] GC(55) User=0.00s Sys=0.00s Real=0.00s
[254.956s][info][gc,heap      ] GC(55) Old: 332256K->332256K(349568K)
[256.962s][info][gc,start     ] GC(56) Pause Initial Mark
[256.969s][info][gc           ] GC(56) Pause Initial Mark 369M->369M(494M) 6.422ms
[256.969s][info][gc,cpu       ] GC(56) User=0.13s Sys=0.00s Real=0.01s
[256.969s][info][gc           ] GC(56) Concurrent Mark
[256.969s][info][gc,task      ] GC(56) Using 2 workers of 2 for marking
[257.223s][info][gc           ] GC(56) Concurrent Mark 254.547ms
[257.223s][info][gc,cpu       ] GC(56) User=0.75s Sys=0.00s Real=0.25s
[257.223s][info][gc           ] GC(56) Concurrent Preclean
[257.224s][info][gc           ] GC(56) Concurrent Preclean 0.484ms
[257.224s][info][gc,cpu       ] GC(56) User=0.00s Sys=0.00s Real=0.00s
[257.224s][info][gc           ] GC(56) Concurrent Abortable Preclean
[257.224s][info][gc           ] GC(56) Concurrent Abortable Preclean 0.019ms
[257.224s][info][gc,cpu       ] GC(56) User=0.00s Sys=0.00s Real=0.00s
[257.230s][info][gc,start     ] GC(56) Pause Remark
[257.241s][info][gc           ] GC(56) Pause Remark 369M->369M(494M) 10.187ms
[257.241s][info][gc,cpu       ] GC(56) User=0.00s Sys=0.00s Real=0.01s
[257.241s][info][gc           ] GC(56) Concurrent Sweep
[257.351s][info][gc           ] GC(56) Concurrent Sweep 110.400ms
[257.351s][info][gc,cpu       ] GC(56) User=0.22s Sys=0.00s Real=0.11s
[257.351s][info][gc           ] GC(56) Concurrent Reset
[257.352s][info][gc           ] GC(56) Concurrent Reset 0.391ms
[257.352s][info][gc,cpu       ] GC(56) User=0.00s Sys=0.00s Real=0.00s
[257.352s][info][gc,heap      ] GC(56) Old: 332256K->332256K(349568K)
[259.355s][info][gc,start     ] GC(57) Pause Initial Mark
[259.361s][info][gc           ] GC(57) Pause Initial Mark 369M->369M(494M) 6.288ms
[259.361s][info][gc,cpu       ] GC(57) User=0.13s Sys=0.00s Real=0.01s
[259.361s][info][gc           ] GC(57) Concurrent Mark
[259.361s][info][gc,task      ] GC(57) Using 2 workers of 2 for marking
[259.627s][info][gc           ] GC(57) Concurrent Mark 265.849ms
[259.627s][info][gc,cpu       ] GC(57) User=0.80s Sys=0.00s Real=0.27s
[259.627s][info][gc           ] GC(57) Concurrent Preclean
[259.628s][info][gc           ] GC(57) Concurrent Preclean 0.462ms
[259.628s][info][gc,cpu       ] GC(57) User=0.00s Sys=0.00s Real=0.00s
[259.628s][info][gc           ] GC(57) Concurrent Abortable Preclean
[259.628s][info][gc           ] GC(57) Concurrent Abortable Preclean 0.020ms
[259.628s][info][gc,cpu       ] GC(57) User=0.00s Sys=0.00s Real=0.00s
[259.634s][info][gc,start     ] GC(57) Pause Remark
[259.643s][info][gc           ] GC(57) Pause Remark 369M->369M(494M) 8.486ms
[259.643s][info][gc,cpu       ] GC(57) User=0.13s Sys=0.00s Real=0.01s
[259.643s][info][gc           ] GC(57) Concurrent Sweep
[259.738s][info][gc           ] GC(57) Concurrent Sweep 95.452ms
[259.738s][info][gc,cpu       ] GC(57) User=0.19s Sys=0.00s Real=0.10s
[259.738s][info][gc           ] GC(57) Concurrent Reset
[259.738s][info][gc           ] GC(57) Concurrent Reset 0.291ms
[259.739s][info][gc,cpu       ] GC(57) User=0.00s Sys=0.00s Real=0.00s
[259.739s][info][gc,heap      ] GC(57) Old: 332256K->332256K(349568K)
[261.744s][info][gc,start     ] GC(58) Pause Initial Mark
[261.751s][info][gc           ] GC(58) Pause Initial Mark 369M->369M(494M) 6.176ms
[261.751s][info][gc,cpu       ] GC(58) User=0.13s Sys=0.00s Real=0.01s
[261.751s][info][gc           ] GC(58) Concurrent Mark
[261.751s][info][gc,task      ] GC(58) Using 2 workers of 2 for marking
[261.997s][info][gc           ] GC(58) Concurrent Mark 246.571ms
[261.997s][info][gc,cpu       ] GC(58) User=0.75s Sys=0.00s Real=0.25s
[261.997s][info][gc           ] GC(58) Concurrent Preclean
[261.998s][info][gc           ] GC(58) Concurrent Preclean 0.458ms
[261.998s][info][gc,cpu       ] GC(58) User=0.00s Sys=0.00s Real=0.00s
[261.998s][info][gc           ] GC(58) Concurrent Abortable Preclean
[261.998s][info][gc           ] GC(58) Concurrent Abortable Preclean 0.019ms
[261.998s][info][gc,cpu       ] GC(58) User=0.00s Sys=0.00s Real=0.00s
[262.005s][info][gc,start     ] GC(58) Pause Remark
[262.013s][info][gc           ] GC(58) Pause Remark 369M->369M(494M) 8.435ms
[262.013s][info][gc,cpu       ] GC(58) User=0.13s Sys=0.00s Real=0.01s
[262.013s][info][gc           ] GC(58) Concurrent Sweep
[262.111s][info][gc           ] GC(58) Concurrent Sweep 97.373ms
[262.111s][info][gc,cpu       ] GC(58) User=0.19s Sys=0.00s Real=0.10s
[262.111s][info][gc           ] GC(58) Concurrent Reset
[262.111s][info][gc           ] GC(58) Concurrent Reset 0.292ms
[262.111s][info][gc,cpu       ] GC(58) User=0.00s Sys=0.00s Real=0.00s
[262.111s][info][gc,heap      ] GC(58) Old: 332256K->332256K(349568K)
[264.123s][info][gc,start     ] GC(59) Pause Initial Mark
[264.129s][info][gc           ] GC(59) Pause Initial Mark 369M->369M(494M) 6.156ms
[264.129s][info][gc,cpu       ] GC(59) User=0.00s Sys=0.00s Real=0.01s
[264.129s][info][gc           ] GC(59) Concurrent Mark
[264.129s][info][gc,task      ] GC(59) Using 2 workers of 2 for marking
[264.380s][info][gc           ] GC(59) Concurrent Mark 251.073ms
[264.380s][info][gc,cpu       ] GC(59) User=0.75s Sys=0.00s Real=0.25s
[264.380s][info][gc           ] GC(59) Concurrent Preclean
[264.381s][info][gc           ] GC(59) Concurrent Preclean 0.478ms
[264.381s][info][gc,cpu       ] GC(59) User=0.00s Sys=0.00s Real=0.00s
[264.381s][info][gc           ] GC(59) Concurrent Abortable Preclean
[264.381s][info][gc           ] GC(59) Concurrent Abortable Preclean 0.018ms
[264.381s][info][gc,cpu       ] GC(59) User=0.00s Sys=0.00s Real=0.00s
[264.382s][info][gc,start     ] GC(59) Pause Remark
[264.390s][info][gc           ] GC(59) Pause Remark 369M->369M(494M) 8.537ms
[264.390s][info][gc,cpu       ] GC(59) User=0.13s Sys=0.00s Real=0.01s
[264.390s][info][gc           ] GC(59) Concurrent Sweep
[264.484s][info][gc           ] GC(59) Concurrent Sweep 93.541ms
[264.484s][info][gc,cpu       ] GC(59) User=0.19s Sys=0.00s Real=0.09s
[264.484s][info][gc           ] GC(59) Concurrent Reset
[264.484s][info][gc           ] GC(59) Concurrent Reset 0.286ms
[264.484s][info][gc,cpu       ] GC(59) User=0.00s Sys=0.00s Real=0.00s
[264.484s][info][gc,heap      ] GC(59) Old: 332256K->332256K(349568K)
[266.489s][info][gc,start     ] GC(60) Pause Initial Mark
[266.495s][info][gc           ] GC(60) Pause Initial Mark 369M->369M(494M) 6.148ms
[266.495s][info][gc,cpu       ] GC(60) User=0.00s Sys=0.00s Real=0.01s
[266.495s][info][gc           ] GC(60) Concurrent Mark
[266.495s][info][gc,task      ] GC(60) Using 2 workers of 2 for marking
[266.742s][info][gc           ] GC(60) Concurrent Mark 246.832ms
[266.742s][info][gc,cpu       ] GC(60) User=0.75s Sys=0.00s Real=0.25s
[266.742s][info][gc           ] GC(60) Concurrent Preclean
[266.742s][info][gc           ] GC(60) Concurrent Preclean 0.445ms
[266.742s][info][gc,cpu       ] GC(60) User=0.00s Sys=0.00s Real=0.00s
[266.742s][info][gc           ] GC(60) Concurrent Abortable Preclean
[266.742s][info][gc           ] GC(60) Concurrent Abortable Preclean 0.016ms
[266.742s][info][gc,cpu       ] GC(60) User=0.00s Sys=0.00s Real=0.00s
[266.749s][info][gc,start     ] GC(60) Pause Remark
[266.757s][info][gc           ] GC(60) Pause Remark 369M->369M(494M) 8.206ms
[266.757s][info][gc,cpu       ] GC(60) User=0.00s Sys=0.00s Real=0.01s
[266.757s][info][gc           ] GC(60) Concurrent Sweep
[266.881s][info][gc           ] GC(60) Concurrent Sweep 123.983ms
[266.881s][info][gc,cpu       ] GC(60) User=0.25s Sys=0.00s Real=0.12s
[266.881s][info][gc           ] GC(60) Concurrent Reset
[266.882s][info][gc           ] GC(60) Concurrent Reset 0.331ms
[266.882s][info][gc,cpu       ] GC(60) User=0.00s Sys=0.00s Real=0.00s
[266.882s][info][gc,heap      ] GC(60) Old: 332256K->332256K(349568K)
[268.890s][info][gc,start     ] GC(61) Pause Initial Mark
[268.896s][info][gc           ] GC(61) Pause Initial Mark 370M->370M(494M) 5.633ms
[268.896s][info][gc,cpu       ] GC(61) User=0.00s Sys=0.00s Real=0.01s
[268.896s][info][gc           ] GC(61) Concurrent Mark
[268.896s][info][gc,task      ] GC(61) Using 2 workers of 2 for marking
[269.146s][info][gc           ] GC(61) Concurrent Mark 250.003ms
[269.146s][info][gc,cpu       ] GC(61) User=0.75s Sys=0.00s Real=0.25s
[269.146s][info][gc           ] GC(61) Concurrent Preclean
[269.147s][info][gc           ] GC(61) Concurrent Preclean 0.462ms
[269.147s][info][gc,cpu       ] GC(61) User=0.00s Sys=0.00s Real=0.00s
[269.147s][info][gc           ] GC(61) Concurrent Abortable Preclean
[269.147s][info][gc           ] GC(61) Concurrent Abortable Preclean 0.020ms
[269.147s][info][gc,cpu       ] GC(61) User=0.00s Sys=0.00s Real=0.00s
[269.152s][info][gc,start     ] GC(61) Pause Remark
[269.160s][info][gc           ] GC(61) Pause Remark 370M->370M(494M) 8.720ms
[269.160s][info][gc,cpu       ] GC(61) User=0.13s Sys=0.00s Real=0.01s
[269.160s][info][gc           ] GC(61) Concurrent Sweep
[269.257s][info][gc           ] GC(61) Concurrent Sweep 96.353ms
[269.257s][info][gc,cpu       ] GC(61) User=0.19s Sys=0.00s Real=0.10s
[269.257s][info][gc           ] GC(61) Concurrent Reset
[269.257s][info][gc           ] GC(61) Concurrent Reset 0.266ms
[269.257s][info][gc,cpu       ] GC(61) User=0.00s Sys=0.00s Real=0.00s
[269.257s][info][gc,heap      ] GC(61) Old: 332256K->332256K(349568K)
[271.264s][info][gc,start     ] GC(62) Pause Initial Mark
[271.270s][info][gc           ] GC(62) Pause Initial Mark 370M->370M(494M) 6.471ms
[271.271s][info][gc,cpu       ] GC(62) User=0.00s Sys=0.00s Real=0.01s
[271.271s][info][gc           ] GC(62) Concurrent Mark
[271.271s][info][gc,task      ] GC(62) Using 2 workers of 2 for marking
[271.542s][info][gc           ] GC(62) Concurrent Mark 271.814ms
[271.542s][info][gc,cpu       ] GC(62) User=0.75s Sys=0.00s Real=0.27s
[271.542s][info][gc           ] GC(62) Concurrent Preclean
[271.543s][info][gc           ] GC(62) Concurrent Preclean 0.460ms
[271.543s][info][gc,cpu       ] GC(62) User=0.00s Sys=0.00s Real=0.00s
[271.543s][info][gc           ] GC(62) Concurrent Abortable Preclean
[271.543s][info][gc           ] GC(62) Concurrent Abortable Preclean 0.019ms
[271.543s][info][gc,cpu       ] GC(62) User=0.00s Sys=0.00s Real=0.00s
[271.549s][info][gc,start     ] GC(62) Pause Remark
[271.559s][info][gc           ] GC(62) Pause Remark 370M->370M(494M) 9.381ms
[271.559s][info][gc,cpu       ] GC(62) User=0.02s Sys=0.00s Real=0.01s
[271.559s][info][gc           ] GC(62) Concurrent Sweep
[271.657s][info][gc           ] GC(62) Concurrent Sweep 98.434ms
[271.657s][info][gc,cpu       ] GC(62) User=0.19s Sys=0.00s Real=0.10s
[271.657s][info][gc           ] GC(62) Concurrent Reset
[271.658s][info][gc           ] GC(62) Concurrent Reset 0.283ms
[271.658s][info][gc,cpu       ] GC(62) User=0.00s Sys=0.00s Real=0.00s
[271.658s][info][gc,heap      ] GC(62) Old: 332256K->332256K(349568K)
[273.660s][info][gc,start     ] GC(63) Pause Initial Mark
[273.666s][info][gc           ] GC(63) Pause Initial Mark 370M->370M(494M) 6.267ms
[273.666s][info][gc,cpu       ] GC(63) User=0.00s Sys=0.00s Real=0.01s
[273.666s][info][gc           ] GC(63) Concurrent Mark
[273.666s][info][gc,task      ] GC(63) Using 2 workers of 2 for marking
[273.920s][info][gc           ] GC(63) Concurrent Mark 254.392ms
[273.920s][info][gc,cpu       ] GC(63) User=0.80s Sys=0.00s Real=0.25s
[273.920s][info][gc           ] GC(63) Concurrent Preclean
[273.921s][info][gc           ] GC(63) Concurrent Preclean 0.469ms
[273.921s][info][gc,cpu       ] GC(63) User=0.00s Sys=0.00s Real=0.00s
[273.921s][info][gc           ] GC(63) Concurrent Abortable Preclean
[273.921s][info][gc           ] GC(63) Concurrent Abortable Preclean 0.020ms
[273.921s][info][gc,cpu       ] GC(63) User=0.00s Sys=0.00s Real=0.00s
[273.930s][info][gc,start     ] GC(63) Pause Remark
[273.938s][info][gc           ] GC(63) Pause Remark 370M->370M(494M) 8.168ms
[273.938s][info][gc,cpu       ] GC(63) User=0.13s Sys=0.00s Real=0.01s
[273.938s][info][gc           ] GC(63) Concurrent Sweep
[274.041s][info][gc           ] GC(63) Concurrent Sweep 102.805ms
[274.041s][info][gc,cpu       ] GC(63) User=0.19s Sys=0.00s Real=0.10s
[274.041s][info][gc           ] GC(63) Concurrent Reset
[274.041s][info][gc           ] GC(63) Concurrent Reset 0.278ms
[274.041s][info][gc,cpu       ] GC(63) User=0.00s Sys=0.00s Real=0.00s
[274.041s][info][gc,heap      ] GC(63) Old: 332256K->332240K(349568K)
[276.044s][info][gc,start     ] GC(64) Pause Initial Mark
[276.050s][info][gc           ] GC(64) Pause Initial Mark 370M->370M(494M) 5.547ms
[276.050s][info][gc,cpu       ] GC(64) User=0.00s Sys=0.00s Real=0.01s
[276.050s][info][gc           ] GC(64) Concurrent Mark
[276.050s][info][gc,task      ] GC(64) Using 2 workers of 2 for marking
[276.324s][info][gc           ] GC(64) Concurrent Mark 273.808ms
[276.324s][info][gc,cpu       ] GC(64) User=0.80s Sys=0.00s Real=0.27s
[276.324s][info][gc           ] GC(64) Concurrent Preclean
[276.324s][info][gc           ] GC(64) Concurrent Preclean 0.457ms
[276.324s][info][gc,cpu       ] GC(64) User=0.00s Sys=0.00s Real=0.00s
[276.324s][info][gc           ] GC(64) Concurrent Abortable Preclean
[276.324s][info][gc           ] GC(64) Concurrent Abortable Preclean 0.018ms
[276.324s][info][gc,cpu       ] GC(64) User=0.00s Sys=0.00s Real=0.00s
[276.325s][info][gc,start     ] GC(64) Pause Remark
[276.333s][info][gc           ] GC(64) Pause Remark 370M->370M(494M) 8.210ms
[276.333s][info][gc,cpu       ] GC(64) User=0.00s Sys=0.00s Real=0.01s
[276.334s][info][gc           ] GC(64) Concurrent Sweep
[276.434s][info][gc           ] GC(64) Concurrent Sweep 100.342ms
[276.434s][info][gc,cpu       ] GC(64) User=0.22s Sys=0.00s Real=0.10s
[276.434s][info][gc           ] GC(64) Concurrent Reset
[276.434s][info][gc           ] GC(64) Concurrent Reset 0.325ms
[276.434s][info][gc,cpu       ] GC(64) User=0.00s Sys=0.00s Real=0.00s
[276.434s][info][gc,heap      ] GC(64) Old: 332240K->332240K(349568K)
[278.437s][info][gc,start     ] GC(65) Pause Initial Mark
[278.444s][info][gc           ] GC(65) Pause Initial Mark 370M->370M(494M) 6.740ms
[278.444s][info][gc,cpu       ] GC(65) User=0.00s Sys=0.00s Real=0.01s
[278.444s][info][gc           ] GC(65) Concurrent Mark
[278.444s][info][gc,task      ] GC(65) Using 2 workers of 2 for marking
[278.702s][info][gc           ] GC(65) Concurrent Mark 258.288ms
[278.702s][info][gc,cpu       ] GC(65) User=0.78s Sys=0.00s Real=0.26s
[278.702s][info][gc           ] GC(65) Concurrent Preclean
[278.703s][info][gc           ] GC(65) Concurrent Preclean 0.490ms
[278.703s][info][gc,cpu       ] GC(65) User=0.00s Sys=0.00s Real=0.00s
[278.703s][info][gc           ] GC(65) Concurrent Abortable Preclean
[278.703s][info][gc           ] GC(65) Concurrent Abortable Preclean 0.019ms
[278.703s][info][gc,cpu       ] GC(65) User=0.00s Sys=0.00s Real=0.00s
[278.711s][info][gc,start     ] GC(65) Pause Remark
[278.720s][info][gc           ] GC(65) Pause Remark 370M->370M(494M) 8.945ms
[278.720s][info][gc,cpu       ] GC(65) User=0.13s Sys=0.00s Real=0.01s
[278.720s][info][gc           ] GC(65) Concurrent Sweep
[278.822s][info][gc           ] GC(65) Concurrent Sweep 101.629ms
[278.822s][info][gc,cpu       ] GC(65) User=0.19s Sys=0.00s Real=0.10s
[278.822s][info][gc           ] GC(65) Concurrent Reset
[278.822s][info][gc           ] GC(65) Concurrent Reset 0.279ms
[278.822s][info][gc,cpu       ] GC(65) User=0.00s Sys=0.00s Real=0.00s
[278.822s][info][gc,heap      ] GC(65) Old: 332240K->332240K(349568K)
[280.834s][info][gc,start     ] GC(66) Pause Initial Mark
[280.840s][info][gc           ] GC(66) Pause Initial Mark 370M->370M(494M) 6.692ms
[280.840s][info][gc,cpu       ] GC(66) User=0.06s Sys=0.00s Real=0.01s
[280.840s][info][gc           ] GC(66) Concurrent Mark
[280.840s][info][gc,task      ] GC(66) Using 2 workers of 2 for marking
[281.097s][info][gc           ] GC(66) Concurrent Mark 256.501ms
[281.097s][info][gc,cpu       ] GC(66) User=0.75s Sys=0.00s Real=0.26s
[281.097s][info][gc           ] GC(66) Concurrent Preclean
[281.097s][info][gc           ] GC(66) Concurrent Preclean 0.454ms
[281.097s][info][gc,cpu       ] GC(66) User=0.00s Sys=0.00s Real=0.00s
[281.097s][info][gc           ] GC(66) Concurrent Abortable Preclean
[281.097s][info][gc           ] GC(66) Concurrent Abortable Preclean 0.019ms
[281.097s][info][gc,cpu       ] GC(66) User=0.00s Sys=0.00s Real=0.00s
[281.105s][info][gc,start     ] GC(66) Pause Remark
[281.113s][info][gc           ] GC(66) Pause Remark 370M->370M(494M) 8.564ms
[281.113s][info][gc,cpu       ] GC(66) User=0.13s Sys=0.00s Real=0.01s
[281.113s][info][gc           ] GC(66) Concurrent Sweep
[281.215s][info][gc           ] GC(66) Concurrent Sweep 101.661ms
[281.215s][info][gc,cpu       ] GC(66) User=0.22s Sys=0.00s Real=0.10s
[281.215s][info][gc           ] GC(66) Concurrent Reset
[281.216s][info][gc           ] GC(66) Concurrent Reset 0.331ms
[281.216s][info][gc,cpu       ] GC(66) User=0.00s Sys=0.00s Real=0.00s
[281.216s][info][gc,heap      ] GC(66) Old: 332240K->332240K(349568K)
[283.220s][info][gc,start     ] GC(67) Pause Initial Mark
[283.226s][info][gc           ] GC(67) Pause Initial Mark 373M->373M(494M) 5.471ms
[283.226s][info][gc,cpu       ] GC(67) User=0.00s Sys=0.00s Real=0.00s
[283.226s][info][gc           ] GC(67) Concurrent Mark
[283.226s][info][gc,task      ] GC(67) Using 2 workers of 2 for marking
[283.484s][info][gc           ] GC(67) Concurrent Mark 257.749ms
[283.484s][info][gc,cpu       ] GC(67) User=0.80s Sys=0.00s Real=0.26s
[283.484s][info][gc           ] GC(67) Concurrent Preclean
[283.484s][info][gc           ] GC(67) Concurrent Preclean 0.469ms
[283.484s][info][gc,cpu       ] GC(67) User=0.00s Sys=0.00s Real=0.00s
[283.484s][info][gc           ] GC(67) Concurrent Abortable Preclean
[283.484s][info][gc           ] GC(67) Concurrent Abortable Preclean 0.019ms
[283.484s][info][gc,cpu       ] GC(67) User=0.00s Sys=0.00s Real=0.00s
[283.488s][info][gc,start     ] GC(67) Pause Remark
[283.497s][info][gc           ] GC(67) Pause Remark 373M->373M(494M) 8.649ms
[283.497s][info][gc,cpu       ] GC(67) User=0.11s Sys=0.00s Real=0.01s
[283.497s][info][gc           ] GC(67) Concurrent Sweep
[283.620s][info][gc           ] GC(67) Concurrent Sweep 122.915ms
[283.620s][info][gc,cpu       ] GC(67) User=0.19s Sys=0.00s Real=0.12s
[283.620s][info][gc           ] GC(67) Concurrent Reset
[283.621s][info][gc           ] GC(67) Concurrent Reset 0.390ms
[283.621s][info][gc,cpu       ] GC(67) User=0.00s Sys=0.00s Real=0.00s
[283.621s][info][gc,heap      ] GC(67) Old: 332240K->332240K(349568K)
[285.624s][info][gc,start     ] GC(68) Pause Initial Mark
[285.631s][info][gc           ] GC(68) Pause Initial Mark 373M->373M(494M) 6.617ms
[285.631s][info][gc,cpu       ] GC(68) User=0.00s Sys=0.00s Real=0.01s
[285.631s][info][gc           ] GC(68) Concurrent Mark
[285.631s][info][gc,task      ] GC(68) Using 2 workers of 2 for marking
[285.911s][info][gc           ] GC(68) Concurrent Mark 280.076ms
[285.911s][info][gc,cpu       ] GC(68) User=0.84s Sys=0.00s Real=0.28s
[285.911s][info][gc           ] GC(68) Concurrent Preclean
[285.911s][info][gc           ] GC(68) Concurrent Preclean 0.455ms
[285.911s][info][gc,cpu       ] GC(68) User=0.00s Sys=0.00s Real=0.00s
[285.912s][info][gc           ] GC(68) Concurrent Abortable Preclean
[285.912s][info][gc           ] GC(68) Concurrent Abortable Preclean 0.019ms
[285.912s][info][gc,cpu       ] GC(68) User=0.00s Sys=0.00s Real=0.00s
[285.916s][info][gc,start     ] GC(68) Pause Remark
[285.925s][info][gc           ] GC(68) Pause Remark 373M->373M(494M) 9.182ms
[285.925s][info][gc,cpu       ] GC(68) User=0.13s Sys=0.00s Real=0.01s
[285.925s][info][gc           ] GC(68) Concurrent Sweep
[286.020s][info][gc           ] GC(68) Concurrent Sweep 94.863ms
[286.020s][info][gc,cpu       ] GC(68) User=0.19s Sys=0.00s Real=0.10s
[286.020s][info][gc           ] GC(68) Concurrent Reset
[286.021s][info][gc           ] GC(68) Concurrent Reset 0.272ms
[286.021s][info][gc,cpu       ] GC(68) User=0.00s Sys=0.00s Real=0.00s
[286.021s][info][gc,heap      ] GC(68) Old: 332240K->332240K(349568K)
[288.022s][info][gc,start     ] GC(69) Pause Initial Mark
[288.029s][info][gc           ] GC(69) Pause Initial Mark 373M->373M(494M) 6.980ms
[288.029s][info][gc,cpu       ] GC(69) User=0.06s Sys=0.00s Real=0.01s
[288.029s][info][gc           ] GC(69) Concurrent Mark
[288.029s][info][gc,task      ] GC(69) Using 2 workers of 2 for marking
[288.287s][info][gc           ] GC(69) Concurrent Mark 258.293ms
[288.287s][info][gc,cpu       ] GC(69) User=0.75s Sys=0.00s Real=0.26s
[288.287s][info][gc           ] GC(69) Concurrent Preclean
[288.288s][info][gc           ] GC(69) Concurrent Preclean 0.494ms
[288.288s][info][gc,cpu       ] GC(69) User=0.00s Sys=0.00s Real=0.00s
[288.288s][info][gc           ] GC(69) Concurrent Abortable Preclean
[288.288s][info][gc           ] GC(69) Concurrent Abortable Preclean 0.021ms
[288.288s][info][gc,cpu       ] GC(69) User=0.00s Sys=0.00s Real=0.00s
[288.297s][info][gc,start     ] GC(69) Pause Remark
[288.305s][info][gc           ] GC(69) Pause Remark 373M->373M(494M) 8.657ms
[288.305s][info][gc,cpu       ] GC(69) User=0.00s Sys=0.00s Real=0.01s
[288.305s][info][gc           ] GC(69) Concurrent Sweep
[288.404s][info][gc           ] GC(69) Concurrent Sweep 98.832ms
[288.404s][info][gc,cpu       ] GC(69) User=0.22s Sys=0.00s Real=0.10s
[288.404s][info][gc           ] GC(69) Concurrent Reset
[288.405s][info][gc           ] GC(69) Concurrent Reset 0.268ms
[288.405s][info][gc,cpu       ] GC(69) User=0.00s Sys=0.00s Real=0.00s
[288.405s][info][gc,heap      ] GC(69) Old: 332240K->332240K(349568K)
[290.407s][info][gc,start     ] GC(70) Pause Initial Mark
[290.413s][info][gc           ] GC(70) Pause Initial Mark 373M->373M(494M) 5.963ms
[290.413s][info][gc,cpu       ] GC(70) User=0.00s Sys=0.00s Real=0.01s
[290.413s][info][gc           ] GC(70) Concurrent Mark
[290.413s][info][gc,task      ] GC(70) Using 2 workers of 2 for marking
[290.679s][info][gc           ] GC(70) Concurrent Mark 265.873ms
[290.679s][info][gc,cpu       ] GC(70) User=0.80s Sys=0.00s Real=0.27s
[290.679s][info][gc           ] GC(70) Concurrent Preclean
[290.680s][info][gc           ] GC(70) Concurrent Preclean 0.478ms
[290.680s][info][gc,cpu       ] GC(70) User=0.00s Sys=0.00s Real=0.00s
[290.680s][info][gc           ] GC(70) Concurrent Abortable Preclean
[290.680s][info][gc           ] GC(70) Concurrent Abortable Preclean 0.032ms
[290.680s][info][gc,cpu       ] GC(70) User=0.00s Sys=0.00s Real=0.00s
[290.690s][info][gc,start     ] GC(70) Pause Remark
[290.699s][info][gc           ] GC(70) Pause Remark 373M->373M(494M) 8.440ms
[290.699s][info][gc,cpu       ] GC(70) User=0.00s Sys=0.00s Real=0.01s
[290.699s][info][gc           ] GC(70) Concurrent Sweep
[290.792s][info][gc           ] GC(70) Concurrent Sweep 93.468ms
[290.792s][info][gc,cpu       ] GC(70) User=0.19s Sys=0.00s Real=0.09s
[290.792s][info][gc           ] GC(70) Concurrent Reset
[290.793s][info][gc           ] GC(70) Concurrent Reset 0.263ms
[290.793s][info][gc,cpu       ] GC(70) User=0.00s Sys=0.00s Real=0.00s
[290.793s][info][gc,heap      ] GC(70) Old: 332240K->332240K(349568K)
[292.796s][info][gc,start     ] GC(71) Pause Initial Mark
[292.802s][info][gc           ] GC(71) Pause Initial Mark 373M->373M(494M) 6.727ms
[292.802s][info][gc,cpu       ] GC(71) User=0.00s Sys=0.00s Real=0.01s
[292.803s][info][gc           ] GC(71) Concurrent Mark
[292.803s][info][gc,task      ] GC(71) Using 2 workers of 2 for marking
[293.053s][info][gc           ] GC(71) Concurrent Mark 250.068ms
[293.053s][info][gc,cpu       ] GC(71) User=0.75s Sys=0.00s Real=0.25s
[293.053s][info][gc           ] GC(71) Concurrent Preclean
[293.053s][info][gc           ] GC(71) Concurrent Preclean 0.540ms
[293.053s][info][gc,cpu       ] GC(71) User=0.00s Sys=0.00s Real=0.00s
[293.053s][info][gc           ] GC(71) Concurrent Abortable Preclean
[293.053s][info][gc           ] GC(71) Concurrent Abortable Preclean 0.018ms
[293.053s][info][gc,cpu       ] GC(71) User=0.00s Sys=0.00s Real=0.00s
[293.062s][info][gc,start     ] GC(71) Pause Remark
[293.071s][info][gc           ] GC(71) Pause Remark 373M->373M(494M) 9.231ms
[293.071s][info][gc,cpu       ] GC(71) User=0.00s Sys=0.00s Real=0.01s
[293.071s][info][gc           ] GC(71) Concurrent Sweep
[293.176s][info][gc           ] GC(71) Concurrent Sweep 104.244ms
[293.176s][info][gc,cpu       ] GC(71) User=0.22s Sys=0.00s Real=0.11s
[293.176s][info][gc           ] GC(71) Concurrent Reset
[293.176s][info][gc           ] GC(71) Concurrent Reset 0.276ms
[293.176s][info][gc,cpu       ] GC(71) User=0.00s Sys=0.00s Real=0.00s
[293.176s][info][gc,heap      ] GC(71) Old: 332240K->332240K(349568K)
[295.177s][info][gc,start     ] GC(72) Pause Initial Mark
[295.183s][info][gc           ] GC(72) Pause Initial Mark 373M->373M(494M) 6.182ms
[295.183s][info][gc,cpu       ] GC(72) User=0.00s Sys=0.00s Real=0.01s
[295.183s][info][gc           ] GC(72) Concurrent Mark
[295.183s][info][gc,task      ] GC(72) Using 2 workers of 2 for marking
[295.447s][info][gc           ] GC(72) Concurrent Mark 263.834ms
[295.447s][info][gc,cpu       ] GC(72) User=0.77s Sys=0.00s Real=0.26s
[295.447s][info][gc           ] GC(72) Concurrent Preclean
[295.447s][info][gc           ] GC(72) Concurrent Preclean 0.480ms
[295.447s][info][gc,cpu       ] GC(72) User=0.00s Sys=0.00s Real=0.00s
[295.448s][info][gc           ] GC(72) Concurrent Abortable Preclean
[295.448s][info][gc           ] GC(72) Concurrent Abortable Preclean 0.020ms
[295.448s][info][gc,cpu       ] GC(72) User=0.00s Sys=0.00s Real=0.00s
[295.455s][info][gc,start     ] GC(72) Pause Remark
[295.463s][info][gc           ] GC(72) Pause Remark 373M->373M(494M) 8.327ms
[295.463s][info][gc,cpu       ] GC(72) User=0.00s Sys=0.00s Real=0.01s
[295.463s][info][gc           ] GC(72) Concurrent Sweep
[295.559s][info][gc           ] GC(72) Concurrent Sweep 95.839ms
[295.559s][info][gc,cpu       ] GC(72) User=0.22s Sys=0.00s Real=0.10s
[295.559s][info][gc           ] GC(72) Concurrent Reset
[295.559s][info][gc           ] GC(72) Concurrent Reset 0.347ms
[295.559s][info][gc,cpu       ] GC(72) User=0.00s Sys=0.00s Real=0.00s
[295.559s][info][gc,heap      ] GC(72) Old: 332240K->332240K(349568K)
[297.563s][info][gc,start     ] GC(73) Pause Initial Mark
[297.569s][info][gc           ] GC(73) Pause Initial Mark 373M->373M(494M) 6.072ms
[297.569s][info][gc,cpu       ] GC(73) User=0.00s Sys=0.00s Real=0.01s
[297.569s][info][gc           ] GC(73) Concurrent Mark
[297.569s][info][gc,task      ] GC(73) Using 2 workers of 2 for marking
[297.821s][info][gc           ] GC(73) Concurrent Mark 251.802ms
[297.821s][info][gc,cpu       ] GC(73) User=0.75s Sys=0.00s Real=0.25s
[297.821s][info][gc           ] GC(73) Concurrent Preclean
[297.821s][info][gc           ] GC(73) Concurrent Preclean 0.503ms
[297.822s][info][gc,cpu       ] GC(73) User=0.00s Sys=0.00s Real=0.00s
[297.822s][info][gc           ] GC(73) Concurrent Abortable Preclean
[297.822s][info][gc           ] GC(73) Concurrent Abortable Preclean 0.019ms
[297.822s][info][gc,cpu       ] GC(73) User=0.00s Sys=0.00s Real=0.00s
[297.830s][info][gc,start     ] GC(73) Pause Remark
[297.839s][info][gc           ] GC(73) Pause Remark 373M->373M(494M) 9.050ms
[297.839s][info][gc,cpu       ] GC(73) User=0.00s Sys=0.00s Real=0.01s
[297.839s][info][gc           ] GC(73) Concurrent Sweep
[297.938s][info][gc           ] GC(73) Concurrent Sweep 98.293ms
[297.938s][info][gc,cpu       ] GC(73) User=0.22s Sys=0.00s Real=0.10s
[297.938s][info][gc           ] GC(73) Concurrent Reset
[297.938s][info][gc           ] GC(73) Concurrent Reset 0.296ms
[297.938s][info][gc,cpu       ] GC(73) User=0.00s Sys=0.00s Real=0.00s
[297.938s][info][gc,heap      ] GC(73) Old: 332240K->332240K(349568K)
[299.938s][info][gc,start     ] GC(74) Pause Initial Mark
[299.945s][info][gc           ] GC(74) Pause Initial Mark 374M->374M(494M) 7.028ms
[299.945s][info][gc,cpu       ] GC(74) User=0.00s Sys=0.00s Real=0.01s
[299.945s][info][gc           ] GC(74) Concurrent Mark
[299.945s][info][gc,task      ] GC(74) Using 2 workers of 2 for marking
[300.220s][info][gc           ] GC(74) Concurrent Mark 275.098ms
[300.220s][info][gc,cpu       ] GC(74) User=0.83s Sys=0.00s Real=0.27s
[300.220s][info][gc           ] GC(74) Concurrent Preclean
[300.221s][info][gc           ] GC(74) Concurrent Preclean 0.474ms
[300.221s][info][gc,cpu       ] GC(74) User=0.00s Sys=0.00s Real=0.00s
[300.221s][info][gc           ] GC(74) Concurrent Abortable Preclean
[300.221s][info][gc           ] GC(74) Concurrent Abortable Preclean 0.018ms
[300.221s][info][gc,cpu       ] GC(74) User=0.00s Sys=0.00s Real=0.00s
[300.230s][info][gc,start     ] GC(74) Pause Remark
[300.239s][info][gc           ] GC(74) Pause Remark 374M->374M(494M) 9.154ms
[300.239s][info][gc,cpu       ] GC(74) User=0.13s Sys=0.00s Real=0.01s
[300.239s][info][gc           ] GC(74) Concurrent Sweep
[300.343s][info][gc           ] GC(74) Concurrent Sweep 104.219ms
[300.343s][info][gc,cpu       ] GC(74) User=0.17s Sys=0.02s Real=0.10s
[300.343s][info][gc           ] GC(74) Concurrent Reset
[300.344s][info][gc           ] GC(74) Concurrent Reset 0.270ms
[300.344s][info][gc,cpu       ] GC(74) User=0.00s Sys=0.00s Real=0.00s
[300.344s][info][gc,heap      ] GC(74) Old: 332240K->332240K(349568K)
[300.344s][info][gc,heap,exit ] Heap
[300.344s][info][gc,heap,exit ]  par new generation   total 157248K, used 52633K [0x00000000e0000000, 0x00000000eaaa0000, 0x00000000eaaa0000)
[300.344s][info][gc,heap,exit ]   eden space 139776K,  25% used [0x00000000e0000000, 0x00000000e2256748, 0x00000000e8880000)
[300.344s][info][gc,heap,exit ]   from space 17472K, 100% used [0x00000000e8880000, 0x00000000e9990000, 0x00000000e9990000)
[300.344s][info][gc,heap,exit ]   to   space 17472K,   0% used [0x00000000e9990000, 0x00000000e9990000, 0x00000000eaaa0000)
[300.344s][info][gc,heap,exit ]  concurrent mark-sweep generation total 349568K, used 332240K [0x00000000eaaa0000, 0x0000000100000000, 0x0000000100000000)
[300.344s][info][gc,heap,exit ]  Metaspace       used 14824K, capacity 15503K, committed 15616K, reserved 1062912K
[300.344s][info][gc,heap,exit ]   class space    used 1526K, capacity 1741K, committed 1792K, reserved 1048576K
