[0.012s][info][gc] Using Serial
[0.012s][info][gc,heap,coops] Heap address: 0x00000000f0000000, size: 256 MB, Compressed Oops mode: 32-bit
[0.413s][info][gc,start     ] GC(0) Pause Young (Allocation Failure)
[0.547s][info][gc,heap      ] GC(0) DefNew: 69952K->8704K(78656K)
[0.547s][info][gc,heap      ] GC(0) Tenured: 0K->51618K(174784K)
[0.547s][info][gc,metaspace ] GC(0) Metaspace: 10377K->10377K(1058816K)
[0.547s][info][gc           ] GC(0) Pause Young (Allocation Failure) 68M->58M(247M) 133.881ms
[0.547s][info][gc,cpu       ] GC(0) User=0.09s Sys=0.03s Real=0.13s
[0.574s][info][gc,start     ] GC(1) Pause Young (Allocation Failure)
[0.735s][info][gc,heap      ] GC(1) DefNew: 78656K->8704K(78656K)
[0.735s][info][gc,heap      ] GC(1) Tenured: 51618K->119672K(174784K)
[0.735s][info][gc,metaspace ] GC(1) Metaspace: 10377K->10377K(1058816K)
[0.735s][info][gc           ] GC(1) Pause Young (Allocation Failure) 127M->125M(247M) 160.483ms
[0.735s][info][gc,cpu       ] GC(1) User=0.13s Sys=0.03s Real=0.17s
[0.754s][info][gc,start     ] GC(2) Pause Young (Allocation Failure)
[0.754s][info][gc,start     ] GC(3) Pause Full (Allocation Failure)
[0.754s][info][gc,phases,start] GC(3) Phase 1: Mark live objects
[0.939s][info][gc,phases      ] GC(3) Phase 1: Mark live objects 184.490ms
[0.939s][info][gc,phases,start] GC(3) Phase 2: Compute new object addresses
[1.018s][info][gc,phases      ] GC(3) Phase 2: Compute new object addresses 79.457ms
[1.019s][info][gc,phases,start] GC(3) Phase 3: Adjust pointers
[1.117s][info][gc,phases      ] GC(3) Phase 3: Adjust pointers 98.897ms
[1.117s][info][gc,phases,start] GC(3) Phase 4: Move objects
[1.183s][info][gc,phases      ] GC(3) Phase 4: Move objects 65.493ms
[1.183s][info][gc             ] GC(3) Pause Full (Allocation Failure) 193M->191M(247M) 428.803ms
[1.183s][info][gc,heap        ] GC(2) DefNew: 78656K->21649K(78656K)
[1.183s][info][gc,heap        ] GC(2) Tenured: 119672K->174783K(174784K)
[1.183s][info][gc,metaspace   ] GC(2) Metaspace: 10377K->10377K(1058816K)
[1.183s][info][gc             ] GC(2) Pause Young (Allocation Failure) 193M->191M(247M) 428.938ms
[1.183s][info][gc,cpu         ] GC(2) User=0.41s Sys=0.02s Real=0.42s
[122.559s][info][gc,start       ] GC(4) Pause Full (Allocation Failure)
[122.559s][info][gc,phases,start] GC(4) Phase 1: Mark live objects
[122.786s][info][gc,phases      ] GC(4) Phase 1: Mark live objects 227.255ms
[122.786s][info][gc,phases,start] GC(4) Phase 2: Compute new object addresses
[122.879s][info][gc,phases      ] GC(4) Phase 2: Compute new object addresses 92.274ms
[122.879s][info][gc,phases,start] GC(4) Phase 3: Adjust pointers
[122.991s][info][gc,phases      ] GC(4) Phase 3: Adjust pointers 112.031ms
[122.991s][info][gc,phases,start] GC(4) Phase 4: Move objects
[123.011s][info][gc,phases      ] GC(4) Phase 4: Move objects 19.783ms
[123.011s][info][gc,heap        ] GC(4) DefNew: 78655K->77723K(78656K)
[123.011s][info][gc,heap        ] GC(4) Tenured: 174783K->174783K(174784K)
[123.011s][info][gc,metaspace   ] GC(4) Metaspace: 10377K->10377K(1058816K)
[123.011s][info][gc             ] GC(4) Pause Full (Allocation Failure) 247M->246M(247M) 451.831ms
[123.011s][info][gc,cpu         ] GC(4) User=0.42s Sys=0.02s Real=0.45s
[132.447s][info][gc,start       ] GC(5) Pause Full (Allocation Failure)
[132.447s][info][gc,phases,start] GC(5) Phase 1: Mark live objects
[132.677s][info][gc,phases      ] GC(5) Phase 1: Mark live objects 229.321ms
[132.677s][info][gc,phases,start] GC(5) Phase 2: Compute new object addresses
[132.768s][info][gc,phases      ] GC(5) Phase 2: Compute new object addresses 91.242ms
[132.768s][info][gc,phases,start] GC(5) Phase 3: Adjust pointers
[132.879s][info][gc,phases      ] GC(5) Phase 3: Adjust pointers 110.934ms
[132.879s][info][gc,phases,start] GC(5) Phase 4: Move objects
[132.879s][info][gc,phases      ] GC(5) Phase 4: Move objects 0.033ms
[132.879s][info][gc,heap        ] GC(5) DefNew: 78656K->78656K(78656K)
[132.879s][info][gc,heap        ] GC(5) Tenured: 174783K->174783K(174784K)
[132.879s][info][gc,metaspace   ] GC(5) Metaspace: 10377K->10377K(1058816K)
[132.880s][info][gc             ] GC(5) Pause Full (Allocation Failure) 247M->247M(247M) 432.387ms
[132.880s][info][gc,cpu         ] GC(5) User=0.42s Sys=0.02s Real=0.43s
[132.880s][info][gc,start       ] GC(6) Pause Full (Allocation Failure)
[132.880s][info][gc,phases,start] GC(6) Phase 1: Mark live objects
[133.118s][info][gc,phases      ] GC(6) Phase 1: Mark live objects 238.326ms
[133.118s][info][gc,phases,start] GC(6) Phase 2: Compute new object addresses
[133.209s][info][gc,phases      ] GC(6) Phase 2: Compute new object addresses 90.547ms
[133.209s][info][gc,phases,start] GC(6) Phase 3: Adjust pointers
[133.336s][info][gc,phases      ] GC(6) Phase 3: Adjust pointers 127.413ms
[133.336s][info][gc,phases,start] GC(6) Phase 4: Move objects
[133.414s][info][gc,phases      ] GC(6) Phase 4: Move objects 77.502ms
[133.414s][info][gc,heap        ] GC(6) DefNew: 78656K->78476K(78656K)
[133.414s][info][gc,heap        ] GC(6) Tenured: 174783K->174783K(174784K)
[133.414s][info][gc,metaspace   ] GC(6) Metaspace: 10226K->10226K(1058816K)
[133.414s][info][gc             ] GC(6) Pause Full (Allocation Failure) 247M->247M(247M) 534.277ms
[133.414s][info][gc,cpu         ] GC(6) User=0.52s Sys=0.02s Real=0.54s
[135.080s][info][gc,start       ] GC(7) Pause Full (Allocation Failure)
[135.080s][info][gc,phases,start] GC(7) Phase 1: Mark live objects
[135.282s][info][gc,phases      ] GC(7) Phase 1: Mark live objects 202.141ms
[135.282s][info][gc,phases,start] GC(7) Phase 2: Compute new object addresses
[135.368s][info][gc,phases      ] GC(7) Phase 2: Compute new object addresses 86.489ms
[135.368s][info][gc,phases,start] GC(7) Phase 3: Adjust pointers
[135.464s][info][gc,phases      ] GC(7) Phase 3: Adjust pointers 95.263ms
[135.464s][info][gc,phases,start] GC(7) Phase 4: Move objects
[135.464s][info][gc,phases      ] GC(7) Phase 4: Move objects 0.015ms
[135.464s][info][gc,heap        ] GC(7) DefNew: 78655K->78655K(78656K)
[135.464s][info][gc,heap        ] GC(7) Tenured: 174783K->174783K(174784K)
[135.464s][info][gc,metaspace   ] GC(7) Metaspace: 10226K->10226K(1058816K)
[135.464s][info][gc             ] GC(7) Pause Full (Allocation Failure) 247M->247M(247M) 384.253ms
[135.464s][info][gc,cpu         ] GC(7) User=0.38s Sys=0.00s Real=0.38s
[135.464s][info][gc,start       ] GC(8) Pause Full (Allocation Failure)
[135.464s][info][gc,phases,start] GC(8) Phase 1: Mark live objects
[135.685s][info][gc,phases      ] GC(8) Phase 1: Mark live objects 221.313ms
[135.685s][info][gc,phases,start] GC(8) Phase 2: Compute new object addresses
[135.780s][info][gc,phases      ] GC(8) Phase 2: Compute new object addresses 94.372ms
[135.780s][info][gc,phases,start] GC(8) Phase 3: Adjust pointers
[135.881s][info][gc,phases      ] GC(8) Phase 3: Adjust pointers 101.399ms
[135.881s][info][gc,phases,start] GC(8) Phase 4: Move objects
[135.881s][info][gc,phases      ] GC(8) Phase 4: Move objects 0.015ms
[135.882s][info][gc,heap        ] GC(8) DefNew: 78655K->78655K(78656K)
[135.882s][info][gc,heap        ] GC(8) Tenured: 174783K->174783K(174784K)
[135.882s][info][gc,metaspace   ] GC(8) Metaspace: 10226K->10226K(1058816K)
[135.882s][info][gc             ] GC(8) Pause Full (Allocation Failure) 247M->247M(247M) 417.628ms
[135.882s][info][gc,cpu         ] GC(8) User=0.38s Sys=0.05s Real=0.42s
[135.882s][info][gc,start       ] GC(9) Pause Full (Allocation Failure)
[135.882s][info][gc,phases,start] GC(9) Phase 1: Mark live objects
[135.884s][info][gc,phases      ] GC(9) Phase 1: Mark live objects 2.014ms
[135.884s][info][gc,phases,start] GC(9) Phase 2: Compute new object addresses
[135.948s][info][gc,phases      ] GC(9) Phase 2: Compute new object addresses 64.010ms
[135.948s][info][gc,phases,start] GC(9) Phase 3: Adjust pointers
[135.949s][info][gc,phases      ] GC(9) Phase 3: Adjust pointers 1.181ms
[135.949s][info][gc,phases,start] GC(9) Phase 4: Move objects
[135.950s][info][gc,phases      ] GC(9) Phase 4: Move objects 0.388ms
[135.950s][info][gc,heap        ] GC(9) DefNew: 78655K->0K(78656K)
[135.950s][info][gc,heap        ] GC(9) Tenured: 174783K->1435K(174784K)
[135.950s][info][gc,metaspace   ] GC(9) Metaspace: 10226K->10226K(1058816K)
[135.950s][info][gc             ] GC(9) Pause Full (Allocation Failure) 247M->1M(247M) 67.932ms
[135.950s][info][gc,cpu         ] GC(9) User=0.06s Sys=0.00s Real=0.07s
[135.952s][info][gc,heap,exit   ] Heap
[135.952s][info][gc,heap,exit   ]  def new generation   total 78656K, used 4095K [0x00000000f0000000, 0x00000000f5550000, 0x00000000f5550000)
[135.952s][info][gc,heap,exit   ]   eden space 69952K,   5% used [0x00000000f0000000, 0x00000000f03ffc08, 0x00000000f4450000)
[135.952s][info][gc,heap,exit   ]   from space 8704K,   0% used [0x00000000f4450000, 0x00000000f4450000, 0x00000000f4cd0000)
[135.952s][info][gc,heap,exit   ]   to   space 8704K,   0% used [0x00000000f4cd0000, 0x00000000f4cd0000, 0x00000000f5550000)
[135.952s][info][gc,heap,exit   ]  tenured generation   total 174784K, used 1435K [0x00000000f5550000, 0x0000000100000000, 0x0000000100000000)
[135.952s][info][gc,heap,exit   ]    the space 174784K,   0% used [0x00000000f5550000, 0x00000000f56b6f18, 0x00000000f56b7000, 0x0000000100000000)
[135.952s][info][gc,heap,exit   ]  Metaspace       used 10234K, capacity 10403K, committed 10880K, reserved 1058816K
[135.952s][info][gc,heap,exit   ]   class space    used 988K, capacity 1038K, committed 1152K, reserved 1048576K
